
Gurobi 13.0.1 (win64, gurobi_cl) logging started Thu Apr 23 00:33:17 2026

Set parameter WLSAccessID
Set parameter WLSSecret
Set parameter LicenseID to value 2811917
Set parameter LogFile to value "N22_R8_K3_0_22_split_22_fix0B_6_exact_fixrestA_wo_lem_mat_str4_v7.log"
Using license file C:\Users\artik\gurobi.lic
Academic license 2811917 - for non-commercial use only - registered to ar___@ukma.edu.ua

Gurobi Optimizer version 13.0.1 build v13.0.1rc0 (win64 - Windows 11+.0 (26200.2))
Copyright (c) 2026, Gurobi Optimization, LLC

Warning: Numeric variable name in LP file ('0') - often the result
         of a constant term in the left-hand side of a constraint.

Read LP format model from file N22_R8_K3_0_22_split_22_fix0B_6_exact_fixrestA_wo_lem_mat_str4_v7.lp
Reading time = 0.00 seconds
obj: 6600 rows, 2301 columns, 27098 nonzeros

Using Gurobi shared library D:\gurobi\win64\bin\gurobi130.dll

CPU model: 12th Gen Intel(R) Core(TM) i7-12700H, instruction set [SSE2|AVX|AVX2]
Thread count: 14 physical cores, 20 logical processors, using up to 20 threads

Academic license 2811917 - for non-commercial use only - registered to ar___@ukma.edu.ua
Optimize a model with 6600 rows, 2301 columns and 27098 nonzeros (Min)
Model fingerprint: 0x5e415fa3
Model has 1 linear objective coefficients
Variable types: 1 continuous, 2300 integer (2277 binary)
Coefficient statistics:
  Matrix range     [1e+00, 2e+01]
  Objective range  [1e+00, 1e+00]
  Bounds range     [1e+00, 8e+01]
  RHS range        [1e+00, 5e+01]

Presolve removed 3310 rows and 1042 columns
Presolve time: 0.03s
Presolved: 3290 rows, 1259 columns, 13754 nonzeros
Variable types: 0 continuous, 1259 integer (1238 binary)

Root relaxation: objective 0.000000e+00, 1274 iterations, 0.05 seconds (0.10 work units)

    Nodes    |    Current Node    |     Objective Bounds      |     Work
 Expl Unexpl |  Obj  Depth IntInf | Incumbent    BestBd   Gap | It/Node Time

     0     0    0.00000    0  242          -    0.00000      -     -    0s
     0     0    0.00000    0  312          -    0.00000      -     -    0s
     0     0    0.00000    0  287          -    0.00000      -     -    0s
     0     0    0.00000    0  275          -    0.00000      -     -    0s
     0     0    0.00000    0  253          -    0.00000      -     -    0s
     0     0    0.00000    0  207          -    0.00000      -     -    0s
     0     0    0.00000    0  324          -    0.00000      -     -    1s
     0     0    0.00000    0  250          -    0.00000      -     -    1s
     0     0    0.00000    0  235          -    0.00000      -     -    1s
     0     0    0.00000    0  246          -    0.00000      -     -    1s
     0     0    0.00000    0  246          -    0.00000      -     -    1s
     0     0    0.00000    0  228          -    0.00000      -     -    1s
     0     0    0.00000    0  285          -    0.00000      -     -    1s
     0     0    0.00000    0  202          -    0.00000      -     -    1s
     0     0    0.00000    0  269          -    0.00000      -     -    2s
     0     0    0.00000    0  282          -    0.00000      -     -    2s
     0     0    0.00000    0  282          -    0.00000      -     -    2s
     0     0    0.00000    0  282          -    0.00000      -     -    2s
     0     0    0.00000    0  242          -    0.00000      -     -    2s
     0     2    0.00000    0  242          -    0.00000      -     -    2s
   251   185    0.00000   25  253          -    0.00000      -   444    6s
   588   360    0.00000   15  217          -    0.00000      -   476   10s
  1588   521 infeasible   18               -    0.00000      -   455   15s
  2598   638 infeasible   18               -    0.00000      -   494   20s
  3175   643 infeasible   16               -    0.00000      -   499   25s
  3290   721    0.00000   16  241          -    0.00000      -   503   32s
  3668   803    0.00000   17  233          -    0.00000      -   504   37s
  4370   836    0.00000   19  232          -    0.00000      -   512   41s
  5093   910    0.00000   15  322          -    0.00000      -   515   46s
  5815   915 infeasible   24               -    0.00000      -   524   50s
  5930   940    0.00000   22  300          -    0.00000      -   531   55s
  6295  1018 infeasible   23               -    0.00000      -   534   60s
  6901  1149 infeasible   11               -    0.00000      -   534   65s
  7714  1159    0.00000   20  260          -    0.00000      -   533   70s
  8123  1343    0.00000   40  205          -    0.00000      -   532   75s
  8556  1434    0.00000   22  195          -    0.00000      -   527   80s
  9509  1473    0.00000   24  213          -    0.00000      -   524   88s
 10342  1413    0.00000   25  207          -    0.00000      -   517   93s
 11496  1288 infeasible   36               -    0.00000      -   512   97s
 12564  1504    0.00000   39  208          -    0.00000      -   514  102s
 14015  1672 infeasible   42               -    0.00000      -   511  107s
 15273  1865 infeasible   32               -    0.00000      -   511  112s
 16498  1864 infeasible   30               -    0.00000      -   511  116s
 16547  1882    0.00000   40  187          -    0.00000      -   511  121s
 16709  1940 infeasible   41               -    0.00000      -   511  126s
 17163  1971 infeasible   44               -    0.00000      -   511  131s
 17827  2071    0.00000   32  251          -    0.00000      -   511  136s
 18567  2221 infeasible   41               -    0.00000      -   512  141s
 19703  2310 infeasible   33               -    0.00000      -   507  146s
 20594  2402 infeasible   41               -    0.00000      -   509  151s
 21719  2453 infeasible   29               -    0.00000      -   510  156s
 23080  2627 infeasible   38               -    0.00000      -   511  161s
 24530  2904 infeasible   37               -    0.00000      -   514  167s
 26336  3143    0.00000   35  210          -    0.00000      -   512  170s
 28250  3252 infeasible   40               -    0.00000      -   509  176s
 30295  3523 infeasible   34               -    0.00000      -   508  182s
 31303  3641 infeasible   29               -    0.00000      -   507  185s
 33277  3825 infeasible   40               -    0.00000      -   507  192s
 34343  3923 infeasible   39               -    0.00000      -   506  195s
 35347  3963 infeasible   41               -    0.00000      -   505  200s
 35936  4009 infeasible   25               -    0.00000      -   506  208s
 36467  4079 infeasible   43               -    0.00000      -   506  212s
 37205  4164 infeasible   30               -    0.00000      -   505  217s
 38076  4245 infeasible   36               -    0.00000      -   506  221s
 38853  4247 infeasible   32               -    0.00000      -   506  226s
 38999  4274    0.00000   47  214          -    0.00000      -   506  231s
 39714  4313 infeasible   43               -    0.00000      -   506  237s
 40859  4384    0.00000   40  190          -    0.00000      -   506  242s
 42198  4519 infeasible   26               -    0.00000      -   506  248s
 43899  4605    0.00000   27  241          -    0.00000      -   505  254s
 45273  4639    0.00000   31  244          -    0.00000      -   507  261s
 47093  4698 infeasible   36               -    0.00000      -   508  267s
 48952  4815 infeasible   45               -    0.00000      -   509  286s
 51309  4775 infeasible   39               -    0.00000      -   509  292s
 51763  4788 infeasible   39               -    0.00000      -   513  299s
 51916  4765 infeasible   33               -    0.00000      -   514  307s
 52453  4694 infeasible   32               -    0.00000      -   517  318s
 53248  4596 infeasible   40               -    0.00000      -   523  330s

Cutting planes:
  Gomory: 5
  Lift-and-project: 2
  Cover: 56
  Projected implied bound: 13
  Clique: 24
  MIR: 107
  StrongCG: 27
  Flow cover: 189
  GUB cover: 90
  Inf proof: 19
  Zero half: 62
  RLT: 22
  Relax-and-lift: 79
  BQP: 1

Explored 54405 nodes (29063297 simplex iterations) in 331.63 seconds (481.21 work units)
Thread count was 20 (of 20 available processors)

Solution count 0

Solve interrupted
Best objective -, best bound 0.000000000000e+00, gap -

No solution available

