
Gurobi 13.0.1 (win64, gurobi_cl) logging started Thu Apr 23 00:27:45 2026

Set parameter WLSAccessID
Set parameter WLSSecret
Set parameter LicenseID to value 2811917
Set parameter LogFile to value "N22_R8_K3_0_22_split_22_fix0B_6_exact_fixrestA_str4_v7.log"
Using license file C:\Users\artik\gurobi.lic
Academic license 2811917 - for non-commercial use only - registered to ar___@ukma.edu.ua

Gurobi Optimizer version 13.0.1 build v13.0.1rc0 (win64 - Windows 11+.0 (26200.2))
Copyright (c) 2026, Gurobi Optimization, LLC

Warning: Numeric variable name in LP file ('0') - often the result
         of a constant term in the left-hand side of a constraint.

Read LP format model from file N22_R8_K3_0_22_split_22_fix0B_6_exact_fixrestA_str4_v7.lp
Reading time = 0.01 seconds
obj: 7023 rows, 1947 columns, 27012 nonzeros

Using Gurobi shared library D:\gurobi\win64\bin\gurobi130.dll

CPU model: 12th Gen Intel(R) Core(TM) i7-12700H, instruction set [SSE2|AVX|AVX2]
Thread count: 14 physical cores, 20 logical processors, using up to 20 threads

Academic license 2811917 - for non-commercial use only - registered to ar___@ukma.edu.ua
Optimize a model with 7023 rows, 1947 columns and 27012 nonzeros (Min)
Model fingerprint: 0xdd961f29
Model has 1 linear objective coefficients
Variable types: 1 continuous, 1946 integer (1923 binary)
Coefficient statistics:
  Matrix range     [1e+00, 6e+01]
  Objective range  [1e+00, 1e+00]
  Bounds range     [1e+00, 8e+01]
  RHS range        [1e+00, 6e+01]

Presolve removed 3500 rows and 872 columns
Presolve time: 0.02s
Presolved: 3523 rows, 1075 columns, 13700 nonzeros
Variable types: 0 continuous, 1075 integer (1054 binary)

Root relaxation: objective 0.000000e+00, 1785 iterations, 0.08 seconds (0.16 work units)

    Nodes    |    Current Node    |     Objective Bounds      |     Work
 Expl Unexpl |  Obj  Depth IntInf | Incumbent    BestBd   Gap | It/Node Time

     0     0    0.00000    0  242          -    0.00000      -     -    0s
     0     0    0.00000    0  235          -    0.00000      -     -    0s
     0     0    0.00000    0  214          -    0.00000      -     -    0s
     0     0    0.00000    0  217          -    0.00000      -     -    0s
     0     0    0.00000    0  185          -    0.00000      -     -    0s
     0     0    0.00000    0  160          -    0.00000      -     -    0s
     0     0    0.00000    0  160          -    0.00000      -     -    0s
     0     0    0.00000    0  154          -    0.00000      -     -    1s
     0     0    0.00000    0  148          -    0.00000      -     -    1s
     0     0    0.00000    0  148          -    0.00000      -     -    1s
     0     0    0.00000    0  141          -    0.00000      -     -    1s
     0     0    0.00000    0  159          -    0.00000      -     -    1s
     0     0    0.00000    0  159          -    0.00000      -     -    1s
     0     0    0.00000    0  146          -    0.00000      -     -    1s
     0     0    0.00000    0  161          -    0.00000      -     -    1s
     0     0    0.00000    0  161          -    0.00000      -     -    1s
     0     0    0.00000    0  167          -    0.00000      -     -    1s
     0     0    0.00000    0  166          -    0.00000      -     -    1s
     0     0    0.00000    0  166          -    0.00000      -     -    1s
     0     0    0.00000    0  166          -    0.00000      -     -    1s
     0     0    0.00000    0  199          -    0.00000      -     -    1s
     0     0    0.00000    0  187          -    0.00000      -     -    1s
     0     0    0.00000    0  187          -    0.00000      -     -    1s
     0     0    0.00000    0  187          -    0.00000      -     -    2s
     0     2    0.00000    0  187          -    0.00000      -     -    2s
   400   335 infeasible   15               -    0.00000      -   352    5s
  1290   604 infeasible   15               -    0.00000      -   392   11s
  2742   925 infeasible   29               -    0.00000      -   406   16s
  4014  1047    0.00000   20  176          -    0.00000      -   416   21s
  5615  1278 infeasible   20               -    0.00000      -   422   26s
  6462  1288    0.00000   23  196          -    0.00000      -   422   30s
  6680  1462    0.00000   21  168          -    0.00000      -   425   35s
  7116  1592    0.00000   29  176          -    0.00000      -   425   40s
  7687  1570 infeasible   45               -    0.00000      -   426   45s
  9199  1317 infeasible   24               -    0.00000      -   425   53s
 10233  1069 infeasible   24               -    0.00000      -   433   57s
 11319  1108 infeasible   31               -    0.00000      -   440   61s
 14014  1466    0.00000   31  237          -    0.00000      -   438   68s
 15111  1482    0.00000   39  193          -    0.00000      -   444   72s
 15331  1628    0.00000   32  169          -    0.00000      -   445   76s
 16129  1720    0.00000   33  221          -    0.00000      -   449   80s
 17870  1819    0.00000   20  207          -    0.00000      -   457   89s
 19155  1844 infeasible   33               -    0.00000      -   461   93s
 20596  1911 infeasible   34               -    0.00000      -   466   97s
 22086  1859 infeasible   29               -    0.00000      -   471  101s
 23444  1966    0.00000   28  152          -    0.00000      -   475  105s
 24876  2003    0.00000   32  147          -    0.00000      -   478  110s
 25457  2090    0.00000   26  202          -    0.00000      -   479  118s
 27804  2220 infeasible   35               -    0.00000      -   485  121s
 29118  2275    0.00000   25  262          -    0.00000      -   487  125s
 31527  2345    0.00000   28  191          -    0.00000      -   491  132s
 32652  2328    0.00000   26  238          -    0.00000      -   494  135s
 33894  2359    0.00000   21  189          -    0.00000      -   495  143s
 34274  2304    0.00000   22  192          -    0.00000      -   497  148s
 35057  2307    0.00000   27  154          -    0.00000      -   497  152s
 36232  2290    0.00000   33  168          -    0.00000      -   499  157s
 37683  2204 infeasible   28               -    0.00000      -   501  161s
 39179  2155 infeasible   24               -    0.00000      -   504  166s
 40812  2189    0.00000   34  150          -    0.00000      -   501  170s
 42398  2206 infeasible   28               -    0.00000      -   503  175s
 42859  2179    0.00000   30  194          -    0.00000      -   503  181s
 43762  2237 infeasible   28               -    0.00000      -   505  186s
 45184  2226    0.00000   24  253          -    0.00000      -   506  192s
 46795  2279    0.00000   21  171          -    0.00000      -   508  198s
 48898  2140 infeasible   38               -    0.00000      -   509  204s
 50919  2007    0.00000   24  227          -    0.00000      -   511  210s
 52938  1981    0.00000   36  212          -    0.00000      -   514  217s
 53636  1890 infeasible   28               -    0.00000      -   514  224s
 55403  1623 infeasible   35               -    0.00000      -   515  231s
 57594  1484 infeasible   32               -    0.00000      -   518  238s
 58797  1336 infeasible   21               -    0.00000      -   516  246s
 60967  1238    0.00000   20  171          -    0.00000      -   519  254s
 63365   931    0.00000   39  150          -    0.00000      -   517  261s
 65758   881 infeasible   36               -    0.00000      -   515  268s
 66684   650 infeasible   23               -    0.00000      -   516  276s
 68773   579    0.00000   24  223          -    0.00000      -   517  283s
 71154   624    0.00000   26  202          -    0.00000      -   513  290s
Exploring 50000 nodes in MinRel heuristic
MinRel: 14 nodes explored, relaxation 1.60e+01, total elapsed time 295s
MinRel: 259 nodes explored, relaxation 1.00e+01, total elapsed time 300s
MinRel: 995 nodes explored, relaxation 7.00e+00, total elapsed time 305s
MinRel: 2709 nodes explored, relaxation 6.00e+00, total elapsed time 310s
MinRel: 2817 nodes explored, relaxation 6.00e+00, total elapsed time 315s
MinRel: 3021 nodes explored, relaxation 6.00e+00, total elapsed time 320s
No solution found by MinRel heuristic

Explored 73797 nodes (37935055 simplex iterations) in 322.60 seconds (480.89 work units)
Thread count was 20 (of 20 available processors)

Solution count 0

Solve interrupted
Best objective -, best bound 0.000000000000e+00, gap -

No solution available

