SCIP version 10.0.1 [precision: 8 byte] [memory: block] [mode: optimized] [LP solver: SoPlex 8.0.1] [GitHash: 76a50c97d6]
Copyright (c) 2002-2026 Zuse Institute Berlin (ZIB)

External libraries: 
  SoPlex 8.0.1         Linear programming solver developed at Zuse Institute Berlin (soplex.zib.de) [GitHash: c69290aa]
  CppAD 20180000.0     Algorithmic Differentiation of C++ algorithms developed by B. Bell (github.com/coin-or/CppAD)
  ZLIB 1.3.1           General purpose compression library by J. Gailly and M. Adler (zlib.net)
  MPFR 4.2.2           GNU Multiple Precision Floating-Point Reliable Library (mpfr.org)
  Boost 1.89.0         Boost C++ Libraries (boost.org)
  TinyCThread 1.2      small portable implementation of the C11 threads API (tinycthread.github.io)
  GMP 6.3.0            GNU Multiple Precision Arithmetic Library developed by T. Granlund (gmplib.org)
  ZIMPL 3.7.0          Zuse Institute Mathematical Programming Language developed by T. Koch (zimpl.zib.de)
  AMPL/MP 4.0.4        AMPL .nl file reader library (github.com/ampl/mp)
  PaPILO 3.0.0         parallel presolve for integer and linear optimization (github.com/scipopt/papilo) (built with TBB) [GitHash: 4cbdc327]
  Nauty 2.8.8          Computing Graph Automorphism Groups by Brendan D. McKay (users.cecs.anu.edu.au/~bdm/nauty)
  sassy 2.0            Symmetry preprocessor by Markus Anders (github.com/markusa4/sassy)
  Ipopt 3.14.19        Interior Point Optimizer developed by A. Waechter et.al. (github.com/coin-or/Ipopt)

user parameter file <scip.set> not found - using default parameters

heuristics/padm/freq = -1
heuristics/ofins/freq = -1
heuristics/reoptsols/freq = -1
heuristics/trivialnegation/freq = -1
heuristics/trivial/freq = -1
heuristics/clique/freq = -1
heuristics/locks/freq = -1
heuristics/vbounds/freq = -1
heuristics/shiftandpropagate/freq = -1
heuristics/completesol/freq = -1
heuristics/simplerounding/freq = -1
heuristics/randrounding/freq = -1
heuristics/zirounding/freq = -1
heuristics/rounding/freq = -1
heuristics/shifting/freq = -1
heuristics/intshifting/freq = -1
heuristics/oneopt/freq = -1
heuristics/indicator/freq = -1
heuristics/adaptivediving/freq = -1
heuristics/indicatordiving/freq = -1
heuristics/farkasdiving/freq = -1
heuristics/feaspump/freq = -1
heuristics/conflictdiving/freq = -1
heuristics/pscostdiving/freq = -1
heuristics/fracdiving/freq = -1
heuristics/nlpdiving/freq = -1
heuristics/veclendiving/freq = -1
heuristics/distributiondiving/freq = -1
heuristics/objpscostdiving/freq = -1
heuristics/rootsoldiving/freq = -1
heuristics/linesearchdiving/freq = -1
heuristics/guideddiving/freq = -1
heuristics/rens/freq = -1
heuristics/alns/freq = -1
heuristics/rins/freq = -1
heuristics/gins/freq = -1
heuristics/crossover/freq = -1
heuristics/lpface/freq = -1
heuristics/undercover/freq = -1
heuristics/subnlp/freq = -1
heuristics/mpec/freq = -1
heuristics/multistart/freq = -1
heuristics/trysol/freq = -1
presolving/restartfac = 0.0125
presolving/restartminred = 0.06
constraints/setppc/cliquelifting = TRUE
presolving/boundshift/maxrounds = -1
presolving/qpkktref/maxrounds = -1
presolving/stuffing/maxrounds = -1
presolving/tworowbnd/maxrounds = -1
presolving/dualinfer/maxrounds = -1
presolving/dualagg/maxrounds = -1
presolving/implint/maxrounds = -1
presolving/redvub/maxrounds = -1
propagating/probing/maxuseless = 1500
propagating/probing/maxtotaluseless = 75
separating/closecuts/freq = 0
separating/rlt/freq = 20
separating/rlt/maxroundsroot = 15
separating/disjunctive/freq = 20
separating/disjunctive/maxroundsroot = 150
separating/gauge/freq = 0
separating/interminor/freq = 0
separating/convexproj/freq = 0
separating/gomory/maxroundsroot = 15
separating/gomory/maxsepacutsroot = 400
separating/aggregation/maxsepacutsroot = 1000
separating/clique/freq = 20
separating/zerohalf/maxroundsroot = 30
separating/zerohalf/maxsepacutsroot = 200
separating/lagromory/freq = 0
separating/mcf/freq = 20
separating/mcf/maxsepacutsroot = 400
separating/eccuts/freq = 0
separating/eccuts/maxroundsroot = 375
separating/eccuts/maxsepacutsroot = 100
separating/oddcycle/freq = 0
separating/oddcycle/maxroundsroot = 15
separating/oddcycle/maxsepacutsroot = 10000
constraints/benderslp/sepafreq = 0
constraints/integral/sepafreq = 0
constraints/SOS2/sepafreq = 10
constraints/varbound/sepafreq = 10
constraints/knapsack/sepafreq = 10
constraints/knapsack/maxsepacutsroot = 500
constraints/setppc/sepafreq = 10
constraints/or/sepafreq = 10
constraints/xor/sepafreq = 10
constraints/conjunction/sepafreq = 0
constraints/disjunction/sepafreq = 0
constraints/exactsol/sepafreq = 0
constraints/linear/sepafreq = 10
constraints/linear/maxsepacutsroot = 500
constraints/exactlinear/sepafreq = 10
constraints/exactlinear/maxsepacutsroot = 500
constraints/orbitope_full/sepafreq = 0
constraints/orbitope_pp/sepafreq = 0
constraints/logicor/sepafreq = 10
constraints/bounddisjunction/sepafreq = 0
constraints/pseudoboolean/sepafreq = 0
constraints/superindicator/sepafreq = 0
constraints/benders/sepafreq = 0
constraints/fixedvar/sepafreq = 0
constraints/countsols/sepafreq = 0
constraints/components/sepafreq = 0
cutselection/hybrid/minorthoroot = 0.1
separating/maxroundsrootsubrun = 5
separating/maxaddrounds = 5
separating/maxcutsroot = 5000
constraints/linear/separateall = TRUE
separating/aggregation/maxfailsroot = 200
separating/mcf/maxtestdelta = -1
separating/mcf/trynegscaling = TRUE
loaded parameter file <scip_v5.set>

read problem <N22_R8_K3_0_22_split_22_fix0B_7_exact_fixrestA_wo_lem_str1.lp>
============

original problem has 1942 variables (1917 bin, 23 int, 2 cont) and 6962 constraints

presolving:
(round 1, fast)       866 del vars, 3031 del conss, 0 add conss, 870 chg bounds, 138 chg sides, 276 chg coeffs, 0 upgd conss, 0 impls, 2300 clqs, 0 implints
(round 2, fast)       882 del vars, 3407 del conss, 0 add conss, 883 chg bounds, 228 chg sides, 451 chg coeffs, 0 upgd conss, 0 impls, 2300 clqs, 0 implints
(round 3, fast)       882 del vars, 3407 del conss, 0 add conss, 893 chg bounds, 294 chg sides, 585 chg coeffs, 0 upgd conss, 0 impls, 2300 clqs, 0 implints
(round 4, fast)       882 del vars, 3407 del conss, 0 add conss, 900 chg bounds, 336 chg sides, 678 chg coeffs, 0 upgd conss, 0 impls, 2300 clqs, 0 implints
(round 5, fast)       882 del vars, 3407 del conss, 0 add conss, 904 chg bounds, 354 chg sides, 730 chg coeffs, 0 upgd conss, 0 impls, 2300 clqs, 0 implints
(round 6, fast)       882 del vars, 3407 del conss, 0 add conss, 906 chg bounds, 363 chg sides, 756 chg coeffs, 0 upgd conss, 0 impls, 2300 clqs, 0 implints
   (0.0s) running MILP presolver
   (0.0s) MILP presolver (2 rounds): 28 aggregations, 0 fixings, 0 bound changes
(round 7, medium)     910 del vars, 3407 del conss, 0 add conss, 906 chg bounds, 363 chg sides, 756 chg coeffs, 0 upgd conss, 0 impls, 2244 clqs, 0 implints
(round 8, fast)       910 del vars, 3463 del conss, 0 add conss, 906 chg bounds, 363 chg sides, 756 chg coeffs, 0 upgd conss, 0 impls, 2244 clqs, 0 implints
(round 9, exhaustive) 910 del vars, 3484 del conss, 0 add conss, 906 chg bounds, 363 chg sides, 756 chg coeffs, 0 upgd conss, 0 impls, 2244 clqs, 0 implints
(round 10, exhaustive) 910 del vars, 3484 del conss, 0 add conss, 906 chg bounds, 363 chg sides, 756 chg coeffs, 3178 upgd conss, 0 impls, 2244 clqs, 0 implints
(round 11, exhaustive) 910 del vars, 6476 del conss, 748 add conss, 906 chg bounds, 363 chg sides, 756 chg coeffs, 3178 upgd conss, 0 impls, 2244 clqs, 0 implints
(round 12, exhaustive) 910 del vars, 6476 del conss, 748 add conss, 906 chg bounds, 363 chg sides, 918 chg coeffs, 3178 upgd conss, 0 impls, 2244 clqs, 0 implints
   (0.0s) probing: 961/1048 (91.7%) - 0 fixings, 0 aggregations, 2283 implications, 0 bound changes
   (0.0s) probing aborted: 75/75 successive totally useless probings
   (0.0s) symmetry computation started: requiring (bin +, int +, cont +), (fixed: bin -, int -, cont -)
   (0.0s) no symmetry present (symcode time: 0.00)
presolving (13 rounds: 13 fast, 6 medium, 5 exhaustive):
 910 deleted vars, 6476 deleted constraints, 748 added constraints, 906 tightened bounds, 0 added holes, 363 changed sides, 918 changed coefficients
 2145 implications, 2382 cliques, 0 implied integral variables (0 bin, 0 int, 0 cont)
presolved problem has 1069 variables (1048 bin, 21 int, 0 cont) and 1234 constraints
     16 constraints of type <varbound>
    162 constraints of type <knapsack>
    748 constraints of type <and>
    300 constraints of type <linear>
      8 constraints of type <logicor>
transformed objective value is always integral (scale: 1)
Presolving Time: 0.00

 time | node  | left  |LP iter|LP it/n|mem/heur|mdpt |vars |cons |rows |cuts |sepa|confs|strbr|  dualbound   | primalbound  |  gap   | compl. 
  0.0s|     1 |     0 |  1385 |     - |    30M |   0 |1069 |1234 |1982 |   0 |  0 |   0 |   0 |    cutoff    |      --      |   0.00%| unknown
  0.0s|     1 |     0 |  1385 |     - |    30M |   0 |1069 |1234 |1982 |   0 |  0 |   0 |   0 |    cutoff    |      --      |   0.00%| unknown

SCIP Status        : problem is solved [infeasible]
Solving Time (sec) : 0.00
Solving Nodes      : 1
Primal Bound       : +1.00000000000000e+20 (0 solutions)
Dual Bound         : +1.00000000000000e+20
Gap                : 0.00 %


no solution available

SCIP> 