SCIP version 10.0.1 [precision: 8 byte] [memory: block] [mode: optimized] [LP solver: SoPlex 8.0.1] [GitHash: 76a50c97d6]
Copyright (c) 2002-2026 Zuse Institute Berlin (ZIB)

External libraries: 
  SoPlex 8.0.1         Linear programming solver developed at Zuse Institute Berlin (soplex.zib.de) [GitHash: c69290aa]
  CppAD 20180000.0     Algorithmic Differentiation of C++ algorithms developed by B. Bell (github.com/coin-or/CppAD)
  ZLIB 1.3.1           General purpose compression library by J. Gailly and M. Adler (zlib.net)
  MPFR 4.2.2           GNU Multiple Precision Floating-Point Reliable Library (mpfr.org)
  Boost 1.89.0         Boost C++ Libraries (boost.org)
  TinyCThread 1.2      small portable implementation of the C11 threads API (tinycthread.github.io)
  GMP 6.3.0            GNU Multiple Precision Arithmetic Library developed by T. Granlund (gmplib.org)
  ZIMPL 3.7.0          Zuse Institute Mathematical Programming Language developed by T. Koch (zimpl.zib.de)
  AMPL/MP 4.0.4        AMPL .nl file reader library (github.com/ampl/mp)
  PaPILO 3.0.0         parallel presolve for integer and linear optimization (github.com/scipopt/papilo) (built with TBB) [GitHash: 4cbdc327]
  Nauty 2.8.8          Computing Graph Automorphism Groups by Brendan D. McKay (users.cecs.anu.edu.au/~bdm/nauty)
  sassy 2.0            Symmetry preprocessor by Markus Anders (github.com/markusa4/sassy)
  Ipopt 3.14.19        Interior Point Optimizer developed by A. Waechter et.al. (github.com/coin-or/Ipopt)

user parameter file <scip.set> not found - using default parameters

heuristics/padm/freq = -1
heuristics/ofins/freq = -1
heuristics/reoptsols/freq = -1
heuristics/trivialnegation/freq = -1
heuristics/trivial/freq = -1
heuristics/clique/freq = -1
heuristics/locks/freq = -1
heuristics/vbounds/freq = -1
heuristics/shiftandpropagate/freq = -1
heuristics/completesol/freq = -1
heuristics/simplerounding/freq = -1
heuristics/randrounding/freq = -1
heuristics/zirounding/freq = -1
heuristics/rounding/freq = -1
heuristics/shifting/freq = -1
heuristics/intshifting/freq = -1
heuristics/oneopt/freq = -1
heuristics/indicator/freq = -1
heuristics/adaptivediving/freq = -1
heuristics/indicatordiving/freq = -1
heuristics/farkasdiving/freq = -1
heuristics/feaspump/freq = -1
heuristics/conflictdiving/freq = -1
heuristics/pscostdiving/freq = -1
heuristics/fracdiving/freq = -1
heuristics/nlpdiving/freq = -1
heuristics/veclendiving/freq = -1
heuristics/distributiondiving/freq = -1
heuristics/objpscostdiving/freq = -1
heuristics/rootsoldiving/freq = -1
heuristics/linesearchdiving/freq = -1
heuristics/guideddiving/freq = -1
heuristics/rens/freq = -1
heuristics/alns/freq = -1
heuristics/rins/freq = -1
heuristics/gins/freq = -1
heuristics/crossover/freq = -1
heuristics/lpface/freq = -1
heuristics/undercover/freq = -1
heuristics/subnlp/freq = -1
heuristics/mpec/freq = -1
heuristics/multistart/freq = -1
heuristics/trysol/freq = -1
presolving/restartfac = 0.0125
presolving/restartminred = 0.06
constraints/setppc/cliquelifting = TRUE
presolving/boundshift/maxrounds = -1
presolving/qpkktref/maxrounds = -1
presolving/stuffing/maxrounds = -1
presolving/tworowbnd/maxrounds = -1
presolving/dualinfer/maxrounds = -1
presolving/dualagg/maxrounds = -1
presolving/implint/maxrounds = -1
presolving/redvub/maxrounds = -1
propagating/probing/maxuseless = 1500
propagating/probing/maxtotaluseless = 75
separating/closecuts/freq = 0
separating/rlt/freq = 20
separating/rlt/maxroundsroot = 15
separating/disjunctive/freq = 20
separating/disjunctive/maxroundsroot = 150
separating/gauge/freq = 0
separating/interminor/freq = 0
separating/convexproj/freq = 0
separating/gomory/maxroundsroot = 15
separating/gomory/maxsepacutsroot = 400
separating/aggregation/maxsepacutsroot = 1000
separating/clique/freq = 20
separating/zerohalf/maxroundsroot = 30
separating/zerohalf/maxsepacutsroot = 200
separating/lagromory/freq = 0
separating/mcf/freq = 20
separating/mcf/maxsepacutsroot = 400
separating/eccuts/freq = 0
separating/eccuts/maxroundsroot = 375
separating/eccuts/maxsepacutsroot = 100
separating/oddcycle/freq = 0
separating/oddcycle/maxroundsroot = 15
separating/oddcycle/maxsepacutsroot = 10000
constraints/benderslp/sepafreq = 0
constraints/integral/sepafreq = 0
constraints/SOS2/sepafreq = 10
constraints/varbound/sepafreq = 10
constraints/knapsack/sepafreq = 10
constraints/knapsack/maxsepacutsroot = 500
constraints/setppc/sepafreq = 10
constraints/or/sepafreq = 10
constraints/xor/sepafreq = 10
constraints/conjunction/sepafreq = 0
constraints/disjunction/sepafreq = 0
constraints/exactsol/sepafreq = 0
constraints/linear/sepafreq = 10
constraints/linear/maxsepacutsroot = 500
constraints/exactlinear/sepafreq = 10
constraints/exactlinear/maxsepacutsroot = 500
constraints/orbitope_full/sepafreq = 0
constraints/orbitope_pp/sepafreq = 0
constraints/logicor/sepafreq = 10
constraints/bounddisjunction/sepafreq = 0
constraints/pseudoboolean/sepafreq = 0
constraints/superindicator/sepafreq = 0
constraints/benders/sepafreq = 0
constraints/fixedvar/sepafreq = 0
constraints/countsols/sepafreq = 0
constraints/components/sepafreq = 0
cutselection/hybrid/minorthoroot = 0.1
separating/maxroundsrootsubrun = 5
separating/maxaddrounds = 5
separating/maxcutsroot = 5000
constraints/linear/separateall = TRUE
separating/aggregation/maxfailsroot = 200
separating/mcf/maxtestdelta = -1
separating/mcf/trynegscaling = TRUE
loaded parameter file <scip_v5.set>

read problem <N21_R8_K3_1_21_split_21_fix1B_4_exact_fixrestA_wo_lem_str4_2.lp>
============

original problem has 1704 variables (1680 bin, 22 int, 2 cont) and 6051 constraints

presolving:
(round 1, fast)       376 del vars, 1502 del conss, 0 add conss, 382 chg bounds, 132 chg sides, 264 chg coeffs, 0 upgd conss, 0 impls, 3021 clqs, 0 implints
(round 2, fast)       391 del vars, 1552 del conss, 0 add conss, 393 chg bounds, 216 chg sides, 414 chg coeffs, 0 upgd conss, 0 impls, 3021 clqs, 0 implints
(round 3, fast)       391 del vars, 1552 del conss, 0 add conss, 400 chg bounds, 276 chg sides, 507 chg coeffs, 0 upgd conss, 0 impls, 3021 clqs, 0 implints
(round 4, fast)       391 del vars, 1552 del conss, 0 add conss, 403 chg bounds, 312 chg sides, 543 chg coeffs, 0 upgd conss, 0 impls, 3021 clqs, 0 implints
(round 5, fast)       391 del vars, 1552 del conss, 0 add conss, 405 chg bounds, 336 chg sides, 567 chg coeffs, 0 upgd conss, 0 impls, 3021 clqs, 0 implints
(round 6, fast)       391 del vars, 1552 del conss, 0 add conss, 406 chg bounds, 348 chg sides, 579 chg coeffs, 0 upgd conss, 0 impls, 3021 clqs, 0 implints
   (0.0s) running MILP presolver
   (0.0s) MILP presolver (5 rounds): 56 aggregations, 56 fixings, 0 bound changes
(round 7, medium)     503 del vars, 1552 del conss, 0 add conss, 406 chg bounds, 348 chg sides, 579 chg coeffs, 0 upgd conss, 0 impls, 2740 clqs, 0 implints
(round 8, fast)       503 del vars, 1832 del conss, 4 add conss, 406 chg bounds, 348 chg sides, 579 chg coeffs, 0 upgd conss, 0 impls, 2740 clqs, 4 implints
(round 9, exhaustive) 503 del vars, 1845 del conss, 4 add conss, 406 chg bounds, 348 chg sides, 579 chg coeffs, 0 upgd conss, 0 impls, 2740 clqs, 4 implints
(round 10, exhaustive) 503 del vars, 1845 del conss, 4 add conss, 406 chg bounds, 348 chg sides, 579 chg coeffs, 3911 upgd conss, 0 impls, 2740 clqs, 4 implints
(round 11, exhaustive) 503 del vars, 5497 del conss, 917 add conss, 406 chg bounds, 348 chg sides, 579 chg coeffs, 3911 upgd conss, 0 impls, 2740 clqs, 4 implints
(round 12, exhaustive) 503 del vars, 5497 del conss, 917 add conss, 406 chg bounds, 348 chg sides, 750 chg coeffs, 3911 upgd conss, 0 impls, 2740 clqs, 4 implints
(round 13, exhaustive) 503 del vars, 5499 del conss, 917 add conss, 406 chg bounds, 350 chg sides, 750 chg coeffs, 3911 upgd conss, 0 impls, 2740 clqs, 4 implints
   (0.0s) probing: 1000/1216 (82.2%) - 0 fixings, 0 aggregations, 82711 implications, 0 bound changes
   (0.0s) probing: 1148/1216 (94.4%) - 0 fixings, 0 aggregations, 89117 implications, 0 bound changes
   (0.0s) probing aborted: 75/75 successive totally useless probings
   (0.0s) symmetry computation started: requiring (bin +, int +, cont +), (fixed: bin -, int -, cont -)
   (0.0s) no symmetry present (symcode time: 0.00)
presolving (14 rounds: 14 fast, 7 medium, 6 exhaustive):
 503 deleted vars, 5499 deleted constraints, 917 added constraints, 406 tightened bounds, 0 added holes, 350 changed sides, 750 changed coefficients
 1144 implications, 22997 cliques, 4 implied integral variables (0 bin, 4 int, 0 cont)
presolved problem has 1235 variables (1216 bin, 19 int, 0 cont) and 1469 constraints
     15 constraints of type <varbound>
    171 constraints of type <knapsack>
      1 constraints of type <setppc>
    913 constraints of type <and>
    297 constraints of type <linear>
     72 constraints of type <logicor>
transformed objective value is always integral (scale: 1)
Presolving Time: 0.00

 time | node  | left  |LP iter|LP it/n|mem/heur|mdpt |vars |cons |rows |cuts |sepa|confs|strbr|  dualbound   | primalbound  |  gap   | compl. 
  0.0s|     1 |     0 |  1954 |     - |    32M |   0 |1235 |1469 |2382 |   0 |  0 |   0 |   0 | 0.000000e+00 |      --      |    Inf | unknown
Computing relative interior point (time limit: 1e+20, iter limit: 19540) ...
  1.0s|     1 |     0 |  2070 |     - |    69M |   0 |1235 |1469 |2622 | 240 |  1 |   0 |   0 | 0.000000e+00 |      --      |    Inf | unknown
  2.0s|     1 |     0 |  2140 |     - |    69M |   0 |1235 |1469 |2645 | 263 |  2 |   0 |   0 | 0.000000e+00 |      --      |    Inf | unknown
  3.0s|     1 |     0 |  2802 |     - |    95M |   0 |1235 |1469 |2928 | 546 |  3 |   0 |   0 | 0.000000e+00 |      --      |    Inf | unknown
  6.0s|     1 |     0 |  3278 |     - |   130M |   0 |1235 |1469 |3076 | 694 |  4 |   0 |   0 | 0.000000e+00 |      --      |    Inf | unknown
  8.0s|     1 |     0 |  3340 |     - |   131M |   0 |1235 |1469 |3115 | 733 |  5 |   0 |   0 | 0.000000e+00 |      --      |    Inf | unknown
 11.0s|     1 |     0 |  3691 |     - |   159M |   0 |1235 |1469 |3346 | 964 |  6 |   0 |   0 | 0.000000e+00 |      --      |    Inf | unknown
 16.0s|     1 |     0 |  3954 |     - |   195M |   0 |1235 |1469 |3477 |1095 |  7 |   0 |   0 | 0.000000e+00 |      --      |    Inf | unknown
 20.0s|     1 |     0 |  4331 |     - |   240M |   0 |1235 |1469 |3600 |1218 |  8 |   0 |   0 | 0.000000e+00 |      --      |    Inf | unknown
 25.0s|     1 |     0 |  4487 |     - |   289M |   0 |1235 |1469 |3721 |1339 |  9 |   0 |   0 | 0.000000e+00 |      --      |    Inf | unknown
 28.0s|     1 |     0 |  4552 |     - |   290M |   0 |1235 |1469 |3743 |1361 | 10 |   0 |   0 | 0.000000e+00 |      --      |    Inf | unknown
 34.0s|     1 |     0 |  4673 |     - |   336M |   0 |1235 |1469 |3764 |1608 | 11 |   0 |   0 | 0.000000e+00 |      --      |    Inf | unknown
 35.0s|     1 |     2 |  4797 |     - |   336M |   0 |1235 |1469 |3764 |1608 | 11 |   0 |  16 | 0.000000e+00 |      --      |    Inf | unknown
 37.0s|   100 |    21 | 20366 | 158.5 |   367M |  27 |1235 |1255 |2689 |2078 |  0 |  72 |  16 | 0.000000e+00 |      --      |    Inf |  17.94%
 39.0s|   200 |    22 | 32880 | 141.7 |   370M |  27 |1235 |1201 |2688 |2308 |  1 |  88 |  16 | 0.000000e+00 |      --      |    Inf |  59.01%
 time | node  | left  |LP iter|LP it/n|mem/heur|mdpt |vars |cons |rows |cuts |sepa|confs|strbr|  dualbound   | primalbound  |  gap   | compl. 
 41.0s|   300 |    18 | 55471 | 169.9 |   375M |  27 |1235 |1212 |2666 |2976 |  2 | 114 |  16 | 0.000000e+00 |      --      |    Inf |  79.62%
 44.0s|   400 |    17 | 75459 | 177.4 |   377M |  27 |1235 |1212 |2652 |3569 |  2 | 151 |  16 | 0.000000e+00 |      --      |    Inf |  93.05%
 46.0s|   500 |     5 | 96888 | 184.8 |   347M |  27 |1235 |1105 |2855 |4100 |  2 | 295 |  16 | 0.000000e+00 |      --      |    Inf |  97.46%
 48.0s|   600 |    10 |112192 | 179.5 |   342M |  27 |1235 |1020 |2964 |4362 |  0 | 396 |  16 | 0.000000e+00 |      --      |    Inf |  99.19%

SCIP Status        : problem is solved [infeasible]
Solving Time (sec) : 48.00
Solving Nodes      : 617
Primal Bound       : +1.00000000000000e+20 (0 solutions)
Dual Bound         : +1.00000000000000e+20
Gap                : 0.00 %


no solution available

SCIP> 