SCIP version 10.0.1 [precision: 8 byte] [memory: block] [mode: optimized] [LP solver: SoPlex 8.0.1] [GitHash: 76a50c97d6]
Copyright (c) 2002-2026 Zuse Institute Berlin (ZIB)

External libraries: 
  SoPlex 8.0.1         Linear programming solver developed at Zuse Institute Berlin (soplex.zib.de) [GitHash: c69290aa]
  CppAD 20180000.0     Algorithmic Differentiation of C++ algorithms developed by B. Bell (github.com/coin-or/CppAD)
  ZLIB 1.3.1           General purpose compression library by J. Gailly and M. Adler (zlib.net)
  MPFR 4.2.2           GNU Multiple Precision Floating-Point Reliable Library (mpfr.org)
  Boost 1.89.0         Boost C++ Libraries (boost.org)
  TinyCThread 1.2      small portable implementation of the C11 threads API (tinycthread.github.io)
  GMP 6.3.0            GNU Multiple Precision Arithmetic Library developed by T. Granlund (gmplib.org)
  ZIMPL 3.7.0          Zuse Institute Mathematical Programming Language developed by T. Koch (zimpl.zib.de)
  AMPL/MP 4.0.4        AMPL .nl file reader library (github.com/ampl/mp)
  PaPILO 3.0.0         parallel presolve for integer and linear optimization (github.com/scipopt/papilo) (built with TBB) [GitHash: 4cbdc327]
  Nauty 2.8.8          Computing Graph Automorphism Groups by Brendan D. McKay (users.cecs.anu.edu.au/~bdm/nauty)
  sassy 2.0            Symmetry preprocessor by Markus Anders (github.com/markusa4/sassy)
  Ipopt 3.14.19        Interior Point Optimizer developed by A. Waechter et.al. (github.com/coin-or/Ipopt)

user parameter file <scip.set> not found - using default parameters


read problem <N20_R9_K3_0_29_split_29_wo_lem_str4_v8.lp>
============

original problem has 1441 variables (1420 bin, 21 int, 0 cont) and 5100 constraints
heuristics/padm/freq = -1
heuristics/ofins/freq = -1
heuristics/reoptsols/freq = -1
heuristics/trivialnegation/freq = -1
heuristics/trivial/freq = -1
heuristics/clique/freq = -1
heuristics/locks/freq = -1
heuristics/vbounds/freq = -1
heuristics/shiftandpropagate/freq = -1
heuristics/completesol/freq = -1
heuristics/simplerounding/freq = -1
heuristics/randrounding/freq = -1
heuristics/zirounding/freq = -1
heuristics/rounding/freq = -1
heuristics/shifting/freq = -1
heuristics/intshifting/freq = -1
heuristics/oneopt/freq = -1
heuristics/indicator/freq = -1
heuristics/adaptivediving/freq = -1
heuristics/indicatordiving/freq = -1
heuristics/farkasdiving/freq = -1
heuristics/feaspump/freq = -1
heuristics/conflictdiving/freq = -1
heuristics/pscostdiving/freq = -1
heuristics/fracdiving/freq = -1
heuristics/nlpdiving/freq = -1
heuristics/veclendiving/freq = -1
heuristics/distributiondiving/freq = -1
heuristics/objpscostdiving/freq = -1
heuristics/rootsoldiving/freq = -1
heuristics/linesearchdiving/freq = -1
heuristics/guideddiving/freq = -1
heuristics/rens/freq = -1
heuristics/alns/freq = -1
heuristics/rins/freq = -1
heuristics/gins/freq = -1
heuristics/crossover/freq = -1
heuristics/lpface/freq = -1
heuristics/undercover/freq = -1
heuristics/subnlp/freq = -1
heuristics/mpec/freq = -1
heuristics/multistart/freq = -1
heuristics/trysol/freq = -1
presolving/restartfac = 0.0125
presolving/restartminred = 0.06
constraints/setppc/cliquelifting = TRUE
presolving/boundshift/maxrounds = -1
presolving/qpkktref/maxrounds = -1
presolving/stuffing/maxrounds = -1
presolving/tworowbnd/maxrounds = -1
presolving/dualinfer/maxrounds = -1
presolving/dualagg/maxrounds = -1
presolving/implint/maxrounds = -1
presolving/redvub/maxrounds = -1
propagating/probing/maxuseless = 1500
propagating/probing/maxtotaluseless = 75
separating/closecuts/freq = 0
separating/rlt/freq = 20
separating/rlt/maxroundsroot = 15
separating/disjunctive/freq = 20
separating/disjunctive/maxroundsroot = 150
separating/gauge/freq = 0
separating/interminor/freq = 0
separating/convexproj/freq = 0
separating/gomory/maxroundsroot = 15
separating/gomory/maxsepacutsroot = 400
separating/aggregation/maxsepacutsroot = 1000
separating/clique/freq = 20
separating/zerohalf/maxroundsroot = 30
separating/zerohalf/maxsepacutsroot = 200
separating/lagromory/freq = 0
separating/mcf/freq = 20
separating/mcf/maxsepacutsroot = 400
separating/eccuts/freq = 0
separating/eccuts/maxroundsroot = 375
separating/eccuts/maxsepacutsroot = 100
separating/oddcycle/freq = 0
separating/oddcycle/maxroundsroot = 15
separating/oddcycle/maxsepacutsroot = 10000
constraints/benderslp/sepafreq = 0
constraints/integral/sepafreq = 0
constraints/SOS2/sepafreq = 10
constraints/varbound/sepafreq = 10
constraints/knapsack/sepafreq = 10
constraints/knapsack/maxsepacutsroot = 500
constraints/setppc/sepafreq = 10
constraints/or/sepafreq = 10
constraints/xor/sepafreq = 10
constraints/conjunction/sepafreq = 0
constraints/disjunction/sepafreq = 0
constraints/exactsol/sepafreq = 0
constraints/linear/sepafreq = 10
constraints/linear/maxsepacutsroot = 500
constraints/exactlinear/sepafreq = 10
constraints/exactlinear/maxsepacutsroot = 500
constraints/orbitope_full/sepafreq = 0
constraints/orbitope_pp/sepafreq = 0
constraints/logicor/sepafreq = 10
constraints/bounddisjunction/sepafreq = 0
constraints/pseudoboolean/sepafreq = 0
constraints/superindicator/sepafreq = 0
constraints/benders/sepafreq = 0
constraints/fixedvar/sepafreq = 0
constraints/countsols/sepafreq = 0
constraints/components/sepafreq = 0
cutselection/hybrid/minorthoroot = 0.1
separating/maxroundsrootsubrun = 5
separating/maxaddrounds = 5
separating/maxcutsroot = 5000
constraints/linear/separateall = TRUE
separating/aggregation/maxfailsroot = 200
separating/mcf/maxtestdelta = -1
separating/mcf/trynegscaling = TRUE
nodeselection/restartdfs/stdpriority = 100000
conflict/useinflp = b

presolving:
(round 1, fast)       156 del vars, 722 del conss, 0 add conss, 171 chg bounds, 90 chg sides, 180 chg coeffs, 0 upgd conss, 0 impls, 2979 clqs, 0 implints
(round 2, fast)       173 del vars, 732 del conss, 0 add conss, 171 chg bounds, 170 chg sides, 341 chg coeffs, 0 upgd conss, 0 impls, 2979 clqs, 0 implints
   (0.0s) running MILP presolver
   (0.0s) MILP presolver (12 rounds): 36 aggregations, 0 fixings, 17 bound changes
(round 3, medium)     209 del vars, 732 del conss, 0 add conss, 188 chg bounds, 170 chg sides, 341 chg coeffs, 0 upgd conss, 0 impls, 2907 clqs, 0 implints
(round 4, fast)       209 del vars, 804 del conss, 0 add conss, 188 chg bounds, 251 chg sides, 502 chg coeffs, 0 upgd conss, 0 impls, 2907 clqs, 0 implints
(round 5, exhaustive) 209 del vars, 805 del conss, 0 add conss, 188 chg bounds, 251 chg sides, 502 chg coeffs, 4073 upgd conss, 0 impls, 2907 clqs, 0 implints
(round 6, exhaustive) 209 del vars, 4681 del conss, 969 add conss, 188 chg bounds, 251 chg sides, 502 chg coeffs, 4073 upgd conss, 0 impls, 2907 clqs, 0 implints
(round 7, exhaustive) 209 del vars, 4681 del conss, 969 add conss, 188 chg bounds, 251 chg sides, 673 chg coeffs, 4073 upgd conss, 0 impls, 2907 clqs, 0 implints
   (0.0s) probing: 1000/1230 (81.3%) - 0 fixings, 0 aggregations, 5011 implications, 0 bound changes
   (0.0s) probing: 1134/1230 (92.2%) - 0 fixings, 0 aggregations, 5273 implications, 0 bound changes
   (0.0s) probing aborted: 75/75 successive totally useless probings
   (0.0s) symmetry computation started: requiring (bin +, int +, cont +), (fixed: bin -, int -, cont -)
   (0.0s) no symmetry present (symcode time: 0.00)
presolving (8 rounds: 8 fast, 5 medium, 4 exhaustive):
 209 deleted vars, 4681 deleted constraints, 969 added constraints, 188 tightened bounds, 0 added holes, 251 changed sides, 673 changed coefficients
 5017 implications, 3163 cliques, 0 implied integral variables (0 bin, 0 int, 0 cont)
presolved problem has 1250 variables (1230 bin, 20 int, 0 cont) and 1388 constraints
     17 constraints of type <varbound>
    171 constraints of type <knapsack>
    969 constraints of type <and>
    222 constraints of type <linear>
      9 constraints of type <logicor>
transformed objective value is always integral (scale: 1)
Presolving Time: 0.00

 time | node  | left  |LP iter|LP it/n|mem/heur|mdpt |vars |cons |rows |cuts |sepa|confs|strbr|  dualbound   | primalbound  |  gap   | compl. 
  0.0s|     1 |     0 |  2312 |     - |    28M |   0 |1250 |1388 |2357 |   0 |  0 |   0 |   0 | 0.000000e+00 |      --      |    Inf | unknown
Computing relative interior point (time limit: 1e+20, iter limit: 23120) ...
  1.0s|     1 |     0 |  2418 |     - |    35M |   0 |1250 |1388 |2381 |  24 |  1 |   0 |   0 | 0.000000e+00 |      --      |    Inf | unknown
  1.0s|     1 |     0 |  2481 |     - |    36M |   0 |1250 |1388 |2421 |  64 |  2 |   0 |   0 | 0.000000e+00 |      --      |    Inf | unknown
  1.0s|     1 |     0 |  2519 |     - |    36M |   0 |1250 |1388 |2436 |  79 |  3 |   0 |   0 | 0.000000e+00 |      --      |    Inf | unknown
  1.0s|     1 |     0 |  2539 |     - |    36M |   0 |1250 |1388 |2442 |  85 |  4 |   0 |   0 | 0.000000e+00 |      --      |    Inf | unknown
  1.0s|     1 |     0 |  2561 |     - |    37M |   0 |1250 |1388 |2445 |  88 |  5 |   0 |   0 | 0.000000e+00 |      --      |    Inf | unknown
  1.0s|     1 |     0 |  2573 |     - |    37M |   0 |1250 |1388 |2449 |  92 |  6 |   0 |   0 | 0.000000e+00 |      --      |    Inf | unknown
  1.0s|     1 |     0 |  2581 |     - |    37M |   0 |1250 |1388 |2452 |  95 |  7 |   0 |   0 | 0.000000e+00 |      --      |    Inf | unknown
  2.0s|     1 |     0 |  2593 |     - |    37M |   0 |1250 |1388 |2454 |  97 |  8 |   0 |   0 | 0.000000e+00 |      --      |    Inf | unknown
  2.0s|     1 |     0 |  2609 |     - |    38M |   0 |1250 |1388 |2456 |  99 |  9 |   0 |   0 | 0.000000e+00 |      --      |    Inf | unknown
  2.0s|     1 |     0 |  2619 |     - |    38M |   0 |1250 |1388 |2458 | 101 | 10 |   0 |   0 | 0.000000e+00 |      --      |    Inf | unknown
  2.0s|     1 |     0 |  2629 |     - |    38M |   0 |1250 |1388 |2445 | 106 | 11 |   0 |   0 | 0.000000e+00 |      --      |    Inf | unknown
  2.0s|     1 |     0 |  2773 |     - |    38M |   0 |1250 |1388 |2445 | 106 | 11 |  10 |  24 | 0.000000e+00 |      --      |    Inf | unknown
  2.0s|     1 |     0 |  2802 |     - |    38M |   0 |1250 |1388 |2451 | 112 | 12 |  10 |  24 | 0.000000e+00 |      --      |    Inf | unknown
  2.0s|     1 |     0 |  2828 |     - |    38M |   0 |1250 |1388 |2456 | 117 | 13 |  10 |  24 | 0.000000e+00 |      --      |    Inf | unknown
 time | node  | left  |LP iter|LP it/n|mem/heur|mdpt |vars |cons |rows |cuts |sepa|confs|strbr|  dualbound   | primalbound  |  gap   | compl. 
  3.0s|     1 |     0 |  2971 |     - |    78M |   0 |1250 |1388 |2576 | 237 | 14 |  10 |  24 | 0.000000e+00 |      --      |    Inf | unknown
  3.0s|     1 |     0 |  3012 |     - |    78M |   0 |1250 |1388 |2587 | 248 | 15 |  10 |  24 | 0.000000e+00 |      --      |    Inf | unknown
  3.0s|     1 |     0 |  3033 |     - |    78M |   0 |1250 |1388 |2530 | 254 | 16 |  10 |  24 | 0.000000e+00 |      --      |    Inf | unknown
  3.0s|     1 |     0 |  3079 |     - |    78M |   0 |1250 |1388 |2530 | 254 | 17 |  12 |  25 | 0.000000e+00 |      --      |    Inf | unknown
  3.0s|     1 |     0 |  3118 |     - |    79M |   0 |1250 |1388 |2536 | 260 | 18 |  12 |  25 | 0.000000e+00 |      --      |    Inf | unknown
  3.0s|     1 |     0 |  3145 |     - |    79M |   0 |1250 |1388 |2541 | 265 | 19 |  12 |  25 | 0.000000e+00 |      --      |    Inf | unknown
  3.0s|     1 |     0 |  3181 |     - |    79M |   0 |1250 |1388 |2545 | 269 | 20 |  12 |  25 | 0.000000e+00 |      --      |    Inf | unknown
  3.0s|     1 |     0 |  3212 |     - |    79M |   0 |1250 |1388 |2548 | 272 | 21 |  12 |  25 | 0.000000e+00 |      --      |    Inf | unknown
  4.0s|     1 |     0 |  3217 |     - |    80M |   0 |1250 |1388 |2533 | 275 | 22 |  12 |  25 | 0.000000e+00 |      --      |    Inf | unknown
  4.0s|     1 |     0 |  3372 |     - |    80M |   0 |1250 |1388 |2533 | 275 | 23 |  18 |  38 | 0.000000e+00 |      --      |    Inf | unknown
  4.0s|     1 |     0 |  3413 |     - |    80M |   0 |1250 |1388 |2538 | 280 | 24 |  18 |  38 | 0.000000e+00 |      --      |    Inf | unknown
  4.0s|     1 |     0 |  3446 |     - |    80M |   0 |1250 |1388 |2542 | 284 | 25 |  18 |  38 | 0.000000e+00 |      --      |    Inf | unknown
  4.0s|     1 |     0 |  3465 |     - |    80M |   0 |1250 |1388 |2545 | 287 | 26 |  18 |  38 | 0.000000e+00 |      --      |    Inf | unknown
  4.0s|     1 |     0 |  3490 |     - |    80M |   0 |1250 |1388 |2551 | 293 | 27 |  18 |  38 | 0.000000e+00 |      --      |    Inf | unknown
  5.0s|     1 |     0 |  3523 |     - |    81M |   0 |1250 |1388 |2416 | 296 | 28 |  18 |  38 | 0.000000e+00 |      --      |    Inf | unknown
 time | node  | left  |LP iter|LP it/n|mem/heur|mdpt |vars |cons |rows |cuts |sepa|confs|strbr|  dualbound   | primalbound  |  gap   | compl. 
  5.0s|     1 |     0 |  3686 |     - |    81M |   0 |1250 |1391 |2416 | 296 | 29 | 798 |  44 |    cutoff    |      --      |   0.00%| unknown

SCIP Status        : problem is solved [infeasible]
Solving Time (sec) : 5.00
Solving Nodes      : 1
Primal Bound       : +1.00000000000000e+20 (0 solutions)
Dual Bound         : +1.00000000000000e+20
Gap                : 0.00 %


no solution available

SCIP> 