SCIP version 10.0.1 [precision: 8 byte] [memory: block] [mode: optimized] [LP solver: SoPlex 8.0.1] [GitHash: 76a50c97d6]
Copyright (c) 2002-2026 Zuse Institute Berlin (ZIB)

External libraries: 
  SoPlex 8.0.1         Linear programming solver developed at Zuse Institute Berlin (soplex.zib.de) [GitHash: c69290aa]
  CppAD 20180000.0     Algorithmic Differentiation of C++ algorithms developed by B. Bell (github.com/coin-or/CppAD)
  ZLIB 1.3.1           General purpose compression library by J. Gailly and M. Adler (zlib.net)
  MPFR 4.2.2           GNU Multiple Precision Floating-Point Reliable Library (mpfr.org)
  Boost 1.89.0         Boost C++ Libraries (boost.org)
  TinyCThread 1.2      small portable implementation of the C11 threads API (tinycthread.github.io)
  GMP 6.3.0            GNU Multiple Precision Arithmetic Library developed by T. Granlund (gmplib.org)
  ZIMPL 3.7.0          Zuse Institute Mathematical Programming Language developed by T. Koch (zimpl.zib.de)
  AMPL/MP 4.0.4        AMPL .nl file reader library (github.com/ampl/mp)
  PaPILO 3.0.0         parallel presolve for integer and linear optimization (github.com/scipopt/papilo) (built with TBB) [GitHash: 4cbdc327]
  Nauty 2.8.8          Computing Graph Automorphism Groups by Brendan D. McKay (users.cecs.anu.edu.au/~bdm/nauty)
  sassy 2.0            Symmetry preprocessor by Markus Anders (github.com/markusa4/sassy)
  Ipopt 3.14.19        Interior Point Optimizer developed by A. Waechter et.al. (github.com/coin-or/Ipopt)

user parameter file <scip.set> not found - using default parameters


read problem <N20_R9_K3_4_23_split_23_fix4A_0_fixrestB_wo_lem_str4_v9.lp>
============

original problem has 1457 variables (1436 bin, 21 int, 0 cont) and 5165 constraints

presolving:
(round 1, fast)       307 del vars, 1329 del conss, 0 add conss, 335 chg bounds, 106 chg sides, 212 chg coeffs, 0 upgd conss, 0 impls, 2560 clqs, 0 implints
(round 2, fast)       307 del vars, 1366 del conss, 0 add conss, 347 chg bounds, 207 chg sides, 414 chg coeffs, 0 upgd conss, 0 impls, 2560 clqs, 0 implints
(round 3, fast)       307 del vars, 1366 del conss, 0 add conss, 357 chg bounds, 254 chg sides, 533 chg coeffs, 0 upgd conss, 0 impls, 2560 clqs, 0 implints
(round 4, fast)       307 del vars, 1366 del conss, 0 add conss, 365 chg bounds, 290 chg sides, 619 chg coeffs, 0 upgd conss, 0 impls, 2560 clqs, 0 implints
(round 5, fast)       307 del vars, 1366 del conss, 0 add conss, 370 chg bounds, 317 chg sides, 682 chg coeffs, 0 upgd conss, 0 impls, 2560 clqs, 0 implints
(round 6, fast)       307 del vars, 1366 del conss, 0 add conss, 373 chg bounds, 335 chg sides, 730 chg coeffs, 0 upgd conss, 0 impls, 2560 clqs, 0 implints
(round 7, fast)       307 del vars, 1366 del conss, 0 add conss, 374 chg bounds, 344 chg sides, 761 chg coeffs, 0 upgd conss, 0 impls, 2560 clqs, 0 implints
   (0.0s) running MILP presolver
   (0.0s) MILP presolver (2 rounds): 56 aggregations, 0 fixings, 0 bound changes
(round 8, medium)     363 del vars, 1366 del conss, 0 add conss, 374 chg bounds, 344 chg sides, 771 chg coeffs, 0 upgd conss, 0 impls, 2448 clqs, 0 implints
(round 9, fast)       363 del vars, 1478 del conss, 0 add conss, 374 chg bounds, 344 chg sides, 771 chg coeffs, 0 upgd conss, 0 impls, 2448 clqs, 0 implints
(round 10, exhaustive) 363 del vars, 1491 del conss, 0 add conss, 374 chg bounds, 344 chg sides, 771 chg coeffs, 0 upgd conss, 0 impls, 2448 clqs, 0 implints
(round 11, exhaustive) 363 del vars, 1491 del conss, 0 add conss, 374 chg bounds, 344 chg sides, 771 chg coeffs, 3432 upgd conss, 0 impls, 2448 clqs, 0 implints
(round 12, exhaustive) 363 del vars, 4755 del conss, 816 add conss, 374 chg bounds, 344 chg sides, 771 chg coeffs, 3432 upgd conss, 0 impls, 2448 clqs, 0 implints
(round 13, exhaustive) 363 del vars, 4755 del conss, 816 add conss, 374 chg bounds, 344 chg sides, 924 chg coeffs, 3432 upgd conss, 0 impls, 2448 clqs, 0 implints
   (0.0s) probing: 157/1075 (14.6%) - 0 fixings, 0 aggregations, 1725 implications, 0 bound changes
   (0.0s) probing aborted: 50/50 successive totally useless probings
   (0.0s) symmetry computation started: requiring (bin +, int +, cont +), (fixed: bin -, int -, cont -)
   (0.0s) no symmetry present (symcode time: 0.00)
presolving (14 rounds: 14 fast, 6 medium, 5 exhaustive):
 363 deleted vars, 4755 deleted constraints, 816 added constraints, 374 tightened bounds, 0 added holes, 344 changed sides, 924 changed coefficients
 1040 implications, 3133 cliques, 0 implied integral variables (0 bin, 0 int, 0 cont)
presolved problem has 1094 variables (1075 bin, 19 int, 0 cont) and 1226 constraints
     15 constraints of type <varbound>
    153 constraints of type <knapsack>
    816 constraints of type <and>
    242 constraints of type <linear>
transformed objective value is always integral (scale: 1)
Presolving Time: 0.00

 time | node  | left  |LP iter|LP it/n|mem/heur|mdpt |vars |cons |rows |cuts |sepa|confs|strbr|  dualbound   | primalbound  |  gap   | compl. 
  0.0s|     1 |     0 |    62 |     - |    27M |   0 |1094 |1231 |2042 |   0 |  0 |   5 |   0 |    cutoff    |      --      |   0.00%| unknown
  0.0s|     1 |     0 |    62 |     - |    27M |   0 |1094 |1231 |2042 |   0 |  0 |   5 |   0 |    cutoff    |      --      |   0.00%| unknown

SCIP Status        : problem is solved [infeasible]
Solving Time (sec) : 0.00
Solving Nodes      : 1
Primal Bound       : +1.00000000000000e+20 (0 solutions)
Dual Bound         : +1.00000000000000e+20
Gap                : 0.00 %


no solution available

SCIP> 