SCIP version 10.0.1 [precision: 8 byte] [memory: block] [mode: optimized] [LP solver: SoPlex 8.0.1] [GitHash: 76a50c97d6]
Copyright (c) 2002-2026 Zuse Institute Berlin (ZIB)

External libraries: 
  SoPlex 8.0.1         Linear programming solver developed at Zuse Institute Berlin (soplex.zib.de) [GitHash: c69290aa]
  CppAD 20180000.0     Algorithmic Differentiation of C++ algorithms developed by B. Bell (github.com/coin-or/CppAD)
  ZLIB 1.3.1           General purpose compression library by J. Gailly and M. Adler (zlib.net)
  MPFR 4.2.2           GNU Multiple Precision Floating-Point Reliable Library (mpfr.org)
  Boost 1.89.0         Boost C++ Libraries (boost.org)
  TinyCThread 1.2      small portable implementation of the C11 threads API (tinycthread.github.io)
  GMP 6.3.0            GNU Multiple Precision Arithmetic Library developed by T. Granlund (gmplib.org)
  ZIMPL 3.7.0          Zuse Institute Mathematical Programming Language developed by T. Koch (zimpl.zib.de)
  AMPL/MP 4.0.4        AMPL .nl file reader library (github.com/ampl/mp)
  PaPILO 3.0.0         parallel presolve for integer and linear optimization (github.com/scipopt/papilo) (built with TBB) [GitHash: 4cbdc327]
  Nauty 2.8.8          Computing Graph Automorphism Groups by Brendan D. McKay (users.cecs.anu.edu.au/~bdm/nauty)
  sassy 2.0            Symmetry preprocessor by Markus Anders (github.com/markusa4/sassy)
  Ipopt 3.14.19        Interior Point Optimizer developed by A. Waechter et.al. (github.com/coin-or/Ipopt)

user parameter file <scip.set> not found - using default parameters

SCIP> read N20_R9_K3_0_28_split_28_wo_lem_str4_v8.lp

read problem <N20_R9_K3_0_28_split_28_wo_lem_str4_v8.lp>
============

original problem has 1441 variables (1420 bin, 21 int, 0 cont) and 5100 constraints
SCIP> optimize

presolving:
(round 1, fast)       155 del vars, 722 del conss, 0 add conss, 172 chg bounds, 90 chg sides, 180 chg coeffs, 0 upgd conss, 0 impls, 2979 clqs, 0 implints
(round 2, fast)       155 del vars, 732 del conss, 0 add conss, 174 chg bounds, 172 chg sides, 343 chg coeffs, 0 upgd conss, 0 impls, 2979 clqs, 0 implints
(round 3, fast)       155 del vars, 732 del conss, 0 add conss, 175 chg bounds, 182 chg sides, 353 chg coeffs, 0 upgd conss, 0 impls, 2979 clqs, 0 implints
(round 4, fast)       155 del vars, 732 del conss, 0 add conss, 176 chg bounds, 192 chg sides, 363 chg coeffs, 0 upgd conss, 0 impls, 2979 clqs, 0 implints
(round 5, fast)       155 del vars, 732 del conss, 0 add conss, 177 chg bounds, 201 chg sides, 372 chg coeffs, 0 upgd conss, 0 impls, 2979 clqs, 0 implints
(round 6, fast)       155 del vars, 732 del conss, 0 add conss, 178 chg bounds, 211 chg sides, 382 chg coeffs, 0 upgd conss, 0 impls, 2979 clqs, 0 implints
(round 7, fast)       155 del vars, 732 del conss, 0 add conss, 179 chg bounds, 220 chg sides, 391 chg coeffs, 0 upgd conss, 0 impls, 2979 clqs, 0 implints
(round 8, fast)       155 del vars, 732 del conss, 0 add conss, 180 chg bounds, 229 chg sides, 400 chg coeffs, 0 upgd conss, 0 impls, 2979 clqs, 0 implints
(round 9, fast)       155 del vars, 732 del conss, 0 add conss, 180 chg bounds, 236 chg sides, 407 chg coeffs, 0 upgd conss, 0 impls, 2979 clqs, 0 implints
   (0.0s) running MILP presolver
   (0.0s) MILP presolver (10 rounds): 36 aggregations, 0 fixings, 8 bound changes
(round 10, medium)     191 del vars, 732 del conss, 0 add conss, 188 chg bounds, 236 chg sides, 407 chg coeffs, 0 upgd conss, 0 impls, 2907 clqs, 0 implints
(round 11, fast)       191 del vars, 804 del conss, 0 add conss, 188 chg bounds, 236 chg sides, 487 chg coeffs, 0 upgd conss, 0 impls, 2907 clqs, 0 implints
(round 12, exhaustive) 191 del vars, 805 del conss, 0 add conss, 188 chg bounds, 236 chg sides, 487 chg coeffs, 4073 upgd conss, 0 impls, 2907 clqs, 0 implints
(round 13, exhaustive) 191 del vars, 4681 del conss, 969 add conss, 188 chg bounds, 236 chg sides, 487 chg coeffs, 4073 upgd conss, 0 impls, 2907 clqs, 0 implints
(round 14, exhaustive) 191 del vars, 4681 del conss, 969 add conss, 188 chg bounds, 236 chg sides, 658 chg coeffs, 4073 upgd conss, 0 impls, 2907 clqs, 0 implints
   (0.0s) probing: 1000/1230 (81.3%) - 0 fixings, 0 aggregations, 5158 implications, 0 bound changes
   (0.0s) probing: 1001/1230 (81.4%) - 0 fixings, 0 aggregations, 5158 implications, 0 bound changes
   (0.0s) probing aborted: 1000/1000 successive useless probings
   (0.0s) symmetry computation started: requiring (bin +, int +, cont +), (fixed: bin -, int -, cont -)
   (0.0s) no symmetry present (symcode time: 0.00)
presolving (15 rounds: 15 fast, 5 medium, 4 exhaustive):
 191 deleted vars, 4681 deleted constraints, 969 added constraints, 188 tightened bounds, 0 added holes, 236 changed sides, 658 changed coefficients
 4800 implications, 3265 cliques, 0 implied integral variables (0 bin, 0 int, 0 cont)
presolved problem has 1250 variables (1230 bin, 20 int, 0 cont) and 1388 constraints
     17 constraints of type <varbound>
    171 constraints of type <knapsack>
    969 constraints of type <and>
    222 constraints of type <linear>
      9 constraints of type <logicor>
transformed objective value is always integral (scale: 1)
Presolving Time: 0.00

 time | node  | left  |LP iter|LP it/n|mem/heur|mdpt |vars |cons |rows |cuts |sepa|confs|strbr|  dualbound   | primalbound  |  gap   | compl. 
  0.0s|     1 |     0 |  2346 |     - |    29M |   0 |1250 |1438 |2357 |   0 |  0 |  50 |   0 | 0.000000e+00 |      --      |    Inf | unknown
  0.0s|     1 |     0 |  7509 |     - |    30M |   0 |1250 |1457 |2375 |  18 |  1 |  69 |   0 | 0.000000e+00 |      --      |    Inf | unknown
  1.0s|     1 |     0 |  7543 |     - |    31M |   0 |1250 |1458 |2390 |  33 |  2 |  70 |   0 | 0.000000e+00 |      --      |    Inf | unknown
  1.0s|     1 |     0 |  7575 |     - |    32M |   0 |1250 |1458 |2395 |  38 |  3 |  70 |   0 | 0.000000e+00 |      --      |    Inf | unknown
  1.0s|     1 |     0 |  7587 |     - |    32M |   0 |1250 |1458 |2398 |  41 |  4 |  70 |   0 | 0.000000e+00 |      --      |    Inf | unknown
  1.0s|     1 |     0 |  7604 |     - |    32M |   0 |1250 |1459 |2403 |  46 |  5 |  71 |   0 | 0.000000e+00 |      --      |    Inf | unknown
  1.0s|     1 |     0 |  7614 |     - |    33M |   0 |1250 |1459 |2405 |  48 |  6 |  71 |   0 | 0.000000e+00 |      --      |    Inf | unknown
  1.0s|     1 |     0 |  7621 |     - |    33M |   0 |1250 |1459 |2407 |  50 |  7 |  71 |   0 | 0.000000e+00 |      --      |    Inf | unknown
  1.0s|     1 |     0 |  7635 |     - |    33M |   0 |1250 |1459 |2411 |  54 |  8 |  71 |   0 | 0.000000e+00 |      --      |    Inf | unknown
  1.0s|     1 |     0 |  7645 |     - |    33M |   0 |1250 |1460 |2416 |  59 |  9 |  72 |   0 | 0.000000e+00 |      --      |    Inf | unknown
  1.0s|     1 |     0 |  7648 |     - |    34M |   0 |1250 |1461 |2419 |  62 | 10 |  73 |   0 | 0.000000e+00 |      --      |    Inf | unknown
  1.0s|     1 |     0 |  7661 |     - |    34M |   0 |1250 |1462 |2421 |  64 | 11 |  74 |   0 | 0.000000e+00 |      --      |    Inf | unknown
  1.0s|     1 |     2 |  8693 |     - |    34M |   0 |1250 |1467 |2421 |  64 | 11 |  79 |  15 | 0.000000e+00 |      --      |    Inf | unknown
  4.0s|   100 |    22 | 23666 | 161.7 |    35M |  27 |1250 |1572 |2574 | 406 |  2 | 185 |  15 | 0.000000e+00 |      --      |    Inf | unknown
  6.0s|   200 |    38 | 44012 | 182.7 |    38M |  27 |1250 |1668 |2460 |1062 |  2 | 293 |  15 | 0.000000e+00 |      --      |    Inf | unknown
 time | node  | left  |LP iter|LP it/n|mem/heur|mdpt |vars |cons |rows |cuts |sepa|confs|strbr|  dualbound   | primalbound  |  gap   | compl. 
  8.0s|   300 |    40 | 59891 | 174.7 |    39M |  27 |1250 |1773 |2430 |1420 |  2 | 398 |  15 | 0.000000e+00 |      --      |    Inf |   0.88%
 12.0s|   400 |    63 | 89001 | 203.9 |    43M |  27 |1250 |1930 |2459 |2088 |  2 | 555 |  15 | 0.000000e+00 |      --      |    Inf |   1.19%
 15.0s|   500 |   124 |109331 | 203.7 |    49M |  27 |1250 |2048 |2517 |2786 |  2 | 674 |  15 | 0.000000e+00 |      --      |    Inf |   1.48%
 17.0s|   600 |   138 |124713 | 195.4 |    51M |  27 |1250 |2120 |2490 |3254 |  0 | 747 |  15 | 0.000000e+00 |      --      |    Inf |   5.04%
 20.0s|   700 |   165 |145555 | 197.3 |    53M |  27 |1250 |2218 |2648 |3886 |  0 | 845 |  15 | 0.000000e+00 |      --      |    Inf |   5.60%
 23.0s|   800 |   197 |167284 | 199.8 |    57M |  27 |1250 |2280 |2643 |4773 |  2 | 914 |  15 | 0.000000e+00 |      --      |    Inf |   8.80%
 25.0s|   900 |   205 |182374 | 194.3 |    58M |  27 |1250 |2345 |2584 |5374 |  0 | 987 |  15 | 0.000000e+00 |      --      |    Inf |  13.66%
 29.0s|  1000 |   234 |201745 | 194.3 |    61M |  27 |1250 |2437 |2686 |6188 |  2 |1081 |  15 | 0.000000e+00 |      --      |    Inf |  15.63%
 31.0s|  1100 |   232 |217279 | 190.7 |    63M |  27 |1250 |2534 |2446 |6757 |  2 |1191 |  15 | 0.000000e+00 |      --      |    Inf |  17.74%
 33.0s|  1200 |   242 |232607 | 187.6 |    67M |  27 |1250 |2593 |2611 |7461 |  2 |1280 |  15 | 0.000000e+00 |      --      |    Inf |  18.29%
 35.0s|  1300 |   253 |247173 | 184.4 |    68M |  27 |1250 |2660 |2568 |7972 |  1 |1376 |  15 | 0.000000e+00 |      --      |    Inf |  20.98%
 39.0s|  1400 |   273 |275179 | 191.2 |    68M |  27 |1250 |2718 |2644 |8583 |  2 |1467 |  15 | 0.000000e+00 |      --      |    Inf |  23.33%
 40.0s|  1500 |   279 |287314 | 186.6 |    68M |  27 |1250 |2790 |2686 |8882 |  0 |1545 |  15 | 0.000000e+00 |      --      |    Inf |  23.36%
 42.0s|  1600 |   287 |303834 | 185.2 |    69M |  27 |1250 |2820 |2520 |9534 |  0 |1630 |  15 | 0.000000e+00 |      --      |    Inf |  24.02%
 44.0s|  1700 |   285 |320370 | 184.1 |    70M |  27 |1250 |2890 |2795 |9914 |  0 |1774 |  15 | 0.000000e+00 |      --      |    Inf |  24.84%
 time | node  | left  |LP iter|LP it/n|mem/heur|mdpt |vars |cons |rows |cuts |sepa|confs|strbr|  dualbound   | primalbound  |  gap   | compl. 
 46.0s|  1800 |   288 |336905 | 183.0 |    71M |  27 |1250 |2903 |2838 |  10k|  1 |1896 |  15 | 0.000000e+00 |      --      |    Inf |  33.55%
 48.0s|  1900 |   304 |351401 | 181.0 |    72M |  27 |1250 |2918 |2664 |  10k|  2 |1966 |  15 | 0.000000e+00 |      --      |    Inf |  36.71%
 50.0s|  2000 |   315 |364921 | 178.7 |    72M |  27 |1250 |2942 |2661 |  11k|  0 |2073 |  15 | 0.000000e+00 |      --      |    Inf |  37.88%
 52.0s|  2100 |   344 |378387 | 176.6 |    73M |  27 |1250 |2920 |2602 |  11k|  1 |2145 |  15 | 0.000000e+00 |      --      |    Inf |  38.37%
 54.0s|  2200 |   364 |392007 | 174.8 |    74M |  27 |1250 |2923 |2450 |  12k|  2 |2217 |  15 | 0.000000e+00 |      --      |    Inf |  39.17%
 56.0s|  2300 |   387 |406930 | 173.7 |    77M |  27 |1250 |2887 |2498 |  12k|  2 |2296 |  15 | 0.000000e+00 |      --      |    Inf |  43.26%
 58.0s|  2400 |   409 |421693 | 172.6 |    79M |  27 |1250 |2815 |2612 |  13k|  0 |2379 |  15 | 0.000000e+00 |      --      |    Inf |  43.92%
 60.0s|  2500 |   409 |438412 | 172.4 |    80M |  27 |1250 |2894 |2609 |  13k|  0 |2521 |  15 | 0.000000e+00 |      --      |    Inf |  46.64%
 62.0s|  2600 |   433 |452533 | 171.2 |    83M |  27 |1250 |2832 |2508 |  14k|  2 |2599 |  15 | 0.000000e+00 |      --      |    Inf |  47.46%
 64.0s|  2700 |   451 |468345 | 170.7 |    84M |  27 |1250 |2799 |2551 |  15k|  2 |2699 |  15 | 0.000000e+00 |      --      |    Inf |  48.24%
 66.0s|  2800 |   455 |484874 | 170.5 |    85M |  27 |1250 |2771 |2689 |  15k|  2 |2796 |  15 | 0.000000e+00 |      --      |    Inf |  48.51%
 68.0s|  2900 |   487 |502554 | 170.7 |    86M |  27 |1250 |2788 |2522 |  16k|  0 |2898 |  15 | 0.000000e+00 |      --      |    Inf |  49.24%
 70.0s|  3000 |   520 |517297 | 169.9 |    86M |  27 |1250 |2769 |2708 |  16k|  2 |2971 |  15 | 0.000000e+00 |      --      |    Inf |  49.51%
 72.0s|  3100 |   524 |527375 | 167.7 |    87M |  27 |1250 |2781 |2531 |  17k|  2 |3055 |  15 | 0.000000e+00 |      --      |    Inf |  50.27%
 73.0s|  3200 |   531 |540899 | 166.7 |    88M |  27 |1250 |2827 |3018 |  17k|  2 |3150 |  15 | 0.000000e+00 |      --      |    Inf |  50.36%
 time | node  | left  |LP iter|LP it/n|mem/heur|mdpt |vars |cons |rows |cuts |sepa|confs|strbr|  dualbound   | primalbound  |  gap   | compl. 
 75.0s|  3300 |   529 |553079 | 165.3 |    88M |  27 |1250 |2905 |2504 |  17k|  0 |3275 |  15 | 0.000000e+00 |      --      |    Inf |  50.67%
 77.0s|  3400 |   535 |568496 | 165.0 |    89M |  27 |1250 |2943 |2566 |  18k|  2 |3379 |  15 | 0.000000e+00 |      --      |    Inf |  50.98%
 79.0s|  3500 |   539 |585383 | 165.1 |    90M |  27 |1250 |2998 |2691 |  18k|  2 |3505 |  15 | 0.000000e+00 |      --      |    Inf |  51.54%
 81.0s|  3600 |   541 |602594 | 165.3 |    91M |  27 |1250 |3059 |2485 |  19k|  2 |3641 |  15 | 0.000000e+00 |      --      |    Inf |  51.94%
 84.0s|  3700 |   549 |616958 | 164.7 |    91M |  27 |1250 |3085 |2972 |  19k|  2 |3750 |  15 | 0.000000e+00 |      --      |    Inf |  52.93%
 86.0s|  3800 |   546 |633896 | 164.8 |    92M |  27 |1250 |3038 |2662 |  20k|  0 |3926 |  15 | 0.000000e+00 |      --      |    Inf |  53.33%
 88.0s|  3900 |   566 |653415 | 165.6 |    93M |  27 |1250 |2873 |2576 |  20k|  2 |4025 |  15 | 0.000000e+00 |      --      |    Inf |  54.44%
 91.0s|  4000 |   563 |670889 | 165.8 |    94M |  27 |1250 |2773 |2590 |  21k|  2 |4134 |  15 | 0.000000e+00 |      --      |    Inf |  55.93%
 93.0s|  4100 |   559 |684907 | 165.2 |    96M |  27 |1250 |2748 |2528 |  21k|  0 |4260 |  15 | 0.000000e+00 |      --      |    Inf |  57.64%
 95.0s|  4200 |   545 |700670 | 165.0 |    96M |  27 |1250 |2761 |2588 |  22k|  2 |4383 |  15 | 0.000000e+00 |      --      |    Inf |  59.20%
 96.0s|  4300 |   570 |715466 | 164.6 |    96M |  27 |1250 |2809 |2704 |  22k|  2 |4482 |  15 | 0.000000e+00 |      --      |    Inf |  59.58%
 98.0s|  4400 |   571 |732642 | 164.8 |    97M |  27 |1250 |2847 |2882 |  23k|  0 |4636 |  15 | 0.000000e+00 |      --      |    Inf |  60.62%
  101s|  4500 |   580 |749188 | 164.8 |    98M |  27 |1250 |2873 |2657 |  23k|  2 |4736 |  15 | 0.000000e+00 |      --      |    Inf |  61.35%
  103s|  4600 |   580 |764105 | 164.5 |    99M |  27 |1250 |2890 |2736 |  24k|  2 |4838 |  15 | 0.000000e+00 |      --      |    Inf |  63.28%
  105s|  4700 |   588 |786502 | 165.7 |   101M |  27 |1250 |2930 |2881 |  24k|  2 |4963 |  15 | 0.000000e+00 |      --      |    Inf |  63.79%
 time | node  | left  |LP iter|LP it/n|mem/heur|mdpt |vars |cons |rows |cuts |sepa|confs|strbr|  dualbound   | primalbound  |  gap   | compl. 
  107s|  4800 |   604 |803303 | 165.8 |   102M |  27 |1250 |2976 |2560 |  25k|  0 |5064 |  15 | 0.000000e+00 |      --      |    Inf |  63.94%
  109s|  4900 |   621 |818253 | 165.5 |   102M |  27 |1250 |2997 |2644 |  25k|  1 |5163 |  15 | 0.000000e+00 |      --      |    Inf |  65.65%
  111s|  5000 |   628 |835292 | 165.6 |   103M |  27 |1250 |3052 |2939 |  26k|  0 |5274 |  15 | 0.000000e+00 |      --      |    Inf |  65.94%
  113s|  5100 |   623 |853833 | 165.9 |   104M |  27 |1250 |3097 |2546 |  26k|  0 |5395 |  15 | 0.000000e+00 |      --      |    Inf |  69.05%
  115s|  5200 |   617 |868018 | 165.5 |   105M |  27 |1250 |3157 |2546 |  26k|  0 |5532 |  15 | 0.000000e+00 |      --      |    Inf |  69.44%
  116s|  5300 |   620 |884385 | 165.5 |   106M |  27 |1250 |3209 |2863 |  27k|  0 |5651 |  15 | 0.000000e+00 |      --      |    Inf |  69.94%
  118s|  5400 |   622 |902395 | 165.7 |   107M |  27 |1250 |3231 |2912 |  27k|  2 |5743 |  15 | 0.000000e+00 |      --      |    Inf |  71.19%
  120s|  5500 |   603 |919829 | 165.9 |   107M |  27 |1250 |3303 |2676 |  27k|  0 |5876 |  15 | 0.000000e+00 |      --      |    Inf |  71.78%
  122s|  5600 |   590 |936842 | 166.0 |   108M |  30 |1250 |3409 |3101 |  27k|  0 |6022 |  15 | 0.000000e+00 |      --      |    Inf |  71.99%
  124s|  5700 |   591 |952775 | 165.8 |   109M |  30 |1250 |3387 |2565 |  28k|  0 |6116 |  15 | 0.000000e+00 |      --      |    Inf |  72.39%
  126s|  5800 |   592 |970387 | 166.0 |   109M |  30 |1250 |3410 |2960 |  28k|  0 |6205 |  15 | 0.000000e+00 |      --      |    Inf |  72.65%
  128s|  5900 |   584 |988966 | 166.4 |   109M |  30 |1250 |3471 |2540 |  29k|  2 |6330 |  15 | 0.000000e+00 |      --      |    Inf |  73.45%
  129s|  6000 |   579 |  1001k| 165.6 |   109M |  30 |1250 |3519 |2662 |  29k|  0 |6445 |  15 | 0.000000e+00 |      --      |    Inf |  73.67%
  131s|  6100 |   572 |  1018k| 165.8 |   109M |  30 |1250 |3604 |2594 |  29k|  2 |6571 |  15 | 0.000000e+00 |      --      |    Inf |  73.80%
  133s|  6200 |   572 |  1035k| 165.7 |   110M |  30 |1250 |3674 |2860 |  29k|  2 |6684 |  15 | 0.000000e+00 |      --      |    Inf |  73.86%
 time | node  | left  |LP iter|LP it/n|mem/heur|mdpt |vars |cons |rows |cuts |sepa|confs|strbr|  dualbound   | primalbound  |  gap   | compl. 
  135s|  6300 |   556 |  1051k| 165.8 |   110M |  30 |1250 |3754 |2490 |  30k|  2 |6827 |  15 | 0.000000e+00 |      --      |    Inf |  74.25%
  137s|  6400 |   555 |  1072k| 166.4 |   110M |  30 |1250 |3789 |2736 |  30k|  2 |6945 |  15 | 0.000000e+00 |      --      |    Inf |  74.80%
  139s|  6500 |   538 |  1089k| 166.5 |   111M |  30 |1250 |3826 |2715 |  30k|  1 |7082 |  15 | 0.000000e+00 |      --      |    Inf |  75.23%
  141s|  6600 |   530 |  1105k| 166.3 |   111M |  30 |1250 |3880 |2917 |  31k|  0 |7205 |  15 | 0.000000e+00 |      --      |    Inf |  75.47%
  143s|  6700 |   526 |  1124k| 166.7 |   111M |  30 |1250 |3928 |2605 |  31k|  2 |7320 |  15 | 0.000000e+00 |      --      |    Inf |  75.75%
  146s|  6800 |   515 |  1147k| 167.7 |   112M |  30 |1250 |3957 |2603 |  31k|  2 |7458 |  15 | 0.000000e+00 |      --      |    Inf |  76.38%
  147s|  6900 |   520 |  1160k| 167.1 |   113M |  30 |1250 |4006 |2611 |  32k|  2 |7550 |  15 | 0.000000e+00 |      --      |    Inf |  76.45%
  149s|  7000 |   517 |  1175k| 166.8 |   113M |  30 |1250 |4007 |2595 |  32k|  2 |7658 |  15 | 0.000000e+00 |      --      |    Inf |  77.15%
  151s|  7100 |   518 |  1193k| 167.0 |   113M |  30 |1250 |4044 |2607 |  32k|  2 |7774 |  15 | 0.000000e+00 |      --      |    Inf |  77.43%
  155s|  7200 |   517 |  1241k| 171.4 |   114M |  30 |1250 |4084 |2590 |  33k|  2 |7888 |  15 | 0.000000e+00 |      --      |    Inf |  77.63%
  159s|  7300 |   524 |  1281k| 174.5 |   114M |  30 |1250 |3996 |2875 |  34k|  2 |8050 |  15 | 0.000000e+00 |      --      |    Inf |  77.74%
  163s|  7400 |   519 |  1330k| 178.8 |   114M |  30 |1250 |3854 |2524 |  35k|  0 |8198 |  15 | 0.000000e+00 |      --      |    Inf |  77.84%
  168s|  7500 |   523 |  1381k| 183.2 |   114M |  30 |1250 |3805 |2927 |  36k|  0 |8325 |  15 | 0.000000e+00 |      --      |    Inf |  77.93%
  171s|  7600 |   519 |  1420k| 186.0 |   115M |  30 |1250 |3675 |3163 |  37k|  2 |8432 |  15 | 0.000000e+00 |      --      |    Inf |  78.44%
  174s|  7700 |   526 |  1450k| 187.5 |   115M |  30 |1250 |3694 |3222 |  38k|  1 |8538 |  15 | 0.000000e+00 |      --      |    Inf |  78.52%
 time | node  | left  |LP iter|LP it/n|mem/heur|mdpt |vars |cons |rows |cuts |sepa|confs|strbr|  dualbound   | primalbound  |  gap   | compl. 
  176s|  7800 |   519 |  1477k| 188.4 |   115M |  30 |1250 |3583 |2726 |  38k|  2 |8672 |  15 | 0.000000e+00 |      --      |    Inf |  79.92%
  178s|  7900 |   521 |  1494k| 188.2 |   115M |  30 |1250 |3611 |   0 |  38k|  0 |8773 |  15 | 0.000000e+00 |      --      |    Inf |  80.59%
  180s|  8000 |   514 |  1508k| 187.7 |   116M |  30 |1250 |3620 |2677 |  39k|  0 |8891 |  15 | 0.000000e+00 |      --      |    Inf |  81.00%
  182s|  8100 |   520 |  1527k| 187.6 |   116M |  30 |1250 |3689 |2532 |  39k|  2 |9034 |  15 | 0.000000e+00 |      --      |    Inf |  82.10%
  183s|  8200 |   521 |  1543k| 187.4 |   116M |  30 |1250 |3773 |2693 |  39k|  2 |9167 |  15 | 0.000000e+00 |      --      |    Inf |  82.22%
  185s|  8300 |   520 |  1562k| 187.4 |   116M |  30 |1250 |3846 |2605 |  40k|  2 |9320 |  15 | 0.000000e+00 |      --      |    Inf |  82.33%
  187s|  8400 |   535 |  1583k| 187.6 |   117M |  30 |1250 |3880 |2586 |  40k|  2 |9438 |  15 | 0.000000e+00 |      --      |    Inf |  82.68%
  189s|  8500 |   540 |  1599k| 187.3 |   117M |  30 |1250 |3949 |2937 |  41k|  0 |9568 |  15 | 0.000000e+00 |      --      |    Inf |  82.93%
  191s|  8600 |   546 |  1619k| 187.5 |   118M |  30 |1250 |3841 |2992 |  41k|  0 |9691 |  15 | 0.000000e+00 |      --      |    Inf |  83.04%
  193s|  8700 |   555 |  1637k| 187.3 |   118M |  30 |1250 |3800 |   0 |  41k|  0 |9831 |  15 | 0.000000e+00 |      --      |    Inf |  83.12%
  195s|  8800 |   559 |  1654k| 187.1 |   118M |  30 |1250 |3814 |3187 |  42k|  0 |9954 |  15 | 0.000000e+00 |      --      |    Inf |  83.18%
  196s|  8900 |   547 |  1670k| 186.8 |   118M |  30 |1250 |3798 |2646 |  42k|  0 |  10k|  15 | 0.000000e+00 |      --      |    Inf |  83.27%
  198s|  9000 |   545 |  1687k| 186.6 |   119M |  30 |1250 |3852 |2545 |  42k|  2 |  10k|  15 | 0.000000e+00 |      --      |    Inf |  83.39%
  200s|  9100 |   545 |  1707k| 186.8 |   119M |  30 |1250 |3971 |2715 |  43k|  2 |  10k|  15 | 0.000000e+00 |      --      |    Inf |  83.45%
  202s|  9200 |   542 |  1727k| 186.9 |   119M |  30 |1250 |4051 |2919 |  43k|  2 |  10k|  15 | 0.000000e+00 |      --      |    Inf |  83.57%
 time | node  | left  |LP iter|LP it/n|mem/heur|mdpt |vars |cons |rows |cuts |sepa|confs|strbr|  dualbound   | primalbound  |  gap   | compl. 
  203s|  9300 |   548 |  1747k| 187.1 |   119M |  30 |1250 |4175 |2734 |  43k|  2 |  10k|  15 | 0.000000e+00 |      --      |    Inf |  83.58%
  205s|  9400 |   541 |  1765k| 187.0 |   119M |  30 |1250 |4282 |2680 |  44k|  0 |  10k|  15 | 0.000000e+00 |      --      |    Inf |  83.90%
  207s|  9500 |   539 |  1785k| 187.1 |   119M |  30 |1250 |4388 |2879 |  44k|  2 |  11k|  15 | 0.000000e+00 |      --      |    Inf |  83.90%
  209s|  9600 |   538 |  1804k| 187.2 |   119M |  30 |1250 |4481 |2842 |  44k|  2 |  11k|  15 | 0.000000e+00 |      --      |    Inf |  84.40%
  211s|  9700 |   535 |  1825k| 187.4 |   119M |  30 |1250 |4575 |3018 |  44k|  0 |  11k|  15 | 0.000000e+00 |      --      |    Inf |  84.86%
  213s|  9800 |   540 |  1845k| 187.5 |   119M |  30 |1250 |4648 |3323 |  44k|  0 |  11k|  15 | 0.000000e+00 |      --      |    Inf |  84.86%
  215s|  9900 |   528 |  1863k| 187.5 |   119M |  30 |1250 |4689 |2916 |  45k|  2 |  11k|  15 | 0.000000e+00 |      --      |    Inf |  85.11%
  216s| 10000 |   554 |  1877k| 187.0 |   119M |  30 |1250 |4698 |   0 |  45k|  0 |  11k|  15 | 0.000000e+00 |      --      |    Inf |  85.15%
  219s| 10100 |   548 |  1900k| 187.4 |   119M |  30 |1250 |4836 |2677 |  46k|  2 |  11k|  15 | 0.000000e+00 |      --      |    Inf |  85.16%
  221s| 10200 |   557 |  1919k| 187.5 |   119M |  30 |1250 |5004 |2646 |  46k|  0 |  12k|  15 | 0.000000e+00 |      --      |    Inf |  85.17%
  223s| 10300 |   562 |  1943k| 188.0 |   119M |  30 |1250 |5118 |2505 |  47k|  1 |  12k|  15 | 0.000000e+00 |      --      |    Inf |  85.27%
  225s| 10400 |   563 |  1955k| 187.3 |   119M |  30 |1250 |5119 |2624 |  47k|  2 |  12k|  15 | 0.000000e+00 |      --      |    Inf |  85.42%
  227s| 10500 |   564 |  1974k| 187.4 |   119M |  30 |1250 |5183 |2733 |  47k|  0 |  12k|  15 | 0.000000e+00 |      --      |    Inf |  85.45%
  229s| 10600 |   548 |  1993k| 187.4 |   120M |  30 |1250 |5200 |2851 |  47k|  2 |  12k|  15 | 0.000000e+00 |      --      |    Inf |  85.81%
  232s| 10700 |   540 |  2016k| 187.8 |   121M |  30 |1250 |5230 |2862 |  48k|  0 |  12k|  15 | 0.000000e+00 |      --      |    Inf |  85.95%
 time | node  | left  |LP iter|LP it/n|mem/heur|mdpt |vars |cons |rows |cuts |sepa|confs|strbr|  dualbound   | primalbound  |  gap   | compl. 
  234s| 10800 |   540 |  2035k| 187.8 |   121M |  30 |1250 |5271 |2584 |  48k|  0 |  12k|  15 | 0.000000e+00 |      --      |    Inf |  86.06%
  236s| 10900 |   535 |  2056k| 188.0 |   121M |  30 |1250 |5260 |3017 |  48k|  0 |  12k|  15 | 0.000000e+00 |      --      |    Inf |  86.16%
  237s| 11000 |   531 |  2075k| 188.0 |   121M |  30 |1250 |5213 |2947 |  49k|  2 |  13k|  15 | 0.000000e+00 |      --      |    Inf |  86.22%
  239s| 11100 |   514 |  2098k| 188.4 |   121M |  30 |1250 |5241 |2567 |  49k|  1 |  13k|  15 | 0.000000e+00 |      --      |    Inf |  86.33%
  241s| 11200 |   509 |  2113k| 188.0 |   121M |  30 |1250 |5328 |2676 |  49k|  0 |  13k|  15 | 0.000000e+00 |      --      |    Inf |  86.42%
  242s| 11300 |   490 |  2129k| 187.8 |   121M |  30 |1250 |5382 |3312 |  50k|  0 |  13k|  15 | 0.000000e+00 |      --      |    Inf |  86.56%
  245s| 11400 |   496 |  2152k| 188.2 |   121M |  30 |1250 |5415 |2977 |  50k|  2 |  13k|  15 | 0.000000e+00 |      --      |    Inf |  86.69%
  246s| 11500 |   485 |  2171k| 188.2 |   121M |  30 |1250 |5455 |2734 |  50k|  0 |  13k|  15 | 0.000000e+00 |      --      |    Inf |  86.80%
  248s| 11600 |   479 |  2191k| 188.3 |   121M |  30 |1250 |5477 |3373 |  50k|  0 |  13k|  15 | 0.000000e+00 |      --      |    Inf |  86.93%
  250s| 11700 |   485 |  2215k| 188.7 |   121M |  30 |1250 |5581 |2993 |  50k|  1 |  14k|  15 | 0.000000e+00 |      --      |    Inf |  86.94%
  253s| 11800 |   472 |  2239k| 189.1 |   121M |  30 |1250 |5723 |   0 |  51k|  0 |  14k|  15 | 0.000000e+00 |      --      |    Inf |  87.15%
  254s| 11900 |   467 |  2254k| 188.8 |   122M |  30 |1250 |5737 |3412 |  51k|  1 |  14k|  15 | 0.000000e+00 |      --      |    Inf |  87.37%
  256s| 12000 |   461 |  2270k| 188.6 |   122M |  30 |1250 |5825 |2948 |  51k|  2 |  14k|  15 | 0.000000e+00 |      --      |    Inf |  87.43%
  258s| 12100 |   465 |  2292k| 188.8 |   122M |  30 |1250 |5928 |2972 |  51k|  2 |  14k|  15 | 0.000000e+00 |      --      |    Inf |  87.43%
  260s| 12200 |   468 |  2316k| 189.3 |   122M |  30 |1250 |5992 |2995 |  52k|  2 |  14k|  15 | 0.000000e+00 |      --      |    Inf |  87.50%
 time | node  | left  |LP iter|LP it/n|mem/heur|mdpt |vars |cons |rows |cuts |sepa|confs|strbr|  dualbound   | primalbound  |  gap   | compl. 
  263s| 12300 |   467 |  2335k| 189.3 |   122M |  30 |1250 |5948 |2866 |  52k|  0 |  14k|  15 | 0.000000e+00 |      --      |    Inf |  87.67%
  264s| 12400 |   458 |  2353k| 189.2 |   122M |  30 |1250 |5956 |2761 |  52k|  0 |  15k|  15 | 0.000000e+00 |      --      |    Inf |  87.69%
  267s| 12500 |   450 |  2379k| 189.8 |   122M |  30 |1250 |6065 |2766 |  52k|  2 |  15k|  15 | 0.000000e+00 |      --      |    Inf |  87.70%
  269s| 12600 |   439 |  2402k| 190.1 |   122M |  30 |1250 |6095 |2935 |  53k|  1 |  15k|  15 | 0.000000e+00 |      --      |    Inf |  87.76%
  271s| 12700 |   437 |  2424k| 190.3 |   122M |  30 |1250 |6145 |2969 |  53k|  1 |  15k|  15 | 0.000000e+00 |      --      |    Inf |  87.82%
  273s| 12800 |   441 |  2450k| 190.9 |   122M |  30 |1250 |6288 |2965 |  53k|  2 |  15k|  15 | 0.000000e+00 |      --      |    Inf |  87.82%
  276s| 12900 |   447 |  2476k| 191.4 |   123M |  30 |1250 |6413 |2968 |  53k|  0 |  15k|  15 | 0.000000e+00 |      --      |    Inf |  87.83%
  278s| 13000 |   445 |  2504k| 192.1 |   123M |  30 |1250 |6532 |3203 |  53k|  0 |  15k|  15 | 0.000000e+00 |      --      |    Inf |  87.83%
  281s| 13100 |   432 |  2529k| 192.5 |   123M |  30 |1250 |6593 |2697 |  54k|  2 |  16k|  15 | 0.000000e+00 |      --      |    Inf |  88.03%
  283s| 13200 |   442 |  2550k| 192.7 |   123M |  30 |1250 |6559 |2988 |  54k|  2 |  16k|  15 | 0.000000e+00 |      --      |    Inf |  88.11%
  285s| 13300 |   479 |  2568k| 192.6 |   124M |  30 |1250 |6574 |3057 |  54k|  0 |  16k|  15 | 0.000000e+00 |      --      |    Inf |  88.11%
  287s| 13400 |   473 |  2590k| 192.7 |   124M |  30 |1250 |6647 |3063 |  55k|  2 |  16k|  15 | 0.000000e+00 |      --      |    Inf |  88.11%
  289s| 13500 |   460 |  2614k| 193.1 |   124M |  30 |1250 |6679 |3159 |  55k|  2 |  16k|  15 | 0.000000e+00 |      --      |    Inf |  88.12%
  291s| 13600 |   447 |  2630k| 192.9 |   124M |  30 |1250 |6700 |2901 |  55k|  0 |  16k|  15 | 0.000000e+00 |      --      |    Inf |  88.18%
  293s| 13700 |   446 |  2647k| 192.7 |   124M |  30 |1250 |6807 |2765 |  55k|  1 |  16k|  15 | 0.000000e+00 |      --      |    Inf |  88.21%
 time | node  | left  |LP iter|LP it/n|mem/heur|mdpt |vars |cons |rows |cuts |sepa|confs|strbr|  dualbound   | primalbound  |  gap   | compl. 
  295s| 13800 |   440 |  2665k| 192.6 |   124M |  30 |1250 |6788 |3069 |  56k|  0 |  16k|  15 | 0.000000e+00 |      --      |    Inf |  88.33%
  297s| 13900 |   443 |  2684k| 192.6 |   124M |  30 |1250 |6773 |2925 |  56k|  2 |  17k|  15 | 0.000000e+00 |      --      |    Inf |  88.42%
  299s| 14000 |   431 |  2709k| 193.0 |   124M |  30 |1250 |6548 |2979 |  56k|  2 |  17k|  15 | 0.000000e+00 |      --      |    Inf |  88.57%
  301s| 14100 |   423 |  2733k| 193.3 |   124M |  30 |1250 |6458 |2987 |  56k|  2 |  17k|  15 | 0.000000e+00 |      --      |    Inf |  88.68%
  303s| 14200 |   425 |  2751k| 193.2 |   124M |  30 |1250 |6367 |3305 |  56k|  0 |  17k|  15 | 0.000000e+00 |      --      |    Inf |  88.76%
  305s| 14300 |   425 |  2769k| 193.1 |   124M |  30 |1250 |6408 |3289 |  57k|  0 |  17k|  15 | 0.000000e+00 |      --      |    Inf |  88.81%
  307s| 14400 |   420 |  2790k| 193.3 |   124M |  30 |1250 |6279 |3039 |  57k|  2 |  17k|  15 | 0.000000e+00 |      --      |    Inf |  89.12%
  309s| 14500 |   437 |  2813k| 193.5 |   124M |  30 |1250 |6391 |3043 |  57k|  0 |  17k|  15 | 0.000000e+00 |      --      |    Inf |  89.12%
  311s| 14600 |   428 |  2835k| 193.7 |   124M |  30 |1250 |6479 |2988 |  57k|  0 |  18k|  15 | 0.000000e+00 |      --      |    Inf |  89.13%
  312s| 14700 |   427 |  2851k| 193.5 |   124M |  30 |1250 |6480 |2644 |  58k|  1 |  18k|  15 | 0.000000e+00 |      --      |    Inf |  89.15%
  314s| 14800 |   433 |  2869k| 193.4 |   125M |  30 |1250 |6599 |2663 |  58k|  2 |  18k|  15 | 0.000000e+00 |      --      |    Inf |  89.18%
  316s| 14900 |   437 |  2885k| 193.2 |   125M |  30 |1250 |6724 |2638 |  58k|  0 |  18k|  15 | 0.000000e+00 |      --      |    Inf |  89.20%
  317s| 15000 |   431 |  2903k| 193.1 |   125M |  30 |1250 |6859 |2709 |  59k|  1 |  18k|  15 | 0.000000e+00 |      --      |    Inf |  89.23%
  320s| 15100 |   414 |  2922k| 193.1 |   125M |  30 |1250 |6912 |2897 |  59k|  0 |  18k|  15 | 0.000000e+00 |      --      |    Inf |  89.26%
  322s| 15200 |   418 |  2947k| 193.5 |   125M |  30 |1250 |6865 |3043 |  59k|  2 |  18k|  15 | 0.000000e+00 |      --      |    Inf |  89.47%
 time | node  | left  |LP iter|LP it/n|mem/heur|mdpt |vars |cons |rows |cuts |sepa|confs|strbr|  dualbound   | primalbound  |  gap   | compl. 
  324s| 15300 |   430 |  2967k| 193.5 |   125M |  30 |1250 |6987 |3061 |  59k|  0 |  19k|  15 | 0.000000e+00 |      --      |    Inf |  89.48%
  326s| 15400 |   421 |  2989k| 193.7 |   125M |  30 |1250 |7178 |3072 |  59k|  0 |  19k|  15 | 0.000000e+00 |      --      |    Inf |  89.48%
  328s| 15500 |   412 |  3011k| 193.8 |   125M |  30 |1250 |7154 |3050 |  60k|  2 |  19k|  15 | 0.000000e+00 |      --      |    Inf |  90.04%
  330s| 15600 |   392 |  3033k| 194.0 |   125M |  30 |1250 |6993 |2616 |  60k|  2 |  19k|  15 | 0.000000e+00 |      --      |    Inf |  90.63%
  332s| 15700 |   377 |  3052k| 194.0 |   125M |  30 |1250 |6853 |3065 |  60k|  2 |  19k|  15 | 0.000000e+00 |      --      |    Inf |  90.68%
  334s| 15800 |   364 |  3074k| 194.1 |   125M |  30 |1250 |6847 |2695 |  60k|  0 |  19k|  15 | 0.000000e+00 |      --      |    Inf |  90.77%
  336s| 15900 |   356 |  3096k| 194.3 |   125M |  30 |1250 |6816 |   0 |  60k|  0 |  19k|  15 | 0.000000e+00 |      --      |    Inf |  90.85%
  338s| 16000 |   340 |  3116k| 194.3 |   125M |  30 |1250 |6754 |2742 |  61k|  1 |  20k|  15 | 0.000000e+00 |      --      |    Inf |  90.96%
  340s| 16100 |   336 |  3135k| 194.3 |   125M |  30 |1250 |6740 |2818 |  61k|  0 |  20k|  15 | 0.000000e+00 |      --      |    Inf |  91.12%
  342s| 16200 |   337 |  3160k| 194.7 |   125M |  30 |1250 |6826 |3133 |  61k|  2 |  20k|  15 | 0.000000e+00 |      --      |    Inf |  91.14%
  344s| 16300 |   323 |  3178k| 194.6 |   125M |  30 |1250 |6875 |2925 |  61k|  0 |  20k|  15 | 0.000000e+00 |      --      |    Inf |  91.23%
  345s| 16400 |   324 |  3197k| 194.5 |   125M |  30 |1250 |7013 |2949 |  61k|  0 |  20k|  15 | 0.000000e+00 |      --      |    Inf |  91.25%
  348s| 16500 |   309 |  3219k| 194.7 |   125M |  30 |1250 |6945 |2942 |  62k|  1 |  20k|  15 | 0.000000e+00 |      --      |    Inf |  91.44%
  350s| 16600 |   299 |  3241k| 194.8 |   125M |  30 |1250 |6957 |3307 |  62k|  1 |  20k|  15 | 0.000000e+00 |      --      |    Inf |  91.49%
  352s| 16700 |   298 |  3262k| 194.9 |   126M |  30 |1250 |6939 |2939 |  62k|  2 |  21k|  15 | 0.000000e+00 |      --      |    Inf |  91.71%
 time | node  | left  |LP iter|LP it/n|mem/heur|mdpt |vars |cons |rows |cuts |sepa|confs|strbr|  dualbound   | primalbound  |  gap   | compl. 
  355s| 16800 |   298 |  3287k| 195.2 |   126M |  30 |1250 |6888 |2676 |  62k|  0 |  21k|  15 | 0.000000e+00 |      --      |    Inf |  91.77%
  357s| 16900 |   301 |  3305k| 195.2 |   127M |  30 |1250 |6916 |3018 |  62k|  0 |  21k|  15 | 0.000000e+00 |      --      |    Inf |  91.82%
  359s| 17000 |   303 |  3325k| 195.2 |   127M |  30 |1250 |6825 |2659 |  63k|  0 |  21k|  15 | 0.000000e+00 |      --      |    Inf |  91.92%
  360s| 17100 |   305 |  3338k| 194.8 |   127M |  30 |1250 |6930 |2736 |  63k|  0 |  21k|  15 | 0.000000e+00 |      --      |    Inf |  91.95%
  362s| 17200 |   302 |  3353k| 194.6 |   127M |  30 |1250 |7009 |2744 |  63k|  0 |  21k|  15 | 0.000000e+00 |      --      |    Inf |  92.00%
  364s| 17300 |   303 |  3375k| 194.7 |   127M |  30 |1250 |7125 |2754 |  64k|  0 |  21k|  15 | 0.000000e+00 |      --      |    Inf |  92.02%
  366s| 17400 |   294 |  3397k| 194.8 |   127M |  30 |1250 |7153 |2874 |  64k|  1 |  21k|  15 | 0.000000e+00 |      --      |    Inf |  92.03%
  368s| 17500 |   288 |  3420k| 195.0 |   127M |  30 |1250 |7230 |3076 |  64k|  0 |  22k|  15 | 0.000000e+00 |      --      |    Inf |  92.24%
  370s| 17600 |   299 |  3442k| 195.2 |   127M |  30 |1250 |7287 |3052 |  64k|  2 |  22k|  15 | 0.000000e+00 |      --      |    Inf |  92.29%
  373s| 17700 |   279 |  3469k| 195.6 |   127M |  30 |1250 |7406 |2869 |  65k|  0 |  22k|  15 | 0.000000e+00 |      --      |    Inf |  92.44%
  374s| 17800 |   275 |  3487k| 195.5 |   127M |  30 |1250 |7406 |3035 |  65k|  0 |  22k|  15 | 0.000000e+00 |      --      |    Inf |  92.52%
  376s| 17900 |   279 |  3506k| 195.5 |   127M |  30 |1250 |7336 |3036 |  65k|  0 |  22k|  15 | 0.000000e+00 |      --      |    Inf |  92.62%
  378s| 18000 |   284 |  3525k| 195.5 |   127M |  30 |1250 |7418 |2612 |  65k|  0 |  22k|  15 | 0.000000e+00 |      --      |    Inf |  92.64%
  380s| 18100 |   286 |  3546k| 195.5 |   127M |  30 |1250 |7563 |3041 |  66k|  0 |  22k|  15 | 0.000000e+00 |      --      |    Inf |  92.64%
  382s| 18200 |   293 |  3568k| 195.6 |   127M |  30 |1250 |7677 |3065 |  66k|  1 |  22k|  15 | 0.000000e+00 |      --      |    Inf |  92.64%
 time | node  | left  |LP iter|LP it/n|mem/heur|mdpt |vars |cons |rows |cuts |sepa|confs|strbr|  dualbound   | primalbound  |  gap   | compl. 
  384s| 18300 |   288 |  3589k| 195.7 |   127M |  30 |1250 |7822 |3073 |  66k|  0 |  23k|  15 | 0.000000e+00 |      --      |    Inf |  92.65%
  386s| 18400 |   292 |  3614k| 196.0 |   128M |  30 |1250 |7937 |3036 |  66k|  0 |  23k|  15 | 0.000000e+00 |      --      |    Inf |  92.67%
  388s| 18500 |   299 |  3635k| 196.1 |   128M |  30 |1250 |7962 |3389 |  66k|  0 |  23k|  15 | 0.000000e+00 |      --      |    Inf |  92.68%
  390s| 18600 |   304 |  3657k| 196.2 |   128M |  30 |1250 |8077 |3069 |  67k|  0 |  23k|  15 | 0.000000e+00 |      --      |    Inf |  92.69%
  392s| 18700 |   313 |  3676k| 196.2 |   128M |  30 |1250 |8146 |3061 |  67k|  1 |  23k|  15 | 0.000000e+00 |      --      |    Inf |  92.69%
  394s| 18800 |   297 |  3698k| 196.3 |   128M |  30 |1250 |8239 |2933 |  67k|  2 |  23k|  15 | 0.000000e+00 |      --      |    Inf |  92.70%
  396s| 18900 |   299 |  3714k| 196.2 |   128M |  30 |1250 |8295 |2787 |  67k|  2 |  23k|  15 | 0.000000e+00 |      --      |    Inf |  92.79%
  397s| 19000 |   289 |  3735k| 196.2 |   128M |  30 |1250 |8306 |3019 |  67k|  0 |  24k|  15 | 0.000000e+00 |      --      |    Inf |  92.81%
  400s| 19100 |   303 |  3758k| 196.4 |   128M |  30 |1250 |8297 |2581 |  68k|  2 |  24k|  15 | 0.000000e+00 |      --      |    Inf |  92.84%
  402s| 19200 |   299 |  3775k| 196.3 |   128M |  30 |1250 |8424 |2553 |  68k|  2 |  24k|  15 | 0.000000e+00 |      --      |    Inf |  92.85%
  403s| 19300 |   291 |  3794k| 196.2 |   128M |  30 |1250 |8559 |3107 |  68k|  0 |  24k|  15 | 0.000000e+00 |      --      |    Inf |  92.85%
  405s| 19400 |   302 |  3806k| 195.8 |   128M |  30 |1250 |8400 |2879 |  69k|  0 |  24k|  15 | 0.000000e+00 |      --      |    Inf |  92.92%
  407s| 19500 |   306 |  3827k| 195.9 |   128M |  30 |1250 |8122 |2897 |  69k|  2 |  24k|  15 | 0.000000e+00 |      --      |    Inf |  93.30%
  408s| 19600 |   296 |  3846k| 195.9 |   129M |  30 |1250 |8200 |3356 |  69k|  0 |  24k|  15 | 0.000000e+00 |      --      |    Inf |  93.33%
  411s| 19700 |   303 |  3871k| 196.2 |   129M |  31 |1250 |8152 |3029 |  69k|  2 |  24k|  15 | 0.000000e+00 |      --      |    Inf |  93.37%
 time | node  | left  |LP iter|LP it/n|mem/heur|mdpt |vars |cons |rows |cuts |sepa|confs|strbr|  dualbound   | primalbound  |  gap   | compl. 
  413s| 19800 |   316 |  3892k| 196.2 |   129M |  31 |1250 |8330 |3013 |  69k|  1 |  25k|  15 | 0.000000e+00 |      --      |    Inf |  93.37%
  416s| 19900 |   305 |  3918k| 196.5 |   129M |  31 |1250 |8475 |3160 |  70k|  0 |  25k|  15 | 0.000000e+00 |      --      |    Inf |  93.39%
  418s| 20000 |   297 |  3939k| 196.6 |   129M |  31 |1250 |8460 |3324 |  70k|  0 |  25k|  15 | 0.000000e+00 |      --      |    Inf |  93.41%
  420s| 20100 |   303 |  3959k| 196.6 |   129M |  31 |1250 |8450 |3210 |  70k|  1 |  25k|  15 | 0.000000e+00 |      --      |    Inf |  93.47%
  422s| 20200 |   291 |  3981k| 196.7 |   129M |  31 |1250 |8542 |3129 |  70k|  2 |  25k|  15 | 0.000000e+00 |      --      |    Inf |  93.51%
  424s| 20300 |   299 |  4002k| 196.8 |   129M |  31 |1250 |8480 |3216 |  71k|  2 |  25k|  15 | 0.000000e+00 |      --      |    Inf |  93.52%
  425s| 20400 |   309 |  4019k| 196.7 |   129M |  31 |1250 |8549 |2809 |  71k|  0 |  26k|  15 | 0.000000e+00 |      --      |    Inf |  93.53%
  427s| 20500 |   316 |  4039k| 196.7 |   129M |  31 |1250 |8619 |2828 |  71k|  0 |  26k|  15 | 0.000000e+00 |      --      |    Inf |  93.53%
  429s| 20600 |   319 |  4059k| 196.7 |   129M |  31 |1250 |8714 |3268 |  71k|  0 |  26k|  15 | 0.000000e+00 |      --      |    Inf |  93.53%
  431s| 20700 |   310 |  4077k| 196.6 |   129M |  31 |1250 |8828 |3270 |  71k|  0 |  26k|  15 | 0.000000e+00 |      --      |    Inf |  93.54%
  433s| 20800 |   299 |  4104k| 197.0 |   129M |  31 |1250 |8813 |3087 |  72k|  0 |  26k|  15 | 0.000000e+00 |      --      |    Inf |  93.57%
  435s| 20900 |   303 |  4126k| 197.1 |   129M |  31 |1250 |8804 |3075 |  72k|  0 |  26k|  15 | 0.000000e+00 |      --      |    Inf |  93.57%
  437s| 21000 |   307 |  4148k| 197.2 |   130M |  31 |1250 |8920 |3191 |  72k|  0 |  27k|  15 | 0.000000e+00 |      --      |    Inf |  93.57%
  440s| 21100 |   312 |  4174k| 197.5 |   130M |  31 |1250 |9045 |3071 |  72k|  0 |  27k|  15 | 0.000000e+00 |      --      |    Inf |  93.58%
  442s| 21200 |   305 |  4198k| 197.7 |   130M |  31 |1250 |9173 |3084 |  72k|  0 |  27k|  15 | 0.000000e+00 |      --      |    Inf |  93.58%
 time | node  | left  |LP iter|LP it/n|mem/heur|mdpt |vars |cons |rows |cuts |sepa|confs|strbr|  dualbound   | primalbound  |  gap   | compl. 
  444s| 21300 |   301 |  4217k| 197.6 |   131M |  31 |1250 |9283 |3235 |  72k|  0 |  27k|  15 | 0.000000e+00 |      --      |    Inf |  93.58%
  445s| 21400 |   294 |  4233k| 197.5 |   131M |  31 |1250 |9199 |3329 |  73k|  0 |  27k|  15 | 0.000000e+00 |      --      |    Inf |  93.62%
  447s| 21500 |   287 |  4252k| 197.5 |   131M |  31 |1250 |9161 |2773 |  73k|  2 |  27k|  15 | 0.000000e+00 |      --      |    Inf |  93.65%
  449s| 21600 |   295 |  4277k| 197.7 |   131M |  31 |1250 |9074 |3124 |  73k|  2 |  27k|  15 | 0.000000e+00 |      --      |    Inf |  93.78%
  452s| 21700 |   304 |  4300k| 197.8 |   131M |  31 |1250 |8988 |2688 |  73k|  2 |  28k|  15 | 0.000000e+00 |      --      |    Inf |  93.80%
  454s| 21800 |   303 |  4316k| 197.6 |   132M |  31 |1250 |9053 |3306 |  73k|  0 |  28k|  15 | 0.000000e+00 |      --      |    Inf |  93.83%
  456s| 21900 |   302 |  4336k| 197.7 |   132M |  31 |1250 |8902 |3031 |  74k|  1 |  28k|  15 | 0.000000e+00 |      --      |    Inf |  93.90%
  458s| 22000 |   308 |  4358k| 197.8 |   132M |  31 |1250 |8986 |2641 |  74k|  0 |  28k|  15 | 0.000000e+00 |      --      |    Inf |  93.90%
  460s| 22100 |   299 |  4379k| 197.8 |   132M |  31 |1250 |8825 |   0 |  74k|  0 |  28k|  15 | 0.000000e+00 |      --      |    Inf |  93.95%
  462s| 22200 |   304 |  4397k| 197.7 |   132M |  31 |1250 |8736 |2894 |  74k|  0 |  28k|  15 | 0.000000e+00 |      --      |    Inf |  94.03%
  464s| 22300 |   298 |  4416k| 197.7 |   132M |  31 |1250 |8549 |2622 |  75k|  0 |  28k|  15 | 0.000000e+00 |      --      |    Inf |  94.52%
  466s| 22400 |   300 |  4435k| 197.7 |   132M |  31 |1250 |8542 |2895 |  75k|  2 |  28k|  15 | 0.000000e+00 |      --      |    Inf |  94.55%
  468s| 22500 |   308 |  4455k| 197.7 |   132M |  31 |1250 |8436 |2989 |  75k|  2 |  29k|  15 | 0.000000e+00 |      --      |    Inf |  94.66%
  470s| 22600 |   299 |  4475k| 197.7 |   132M |  31 |1250 |8315 |3046 |  75k|  1 |  29k|  15 | 0.000000e+00 |      --      |    Inf |  94.70%
  472s| 22700 |   293 |  4498k| 197.8 |   132M |  31 |1250 |8263 |3074 |  75k|  0 |  29k|  15 | 0.000000e+00 |      --      |    Inf |  94.78%
 time | node  | left  |LP iter|LP it/n|mem/heur|mdpt |vars |cons |rows |cuts |sepa|confs|strbr|  dualbound   | primalbound  |  gap   | compl. 
  474s| 22800 |   306 |  4519k| 197.9 |   132M |  31 |1250 |8286 |2919 |  76k|  1 |  29k|  15 | 0.000000e+00 |      --      |    Inf |  94.78%
  476s| 22900 |   288 |  4537k| 197.8 |   132M |  31 |1250 |8299 |3376 |  76k|  0 |  29k|  15 | 0.000000e+00 |      --      |    Inf |  94.78%
  478s| 23000 |   286 |  4562k| 198.0 |   132M |  31 |1250 |8298 |2545 |  76k|  2 |  29k|  15 | 0.000000e+00 |      --      |    Inf |  94.79%
  480s| 23100 |   281 |  4581k| 198.0 |   132M |  31 |1250 |8256 |3098 |  76k|  1 |  30k|  15 | 0.000000e+00 |      --      |    Inf |  94.89%
  483s| 23200 |   287 |  4601k| 198.0 |   132M |  31 |1250 |8333 |3132 |  77k|  1 |  30k|  15 | 0.000000e+00 |      --      |    Inf |  94.90%
  485s| 23300 |   287 |  4621k| 198.0 |   132M |  31 |1250 |8481 |3208 |  77k|  2 |  30k|  15 | 0.000000e+00 |      --      |    Inf |  94.90%
  488s| 23400 |   284 |  4642k| 198.1 |   133M |  31 |1250 |8454 |2859 |  77k|  1 |  30k|  15 | 0.000000e+00 |      --      |    Inf |  95.00%
  489s| 23500 |   287 |  4658k| 197.9 |   133M |  31 |1250 |8495 |3159 |  77k|  0 |  30k|  15 | 0.000000e+00 |      --      |    Inf |  95.01%
  492s| 23600 |   276 |  4684k| 198.2 |   133M |  31 |1250 |8410 |2867 |  78k|  2 |  30k|  15 | 0.000000e+00 |      --      |    Inf |  95.09%
  495s| 23700 |   278 |  4709k| 198.4 |   133M |  31 |1250 |8447 |3087 |  78k|  2 |  30k|  15 | 0.000000e+00 |      --      |    Inf |  95.10%
  497s| 23800 |   274 |  4730k| 198.5 |   133M |  31 |1250 |8493 |3144 |  78k|  1 |  30k|  15 | 0.000000e+00 |      --      |    Inf |  95.10%
  499s| 23900 |   277 |  4751k| 198.5 |   133M |  31 |1250 |8499 |2587 |  78k|  2 |  31k|  15 | 0.000000e+00 |      --      |    Inf |  95.10%
  501s| 24000 |   278 |  4769k| 198.4 |   133M |  31 |1250 |8493 |2627 |  79k|  0 |  31k|  15 | 0.000000e+00 |      --      |    Inf |  95.11%
  503s| 24100 |   263 |  4791k| 198.5 |   133M |  31 |1250 |8410 |3049 |  79k|  0 |  31k|  15 | 0.000000e+00 |      --      |    Inf |  95.16%
  505s| 24200 |   262 |  4811k| 198.5 |   133M |  31 |1250 |8497 |3164 |  79k|  0 |  31k|  15 | 0.000000e+00 |      --      |    Inf |  95.17%
 time | node  | left  |LP iter|LP it/n|mem/heur|mdpt |vars |cons |rows |cuts |sepa|confs|strbr|  dualbound   | primalbound  |  gap   | compl. 
  508s| 24300 |   253 |  4838k| 198.8 |   134M |  31 |1250 |8479 |3289 |  79k|  0 |  31k|  15 | 0.000000e+00 |      --      |    Inf |  95.29%
  510s| 24400 |   247 |  4858k| 198.8 |   134M |  31 |1250 |8577 |3326 |  79k|  0 |  31k|  15 | 0.000000e+00 |      --      |    Inf |  95.29%
  513s| 24500 |   247 |  4879k| 198.9 |   134M |  31 |1250 |8667 |3039 |  80k|  0 |  31k|  15 | 0.000000e+00 |      --      |    Inf |  95.30%
  515s| 24600 |   234 |  4900k| 198.9 |   134M |  31 |1250 |8406 |3557 |  80k|  2 |  32k|  15 | 0.000000e+00 |      --      |    Inf |  95.78%
  517s| 24700 |   233 |  4920k| 198.9 |   134M |  31 |1250 |8365 |3120 |  80k|  1 |  32k|  15 | 0.000000e+00 |      --      |    Inf |  95.80%
  518s| 24800 |   236 |  4938k| 198.8 |   134M |  31 |1250 |8408 |3077 |  81k|  2 |  32k|  15 | 0.000000e+00 |      --      |    Inf |  95.80%
  520s| 24900 |   232 |  4956k| 198.8 |   134M |  31 |1250 |8468 |3435 |  81k|  1 |  32k|  15 | 0.000000e+00 |      --      |    Inf |  95.85%
  522s| 25000 |   229 |  4976k| 198.8 |   135M |  31 |1250 |8493 |2564 |  81k|  2 |  32k|  15 | 0.000000e+00 |      --      |    Inf |  95.93%
  524s| 25100 |   233 |  4993k| 198.6 |   135M |  31 |1250 |8542 |2701 |  81k|  0 |  32k|  15 | 0.000000e+00 |      --      |    Inf |  95.93%
  526s| 25200 |   228 |  5013k| 198.7 |   135M |  31 |1250 |8506 |2839 |  81k|  2 |  32k|  15 | 0.000000e+00 |      --      |    Inf |  95.95%
  528s| 25300 |   227 |  5037k| 198.8 |   135M |  31 |1250 |8530 |3141 |  82k|  0 |  33k|  15 | 0.000000e+00 |      --      |    Inf |  95.97%
  530s| 25400 |   230 |  5060k| 198.9 |   135M |  31 |1250 |8503 |2832 |  82k|  2 |  33k|  15 | 0.000000e+00 |      --      |    Inf |  96.08%
  532s| 25500 |   228 |  5080k| 199.0 |   135M |  31 |1250 |8557 |3282 |  82k|  2 |  33k|  15 | 0.000000e+00 |      --      |    Inf |  96.13%
  534s| 25600 |   236 |  5101k| 199.0 |   135M |  31 |1250 |8605 |   0 |  82k|  0 |  33k|  15 | 0.000000e+00 |      --      |    Inf |  96.14%
  536s| 25700 |   243 |  5120k| 199.0 |   135M |  31 |1250 |8716 |2885 |  83k|  1 |  33k|  15 | 0.000000e+00 |      --      |    Inf |  96.15%
 time | node  | left  |LP iter|LP it/n|mem/heur|mdpt |vars |cons |rows |cuts |sepa|confs|strbr|  dualbound   | primalbound  |  gap   | compl. 
  537s| 25800 |   267 |  5138k| 198.9 |   135M |  31 |1250 |8828 |2856 |  83k|  0 |  33k|  15 | 0.000000e+00 |      --      |    Inf |  96.16%
  539s| 25900 |   267 |  5157k| 198.8 |   135M |  31 |1250 |8954 |2940 |  83k|  0 |  33k|  15 | 0.000000e+00 |      --      |    Inf |  96.17%
  541s| 26000 |   245 |  5176k| 198.8 |   135M |  31 |1250 |8990 |3303 |  83k|  1 |  34k|  15 | 0.000000e+00 |      --      |    Inf |  96.18%
  543s| 26100 |   229 |  5199k| 198.9 |   135M |  31 |1250 |8923 |2680 |  83k|  0 |  34k|  15 | 0.000000e+00 |      --      |    Inf |  96.30%
  546s| 26200 |   222 |  5227k| 199.3 |   135M |  31 |1250 |8912 |3058 |  84k|  0 |  34k|  15 | 0.000000e+00 |      --      |    Inf |  96.31%
  548s| 26300 |   229 |  5253k| 199.5 |   136M |  31 |1250 |8937 |2898 |  84k|  1 |  34k|  15 | 0.000000e+00 |      --      |    Inf |  96.41%
  550s| 26400 |   215 |  5271k| 199.4 |   136M |  31 |1250 |8979 |3319 |  84k|  0 |  34k|  15 | 0.000000e+00 |      --      |    Inf |  96.43%
  552s| 26500 |   213 |  5291k| 199.4 |   136M |  31 |1250 |8908 |2576 |  84k|  2 |  34k|  15 | 0.000000e+00 |      --      |    Inf |  96.52%
  554s| 26600 |   207 |  5311k| 199.4 |   136M |  31 |1250 |9061 |2702 |  85k|  2 |  35k|  15 | 0.000000e+00 |      --      |    Inf |  96.52%
  556s| 26700 |   206 |  5330k| 199.4 |   136M |  31 |1250 |9117 |3433 |  85k|  2 |  35k|  15 | 0.000000e+00 |      --      |    Inf |  96.53%
  557s| 26800 |   214 |  5345k| 199.2 |   136M |  31 |1250 |9154 |2648 |  85k|  2 |  35k|  15 | 0.000000e+00 |      --      |    Inf |  96.54%
  559s| 26900 |   208 |  5366k| 199.2 |   136M |  31 |1250 |9282 |3137 |  86k|  2 |  35k|  15 | 0.000000e+00 |      --      |    Inf |  96.55%
  561s| 27000 |   201 |  5386k| 199.2 |   136M |  31 |1250 |9246 |2625 |  86k|  0 |  35k|  15 | 0.000000e+00 |      --      |    Inf |  96.59%
  562s| 27100 |   200 |  5402k| 199.1 |   136M |  31 |1250 |9349 |   0 |  86k|  0 |  35k|  15 | 0.000000e+00 |      --      |    Inf |  96.60%
  564s| 27200 |   193 |  5414k| 198.8 |   136M |  31 |1250 |9317 |2597 |  87k|  2 |  35k|  15 | 0.000000e+00 |      --      |    Inf |  96.76%
 time | node  | left  |LP iter|LP it/n|mem/heur|mdpt |vars |cons |rows |cuts |sepa|confs|strbr|  dualbound   | primalbound  |  gap   | compl. 
  566s| 27300 |   180 |  5441k| 199.0 |   136M |  31 |1250 |9276 |2834 |  87k|  0 |  36k|  15 | 0.000000e+00 |      --      |    Inf |  97.05%
  568s| 27400 |   176 |  5458k| 199.0 |   136M |  31 |1250 |9170 |3128 |  87k|  1 |  36k|  15 | 0.000000e+00 |      --      |    Inf |  97.10%
  570s| 27500 |   173 |  5477k| 198.9 |   136M |  31 |1250 |9260 |3520 |  87k|  0 |  36k|  15 | 0.000000e+00 |      --      |    Inf |  97.11%
  573s| 27600 |   158 |  5504k| 199.2 |   136M |  31 |1250 |9078 |2876 |  87k|  2 |  36k|  15 | 0.000000e+00 |      --      |    Inf |  97.16%
  575s| 27700 |   151 |  5524k| 199.2 |   136M |  31 |1250 |9120 |2706 |  88k|  2 |  36k|  15 | 0.000000e+00 |      --      |    Inf |  97.23%
  578s| 27800 |   148 |  5543k| 199.1 |   136M |  31 |1250 |9127 |2916 |  88k|  1 |  36k|  15 | 0.000000e+00 |      --      |    Inf |  97.23%
  580s| 27900 |   147 |  5564k| 199.2 |   136M |  31 |1250 |9084 |3181 |  88k|  2 |  37k|  15 | 0.000000e+00 |      --      |    Inf |  97.25%
  582s| 28000 |   164 |  5586k| 199.2 |   136M |  31 |1250 |9187 |3172 |  88k|  1 |  37k|  15 | 0.000000e+00 |      --      |    Inf |  97.25%
  585s| 28100 |   133 |  5610k| 199.4 |   136M |  31 |1250 |9382 |3213 |  88k|  0 |  37k|  15 | 0.000000e+00 |      --      |    Inf |  97.26%
  587s| 28200 |   132 |  5625k| 199.2 |   136M |  31 |1250 |9149 |2623 |  89k|  0 |  37k|  15 | 0.000000e+00 |      --      |    Inf |  97.36%
  589s| 28300 |   120 |  5644k| 199.2 |   136M |  31 |1250 |9100 |3355 |  89k|  0 |  37k|  15 | 0.000000e+00 |      --      |    Inf |  97.37%
  591s| 28400 |   100 |  5668k| 199.3 |   136M |  31 |1250 |8935 |3316 |  89k|  1 |  37k|  15 | 0.000000e+00 |      --      |    Inf |  97.50%
  594s| 28500 |    92 |  5688k| 199.4 |   136M |  31 |1250 |8902 |3464 |  89k|  1 |  37k|  15 | 0.000000e+00 |      --      |    Inf |  97.51%
  597s| 28600 |    98 |  5713k| 199.5 |   138M |  31 |1250 |8930 |3504 |  89k|  0 |  38k|  15 | 0.000000e+00 |      --      |    Inf |  97.57%
  599s| 28700 |    95 |  5735k| 199.6 |   138M |  31 |1250 |9036 |   0 |  89k|  0 |  38k|  15 | 0.000000e+00 |      --      |    Inf |  97.61%
 time | node  | left  |LP iter|LP it/n|mem/heur|mdpt |vars |cons |rows |cuts |sepa|confs|strbr|  dualbound   | primalbound  |  gap   | compl. 
  601s| 28800 |    95 |  5753k| 199.5 |   138M |  31 |1250 |9154 |3501 |  89k|  0 |  38k|  15 | 0.000000e+00 |      --      |    Inf |  97.68%
  603s| 28900 |    97 |  5773k| 199.5 |   138M |  31 |1250 |9139 |3403 |  89k|  2 |  38k|  15 | 0.000000e+00 |      --      |    Inf |  97.76%
  605s| 29000 |    94 |  5790k| 199.4 |   138M |  31 |1250 |9253 |3391 |  89k|  1 |  38k|  15 | 0.000000e+00 |      --      |    Inf |  97.77%
  608s| 29100 |    97 |  5813k| 199.5 |   138M |  31 |1250 |9398 |   0 |  90k|  0 |  38k|  15 | 0.000000e+00 |      --      |    Inf |  97.78%
  610s| 29200 |    83 |  5833k| 199.5 |   138M |  31 |1250 |9387 |3296 |  90k|  1 |  38k|  15 | 0.000000e+00 |      --      |    Inf |  97.90%
  612s| 29300 |    78 |  5854k| 199.5 |   138M |  31 |1250 |9474 |3474 |  90k|  1 |  39k|  15 | 0.000000e+00 |      --      |    Inf |  97.94%
  615s| 29400 |    73 |  5875k| 199.6 |   139M |  31 |1250 |9464 |3428 |  90k|  1 |  39k|  15 | 0.000000e+00 |      --      |    Inf |  97.98%
  617s| 29500 |    72 |  5896k| 199.6 |   139M |  31 |1250 |9411 |3482 |  90k|  0 |  39k|  15 | 0.000000e+00 |      --      |    Inf |  98.11%
  620s| 29600 |    65 |  5919k| 199.7 |   140M |  31 |1250 |9279 |3190 |  90k|  1 |  39k|  15 | 0.000000e+00 |      --      |    Inf |  98.17%
  622s| 29700 |    55 |  5938k| 199.7 |   140M |  31 |1250 |9114 |3241 |  90k|  1 |  39k|  15 | 0.000000e+00 |      --      |    Inf |  98.50%
  624s| 29800 |    52 |  5959k| 199.7 |   140M |  31 |1250 |9184 |3229 |  90k|  1 |  39k|  15 | 0.000000e+00 |      --      |    Inf |  98.55%
  627s| 29900 |    40 |  5984k| 199.9 |   140M |  31 |1250 |9276 |3579 |  90k|  0 |  39k|  15 | 0.000000e+00 |      --      |    Inf |  98.55%
  631s| 30000 |    25 |  6010k| 200.1 |   142M |  31 |1250 |8978 |3360 |  90k|  2 |  40k|  15 | 0.000000e+00 |      --      |    Inf |  99.06%
  633s| 30100 |    30 |  6034k| 200.2 |   142M |  31 |1250 |9114 |3376 |  90k|  1 |  40k|  15 | 0.000000e+00 |      --      |    Inf |  99.06%
  636s| 30200 |    18 |  6060k| 200.4 |   142M |  31 |1250 |9174 |3092 |  90k|  0 |  40k|  15 | 0.000000e+00 |      --      |    Inf |  99.08%
 time | node  | left  |LP iter|LP it/n|mem/heur|mdpt |vars |cons |rows |cuts |sepa|confs|strbr|  dualbound   | primalbound  |  gap   | compl. 
  639s| 30300 |    12 |  6081k| 200.5 |   142M |  31 |1250 |9116 |   0 |  90k|  0 |  40k|  15 | 0.000000e+00 |      --      |    Inf |  99.29%
  641s| 30400 |     9 |  6101k| 200.5 |   142M |  31 |1250 |9198 |3647 |  90k|  1 |  40k|  15 | 0.000000e+00 |      --      |    Inf |  99.33%
  643s| 30500 |     9 |  6122k| 200.5 |   144M |  31 |1250 |9082 |3622 |  91k|  1 |  40k|  15 | 0.000000e+00 |      --      |    Inf |  99.55%
  648s| 30600 |     7 |  6152k| 200.8 |   144M |  31 |1250 |9094 |3622 |  91k|  1 |  40k|  15 | 0.000000e+00 |      --      |    Inf |  99.77%
  651s| 30700 |    13 |  6177k| 201.0 |   145M |  31 |1250 |9235 |3636 |  91k|  0 |  41k|  15 | 0.000000e+00 |      --      |    Inf |  99.79%

SCIP Status        : problem is solved [infeasible]
Solving Time (sec) : 652.00
Solving Nodes      : 30746
Primal Bound       : +1.00000000000000e+20 (0 solutions)
Dual Bound         : +1.00000000000000e+20
Gap                : 0.00 %

SCIP> 