SCIP version 10.0.1 [precision: 8 byte] [memory: block] [mode: optimized] [LP solver: SoPlex 8.0.1] [GitHash: 76a50c97d6]
Copyright (c) 2002-2026 Zuse Institute Berlin (ZIB)

External libraries: 
  SoPlex 8.0.1         Linear programming solver developed at Zuse Institute Berlin (soplex.zib.de) [GitHash: c69290aa]
  CppAD 20180000.0     Algorithmic Differentiation of C++ algorithms developed by B. Bell (github.com/coin-or/CppAD)
  ZLIB 1.3.1           General purpose compression library by J. Gailly and M. Adler (zlib.net)
  MPFR 4.2.2           GNU Multiple Precision Floating-Point Reliable Library (mpfr.org)
  Boost 1.89.0         Boost C++ Libraries (boost.org)
  TinyCThread 1.2      small portable implementation of the C11 threads API (tinycthread.github.io)
  GMP 6.3.0            GNU Multiple Precision Arithmetic Library developed by T. Granlund (gmplib.org)
  ZIMPL 3.7.0          Zuse Institute Mathematical Programming Language developed by T. Koch (zimpl.zib.de)
  AMPL/MP 4.0.4        AMPL .nl file reader library (github.com/ampl/mp)
  PaPILO 3.0.0         parallel presolve for integer and linear optimization (github.com/scipopt/papilo) (built with TBB) [GitHash: 4cbdc327]
  Nauty 2.8.8          Computing Graph Automorphism Groups by Brendan D. McKay (users.cecs.anu.edu.au/~bdm/nauty)
  sassy 2.0            Symmetry preprocessor by Markus Anders (github.com/markusa4/sassy)
  Ipopt 3.14.19        Interior Point Optimizer developed by A. Waechter et.al. (github.com/coin-or/Ipopt)

user parameter file <scip.set> not found - using default parameters


read problem <N20_R9_K3_0_27_split_0_wo_lem_str4_v8.lp>
============

original problem has 1441 variables (1420 bin, 21 int, 0 cont) and 5135 constraints

presolving:
(round 1, fast)       671 del vars, 2607 del conss, 0 add conss, 690 chg bounds, 90 chg sides, 180 chg coeffs, 0 upgd conss, 0 impls, 1575 clqs, 0 implints
(round 2, fast)       671 del vars, 2662 del conss, 0 add conss, 693 chg bounds, 172 chg sides, 345 chg coeffs, 0 upgd conss, 0 impls, 1575 clqs, 0 implints
(round 3, fast)       671 del vars, 2662 del conss, 0 add conss, 695 chg bounds, 182 chg sides, 370 chg coeffs, 0 upgd conss, 0 impls, 1575 clqs, 0 implints
(round 4, fast)       671 del vars, 2662 del conss, 0 add conss, 697 chg bounds, 192 chg sides, 390 chg coeffs, 0 upgd conss, 0 impls, 1575 clqs, 0 implints
(round 5, fast)       671 del vars, 2662 del conss, 0 add conss, 699 chg bounds, 201 chg sides, 408 chg coeffs, 0 upgd conss, 0 impls, 1575 clqs, 0 implints
(round 6, fast)       671 del vars, 2662 del conss, 0 add conss, 701 chg bounds, 211 chg sides, 421 chg coeffs, 0 upgd conss, 0 impls, 1575 clqs, 0 implints
(round 7, fast)       671 del vars, 2662 del conss, 0 add conss, 703 chg bounds, 220 chg sides, 438 chg coeffs, 0 upgd conss, 0 impls, 1575 clqs, 0 implints
(round 8, fast)       671 del vars, 2662 del conss, 0 add conss, 705 chg bounds, 229 chg sides, 457 chg coeffs, 0 upgd conss, 0 impls, 1575 clqs, 0 implints
(round 9, fast)       671 del vars, 2662 del conss, 0 add conss, 705 chg bounds, 236 chg sides, 474 chg coeffs, 0 upgd conss, 0 impls, 1575 clqs, 0 implints
   (0.0s) running MILP presolver
   (0.0s) MILP presolver found nothing
(round 10, exhaustive) 671 del vars, 2662 del conss, 0 add conss, 705 chg bounds, 236 chg sides, 474 chg coeffs, 2252 upgd conss, 0 impls, 1575 clqs, 0 implints
(round 11, exhaustive) 671 del vars, 4762 del conss, 525 add conss, 705 chg bounds, 236 chg sides, 474 chg coeffs, 2252 upgd conss, 0 impls, 1575 clqs, 0 implints
(round 12, exhaustive) 671 del vars, 4762 del conss, 525 add conss, 705 chg bounds, 236 chg sides, 609 chg coeffs, 2252 upgd conss, 0 impls, 1575 clqs, 0 implints
   (0.0s) probing: 141/750 (18.8%) - 0 fixings, 0 aggregations, 1810 implications, 0 bound changes
   (0.0s) probing aborted: 50/50 successive totally useless probings
   (0.0s) symmetry computation started: requiring (bin +, int +, cont +), (fixed: bin -, int -, cont -)
   (0.0s) no symmetry present (symcode time: 0.00)
presolving (13 rounds: 13 fast, 4 medium, 4 exhaustive):
 671 deleted vars, 4762 deleted constraints, 525 added constraints, 705 tightened bounds, 0 added holes, 236 changed sides, 609 changed coefficients
 1320 implications, 2065 cliques, 0 implied integral variables (0 bin, 0 int, 0 cont)
presolved problem has 770 variables (750 bin, 20 int, 0 cont) and 898 constraints
     17 constraints of type <varbound>
    135 constraints of type <knapsack>
    525 constraints of type <and>
    221 constraints of type <linear>
transformed objective value is always integral (scale: 1)
Presolving Time: 0.00

 time | node  | left  |LP iter|LP it/n|mem/heur|mdpt |vars |cons |rows |cuts |sepa|confs|strbr|  dualbound   | primalbound  |  gap   | compl. 
  0.0s|     1 |     0 |  1263 |     - |    22M |   0 | 770 | 901 |1423 |   0 |  0 |   2 |   0 |    cutoff    |      --      |   0.00%| unknown
  0.0s|     1 |     0 |  1263 |     - |    22M |   0 | 770 | 901 |1423 |   0 |  0 |   2 |   0 |    cutoff    |      --      |   0.00%| unknown

SCIP Status        : problem is solved [infeasible]
Solving Time (sec) : 0.00
Solving Nodes      : 1
Primal Bound       : +1.00000000000000e+20 (0 solutions)
Dual Bound         : +1.00000000000000e+20
Gap                : 0.00 %


no solution available

SCIP> 