
Gurobi 13.0.1 (win64, gurobi_cl) logging started Mon May  4 02:29:53 2026

Set parameter WLSAccessID
Set parameter WLSSecret
Set parameter LicenseID to value 2811917
Set parameter LogFile to value "N20_R9_K3_4_23_split_23_fix4B_4_exact_fixrestA_wo_lem_f9_str4_v9_g.log"
Using license file C:\Users\artik\gurobi.lic
Academic license 2811917 - for non-commercial use only - registered to ar___@ukma.edu.ua

Gurobi Optimizer version 13.0.1 build v13.0.1rc0 (win64 - Windows 11+.0 (26200.2))
Copyright (c) 2026, Gurobi Optimization, LLC


Error 10003: Unable to open file 'N20_R9_K3_4_23_split_23_fix4B_4_exact_fixrestA_wo_lem_f9_str4_v9_g.lp' for input


Gurobi 13.0.1 (win64, gurobi_cl) logging started Mon May  4 02:30:02 2026

Set parameter WLSAccessID
Set parameter WLSSecret
Set parameter LicenseID to value 2811917
Set parameter LogFile to value "N20_R9_K3_4_23_split_23_fix4B_4_exact_fixrestA_wo_lem_f9_str4_v9_g.log"
Using license file C:\Users\artik\gurobi.lic
Academic license 2811917 - for non-commercial use only - registered to ar___@ukma.edu.ua

Gurobi Optimizer version 13.0.1 build v13.0.1rc0 (win64 - Windows 11+.0 (26200.2))
Copyright (c) 2026, Gurobi Optimization, LLC


Error 10003: Unable to open file 'N20_R9_K3_4_23_split_23_fix4B_4_exact_fixrestA_wo_lem_f9_str4_v9.lp' for input

