SCIP version 10.0.1 [precision: 8 byte] [memory: block] [mode: optimized] [LP solver: SoPlex 8.0.1] [GitHash: 76a50c97d6]
Copyright (c) 2002-2026 Zuse Institute Berlin (ZIB)

External libraries: 
  SoPlex 8.0.1         Linear programming solver developed at Zuse Institute Berlin (soplex.zib.de) [GitHash: c69290aa]
  CppAD 20180000.0     Algorithmic Differentiation of C++ algorithms developed by B. Bell (github.com/coin-or/CppAD)
  ZLIB 1.3.1           General purpose compression library by J. Gailly and M. Adler (zlib.net)
  MPFR 4.2.2           GNU Multiple Precision Floating-Point Reliable Library (mpfr.org)
  Boost 1.89.0         Boost C++ Libraries (boost.org)
  TinyCThread 1.2      small portable implementation of the C11 threads API (tinycthread.github.io)
  GMP 6.3.0            GNU Multiple Precision Arithmetic Library developed by T. Granlund (gmplib.org)
  ZIMPL 3.7.0          Zuse Institute Mathematical Programming Language developed by T. Koch (zimpl.zib.de)
  AMPL/MP 4.0.4        AMPL .nl file reader library (github.com/ampl/mp)
  PaPILO 3.0.0         parallel presolve for integer and linear optimization (github.com/scipopt/papilo) (built with TBB) [GitHash: 4cbdc327]
  Nauty 2.8.8          Computing Graph Automorphism Groups by Brendan D. McKay (users.cecs.anu.edu.au/~bdm/nauty)
  sassy 2.0            Symmetry preprocessor by Markus Anders (github.com/markusa4/sassy)
  Ipopt 3.14.19        Interior Point Optimizer developed by A. Waechter et.al. (github.com/coin-or/Ipopt)

user parameter file <scip.set> not found - using default parameters

heuristics/padm/freq = -1
heuristics/ofins/freq = -1
heuristics/reoptsols/freq = -1
heuristics/trivialnegation/freq = -1
heuristics/trivial/freq = -1
heuristics/clique/freq = -1
heuristics/locks/freq = -1
heuristics/vbounds/freq = -1
heuristics/shiftandpropagate/freq = -1
heuristics/completesol/freq = -1
heuristics/simplerounding/freq = -1
heuristics/randrounding/freq = -1
heuristics/zirounding/freq = -1
heuristics/rounding/freq = -1
heuristics/shifting/freq = -1
heuristics/intshifting/freq = -1
heuristics/oneopt/freq = -1
heuristics/indicator/freq = -1
heuristics/adaptivediving/freq = -1
heuristics/indicatordiving/freq = -1
heuristics/farkasdiving/freq = -1
heuristics/feaspump/freq = -1
heuristics/conflictdiving/freq = -1
heuristics/pscostdiving/freq = -1
heuristics/fracdiving/freq = -1
heuristics/nlpdiving/freq = -1
heuristics/veclendiving/freq = -1
heuristics/distributiondiving/freq = -1
heuristics/objpscostdiving/freq = -1
heuristics/rootsoldiving/freq = -1
heuristics/linesearchdiving/freq = -1
heuristics/guideddiving/freq = -1
heuristics/rens/freq = -1
heuristics/alns/freq = -1
heuristics/rins/freq = -1
heuristics/gins/freq = -1
heuristics/crossover/freq = -1
heuristics/lpface/freq = -1
heuristics/undercover/freq = -1
heuristics/subnlp/freq = -1
heuristics/mpec/freq = -1
heuristics/multistart/freq = -1
heuristics/trysol/freq = -1
presolving/restartfac = 0.0125
presolving/restartminred = 0.06
constraints/setppc/cliquelifting = TRUE
presolving/boundshift/maxrounds = -1
presolving/qpkktref/maxrounds = -1
presolving/stuffing/maxrounds = -1
presolving/tworowbnd/maxrounds = -1
presolving/dualinfer/maxrounds = -1
presolving/dualagg/maxrounds = -1
presolving/implint/maxrounds = -1
presolving/redvub/maxrounds = -1
propagating/probing/maxuseless = 1500
propagating/probing/maxtotaluseless = 75
separating/closecuts/freq = 0
separating/rlt/freq = 20
separating/rlt/maxroundsroot = 15
separating/disjunctive/freq = 20
separating/disjunctive/maxroundsroot = 150
separating/gauge/freq = 0
separating/interminor/freq = 0
separating/convexproj/freq = 0
separating/gomory/maxroundsroot = 15
separating/gomory/maxsepacutsroot = 400
separating/aggregation/maxsepacutsroot = 1000
separating/clique/freq = 20
separating/zerohalf/maxroundsroot = 30
separating/zerohalf/maxsepacutsroot = 200
separating/lagromory/freq = 0
separating/mcf/freq = 20
separating/mcf/maxsepacutsroot = 400
separating/eccuts/freq = 0
separating/eccuts/maxroundsroot = 375
separating/eccuts/maxsepacutsroot = 100
separating/oddcycle/freq = 0
separating/oddcycle/maxroundsroot = 15
separating/oddcycle/maxsepacutsroot = 10000
constraints/benderslp/sepafreq = 0
constraints/integral/sepafreq = 0
constraints/SOS2/sepafreq = 10
constraints/varbound/sepafreq = 10
constraints/knapsack/sepafreq = 10
constraints/knapsack/maxsepacutsroot = 500
constraints/setppc/sepafreq = 10
constraints/or/sepafreq = 10
constraints/xor/sepafreq = 10
constraints/conjunction/sepafreq = 0
constraints/disjunction/sepafreq = 0
constraints/exactsol/sepafreq = 0
constraints/linear/sepafreq = 10
constraints/linear/maxsepacutsroot = 500
constraints/exactlinear/sepafreq = 10
constraints/exactlinear/maxsepacutsroot = 500
constraints/orbitope_full/sepafreq = 0
constraints/orbitope_pp/sepafreq = 0
constraints/logicor/sepafreq = 10
constraints/bounddisjunction/sepafreq = 0
constraints/pseudoboolean/sepafreq = 0
constraints/superindicator/sepafreq = 0
constraints/benders/sepafreq = 0
constraints/fixedvar/sepafreq = 0
constraints/countsols/sepafreq = 0
constraints/components/sepafreq = 0
cutselection/hybrid/minorthoroot = 0.1
separating/maxroundsrootsubrun = 5
separating/maxaddrounds = 5
separating/maxcutsroot = 5000
constraints/linear/separateall = TRUE
separating/aggregation/maxfailsroot = 200
separating/mcf/maxtestdelta = -1
separating/mcf/trynegscaling = TRUE
loaded parameter file <scip_v5.set>

read problem <N22_R8_K3_0_22_split_22_fix0B_5_exact_fixrestA_wo_lem_str4.lp>
============

original problem has 1950 variables (1925 bin, 23 int, 2 cont) and 6987 constraints

presolving:
(round 1, fast)       869 del vars, 3203 del conss, 0 add conss, 872 chg bounds, 146 chg sides, 292 chg coeffs, 0 upgd conss, 0 impls, 2294 clqs, 0 implints
(round 2, fast)       885 del vars, 3424 del conss, 0 add conss, 884 chg bounds, 244 chg sides, 464 chg coeffs, 0 upgd conss, 0 impls, 2294 clqs, 0 implints
(round 3, fast)       885 del vars, 3424 del conss, 0 add conss, 892 chg bounds, 318 chg sides, 576 chg coeffs, 0 upgd conss, 0 impls, 2294 clqs, 0 implints
(round 4, fast)       885 del vars, 3424 del conss, 0 add conss, 897 chg bounds, 368 chg sides, 645 chg coeffs, 0 upgd conss, 0 impls, 2294 clqs, 0 implints
(round 5, fast)       885 del vars, 3424 del conss, 0 add conss, 899 chg bounds, 394 chg sides, 671 chg coeffs, 0 upgd conss, 0 impls, 2294 clqs, 0 implints
(round 6, fast)       885 del vars, 3424 del conss, 0 add conss, 900 chg bounds, 407 chg sides, 684 chg coeffs, 0 upgd conss, 0 impls, 2294 clqs, 0 implints
   (1.0s) running MILP presolver
   (1.0s) MILP presolver (2 rounds): 25 aggregations, 0 fixings, 0 bound changes
(round 7, medium)     910 del vars, 3424 del conss, 0 add conss, 900 chg bounds, 407 chg sides, 684 chg coeffs, 0 upgd conss, 0 impls, 2244 clqs, 0 implints
(round 8, fast)       910 del vars, 3474 del conss, 0 add conss, 900 chg bounds, 407 chg sides, 684 chg coeffs, 0 upgd conss, 0 impls, 2244 clqs, 0 implints
(round 9, exhaustive) 910 del vars, 3499 del conss, 0 add conss, 900 chg bounds, 407 chg sides, 684 chg coeffs, 0 upgd conss, 0 impls, 2244 clqs, 0 implints
(round 10, exhaustive) 910 del vars, 3499 del conss, 0 add conss, 900 chg bounds, 407 chg sides, 684 chg coeffs, 3175 upgd conss, 0 impls, 2244 clqs, 0 implints
(round 11, exhaustive) 910 del vars, 6491 del conss, 748 add conss, 900 chg bounds, 407 chg sides, 684 chg coeffs, 3175 upgd conss, 0 impls, 2244 clqs, 0 implints
(round 12, exhaustive) 910 del vars, 6491 del conss, 748 add conss, 900 chg bounds, 407 chg sides, 846 chg coeffs, 3175 upgd conss, 0 impls, 2244 clqs, 0 implints
   (1.0s) probing: 968/1056 (91.7%) - 0 fixings, 0 aggregations, 1920 implications, 0 bound changes
   (1.0s) probing aborted: 75/75 successive totally useless probings
   (1.0s) symmetry computation started: requiring (bin +, int +, cont +), (fixed: bin -, int -, cont -)
   (1.0s) no symmetry present (symcode time: 0.00)
presolving (13 rounds: 13 fast, 6 medium, 5 exhaustive):
 910 deleted vars, 6491 deleted constraints, 748 added constraints, 900 tightened bounds, 0 added holes, 407 changed sides, 846 changed coefficients
 1898 implications, 2266 cliques, 0 implied integral variables (0 bin, 0 int, 0 cont)
presolved problem has 1077 variables (1056 bin, 21 int, 0 cont) and 1244 constraints
     16 constraints of type <varbound>
    162 constraints of type <knapsack>
    748 constraints of type <and>
    313 constraints of type <linear>
      5 constraints of type <logicor>
transformed objective value is always integral (scale: 1)
Presolving Time: 0.00

 time | node  | left  |LP iter|LP it/n|mem/heur|mdpt |vars |cons |rows |cuts |sepa|confs|strbr|  dualbound   | primalbound  |  gap   | compl. 
  1.0s|     1 |     0 |  1459 |     - |    30M |   0 |1077 |1244 |1992 |   0 |  0 |   0 |   0 | 0.000000e+00 |      --      |    Inf | unknown
Computing relative interior point (time limit: 1e+20, iter limit: 14590) ...
  1.0s|     1 |     0 |  1519 |     - |    35M |   0 |1077 |1244 |2027 |  35 |  1 |   0 |   0 | 0.000000e+00 |      --      |    Inf | unknown
  2.0s|     1 |     0 |  1623 |     - |    62M |   0 |1077 |1244 |2309 | 317 |  2 |   0 |   0 | 0.000000e+00 |      --      |    Inf | unknown
  3.0s|     1 |     0 |  1734 |     - |    96M |   0 |1077 |1244 |2480 | 488 |  3 |   0 |   0 | 0.000000e+00 |      --      |    Inf | unknown
  7.0s|     1 |     0 |  1913 |     - |   135M |   0 |1077 |1244 |2596 | 604 |  4 |   0 |   0 | 0.000000e+00 |      --      |    Inf | unknown
 11.0s|     1 |     0 |  1994 |     - |   135M |   0 |1077 |1244 |2626 | 634 |  5 |   0 |   0 | 0.000000e+00 |      --      |    Inf | unknown
 16.0s|     1 |     0 |  2355 |     - |   167M |   0 |1077 |1244 |2826 | 834 |  6 |   0 |   0 | 0.000000e+00 |      --      |    Inf | unknown
 20.0s|     1 |     0 |  2417 |     - |   168M |   0 |1077 |1244 |2851 | 859 |  7 |   0 |   0 | 0.000000e+00 |      --      |    Inf | unknown
 25.0s|     1 |     0 |  2803 |     - |   211M |   0 |1077 |1244 |3101 |1109 |  8 |   0 |   0 | 0.000000e+00 |      --      |    Inf | unknown
 30.0s|     1 |     0 |  2849 |     - |   213M |   0 |1077 |1244 |3126 |1134 |  9 |   0 |   0 | 0.000000e+00 |      --      |    Inf | unknown
 37.0s|     1 |     0 |  2980 |     - |   239M |   0 |1077 |1244 |3329 |1337 | 10 |   0 |   0 | 0.000000e+00 |      --      |    Inf | unknown
 44.0s|     1 |     0 |  3193 |     - |   283M |   0 |1077 |1244 |3489 |1497 | 11 |   0 |   0 | 0.000000e+00 |      --      |    Inf | unknown
 45.0s|     1 |     2 |  3319 |     - |   283M |   0 |1077 |1244 |3489 |1497 | 11 |   0 |  16 | 0.000000e+00 |      --      |    Inf | unknown
 48.0s|   100 |    53 | 29850 | 269.3 |   298M |  27 |1077 |1320 |2438 |2520 |  2 |  76 |  16 | 0.000000e+00 |      --      |    Inf | unknown
 50.0s|   200 |    79 | 52124 | 245.9 |   306M |  35 |1077 |1464 |2365 |3098 |  3 | 220 |  16 | 0.000000e+00 |      --      |    Inf | unknown
 time | node  | left  |LP iter|LP it/n|mem/heur|mdpt |vars |cons |rows |cuts |sepa|confs|strbr|  dualbound   | primalbound  |  gap   | compl. 
 52.0s|   300 |    91 | 75320 | 241.2 |   310M |  35 |1077 |1589 |2409 |3994 |  0 | 345 |  16 | 0.000000e+00 |      --      |    Inf | unknown
 55.0s|   400 |    89 |100740 | 244.5 |   311M |  35 |1077 |1723 |   0 |4531 |  0 | 479 |  16 | 0.000000e+00 |      --      |    Inf | unknown
 57.0s|   500 |    83 |124556 | 243.2 |   312M |  35 |1077 |1861 |2376 |5127 |  0 | 618 |  16 | 0.000000e+00 |      --      |    Inf | unknown
 59.0s|   600 |    91 |147814 | 241.4 |   283M |  35 |1077 |1981 |2341 |5793 |  2 | 738 |  16 | 0.000000e+00 |      --      |    Inf | unknown
 61.0s|   700 |    85 |169313 | 237.7 |   285M |  35 |1077 |2138 |2516 |6334 |  2 | 896 |  16 | 0.000000e+00 |      --      |    Inf | unknown
 64.0s|   800 |    91 |196722 | 242.2 |   286M |  35 |1077 |2244 |2797 |6888 |  2 |1005 |  16 | 0.000000e+00 |      --      |    Inf | unknown
 66.0s|   900 |    92 |220751 | 242.0 |   287M |  35 |1077 |2362 |2470 |7215 |  2 |1125 |  16 | 0.000000e+00 |      --      |    Inf | unknown
 69.0s|  1000 |    92 |251161 | 248.2 |   289M |  35 |1077 |2454 |2217 |7890 |  1 |1229 |  16 | 0.000000e+00 |      --      |    Inf | unknown
 71.0s|  1100 |    97 |278258 | 250.3 |   291M |  35 |1077 |2574 |2777 |8631 |  2 |1355 |  16 | 0.000000e+00 |      --      |    Inf |   0.90%
 74.0s|  1200 |   101 |298310 | 246.1 |   294M |  35 |1077 |2682 |2819 |8935 |  0 |1467 |  16 | 0.000000e+00 |      --      |    Inf |   0.93%
 76.0s|  1300 |    89 |321913 | 245.4 |   296M |  35 |1077 |2796 |2786 |9223 |  0 |1587 |  16 | 0.000000e+00 |      --      |    Inf |   1.04%
 79.0s|  1400 |   103 |345612 | 244.8 |   298M |  35 |1077 |2874 |2408 |9950 |  2 |1676 |  16 | 0.000000e+00 |      --      |    Inf |   1.05%
 81.0s|  1500 |    93 |369568 | 244.4 |   299M |  35 |1077 |2963 |2341 |  10k|  0 |1788 |  16 | 0.000000e+00 |      --      |    Inf |   1.14%
 84.0s|  1600 |    91 |394592 | 244.8 |   300M |  35 |1077 |3043 |2311 |  10k|  0 |1895 |  16 | 0.000000e+00 |      --      |    Inf |   1.18%
 86.0s|  1700 |    96 |418539 | 244.5 |   303M |  35 |1077 |3121 |2391 |  11k|  0 |2011 |  16 | 0.000000e+00 |      --      |    Inf |   1.68%
 time | node  | left  |LP iter|LP it/n|mem/heur|mdpt |vars |cons |rows |cuts |sepa|confs|strbr|  dualbound   | primalbound  |  gap   | compl. 
 88.0s|  1800 |    82 |442123 | 244.0 |   304M |  35 |1077 |3220 |2977 |  11k|  0 |2145 |  16 | 0.000000e+00 |      --      |    Inf |   1.69%
 91.0s|  1900 |    73 |470021 | 245.8 |   305M |  35 |1077 |3268 |2455 |  12k|  2 |2253 |  16 | 0.000000e+00 |      --      |    Inf |   2.20%
 94.0s|  2000 |    73 |497726 | 247.4 |   307M |  35 |1077 |3350 |2428 |  12k|  0 |2360 |  16 | 0.000000e+00 |      --      |    Inf |   2.37%
 97.0s|  2100 |    81 |527983 | 250.0 |   309M |  35 |1077 |3427 |2324 |  13k|  2 |2477 |  16 | 0.000000e+00 |      --      |    Inf |   2.49%
 99.0s|  2200 |    77 |551127 | 249.2 |   310M |  36 |1077 |3481 |2412 |  14k|  0 |2578 |  16 | 0.000000e+00 |      --      |    Inf |   2.52%
  101s|  2300 |    80 |578345 | 250.2 |   311M |  36 |1077 |3536 |2734 |  15k|  0 |2679 |  16 | 0.000000e+00 |      --      |    Inf |   4.03%
  104s|  2400 |    83 |605373 | 251.0 |   313M |  36 |1077 |3582 |2324 |  15k|  2 |2789 |  16 | 0.000000e+00 |      --      |    Inf |   5.62%
  106s|  2500 |    79 |636553 | 253.4 |   315M |  36 |1077 |3637 |2357 |  16k|  1 |2912 |  16 | 0.000000e+00 |      --      |    Inf |   8.79%
  109s|  2600 |    76 |664917 | 254.6 |   317M |  36 |1077 |3604 |2392 |  17k|  2 |3002 |  16 | 0.000000e+00 |      --      |    Inf |   8.96%
  110s|  2700 |    81 |679796 | 250.7 |   317M |  38 |1077 |3628 |2466 |  17k|  2 |3054 |  16 | 0.000000e+00 |      --      |    Inf |   8.96%
  111s|  2800 |    76 |699219 | 248.7 |   318M |  38 |1077 |3674 |2459 |  17k|  0 |3109 |  16 | 0.000000e+00 |      --      |    Inf |   8.96%
  113s|  2900 |    79 |721031 | 247.6 |   320M |  38 |1077 |3699 |2388 |  18k|  2 |3173 |  16 | 0.000000e+00 |      --      |    Inf |   9.06%
  115s|  3000 |    87 |749184 | 248.7 |   322M |  38 |1077 |3753 |2586 |  19k|  0 |3265 |  16 | 0.000000e+00 |      --      |    Inf |   9.07%
  117s|  3100 |    83 |774295 | 248.8 |   323M |  38 |1077 |3768 |3092 |  19k|  2 |3348 |  16 | 0.000000e+00 |      --      |    Inf |   9.22%
  120s|  3200 |    89 |799529 | 248.9 |   324M |  38 |1077 |3792 |2346 |  20k|  2 |3447 |  16 | 0.000000e+00 |      --      |    Inf |  10.54%
 time | node  | left  |LP iter|LP it/n|mem/heur|mdpt |vars |cons |rows |cuts |sepa|confs|strbr|  dualbound   | primalbound  |  gap   | compl. 
  122s|  3300 |    82 |826942 | 249.7 |   324M |  38 |1077 |3767 |3106 |  20k|  0 |3533 |  16 | 0.000000e+00 |      --      |    Inf |  14.11%
  126s|  3400 |    86 |861177 | 252.4 |   325M |  38 |1077 |3770 |2398 |  21k|  3 |3630 |  16 | 0.000000e+00 |      --      |    Inf |  17.52%
  128s|  3500 |    83 |890408 | 253.6 |   325M |  38 |1077 |3809 |2818 |  21k|  2 |3744 |  16 | 0.000000e+00 |      --      |    Inf |  17.60%
  130s|  3600 |    74 |912605 | 252.7 |   327M |  38 |1077 |3812 |2441 |  22k|  0 |3854 |  16 | 0.000000e+00 |      --      |    Inf |  19.24%
  132s|  3700 |    64 |938105 | 252.7 |   329M |  38 |1077 |3811 |2305 |  22k|  0 |3959 |  16 | 0.000000e+00 |      --      |    Inf |  19.67%
  134s|  3800 |    69 |969466 | 254.3 |   332M |  38 |1077 |3765 |2751 |  23k|  0 |4051 |  16 | 0.000000e+00 |      --      |    Inf |  30.64%
  137s|  3900 |    67 |997487 | 255.0 |   333M |  38 |1077 |3788 |2293 |  23k|  0 |4152 |  16 | 0.000000e+00 |      --      |    Inf |  30.79%
  140s|  4000 |    62 |  1032k| 257.5 |   334M |  38 |1077 |3787 |2860 |  24k|  2 |4260 |  16 | 0.000000e+00 |      --      |    Inf |  32.55%
  142s|  4100 |    62 |  1057k| 257.1 |   334M |  38 |1077 |3715 |2875 |  24k|  2 |4354 |  16 | 0.000000e+00 |      --      |    Inf |  32.93%
  144s|  4200 |    65 |  1080k| 256.6 |   335M |  38 |1077 |3703 |2902 |  24k|  0 |4442 |  16 | 0.000000e+00 |      --      |    Inf |  33.19%
  145s|  4300 |    65 |  1096k| 254.3 |   337M |  38 |1077 |3746 |2922 |  25k|  1 |4500 |  16 | 0.000000e+00 |      --      |    Inf |  33.22%
  147s|  4400 |    63 |  1116k| 253.0 |   339M |  38 |1077 |3779 |2914 |  25k|  1 |4579 |  16 | 0.000000e+00 |      --      |    Inf |  33.32%
  149s|  4500 |    71 |  1134k| 251.5 |   344M |  38 |1077 |3840 |2976 |  25k|  0 |4658 |  16 | 0.000000e+00 |      --      |    Inf |  33.33%
  151s|  4600 |    61 |  1158k| 251.1 |   347M |  38 |1077 |3922 |2947 |  25k|  2 |4764 |  16 | 0.000000e+00 |      --      |    Inf |  33.35%
  153s|  4700 |    60 |  1185k| 251.6 |   348M |  38 |1077 |3962 |2636 |  25k|  0 |4866 |  16 | 0.000000e+00 |      --      |    Inf |  33.35%
 time | node  | left  |LP iter|LP it/n|mem/heur|mdpt |vars |cons |rows |cuts |sepa|confs|strbr|  dualbound   | primalbound  |  gap   | compl. 
  154s|  4800 |    73 |  1200k| 249.6 |   350M |  38 |1077 |3981 |2964 |  26k|  1 |4931 |  16 | 0.000000e+00 |      --      |    Inf |  33.36%
  155s|  4900 |    64 |  1214k| 247.4 |   351M |  38 |1077 |4050 |2917 |  26k|  1 |5015 |  16 | 0.000000e+00 |      --      |    Inf |  33.37%
  157s|  5000 |    74 |  1240k| 247.5 |   352M |  38 |1077 |4161 |2929 |  26k|  0 |5140 |  16 | 0.000000e+00 |      --      |    Inf |  33.37%
  160s|  5100 |    61 |  1270k| 248.5 |   354M |  38 |1077 |4023 |3040 |  26k|  0 |5230 |  16 | 0.000000e+00 |      --      |    Inf |  33.43%
  163s|  5200 |    73 |  1299k| 249.4 |   355M |  38 |1077 |4022 |2911 |  27k|  2 |5351 |  16 | 0.000000e+00 |      --      |    Inf |  33.46%
  165s|  5300 |    74 |  1324k| 249.3 |   356M |  38 |1077 |4046 |2529 |  28k|  2 |5477 |  16 | 0.000000e+00 |      --      |    Inf |  33.46%
  167s|  5400 |    78 |  1350k| 249.5 |   357M |  38 |1077 |3962 |2275 |  29k|  2 |5580 |  16 | 0.000000e+00 |      --      |    Inf |  34.83%
  170s|  5500 |    79 |  1378k| 250.2 |   357M |  38 |1077 |3874 |2804 |  30k|  1 |5680 |  16 | 0.000000e+00 |      --      |    Inf |  36.09%
  173s|  5600 |    78 |  1406k| 250.6 |   358M |  38 |1077 |3755 |2941 |  30k|  1 |5786 |  16 | 0.000000e+00 |      --      |    Inf |  37.03%
  175s|  5700 |    69 |  1427k| 249.9 |   358M |  38 |1077 |3658 |2334 |  30k|  0 |5890 |  16 | 0.000000e+00 |      --      |    Inf |  37.10%
  176s|  5800 |    73 |  1437k| 247.3 |   358M |  38 |1077 |3684 |2319 |  31k|  0 |5927 |  16 | 0.000000e+00 |      --      |    Inf |  37.15%
  179s|  5900 |    64 |  1461k| 247.3 |   358M |  38 |1077 |3614 |2389 |  31k|  0 |6003 |  16 | 0.000000e+00 |      --      |    Inf |  38.11%
  182s|  6000 |    66 |  1497k| 249.1 |   360M |  38 |1077 |3576 |2972 |  32k|  0 |6071 |  16 | 0.000000e+00 |      --      |    Inf |  40.87%
  184s|  6100 |    62 |  1524k| 249.4 |   360M |  38 |1077 |3484 |2251 |  32k|  1 |6158 |  16 | 0.000000e+00 |      --      |    Inf |  47.52%
  186s|  6200 |    73 |  1549k| 249.4 |   363M |  38 |1077 |3542 |2527 |  33k|  0 |6233 |  16 | 0.000000e+00 |      --      |    Inf |  47.84%
 time | node  | left  |LP iter|LP it/n|mem/heur|mdpt |vars |cons |rows |cuts |sepa|confs|strbr|  dualbound   | primalbound  |  gap   | compl. 
  188s|  6300 |    68 |  1575k| 249.7 |   363M |  38 |1077 |3550 |2913 |  33k|  0 |6327 |  16 | 0.000000e+00 |      --      |    Inf |  48.30%
  190s|  6400 |    71 |  1600k| 249.6 |   364M |  38 |1077 |3500 |2387 |  34k|  0 |6405 |  16 | 0.000000e+00 |      --      |    Inf |  49.02%
  192s|  6500 |    70 |  1630k| 250.4 |   364M |  38 |1077 |3524 |2370 |  35k|  2 |6520 |  16 | 0.000000e+00 |      --      |    Inf |  49.17%
  194s|  6600 |    81 |  1643k| 248.6 |   366M |  38 |1077 |3543 |   0 |  35k|  0 |6561 |  16 | 0.000000e+00 |      --      |    Inf |  49.17%
  195s|  6700 |    79 |  1658k| 247.2 |   367M |  38 |1077 |3550 |2411 |  35k|  1 |6624 |  16 | 0.000000e+00 |      --      |    Inf |  49.18%
  197s|  6800 |    92 |  1681k| 246.9 |   368M |  38 |1077 |3339 |2639 |  36k|  2 |6673 |  16 | 0.000000e+00 |      --      |    Inf |  49.87%
  198s|  6900 |    97 |  1698k| 245.8 |   368M |  38 |1077 |3244 |   0 |  37k|  0 |6743 |  16 | 0.000000e+00 |      --      |    Inf |  51.14%
  200s|  7000 |   100 |  1715k| 244.6 |   369M |  38 |1077 |3172 |2730 |  37k|  0 |6821 |  16 | 0.000000e+00 |      --      |    Inf |  51.64%
  203s|  7100 |    98 |  1745k| 245.4 |   370M |  38 |1077 |3110 |2526 |  37k|  0 |6855 |  16 | 0.000000e+00 |      --      |    Inf |  52.26%
  205s|  7200 |   100 |  1772k| 245.8 |   370M |  38 |1077 |2985 |2779 |  38k|  0 |6929 |  16 | 0.000000e+00 |      --      |    Inf |  52.40%
  208s|  7300 |    90 |  1802k| 246.5 |   370M |  38 |1077 |2821 |2920 |  38k|  0 |7036 |  16 | 0.000000e+00 |      --      |    Inf |  53.88%
  210s|  7400 |    85 |  1825k| 246.3 |   370M |  38 |1077 |2813 |2749 |  39k|  0 |7100 |  16 | 0.000000e+00 |      --      |    Inf |  53.95%
  213s|  7500 |    85 |  1856k| 247.1 |   371M |  38 |1077 |2715 |3053 |  39k|  1 |7190 |  16 | 0.000000e+00 |      --      |    Inf |  67.50%
  215s|  7600 |    76 |  1885k| 247.7 |   373M |  38 |1077 |2631 |2920 |  40k|  0 |7299 |  16 | 0.000000e+00 |      --      |    Inf |  69.43%
  218s|  7700 |    69 |  1915k| 248.4 |   373M |  38 |1077 |2565 |   0 |  41k|  0 |7399 |  16 | 0.000000e+00 |      --      |    Inf |  71.80%
 time | node  | left  |LP iter|LP it/n|mem/heur|mdpt |vars |cons |rows |cuts |sepa|confs|strbr|  dualbound   | primalbound  |  gap   | compl. 
  221s|  7800 |    63 |  1949k| 249.6 |   374M |  38 |1077 |2525 |   0 |  41k|  0 |7494 |  16 | 0.000000e+00 |      --      |    Inf |  73.70%
  225s|  7900 |    62 |  1988k| 251.3 |   374M |  38 |1077 |2535 |2960 |  42k|  2 |7582 |  16 | 0.000000e+00 |      --      |    Inf |  75.08%
  228s|  8000 |    68 |  2024k| 252.7 |   374M |  38 |1077 |2539 |2299 |  42k|  3 |7657 |  16 | 0.000000e+00 |      --      |    Inf |  77.35%
  230s|  8100 |    69 |  2050k| 252.8 |   375M |  38 |1077 |2506 |2935 |  43k|  2 |7732 |  16 | 0.000000e+00 |      --      |    Inf |  78.67%
  233s|  8200 |    59 |  2079k| 253.3 |   375M |  38 |1077 |2501 |3000 |  43k|  2 |7827 |  16 | 0.000000e+00 |      --      |    Inf |  79.53%
  235s|  8300 |    59 |  2111k| 254.0 |   377M |  38 |1077 |2542 |2414 |  44k|  0 |7911 |  16 | 0.000000e+00 |      --      |    Inf |  84.22%
  238s|  8400 |    56 |  2144k| 254.9 |   378M |  38 |1077 |2528 |2883 |  44k|  0 |8006 |  16 | 0.000000e+00 |      --      |    Inf |  85.47%
  241s|  8500 |    50 |  2169k| 254.9 |   378M |  38 |1077 |2514 |3079 |  44k|  2 |8071 |  16 | 0.000000e+00 |      --      |    Inf |  85.78%
  243s|  8600 |    45 |  2199k| 255.5 |   379M |  38 |1077 |2513 |2385 |  45k|  0 |8125 |  16 | 0.000000e+00 |      --      |    Inf |  85.93%
  246s|  8700 |    40 |  2225k| 255.5 |   380M |  38 |1077 |2506 |2593 |  45k|  1 |8196 |  16 | 0.000000e+00 |      --      |    Inf |  86.13%
  249s|  8800 |    35 |  2262k| 256.7 |   380M |  38 |1077 |2536 |2424 |  46k|  2 |8285 |  16 | 0.000000e+00 |      --      |    Inf |  87.86%
  251s|  8900 |    27 |  2292k| 257.3 |   382M |  38 |1077 |2596 |2913 |  47k|  0 |8370 |  16 | 0.000000e+00 |      --      |    Inf |  88.28%
  254s|  9000 |    22 |  2327k| 258.3 |   383M |  38 |1077 |2608 |2946 |  47k|  0 |8462 |  16 | 0.000000e+00 |      --      |    Inf |  90.98%
  256s|  9100 |    23 |  2345k| 257.5 |   384M |  38 |1077 |2642 |2914 |  48k|  2 |8520 |  16 | 0.000000e+00 |      --      |    Inf |  91.23%
  259s|  9200 |    30 |  2371k| 257.5 |   385M |  38 |1077 |2688 |2984 |  48k|  2 |8576 |  16 | 0.000000e+00 |      --      |    Inf |  91.28%
 time | node  | left  |LP iter|LP it/n|mem/heur|mdpt |vars |cons |rows |cuts |sepa|confs|strbr|  dualbound   | primalbound  |  gap   | compl. 
  261s|  9300 |    19 |  2404k| 258.2 |   386M |  38 |1077 |2744 |3040 |  49k|  2 |8684 |  16 | 0.000000e+00 |      --      |    Inf |  91.44%
  265s|  9400 |    14 |  2434k| 258.7 |   387M |  38 |1077 |2788 |2573 |  49k|  2 |8790 |  16 | 0.000000e+00 |      --      |    Inf |  91.95%
  268s|  9500 |     6 |  2470k| 259.7 |   387M |  38 |1077 |2832 |2662 |  50k|  1 |8890 |  16 | 0.000000e+00 |      --      |    Inf |  93.06%
  271s|  9600 |    12 |  2500k| 260.2 |   388M |  38 |1077 |2862 |2478 |  51k|  2 |8956 |  16 | 0.000000e+00 |      --      |    Inf |  94.72%
  275s|  9700 |    10 |  2538k| 261.4 |   389M |  38 |1077 |2949 |2484 |  52k|  0 |9054 |  16 | 0.000000e+00 |      --      |    Inf |  96.19%
  278s|  9800 |    12 |  2574k| 262.4 |   389M |  38 |1077 |3023 |3006 |  52k|  0 |9165 |  16 | 0.000000e+00 |      --      |    Inf |  97.94%
  282s|  9900 |    10 |  2613k| 263.7 |   391M |  38 |1077 |3089 |2671 |  53k|  0 |9258 |  16 | 0.000000e+00 |      --      |    Inf |  99.01%
  286s| 10000 |    10 |  2656k| 265.4 |   395M |  38 |1077 |3188 |3052 |  53k|  0 |9369 |  16 | 0.000000e+00 |      --      |    Inf |  99.21%
  290s| 10100 |     8 |  2701k| 267.2 |   400M |  38 |1077 |3247 |2828 |  54k|  2 |9456 |  16 | 0.000000e+00 |      --      |    Inf |  99.85%
  293s| 10200 |     7 |  2736k| 267.9 |   400M |  38 |1077 |3298 |2868 |  54k|  1 |9565 |  16 | 0.000000e+00 |      --      |    Inf |  99.96%
  297s| 10300 |     1 |  2771k| 268.8 |   403M |  38 |1077 |3373 |3097 |  54k|  0 |9666 |  16 | 0.000000e+00 |      --      |    Inf | 100.00%

SCIP Status        : problem is solved [infeasible]
Solving Time (sec) : 297.00
Solving Nodes      : 10301
Primal Bound       : +1.00000000000000e+20 (0 solutions)
Dual Bound         : +1.00000000000000e+20
Gap                : 0.00 %


no solution available

SCIP> 