SCIP version 10.0.1 [precision: 8 byte] [memory: block] [mode: optimized] [LP solver: SoPlex 8.0.1] [GitHash: 76a50c97d6]
Copyright (c) 2002-2026 Zuse Institute Berlin (ZIB)

External libraries: 
  SoPlex 8.0.1         Linear programming solver developed at Zuse Institute Berlin (soplex.zib.de) [GitHash: c69290aa]
  CppAD 20180000.0     Algorithmic Differentiation of C++ algorithms developed by B. Bell (github.com/coin-or/CppAD)
  ZLIB 1.3.1           General purpose compression library by J. Gailly and M. Adler (zlib.net)
  MPFR 4.2.2           GNU Multiple Precision Floating-Point Reliable Library (mpfr.org)
  Boost 1.89.0         Boost C++ Libraries (boost.org)
  TinyCThread 1.2      small portable implementation of the C11 threads API (tinycthread.github.io)
  GMP 6.3.0            GNU Multiple Precision Arithmetic Library developed by T. Granlund (gmplib.org)
  ZIMPL 3.7.0          Zuse Institute Mathematical Programming Language developed by T. Koch (zimpl.zib.de)
  AMPL/MP 4.0.4        AMPL .nl file reader library (github.com/ampl/mp)
  PaPILO 3.0.0         parallel presolve for integer and linear optimization (github.com/scipopt/papilo) (built with TBB) [GitHash: 4cbdc327]
  Nauty 2.8.8          Computing Graph Automorphism Groups by Brendan D. McKay (users.cecs.anu.edu.au/~bdm/nauty)
  sassy 2.0            Symmetry preprocessor by Markus Anders (github.com/markusa4/sassy)
  Ipopt 3.14.19        Interior Point Optimizer developed by A. Waechter et.al. (github.com/coin-or/Ipopt)

user parameter file <scip.set> not found - using default parameters


read problem <N20_R8_K3_1_20_nosplit2.lp>
============

original problem has 1353 variables (1330 bin, 21 int, 2 cont) and 4790 constraints
heuristics/padm/freq = -1
heuristics/ofins/freq = -1
heuristics/reoptsols/freq = -1
heuristics/trivialnegation/freq = -1
heuristics/trivial/freq = -1
heuristics/clique/freq = -1
heuristics/locks/freq = -1
heuristics/vbounds/freq = -1
heuristics/shiftandpropagate/freq = -1
heuristics/completesol/freq = -1
heuristics/simplerounding/freq = -1
heuristics/randrounding/freq = -1
heuristics/zirounding/freq = -1
heuristics/rounding/freq = -1
heuristics/shifting/freq = -1
heuristics/intshifting/freq = -1
heuristics/oneopt/freq = -1
heuristics/indicator/freq = -1
heuristics/adaptivediving/freq = -1
heuristics/indicatordiving/freq = -1
heuristics/farkasdiving/freq = -1
heuristics/feaspump/freq = -1
heuristics/conflictdiving/freq = -1
heuristics/pscostdiving/freq = -1
heuristics/fracdiving/freq = -1
heuristics/nlpdiving/freq = -1
heuristics/veclendiving/freq = -1
heuristics/distributiondiving/freq = -1
heuristics/objpscostdiving/freq = -1
heuristics/rootsoldiving/freq = -1
heuristics/linesearchdiving/freq = -1
heuristics/guideddiving/freq = -1
heuristics/rens/freq = -1
heuristics/alns/freq = -1
heuristics/rins/freq = -1
heuristics/gins/freq = -1
heuristics/crossover/freq = -1
heuristics/lpface/freq = -1
heuristics/undercover/freq = -1
heuristics/subnlp/freq = -1
heuristics/mpec/freq = -1
heuristics/multistart/freq = -1
heuristics/trysol/freq = -1
presolving/restartfac = 0.0125
presolving/restartminred = 0.06
constraints/setppc/cliquelifting = TRUE
presolving/boundshift/maxrounds = -1
presolving/qpkktref/maxrounds = -1
presolving/stuffing/maxrounds = -1
presolving/tworowbnd/maxrounds = -1
presolving/dualinfer/maxrounds = -1
presolving/dualagg/maxrounds = -1
presolving/implint/maxrounds = -1
presolving/redvub/maxrounds = -1
propagating/probing/maxuseless = 1500
propagating/probing/maxtotaluseless = 75
separating/closecuts/freq = 0
separating/rlt/freq = 20
separating/rlt/maxroundsroot = 15
separating/disjunctive/freq = 20
separating/disjunctive/maxroundsroot = 150
separating/gauge/freq = 0
separating/interminor/freq = 0
separating/convexproj/freq = 0
separating/gomory/maxroundsroot = 15
separating/gomory/maxsepacutsroot = 400
separating/aggregation/maxsepacutsroot = 1000
separating/clique/freq = 20
separating/zerohalf/maxroundsroot = 30
separating/zerohalf/maxsepacutsroot = 200
separating/lagromory/freq = 0
separating/mcf/freq = 20
separating/mcf/maxsepacutsroot = 400
separating/eccuts/freq = 0
separating/eccuts/maxroundsroot = 375
separating/eccuts/maxsepacutsroot = 100
separating/oddcycle/freq = 0
separating/oddcycle/maxroundsroot = 15
separating/oddcycle/maxsepacutsroot = 10000
constraints/benderslp/sepafreq = 0
constraints/integral/sepafreq = 0
constraints/SOS2/sepafreq = 10
constraints/varbound/sepafreq = 10
constraints/knapsack/sepafreq = 10
constraints/knapsack/maxsepacutsroot = 500
constraints/setppc/sepafreq = 10
constraints/or/sepafreq = 10
constraints/xor/sepafreq = 10
constraints/conjunction/sepafreq = 0
constraints/disjunction/sepafreq = 0
constraints/exactsol/sepafreq = 0
constraints/linear/sepafreq = 10
constraints/linear/maxsepacutsroot = 500
constraints/exactlinear/sepafreq = 10
constraints/exactlinear/maxsepacutsroot = 500
constraints/orbitope_full/sepafreq = 0
constraints/orbitope_pp/sepafreq = 0
constraints/logicor/sepafreq = 10
constraints/bounddisjunction/sepafreq = 0
constraints/pseudoboolean/sepafreq = 0
constraints/superindicator/sepafreq = 0
constraints/benders/sepafreq = 0
constraints/fixedvar/sepafreq = 0
constraints/countsols/sepafreq = 0
constraints/components/sepafreq = 0
cutselection/hybrid/minorthoroot = 0.1
separating/maxroundsrootsubrun = 5
separating/maxaddrounds = 5
separating/maxcutsroot = 5000
constraints/linear/separateall = TRUE
separating/aggregation/maxfailsroot = 200
separating/mcf/maxtestdelta = -1
separating/mcf/trynegscaling = TRUE
nodeselection/restartdfs/stdpriority = 100000
conflict/useinflp = b

presolving:
(round 1, fast)       23 del vars, 0 del conss, 0 add conss, 0 chg bounds, 0 chg sides, 0 chg coeffs, 0 upgd conss, 0 impls, 3421 clqs, 0 implints
   (0.0s) running MILP presolver
   (0.0s) MILP presolver found nothing
(round 2, exhaustive) 23 del vars, 0 del conss, 0 add conss, 0 chg bounds, 0 chg sides, 0 chg coeffs, 4751 upgd conss, 0 impls, 3421 clqs, 0 implints
(round 3, medium)     23 del vars, 19 del conss, 19 add conss, 0 chg bounds, 19 chg sides, 342 chg coeffs, 4751 upgd conss, 0 impls, 3439 clqs, 0 implints
(round 4, exhaustive) 23 del vars, 4579 del conss, 1159 add conss, 0 chg bounds, 19 chg sides, 342 chg coeffs, 4751 upgd conss, 0 impls, 3439 clqs, 0 implints
(round 5, exhaustive) 23 del vars, 4579 del conss, 1159 add conss, 0 chg bounds, 19 chg sides, 513 chg coeffs, 4751 upgd conss, 0 impls, 3439 clqs, 0 implints
(round 6, exhaustive) 23 del vars, 4598 del conss, 1159 add conss, 0 chg bounds, 19 chg sides, 513 chg coeffs, 4751 upgd conss, 0 impls, 3439 clqs, 0 implints
   (0.0s) probing: 76/1330 (5.7%) - 0 fixings, 0 aggregations, 0 implications, 0 bound changes
   (0.0s) probing aborted: 75/75 successive totally useless probings
   (0.0s) symmetry computation started: requiring (bin +, int +, cont +), (fixed: bin -, int -, cont -)
   (0.0s) no symmetry present (symcode time: 0.00)
presolving (7 rounds: 7 fast, 6 medium, 5 exhaustive):
 23 deleted vars, 4598 deleted constraints, 1159 added constraints, 0 tightened bounds, 0 added holes, 19 changed sides, 513 changed coefficients
 0 implications, 3439 cliques, 0 implied integral variables (0 bin, 0 int, 0 cont)
presolved problem has 1330 variables (1330 bin, 0 int, 0 cont) and 1351 constraints
    171 constraints of type <knapsack>
      1 constraints of type <setppc>
   1140 constraints of type <and>
     39 constraints of type <linear>
transformed objective value is always integral (scale: 1)
Presolving Time: 0.00

 time | node  | left  |LP iter|LP it/n|mem/heur|mdpt |vars |cons |rows |cuts |sepa|confs|strbr|  dualbound   | primalbound  |  gap   | compl. 
  0.0s|     1 |     0 |  2875 |     - |    26M |   0 |1330 |1351 |2491 |   0 |  0 |   0 |   0 | 0.000000e+00 |      --      |    Inf | unknown
Computing relative interior point (time limit: 1e+20, iter limit: 28750) ...
  1.0s|     1 |     0 |  3878 |     - |    33M |   0 |1330 |1351 |2617 | 126 |  1 |   0 |   0 | 0.000000e+00 |      --      |    Inf | unknown
  1.0s|     1 |     0 |  4672 |     - |    33M |   0 |1330 |1351 |2690 | 199 |  2 |   0 |   0 | 0.000000e+00 |      --      |    Inf | unknown
  2.0s|     1 |     0 |  5599 |     - |    33M |   0 |1330 |1351 |2743 | 252 |  3 |   0 |   0 | 0.000000e+00 |      --      |    Inf | unknown
  2.0s|     1 |     0 |  6095 |     - |    34M |   0 |1330 |1351 |2768 | 277 |  4 |   0 |   0 | 0.000000e+00 |      --      |    Inf | unknown
  2.0s|     1 |     0 |  7112 |     - |    35M |   0 |1330 |1351 |2941 | 450 |  5 |   0 |   0 | 0.000000e+00 |      --      |    Inf | unknown
  2.0s|     1 |     0 |  7562 |     - |    36M |   0 |1330 |1351 |2966 | 475 |  6 |   0 |   0 | 0.000000e+00 |      --      |    Inf | unknown
  2.0s|     1 |     0 |  7975 |     - |    36M |   0 |1330 |1351 |3018 | 527 |  7 |   0 |   0 | 0.000000e+00 |      --      |    Inf | unknown
  2.0s|     1 |     0 |  8381 |     - |    36M |   0 |1330 |1351 |3063 | 572 |  8 |   0 |   0 | 0.000000e+00 |      --      |    Inf | unknown
  3.0s|     1 |     0 |  8532 |     - |    37M |   0 |1330 |1351 |3076 | 585 |  9 |   0 |   0 | 0.000000e+00 |      --      |    Inf | unknown
  3.0s|     1 |     0 |  8622 |     - |    37M |   0 |1330 |1351 |3088 | 597 | 10 |   0 |   0 | 0.000000e+00 |      --      |    Inf | unknown
  3.0s|     1 |     0 |  8669 |     - |    37M |   0 |1330 |1351 |3094 | 603 | 11 |   0 |   0 | 0.000000e+00 |      --      |    Inf | unknown
  5.0s|     1 |     2 |  8705 |     - |    38M |   0 |1330 |1351 |3094 | 603 | 11 |   0 |  28 | 0.000000e+00 |      --      |    Inf | unknown
  9.0s|   100 |   101 | 41206 | 328.7 |    39M |  32 |1330 |1351 |3275 |1640 |  2 |   0 |  28 | 0.000000e+00 |      --      |    Inf | unknown
 12.0s|   200 |   201 | 62771 | 271.9 |    40M |  51 |1330 |1351 |3201 |2301 |  2 |   0 |  28 | 0.000000e+00 |      --      |    Inf | unknown
 time | node  | left  |LP iter|LP it/n|mem/heur|mdpt |vars |cons |rows |cuts |sepa|confs|strbr|  dualbound   | primalbound  |  gap   | compl. 
 15.0s|   300 |   301 | 87152 | 262.5 |    41M |  51 |1330 |1351 |3240 |3051 |  2 |   0 |  28 | 0.000000e+00 |      --      |    Inf | unknown
 18.0s|   400 |   401 |109310 | 252.2 |    42M |  51 |1330 |1351 |3344 |3726 |  2 |   0 |  28 | 0.000000e+00 |      --      |    Inf | unknown
 21.0s|   500 |   501 |133830 | 250.8 |    42M |  51 |1330 |1351 |3306 |4450 |  2 |   0 |  28 | 0.000000e+00 |      --      |    Inf | unknown
 32.0s|   600 |   601 |220439 | 353.5 |    43M |  54 |1330 |1351 |3431 |6595 |  2 |   0 |  28 | 0.000000e+00 |      --      |    Inf | unknown
 61.0s|   700 |   701 |456857 | 641.2 |    46M |  54 |1330 |1351 |3476 |  11k|  2 |   0 |  28 | 0.000000e+00 |      --      |    Inf | unknown
 81.0s|   800 |   797 |622054 | 767.7 |    48M |  55 |1330 |1351 |3290 |  15k|  2 |   0 |  28 | 0.000000e+00 |      --      |    Inf | unknown
  114s|   900 |   897 |877207 | 966.1 |    50M |  55 |1330 |1351 |3603 |  20k|  2 |   0 |  28 | 0.000000e+00 |      --      |    Inf | unknown
  148s|  1000 |   995 |  1128k|1121.0 |    52M |  55 |1330 |1351 |3378 |  26k|  2 |   0 |  28 | 0.000000e+00 |      --      |    Inf | unknown
  173s|  1100 |  1087 |  1318k|1191.8 |    56M |  57 |1330 |1356 |3594 |  30k|  2 |   5 |  28 | 0.000000e+00 |      --      |    Inf | unknown
  209s|  1200 |  1179 |  1585k|1315.4 |    59M |  57 |1330 |1364 |3400 |  36k|  2 |  13 |  28 | 0.000000e+00 |      --      |    Inf | unknown
  235s|  1300 |  1275 |  1790k|1372.0 |    60M |  57 |1330 |1364 |3469 |  41k|  2 |  13 |  28 | 0.000000e+00 |      --      |    Inf | unknown
  257s|  1400 |  1359 |  1975k|1405.7 |    62M |  57 |1330 |1369 |3552 |  44k|  2 |  18 |  28 | 0.000000e+00 |      --      |    Inf | unknown
  288s|  1500 |  1453 |  2207k|1467.0 |    65M |  57 |1330 |1369 |3287 |  49k|  2 |  18 |  28 | 0.000000e+00 |      --      |    Inf | unknown
pressed CTRL-C 1 times (5 times for forcing termination)

SCIP Status        : solving was interrupted [user interrupt]
Solving Time (sec) : 308.00
Solving Nodes      : 1564
Primal Bound       : +1.00000000000000e+20 (0 solutions)
Dual Bound         : +0.00000000000000e+00
Gap                : infinite


no solution available

SCIP> 