SCIP version 10.0.1 [precision: 8 byte] [memory: block] [mode: optimized] [LP solver: SoPlex 8.0.1] [GitHash: 76a50c97d6]
Copyright (c) 2002-2026 Zuse Institute Berlin (ZIB)

External libraries: 
  SoPlex 8.0.1         Linear programming solver developed at Zuse Institute Berlin (soplex.zib.de) [GitHash: c69290aa]
  CppAD 20180000.0     Algorithmic Differentiation of C++ algorithms developed by B. Bell (github.com/coin-or/CppAD)
  ZLIB 1.3.1           General purpose compression library by J. Gailly and M. Adler (zlib.net)
  MPFR 4.2.2           GNU Multiple Precision Floating-Point Reliable Library (mpfr.org)
  Boost 1.89.0         Boost C++ Libraries (boost.org)
  TinyCThread 1.2      small portable implementation of the C11 threads API (tinycthread.github.io)
  GMP 6.3.0            GNU Multiple Precision Arithmetic Library developed by T. Granlund (gmplib.org)
  ZIMPL 3.7.0          Zuse Institute Mathematical Programming Language developed by T. Koch (zimpl.zib.de)
  AMPL/MP 4.0.4        AMPL .nl file reader library (github.com/ampl/mp)
  PaPILO 3.0.0         parallel presolve for integer and linear optimization (github.com/scipopt/papilo) (built with TBB) [GitHash: 4cbdc327]
  Nauty 2.8.8          Computing Graph Automorphism Groups by Brendan D. McKay (users.cecs.anu.edu.au/~bdm/nauty)
  sassy 2.0            Symmetry preprocessor by Markus Anders (github.com/markusa4/sassy)
  Ipopt 3.14.19        Interior Point Optimizer developed by A. Waechter et.al. (github.com/coin-or/Ipopt)

user parameter file <scip.set> not found - using default parameters


read problem <N17_R8_K3_0_19_split_19_wo_lem_str4_v9.lp>
============

original problem has 898 variables (880 bin, 18 int, 0 cont) and 3116 constraints

presolving:
(round 1, fast)       109 del vars, 505 del conss, 0 add conss, 136 chg bounds, 64 chg sides, 128 chg coeffs, 0 upgd conss, 0 impls, 1736 clqs, 0 implints
(round 2, fast)       109 del vars, 513 del conss, 0 add conss, 148 chg bounds, 127 chg sides, 254 chg coeffs, 0 upgd conss, 0 impls, 1736 clqs, 0 implints
(round 3, fast)       109 del vars, 513 del conss, 0 add conss, 158 chg bounds, 174 chg sides, 342 chg coeffs, 0 upgd conss, 0 impls, 1736 clqs, 0 implints
(round 4, fast)       109 del vars, 513 del conss, 0 add conss, 166 chg bounds, 213 chg sides, 413 chg coeffs, 0 upgd conss, 0 impls, 1736 clqs, 0 implints
(round 5, fast)       109 del vars, 513 del conss, 0 add conss, 172 chg bounds, 244 chg sides, 468 chg coeffs, 0 upgd conss, 0 impls, 1736 clqs, 0 implints
(round 6, fast)       109 del vars, 513 del conss, 0 add conss, 176 chg bounds, 267 chg sides, 507 chg coeffs, 0 upgd conss, 0 impls, 1736 clqs, 0 implints
(round 7, fast)       109 del vars, 513 del conss, 0 add conss, 178 chg bounds, 281 chg sides, 532 chg coeffs, 0 upgd conss, 0 impls, 1736 clqs, 0 implints
(round 8, fast)       109 del vars, 513 del conss, 0 add conss, 178 chg bounds, 287 chg sides, 546 chg coeffs, 0 upgd conss, 0 impls, 1736 clqs, 0 implints
   (0.0s) running MILP presolver
   (0.0s) MILP presolver (2 rounds): 28 aggregations, 0 fixings, 0 bound changes
(round 9, medium)     137 del vars, 513 del conss, 0 add conss, 178 chg bounds, 287 chg sides, 546 chg coeffs, 0 upgd conss, 0 impls, 1680 clqs, 0 implints
(round 10, fast)       137 del vars, 569 del conss, 0 add conss, 178 chg bounds, 287 chg sides, 546 chg coeffs, 0 upgd conss, 0 impls, 1680 clqs, 0 implints
(round 11, exhaustive) 137 del vars, 578 del conss, 0 add conss, 178 chg bounds, 287 chg sides, 546 chg coeffs, 0 upgd conss, 0 impls, 1680 clqs, 0 implints
(round 12, exhaustive) 137 del vars, 578 del conss, 0 add conss, 178 chg bounds, 287 chg sides, 546 chg coeffs, 2382 upgd conss, 0 impls, 1680 clqs, 0 implints
(round 13, exhaustive) 137 del vars, 2818 del conss, 560 add conss, 178 chg bounds, 287 chg sides, 546 chg coeffs, 2382 upgd conss, 0 impls, 1680 clqs, 0 implints
(round 14, exhaustive) 137 del vars, 2818 del conss, 560 add conss, 178 chg bounds, 287 chg sides, 666 chg coeffs, 2382 upgd conss, 0 impls, 1680 clqs, 0 implints
   (0.0s) probing: 675/744 (90.7%) - 0 fixings, 0 aggregations, 3682 implications, 0 bound changes
   (0.0s) probing aborted: 50/50 successive totally useless probings
   (0.0s) symmetry computation started: requiring (bin +, int +, cont +), (fixed: bin -, int -, cont -)
   (0.0s) no symmetry present (symcode time: 0.00)
presolving (15 rounds: 15 fast, 6 medium, 5 exhaustive):
 137 deleted vars, 2818 deleted constraints, 560 added constraints, 178 tightened bounds, 0 added holes, 287 changed sides, 666 changed coefficients
 2999 implications, 2363 cliques, 0 implied integral variables (0 bin, 0 int, 0 cont)
presolved problem has 761 variables (744 bin, 17 int, 0 cont) and 858 constraints
     14 constraints of type <varbound>
    120 constraints of type <knapsack>
    560 constraints of type <and>
    156 constraints of type <linear>
      8 constraints of type <logicor>
transformed objective value is always integral (scale: 1)
Presolving Time: 0.00

 time | node  | left  |LP iter|LP it/n|mem/heur|mdpt |vars |cons |rows |cuts |sepa|confs|strbr|  dualbound   | primalbound  |  gap   | compl. 
  0.0s|     1 |     0 |  1586 |     - |    21M |   0 | 761 | 875 |1418 |   0 |  0 |  16 |   0 | 0.000000e+00 |      --      |    Inf | unknown
  0.0s|     1 |     0 |  4184 |     - |    33M |   0 | 761 | 896 |1435 |  17 |  1 |  37 |   0 | 0.000000e+00 |      --      |    Inf | unknown
  0.0s|     1 |     0 |  4237 |     - |    44M |   0 | 761 | 896 |1448 |  30 |  2 |  37 |   0 | 0.000000e+00 |      --      |    Inf | unknown
  0.0s|     1 |     0 |  4287 |     - |    54M |   0 | 761 | 896 |1456 |  38 |  3 |  37 |   0 | 0.000000e+00 |      --      |    Inf | unknown
  0.0s|     1 |     0 |  4328 |     - |    61M |   0 | 761 | 899 |1464 |  46 |  4 |  40 |   0 | 0.000000e+00 |      --      |    Inf | unknown
  0.0s|     1 |     0 |  4382 |     - |    72M |   0 | 761 | 900 |1469 |  51 |  5 |  41 |   0 | 0.000000e+00 |      --      |    Inf | unknown
  0.0s|     1 |     0 |  4416 |     - |    80M |   0 | 761 | 900 |1473 |  55 |  6 |  41 |   0 | 0.000000e+00 |      --      |    Inf | unknown
  1.0s|     1 |     0 |  4462 |     - |    90M |   0 | 761 | 900 |1478 |  60 |  7 |  41 |   0 | 0.000000e+00 |      --      |    Inf | unknown
  1.0s|     1 |     0 |  4507 |     - |    99M |   0 | 761 | 901 |1483 |  65 |  8 |  42 |   0 | 0.000000e+00 |      --      |    Inf | unknown
  1.0s|     1 |     0 |  4549 |     - |   107M |   0 | 761 | 901 |1487 |  69 |  9 |  42 |   0 | 0.000000e+00 |      --      |    Inf | unknown
  1.0s|     1 |     0 |  4574 |     - |   114M |   0 | 761 | 902 |1494 |  76 | 10 |  43 |   0 | 0.000000e+00 |      --      |    Inf | unknown
  1.0s|     1 |     0 |  4591 |     - |   114M |   0 | 761 | 902 |1497 |  79 | 11 |  43 |   0 | 0.000000e+00 |      --      |    Inf | unknown
  1.0s|     1 |     2 |  5192 |     - |   114M |   0 | 761 | 904 |1497 |  79 | 11 |  45 |  18 | 0.000000e+00 |      --      |    Inf | unknown
  3.0s|   100 |    29 | 23235 | 188.3 |   121M |  20 | 761 | 969 |1533 | 457 |  0 | 115 |  18 | 0.000000e+00 |      --      |    Inf |   2.41%
  4.0s|   200 |    48 | 37004 | 162.9 |   121M |  24 | 761 |1087 |1562 | 693 |  0 | 233 |  18 | 0.000000e+00 |      --      |    Inf |   2.44%
 time | node  | left  |LP iter|LP it/n|mem/heur|mdpt |vars |cons |rows |cuts |sepa|confs|strbr|  dualbound   | primalbound  |  gap   | compl. 
  6.0s|   300 |    73 | 55324 | 169.7 |   122M |  25 | 761 |1201 |1460 | 927 |  2 | 347 |  18 | 0.000000e+00 |      --      |    Inf |   4.11%
  7.0s|   400 |    81 | 72704 | 170.7 |   124M |  25 | 761 |1340 |1555 |1129 |  2 | 486 |  18 | 0.000000e+00 |      --      |    Inf |   6.62%
  8.0s|   500 |    98 | 91268 | 173.7 |   125M |  25 | 761 |1448 |1502 |1405 |  2 | 594 |  18 | 0.000000e+00 |      --      |    Inf |  15.04%
 10.0s|   600 |   121 |106176 | 169.6 |   126M |  25 | 761 |1538 |1509 |1648 |  1 | 684 |  18 | 0.000000e+00 |      --      |    Inf |  22.94%
 11.0s|   700 |   121 |117202 | 161.1 |   122M |  25 | 761 |1617 |1503 |1839 |  1 | 763 |  18 | 0.000000e+00 |      --      |    Inf |  32.09%
 12.0s|   800 |   132 |131463 | 158.8 |   124M |  25 | 761 |1686 |1600 |2174 |  2 | 843 |  18 | 0.000000e+00 |      --      |    Inf |  35.83%
 13.0s|   900 |   136 |148281 | 159.8 |   126M |  25 | 761 |1745 |1492 |2578 |  2 | 907 |  18 | 0.000000e+00 |      --      |    Inf |  40.62%
 14.0s|  1000 |   136 |163349 | 158.9 |   128M |  25 | 761 |1803 |1551 |3000 |  0 | 968 |  18 | 0.000000e+00 |      --      |    Inf |  43.37%
 16.0s|  1100 |   140 |181892 | 161.3 |   131M |  25 | 761 |1860 |1591 |3464 |  2 |1027 |  18 | 0.000000e+00 |      --      |    Inf |  49.35%
 17.0s|  1200 |   159 |195164 | 158.9 |   131M |  25 | 761 |1914 |1583 |3755 |  1 |1084 |  18 | 0.000000e+00 |      --      |    Inf |  50.49%
 17.0s|  1300 |   127 |208582 | 157.0 |   132M |  25 | 761 |1969 |1515 |3961 |  1 |1159 |  18 | 0.000000e+00 |      --      |    Inf |  57.68%
 19.0s|  1400 |   113 |226315 | 158.5 |   133M |  25 | 761 |2020 |1508 |4269 |  2 |1236 |  18 | 0.000000e+00 |      --      |    Inf |  61.61%
 20.0s|  1500 |   105 |238879 | 156.3 |   133M |  25 | 761 |2080 |1539 |4605 |  2 |1324 |  18 | 0.000000e+00 |      --      |    Inf |  65.47%
 20.0s|  1600 |    85 |249624 | 153.2 |   133M |  25 | 761 |2081 |   0 |4948 |  0 |1381 |  18 | 0.000000e+00 |      --      |    Inf |  70.32%
 21.0s|  1700 |    65 |258021 | 149.2 |   134M |  25 | 761 |2076 |   0 |5196 |  0 |1432 |  18 | 0.000000e+00 |      --      |    Inf |  75.42%
 time | node  | left  |LP iter|LP it/n|mem/heur|mdpt |vars |cons |rows |cuts |sepa|confs|strbr|  dualbound   | primalbound  |  gap   | compl. 
 22.0s|  1800 |    65 |271779 | 148.5 |   135M |  25 | 761 |2097 |   0 |5561 |  0 |1496 |  18 | 0.000000e+00 |      --      |    Inf |  78.67%
 23.0s|  1900 |    30 |284878 | 147.6 |   136M |  25 | 761 |2086 |   0 |5876 |  0 |1561 |  18 | 0.000000e+00 |      --      |    Inf |  86.66%
 24.0s|  2000 |    36 |298385 | 147.0 |   136M |  25 | 761 |2104 |1494 |6278 |  2 |1636 |  18 | 0.000000e+00 |      --      |    Inf |  87.65%
 25.0s|  2100 |    36 |313567 | 147.2 |   136M |  25 | 761 |2119 |1520 |6881 |  2 |1694 |  18 | 0.000000e+00 |      --      |    Inf |  89.58%
 26.0s|  2200 |    25 |325779 | 146.1 |   136M |  25 | 761 |2149 |1513 |7208 |  2 |1771 |  18 | 0.000000e+00 |      --      |    Inf |  93.57%
 27.0s|  2300 |    16 |339228 | 145.6 |   137M |  25 | 761 |2219 |   0 |7603 |  0 |1867 |  18 | 0.000000e+00 |      --      |    Inf |  95.59%
 28.0s|  2400 |    23 |356605 | 146.7 |   137M |  25 | 761 |2259 |1526 |8203 |  0 |1936 |  18 | 0.000000e+00 |      --      |    Inf |  97.64%
 29.0s|  2500 |     5 |367543 | 145.2 |   137M |  25 | 761 |2260 |   0 |8577 |  0 |2035 |  18 | 0.000000e+00 |      --      |    Inf |  99.51%

SCIP Status        : problem is solved [infeasible]
Solving Time (sec) : 30.00
Solving Nodes      : 2586
Primal Bound       : +1.00000000000000e+20 (0 solutions)
Dual Bound         : +1.00000000000000e+20
Gap                : 0.00 %


no solution available

SCIP> 