SCIP version 10.0.1 [precision: 8 byte] [memory: block] [mode: optimized] [LP solver: SoPlex 8.0.1] [GitHash: 76a50c97d6]
Copyright (c) 2002-2026 Zuse Institute Berlin (ZIB)

External libraries: 
  SoPlex 8.0.1         Linear programming solver developed at Zuse Institute Berlin (soplex.zib.de) [GitHash: c69290aa]
  CppAD 20180000.0     Algorithmic Differentiation of C++ algorithms developed by B. Bell (github.com/coin-or/CppAD)
  ZLIB 1.3.1           General purpose compression library by J. Gailly and M. Adler (zlib.net)
  MPFR 4.2.2           GNU Multiple Precision Floating-Point Reliable Library (mpfr.org)
  Boost 1.89.0         Boost C++ Libraries (boost.org)
  TinyCThread 1.2      small portable implementation of the C11 threads API (tinycthread.github.io)
  GMP 6.3.0            GNU Multiple Precision Arithmetic Library developed by T. Granlund (gmplib.org)
  ZIMPL 3.7.0          Zuse Institute Mathematical Programming Language developed by T. Koch (zimpl.zib.de)
  AMPL/MP 4.0.4        AMPL .nl file reader library (github.com/ampl/mp)
  PaPILO 3.0.0         parallel presolve for integer and linear optimization (github.com/scipopt/papilo) (built with TBB) [GitHash: 4cbdc327]
  Nauty 2.8.8          Computing Graph Automorphism Groups by Brendan D. McKay (users.cecs.anu.edu.au/~bdm/nauty)
  sassy 2.0            Symmetry preprocessor by Markus Anders (github.com/markusa4/sassy)
  Ipopt 3.14.19        Interior Point Optimizer developed by A. Waechter et.al. (github.com/coin-or/Ipopt)

user parameter file <scip.set> not found - using default parameters


read problem <N20_R9_K3_4_23_split_23_fix4A_6_fixrestB_wo_lem_str4_v9.lp>
============

original problem has 1469 variables (1448 bin, 21 int, 0 cont) and 5200 constraints

presolving:
(round 1, fast)       307 del vars, 1341 del conss, 0 add conss, 334 chg bounds, 118 chg sides, 236 chg coeffs, 0 upgd conss, 0 impls, 2560 clqs, 0 implints
presolving (2 rounds: 2 fast, 0 medium, 0 exhaustive):
 307 deleted vars, 1341 deleted constraints, 0 added constraints, 334 tightened bounds, 0 added holes, 118 changed sides, 236 changed coefficients
 0 implications, 2560 cliques, 0 implied integral variables (0 bin, 0 int, 0 cont)
presolving detected infeasibility
Presolving Time: 0.00

SCIP Status        : problem is solved [infeasible]
Solving Time (sec) : 0.00
Solving Nodes      : 0
Primal Bound       : +1.00000000000000e+20 (0 solutions)
Dual Bound         : +1.00000000000000e+20
Gap                : 0.00 %


no solution available

SCIP> 