
Gurobi 13.0.1 (win64, gurobi_cl) logging started Sun May  3 20:25:01 2026

Set parameter WLSAccessID
Set parameter WLSSecret
Set parameter LicenseID to value 2811917
Set parameter LogFile to value "N24_R9_K3_3_26_split_26_fix3B_6_exact_fixrestA_wo_lem_str4_f9_g.log"
Using license file C:\Users\artik\gurobi.lic
Academic license 2811917 - for non-commercial use only - registered to ar___@ukma.edu.ua

Gurobi Optimizer version 13.0.1 build v13.0.1rc0 (win64 - Windows 11+.0 (26200.2))
Copyright (c) 2026, Gurobi Optimization, LLC

Error reading LP format file N24_R9_K3_3_26_split_26_fix3B_6_exact_fixrestA_wo_lem_str4_f9.lp at line 9136
Unrecognized variable bound
Neighboring tokens: " tbounds: 116 <= T <= 116 Binary x0_1 "


Error 10012: Unable to read file


Gurobi 13.0.1 (win64, gurobi_cl) logging started Sun May  3 20:25:15 2026

Set parameter WLSAccessID
Set parameter WLSSecret
Set parameter LicenseID to value 2811917
Set parameter LogFile to value "N24_R9_K3_3_26_split_26_fix3B_6_exact_fixrestA_wo_lem_str4_f9_g.log"
Using license file C:\Users\artik\gurobi.lic
Academic license 2811917 - for non-commercial use only - registered to ar___@ukma.edu.ua

Gurobi Optimizer version 13.0.1 build v13.0.1rc0 (win64 - Windows 11+.0 (26200.2))
Copyright (c) 2026, Gurobi Optimization, LLC

Read LP format model from file N24_R9_K3_3_26_split_26_fix3B_6_exact_fixrestA_wo_lem_str4_f9.lp
Reading time = 0.03 seconds
obj: 9065 rows, 2716 columns, 35288 nonzeros

Using Gurobi shared library D:\gurobi\win64\bin\gurobi130.dll

CPU model: 12th Gen Intel(R) Core(TM) i7-12700H, instruction set [SSE2|AVX|AVX2]
Thread count: 14 physical cores, 20 logical processors, using up to 20 threads

Academic license 2811917 - for non-commercial use only - registered to ar___@ukma.edu.ua
Optimize a model with 9065 rows, 2716 columns and 35288 nonzeros (Min)
Model fingerprint: 0x8efbc2f2
Model has 1 linear objective coefficients
Variable types: 0 continuous, 2716 integer (2690 binary)
Coefficient statistics:
  Matrix range     [1e+00, 8e+01]
  Objective range  [1e+00, 1e+00]
  Bounds range     [1e+00, 1e+02]
  RHS range        [1e+00, 8e+01]

Presolve removed 2247 rows and 551 columns
Presolve time: 0.07s
Presolved: 6818 rows, 2165 columns, 27138 nonzeros
Variable types: 0 continuous, 2165 integer (2143 binary)

Root relaxation: objective 0.000000e+00, 3432 iterations, 0.23 seconds (0.45 work units)

    Nodes    |    Current Node    |     Objective Bounds      |     Work
 Expl Unexpl |  Obj  Depth IntInf | Incumbent    BestBd   Gap | It/Node Time

     0     0    0.00000    0  288          -    0.00000      -     -    0s
     0     0    0.00000    0  252          -    0.00000      -     -    1s
     0     0    0.00000    0  246          -    0.00000      -     -    1s
     0     0    0.00000    0  202          -    0.00000      -     -    1s
     0     0    0.00000    0  202          -    0.00000      -     -    1s
     0     0    0.00000    0  202          -    0.00000      -     -    1s
     0     0    0.00000    0  223          -    0.00000      -     -    1s
     0     0    0.00000    0  223          -    0.00000      -     -    2s
     0     0    0.00000    0  227          -    0.00000      -     -    2s
     0     0    0.00000    0  225          -    0.00000      -     -    2s
     0     0    0.00000    0  179          -    0.00000      -     -    2s
     0     0    0.00000    0  147          -    0.00000      -     -    3s
     0     0    0.00000    0  145          -    0.00000      -     -    3s
     0     0    0.00000    0  145          -    0.00000      -     -    3s
     0     0    0.00000    0  153          -    0.00000      -     -    3s
     0     0    0.00000    0  150          -    0.00000      -     -    3s
     0     0    0.00000    0  150          -    0.00000      -     -    3s
     0     0    0.00000    0  139          -    0.00000      -     -    4s
     0     0    0.00000    0  133          -    0.00000      -     -    5s
     0     0    0.00000    0  133          -    0.00000      -     -    5s
     0     0    0.00000    0  138          -    0.00000      -     -    5s
     0     0    0.00000    0  149          -    0.00000      -     -    5s
     0     0    0.00000    0  123          -    0.00000      -     -    5s
     0     0    0.00000    0  156          -    0.00000      -     -    5s
     0     0    0.00000    0  146          -    0.00000      -     -    5s
     0     0    0.00000    0  128          -    0.00000      -     -    6s
H    0     0                     195.0000000    0.00000   100%     -    6s
     0     0    0.00000    0  126  195.00000    0.00000   100%     -    6s
     0     0    0.00000    0  126  195.00000    0.00000   100%     -    6s
H    0     0                     106.0000000    0.00000   100%     -    6s
H    0     0                     100.0000000    0.00000   100%     -    6s
H    0     0                      97.0000000    0.00000   100%     -    6s
H    0     0                      96.0000000    0.00000   100%     -    6s
H    0     0                      26.0000000    0.00000   100%     -    6s
H    0     0                      16.0000000    0.00000   100%     -    7s
     0     2    0.00000    0  126   16.00000    0.00000   100%     -    7s
    60   117    0.00000    8  214   16.00000    0.00000   100%   554   10s
   645  1658    0.00000   39  191   16.00000    0.00000   100%   344   15s
H  749  1658                      11.0000000    0.00000   100%   328   15s
H  762  1658                      10.0000000    0.00000   100%   323   15s
H 2032  1637                       9.0000000    0.00000   100%   243   17s
  3606  2947    0.00000    7  146    9.00000    0.00000   100%   195   21s
  4155  2951    0.02273   67  180    9.00000    0.00000   100%   193   25s
  4164  2957    0.00000   15  127    9.00000    0.00000   100%   192   32s
  4170  2961    0.00000   52  142    9.00000    0.00000   100%   192   35s
  4269  3051    0.00000   18  138    9.00000    0.00000   100%   206   40s
  4596  3289    0.00000   30  308    9.00000    0.00000   100%   217   50s
  4639  3323    0.00000   31  248    9.00000    0.00000   100%   218   57s
  4689  3727    0.00000   31  294    9.00000    0.00000   100%   220   67s
  5109  4476    0.00000   49  256    9.00000    0.00000   100%   233   81s
  6094  4918    1.00000   73  384    9.00000    0.00000   100%   287   93s
  6936  4967    1.40738   91  351    9.00000    0.00000   100%   308  107s
  7396  6068    1.47338   91  325    9.00000    0.00000   100%   320  125s
  8927  6813    0.00000   50  198    9.00000    0.00000   100%   353  137s
 10453  7410    0.00000   52  221    9.00000    0.00000   100%   386  150s
 11891  8332    0.00000   62  155    9.00000    0.00000   100%   387  162s
 13920  8749    1.82887   61  304    9.00000    0.00000   100%   380  170s
 14998  9676    0.00000   53  201    9.00000    0.00000   100%   381  178s
 16113  9749    0.00000  106  198    9.00000    0.00000   100%   391  186s
 16188 10544    0.00000  113  253    9.00000    0.00000   100%   392  193s
 17339 10557    0.05306   70  341    9.00000    0.00000   100%   391  200s
 17366 10770    0.16987   71  339    9.00000    0.00000   100%   391  208s
 17735 11346    0.17134   72  351    9.00000    0.00000   100%   390  216s
 18562 12235    0.61738   73  294    9.00000    0.00000   100%   387  224s
 19675 13277    1.00000   97  190    9.00000    0.00000   100%   385  232s
 21135 13846    0.00000   32  181    9.00000    0.00000   100%   383  236s
 21932 14452    0.00000   66  172    9.00000    0.00000   100%   380  241s
 22666 15220    0.83332   99  274    9.00000    0.00000   100%   379  245s
 24283 16371    0.00000   86  153    9.00000    0.00000   100%   374  254s
 25353 17150    0.00000   91  223    9.00000    0.00000   100%   372  258s
 26490 17888     cutoff  127         9.00000    0.00000   100%   370  263s
 27480 18758    0.00000   93  261    9.00000    0.00000   100%   368  267s
 28692 19480    4.40874   90  220    9.00000    0.00000   100%   365  272s
 29622 19806    0.00000   78  126    9.00000    0.00000   100%   367  277s
 30015 20757    0.02793   92  188    9.00000    0.00000   100%   368  282s
 31348 21876    0.00000   47  171    9.00000    0.00000   100%   367  287s
 32971 23228    0.18640   69  253    9.00000    0.00000   100%   364  292s
 34877 24250    0.00000   82  136    9.00000    0.00000   100%   358  296s
H35720 24207                       8.0000000    0.00000   100%   357  296s
 36360 25120    0.00000   81  193    8.00000    0.00000   100%   357  302s
 37845 26255    0.94726  105  233    8.00000    0.00000   100%   355  307s
 39467 28555    2.54998  104  218    8.00000    0.00000   100%   354  332s
H43607 27861                       6.0000000    0.00000   100%   343  336s
 43686 28275     cutoff  112         6.00000    0.00000   100%   343  341s
 44335 29124    0.33198  101  180    6.00000    0.00000   100%   341  345s
 45596 30068    0.00000   76  176    6.00000    0.00000   100%   342  350s
 47254 30183    0.00000   84  164    6.00000    0.00000   100%   339  355s
 47485 30197    0.00000   85  183    6.00000    0.00000   100%   339  361s
 47499 30395    0.00000   86  213    6.00000    0.00000   100%   339  367s
 47795 30896    0.00000   82  274    6.00000    0.00000   100%   339  372s
 48609 31860    0.00000   74  154    6.00000    0.00000   100%   339  378s
 50264 32768    0.00000   67  136    6.00000    0.00000   100%   337  384s
 52173 33685    0.00000   75  160    6.00000    0.00000   100%   333  389s
 54019 34400    0.72309  103  231    6.00000    0.00000   100%   330  393s
 55332 35078    0.00000   78  163    6.00000    0.00000   100%   329  398s
 56361 36484    1.20879  111  159    6.00000    0.00000   100%   328  403s
 58870 38829    1.01911  100  131    6.00000    0.00000   100%   323  414s
 63670 39387    0.00000   90  123    6.00000    0.00000   100%   315  417s
 64810 39480    4.69599  100  130    6.00000    0.00000   100%   313  420s
 65694 40286    0.42857  106   88    6.00000    0.00000   100%   312  428s
 66657 41072     cutoff  104         6.00000    0.00000   100%   311  431s
 68119 41754    0.23989   91  164    6.00000    0.00000   100%   309  435s
 71880 43042    0.00000   83  138    6.00000    0.00000   100%   304  442s
 73701 43640    0.00000   78  179    6.00000    0.00000   100%   301  445s
 76138 44883    2.00684  101  149    6.00000    0.00000   100%   299  451s
 78709 47068    1.94304   97  108    6.00000    0.00000   100%   297  463s
 82592 47482    0.02533   99  143    6.00000    0.00000   100%   292  467s
 83648 48170     cutoff  100         6.00000    0.00000   100%   291  470s
 86460 49037    0.19029   99  131    6.00000    0.00000   100%   287  476s
 88428 49078    1.44251   94   88    6.00000    0.00000   100%   284  480s
 88773 49275 infeasible   96         6.00000    0.00000   100%   284  486s
 89358 49443    2.77273   98   52    6.00000    0.00000   100%   283  493s
 89672 49540    1.22671   99   99    6.00000    0.00000   100%   282  496s
 89949 49899    2.97010  104   86    6.00000    0.00000   100%   282  500s
 92007 50716    1.00000   88  164    6.00000    0.00000   100%   279  508s
 93800 51416    1.71429  102  172    6.00000    0.00000   100%   277  512s
 95596 51689    0.00000   86  145    6.00000    0.00000   100%   275  516s
 96481 52446    0.00000   87  137    6.00000    0.00000   100%   274  520s
 98274 53566    0.44921   95  150    6.00000    0.00000   100%   273  528s
 101202 53980    1.90738   95   87    6.00000    0.00000   100%   271  532s
 102363 54619    2.66667   99  149    6.00000    0.00000   100%   270  536s
 104159 55282    0.00000   87  123    6.00000    0.00000   100%   269  540s
 106590 56367    0.00000   68  167    6.00000    0.00000   100%   268  547s
 108429 57076    1.00000   94  168    6.00000    0.00000   100%   266  551s
 110822 58078    0.00000  101  130    6.00000    0.00000   100%   265  558s
 112569 58621    0.00000  102  146    6.00000    0.00000   100%   264  562s
 113714 59138    0.00000   87  124    6.00000    0.00000   100%   264  565s
 116800 60414    0.09839  120  183    6.00000    0.00000   100%   263  572s
 118057 61359    3.29927   95  175    6.00000    0.00000   100%   262  579s
 119945 62142    3.18687   86  112    6.00000    0.00000   100%   262  584s
 122091 62346    2.04053   82  175    6.00000    0.00000   100%   261  588s
 122767 63028    0.04663   92  132    6.00000    0.00000   100%   261  593s
 124695 63639    0.00000   82  199    6.00000    0.00000   100%   260  597s
 126106 64341    4.01654  110  149    6.00000    0.00000   100%   260  601s
 127567 64989    2.45502  103  153    6.00000    0.00000   100%   260  605s
 130913 66419    0.00000   85   92    6.00000    0.00000   100%   259  613s
 132719 66805    0.00000   80   98    6.00000    0.00000   100%   258  617s
 133833 67382    0.00000   80  127    6.00000    0.00000   100%   257  622s
 135515 67936    1.00000   92  192    6.00000    0.00000   100%   257  625s
H137016 66961                       5.0000000    0.00000   100%   256  630s
 137573 67986    3.02273   99    9    5.00000    0.00000   100%   256  636s
 140057 68634    3.00960  101  120    5.00000    0.00000   100%   256  640s
 142512 69408    0.00000   95  124    5.00000    0.00000   100%   256  648s
 142939 69958     cutoff  110         5.00000    0.00000   100%   256  653s
 144211 70665    0.04545   83  116    5.00000    0.00000   100%   256  657s
 146009 71365    1.00000   98  147    5.00000    0.00000   100%   256  661s
 147447 72144    0.00000   91  138    5.00000    0.00000   100%   256  666s
 148970 72823    1.74158   95  173    5.00000    0.00000   100%   256  670s
 151334 74038    2.00000   84  184    5.00000    0.00000   100%   256  678s
 152865 74548    0.00000   84  159    5.00000    0.00000   100%   256  683s
 153863 75390    0.00000   76  151    5.00000    0.00000   100%   256  688s
 155664 76171    0.00691   94  239    5.00000    0.00000   100%   255  692s
 157406 76798    0.01775   88  228    5.00000    0.00000   100%   255  699s
 158622 78237    0.00000   89  131    5.00000    0.00000   100%   255  707s
 161688 79241    0.00000   88  109    5.00000    0.00000   100%   254  712s
 164170 79843    3.00340  115  143    5.00000    0.00000   100%   253  715s
 167315 80704    2.43441  101  143    5.00000    0.00000   100%   252  722s
 168177 81303     cutoff  104         5.00000    0.00000   100%   252  726s
 169856 81624    0.00000   95   96    5.00000    0.00000   100%   251  730s
 171590 82279     cutoff  104         5.00000    0.00000   100%   251  737s
 172913 82832    0.00000   95  140    5.00000    0.00000   100%   251  741s
 175795 83917 infeasible  129         5.00000    0.00000   100%   251  748s
 177378 84629 infeasible   93         5.00000    0.00000   100%   250  754s
 179262 85253    0.00000   90  213    5.00000    0.00000   100%   250  758s
 180393 86160    0.03767   97  200    5.00000    0.00000   100%   250  764s
 182433 86759    0.00000  106   99    5.00000    0.00000   100%   250  768s
 184363 87476    0.00000   92   92    5.00000    0.00000   100%   249  773s
 186745 87830     cutoff   99         5.00000    0.00000   100%   248  777s
 187974 88434    3.32042  100  135    5.00000    0.00000   100%   248  781s
 189901 88956     cutoff  117         5.00000    0.00000   100%   247  785s
 194049 89849 infeasible  115         5.00000    0.00000   100%   245  792s
 195415 90457 infeasible  113         5.00000    0.00000   100%   244  796s
 197618 91345     cutoff  130         5.00000    0.00000   100%   243  803s
 200157 91764    1.62753   94  139    5.00000    0.00000   100%   242  806s
 201467 91781    2.00000  110  108    5.00000    0.00000   100%   242  813s
 201487 91786    2.00000  111   97    5.00000    0.00000   100%   242  817s
 201509 91789     cutoff  112         5.00000    0.00000   100%   242  820s
 201534 91800    2.37623  113  100    5.00000    0.00000   100%   242  825s
 201678 91902 infeasible  115         5.00000    0.00000   100%   242  833s
 201868 92147    2.04604  109  118    5.00000    0.00000   100%   242  838s
 202557 92411    1.02782   95  114    5.00000    0.00000   100%   242  843s
 203445 92731     cutoff  113         5.00000    0.00000   100%   242  848s
 204548 93120 infeasible  113         5.00000    0.00000   100%   241  854s
 205742 93555    0.00000   89  191    5.00000    0.00000   100%   241  860s
 206914 94309    2.00159   96  173    5.00000    0.00000   100%   241  866s
 208986 94956    2.24800  107  164    5.00000    0.00000   100%   241  871s
 210915 95780     cutoff  100         5.00000    0.00000   100%   240  877s
 212710 96196    0.26095   92  152    5.00000    0.00000   100%   240  882s
 213941 97019    2.00000  120   97    5.00000    0.00000   100%   240  888s
 216529 97627    0.00000   70  164    5.00000    0.00000   100%   239  893s
 218588 98124    0.00000   89  191    5.00000    0.00000   100%   239  900s
 220262 98851    0.50843   89  219    5.00000    0.00000   100%   239  905s
 222202 99462     cutoff  100         5.00000    0.00000   100%   239  910s
 225911 100549    1.77187  111  184    5.00000    0.00000   100%   238  918s
 227649 100936    0.00000   87  142    5.00000    0.00000   100%   238  922s
 228600 101595    0.00000  100  209    5.00000    0.00000   100%   238  926s
 230332 102143    1.36602  135  112    5.00000    0.00000   100%   238  930s
 233786 102699    1.27313  125  121    5.00000    0.00000   100%   237  938s
 234584 103281    1.26565  129  140    5.00000    0.00000   100%   237  942s
 236385 103669    0.00000  107  123    5.00000    0.00000   100%   237  945s
 237780 104259     cutoff  126         5.00000    0.00000   100%   236  951s
 240180 104517    2.00000  122  121    5.00000    0.00000   100%   236  955s
 240714 104931    2.03212  125  124    5.00000    0.00000   100%   236  960s
 243966 105552    1.00000  117  129    5.00000    0.00000   100%   236  968s
 244846 106060    1.00000  122  140    5.00000    0.00000   100%   236  972s
 246639 106448    2.13772  136  147    5.00000    0.00000   100%   236  977s
 248356 106647    1.00000  123   98    5.00000    0.00000   100%   235  981s
 248985 106997    1.00000  124  109    5.00000    0.00000   100%   235  985s
 252061 107833    0.00000  108  104    5.00000    0.00000   100%   235  993s
 253653 108265    0.35951   97  150    5.00000    0.00000   100%   235  997s
 255133 108447 infeasible  106         5.00000    0.00000   100%   235 1001s
 255866 108813 infeasible  108         5.00000    0.00000   100%   234 1005s
 256957 109530    1.00000  128  120    5.00000    0.00000   100%   235 1011s
 259025 110023    0.00000   89  192    5.00000    0.00000   100%   234 1015s
 260318 110296    1.01324   98  191    5.00000    0.00000   100%   234 1020s
 262306 111449    0.29449   91  155    5.00000    0.00000   100%   235 1028s
 263933 111995    0.00000  100  153    5.00000    0.00000   100%   235 1033s
 265621 112466    3.46925  102  123    5.00000    0.00000   100%   235 1038s
 267418 112896    2.23741  107  128    5.00000    0.00000   100%   234 1043s
 268675 113455    3.88920  106  159    5.00000    0.00000   100%   234 1047s
 269904 113641     cutoff  100         5.00000    0.00000   100%   234 1051s
 270344 113970    0.00000   80  128    5.00000    0.00000   100%   234 1056s
 271086 114398    0.00000   92  173    5.00000    0.00000   100%   234 1060s
 272103 114964    1.00000   90  174    5.00000    0.00000   100%   235 1065s
 273730 115664    1.00000  101  169    5.00000    0.00000   100%   235 1070s
 275357 116432    1.02136   96  108    5.00000    0.00000   100%   235 1075s
 277526 117265    0.05809   97  132    5.00000    0.00000   100%   235 1081s
 279934 117686    2.06077  107  111    5.00000    0.00000   100%   234 1085s
 282472 118682    0.05414   95  106    5.00000    0.00000   100%   234 1092s
 284113 118997    1.39661  107  126    5.00000    0.00000   100%   234 1096s
 285301 119243    2.47247  112  151    5.00000    0.00000   100%   234 1100s
 286593 120102 infeasible  112         5.00000    0.00000   100%   234 1108s
 287703 120593    1.00000  118  136    5.00000    0.00000   100%   235 1112s
 288735 121147    0.00000   77  141    5.00000    0.00000   100%   235 1116s
 289983 121721    1.00140   93  164    5.00000    0.00000   100%   235 1120s
 291699 122229    0.33805   92  161    5.00000    0.00000   100%   235 1125s
 293878 123057    3.00000  109  132    5.00000    0.00000   100%   235 1135s
 296819 124351    0.07100   88  211    5.00000    0.00000   100%   235 1144s
 298791 124628     cutoff  103         5.00000    0.00000   100%   235 1148s
 299378 125273 infeasible  101         5.00000    0.00000   100%   236 1152s
 300824 125808    0.00000   92  161    5.00000    0.00000   100%   236 1156s
 301914 126255    1.24128  114  144    5.00000    0.00000   100%   236 1161s
 303048 126949    1.99719  103  175    5.00000    0.00000   100%   236 1166s
 304608 127754    0.00000   80  168    5.00000    0.00000   100%   237 1171s
 306671 128204    0.47944   92  143    5.00000    0.00000   100%   237 1176s
 307990 128865    0.02071   85  220    5.00000    0.00000   100%   237 1181s
 309903 129593    0.04542   89  150    5.00000    0.00000   100%   237 1185s
 311437 130120    2.00000   92  124    5.00000    0.00000   100%   237 1190s
 312851 130891    1.12229   93  152    5.00000    0.00000   100%   237 1195s
 314624 131437    0.12044   95  175    5.00000    0.00000   100%   237 1200s
 316322 131930     cutoff   92         5.00000    0.00000   100%   237 1207s
 317910 132531    1.12556  105  121    5.00000    0.00000   100%   236 1212s
 320190 132811 infeasible   94         5.00000    0.00000   100%   236 1216s
 321028 133316 infeasible   95         5.00000    0.00000   100%   236 1220s
 322827 133871    0.00049   98  141    5.00000    0.00000   100%   236 1225s
 326476 134742    1.00000   92  106    5.00000    0.00000   100%   235 1232s
 327410 135290    0.77205   89  148    5.00000    0.00000   100%   235 1235s
 330449 135742    0.00000   84  239    5.00000    0.00000   100%   235 1240s
 332349 136511 infeasible  103         5.00000    0.00000   100%   235 1247s
 333763 136925    1.00000   89  158    5.00000    0.00000   100%   234 1251s
 335439 137619    3.69276   92  150    5.00000    0.00000   100%   234 1257s
 337774 137837    0.00000  100  167    5.00000    0.00000   100%   234 1260s
 339475 138769    0.00000   66  118    5.00000    0.00000   100%   234 1267s
 341016 139289    0.00000   73  201    5.00000    0.00000   100%   234 1271s
 343659 139923    0.00000   81  128    5.00000    0.00000   100%   234 1278s
 345024 140474     cutoff  116         5.00000    0.00000   100%   233 1282s
 346497 140947    2.97617   86  210    5.00000    0.00000   100%   234 1286s
 349543 141813    1.00000  107  168    5.00000    0.00000   100%   234 1293s
 350435 142352    1.00000  105  121    5.00000    0.00000   100%   234 1297s
 352167 142707    2.00000  119   70    5.00000    0.00000   100%   234 1301s
 353161 143163    1.60104  119  153    5.00000    0.00000   100%   234 1305s
 355368 144541    1.87500   92  170    5.00000    0.00000   100%   234 1314s
 356710 144871    0.00000   78  189    5.00000    0.00000   100%   235 1319s
 357245 145924    0.00000   79  188    5.00000    0.00000   100%   235 1326s
 359249 146824    1.63816   85  215    5.00000    0.00000   100%   235 1332s
 361292 147591    0.00000   74  124    5.00000    0.00000   100%   235 1337s
 362909 147975    2.03966   98  199    5.00000    0.00000   100%   236 1343s
 363957 148738    1.00000   94  125    5.00000    0.00000   100%   236 1348s
 365879 149411    0.01810   93  181    5.00000    0.00000   100%   236 1354s
 367576 149698    0.48327   95  159    5.00000    0.00000   100%   236 1359s
 368352 150288    0.00000   79  152    5.00000    0.00000   100%   236 1364s
 369642 151116    0.00000   74  162    5.00000    0.00000   100%   236 1370s
 371560 151816    1.24263   94  223    5.00000    0.00000   100%   236 1375s
 373186 152454    0.58313  105  137    5.00000    0.00000   100%   237 1380s
 375187 153113    0.62717  107  138    5.00000    0.00000   100%   237 1385s
 376567 153334    0.00000   98  163    5.00000    0.00000   100%   237 1390s
 377149 153701    0.00471   99  160    5.00000    0.00000   100%   237 1397s
 377866 153762    0.00000   81  168    5.00000    0.00000   100%   237 1404s
 377951 153840    0.00000   82  207    5.00000    0.00000   100%   237 1414s
 378164 153956    0.00000   83  180    5.00000    0.00000   100%   237 1422s
 378337 154453    0.00000   84  160    5.00000    0.00000   100%   237 1432s
 379328 155206    0.00000   91  191    5.00000    0.00000   100%   237 1445s
 381443 156121    2.00000  102  147    5.00000    0.00000   100%   238 1460s
 383780 156846    0.01547   90  175    5.00000    0.00000   100%   238 1468s
 385347 157989    2.03355   93  177    5.00000    0.00000   100%   238 1478s
 388258 158915    0.00000   60  139    5.00000    0.00000   100%   238 1488s
 390634 159935    0.00000   86  195    5.00000    0.00000   100%   238 1497s
 393125 160479    0.00000   85  132    5.00000    0.00000   100%   238 1504s
H393184 154910                       4.0000000    0.00000   100%   238 1504s
H394623 138756                       3.0000000    0.00000   100%   238 1510s
 395547 139504    0.00000   81  181    3.00000    0.00000   100%   238 1517s
 397786 139984     cutoff  101         3.00000    0.00000   100%   238 1525s
 399781 140217     cutoff  100         3.00000    0.00000   100%   239 1530s
 401204 140464 infeasible   93         3.00000    0.00000   100%   239 1535s
 402016 141017    1.00000   87  248    3.00000    0.00000   100%   239 1541s
 403596 141648    1.00000   83  175    3.00000    0.00000   100%   239 1546s
 405101 142132    0.68622   99  133    3.00000    0.00000   100%   240 1551s
 406442 142467    0.00000   84  196    3.00000    0.00000   100%   240 1556s
 407181 142973    0.00000   84  202    3.00000    0.00000   100%   240 1562s
 408508 143448    0.00000   78  113    3.00000    0.00000   100%   240 1566s
 409505 144138    0.00000   83  134    3.00000    0.00000   100%   241 1571s
 410926 144618     cutoff  107         3.00000    0.00000   100%   241 1577s
 412348 145034    0.00000   79  191    3.00000    0.00000   100%   242 1583s
 413540 145304     cutoff   92         3.00000    0.00000   100%   242 1589s
 414323 145893    0.00000   75  156    3.00000    0.00000   100%   242 1594s
 415512 146559    0.00000  105  132    3.00000    0.00000   100%   243 1601s
 417421 147118    0.00000   82  164    3.00000    0.00000   100%   243 1605s
 418805 147655 infeasible   85         3.00000    0.00000   100%   243 1610s
 420085 148108    0.00000   77  133    3.00000    0.00000   100%   244 1615s
 421309 148308    0.00000   87  148    3.00000    0.00000   100%   244 1621s
 421943 148704    0.00000   76  198    3.00000    0.00000   100%   244 1627s
 423213 149281    0.00000   84  142    3.00000    0.00000   100%   245 1633s
 424886 149835    0.85714   93  173    3.00000    0.00000   100%   245 1639s
 426689 150194    1.00051  110  125    3.00000    0.00000   100%   245 1644s
 427817 150557    0.00000   86  150    3.00000    0.00000   100%   246 1649s
 428533 150557    0.00000   73  118    3.00000    0.00000   100%   246 1650s
 429147 151061    0.00000  116  117    3.00000    0.00000   100%   246 1655s
 430765 151412    0.00000   74  171    3.00000    0.00000   100%   246 1661s
 432152 151719    1.22344   89  153    3.00000    0.00000   100%   247 1666s
 433408 152304    0.00000   69  165    3.00000    0.00000   100%   247 1671s
 434776 152874    1.23561   96  147    3.00000    0.00000   100%   247 1676s
 436157 153251    0.00000   98  172    3.00000    0.00000   100%   248 1682s
 437296 153661     cutoff   91         3.00000    0.00000   100%   248 1690s
 439416 154139    1.00000   95  107    3.00000    0.00000   100%   248 1695s
 440918 154428    0.00000   86  130    3.00000    0.00000   100%   249 1700s
 441796 155057 infeasible   92         3.00000    0.00000   100%   249 1705s
 443280 155445     cutoff   90         3.00000    0.00000   100%   249 1710s
 444480 155907    0.00000   86  151    3.00000    0.00000   100%   249 1715s
 446094 156389 infeasible   96         3.00000    0.00000   100%   249 1720s
 447244 156510    1.00000  101  109    3.00000    0.00000   100%   250 1725s
 447584 156917    0.46643   93  177    3.00000    0.00000   100%   250 1731s
 448677 157500    0.00000   68  132    3.00000    0.00000   100%   250 1736s
 450127 158045    1.00000   99   85    3.00000    0.00000   100%   250 1742s
 451413 158589    0.00000   86  223    3.00000    0.00000   100%   251 1747s
 452833 159078    0.00000   78  192    3.00000    0.00000   100%   251 1752s
 454106 159462    1.00325   99  170    3.00000    0.00000   100%   252 1758s
 455162 160062    1.81314  105  178    3.00000    0.00000   100%   252 1765s
 456968 160250    0.00000   64  132    3.00000    0.00000   100%   252 1771s
 457448 160758    0.00000   65  122    3.00000    0.00000   100%   252 1777s
 459006 161396    0.07977   96  145    3.00000    0.00000   100%   253 1784s
 459867 161396 infeasible  102         3.00000    0.00000   100%   253 1785s
 462269 162297    0.18222   95  196    3.00000    0.00000   100%   253 1796s
 463517 162757    0.40505  102  130    3.00000    0.00000   100%   253 1803s
 465773 162992    0.00000   99  125    3.00000    0.00000   100%   254 1810s
 467244 163439     cutoff  105         3.00000    0.00000   100%   254 1816s
 468959 163868    1.00000  110  134    3.00000    0.00000   100%   254 1822s
 470767 164050     cutoff   95         3.00000    0.00000   100%   254 1827s
 471407 164532    0.00000   74  161    3.00000    0.00000   100%   254 1832s
 472860 165062 infeasible   97         3.00000    0.00000   100%   255 1837s
 473839 165660    0.00000   89  223    3.00000    0.00000   100%   255 1843s
 475228 166270    0.00853   94  173    3.00000    0.00000   100%   256 1851s
 477372 166571     cutoff   96         3.00000    0.00000   100%   256 1858s
 478657 167015 infeasible  106         3.00000    0.00000   100%   256 1866s
 480931 167561     cutoff   88         3.00000    0.00000   100%   257 1871s
 482241 167918    1.00000   89  136    3.00000    0.00000   100%   257 1876s
 483047 168477 infeasible   94         3.00000    0.00000   100%   257 1882s
 484359 168797    1.00000   89  181    3.00000    0.00000   100%   257 1887s
 485611 169156 infeasible  106         3.00000    0.00000   100%   258 1894s
 486830 169571    0.00000   92  235    3.00000    0.00000   100%   258 1900s
 488563 170092 infeasible   95         3.00000    0.00000   100%   258 1906s
 490480 170395    0.00000  105  102    3.00000    0.00000   100%   258 1912s
 491703 170678 infeasible  104         3.00000    0.00000   100%   258 1918s
 493444 170824 infeasible   86         3.00000    0.00000   100%   259 1924s
 494200 171440    0.03808  100  107    3.00000    0.00000   100%   259 1935s
 497272 171913    0.00000   76  132    3.00000    0.00000   100%   259 1940s
 498801 172048     cutoff  101         3.00000    0.00000   100%   260 1945s
 499429 172385     cutoff  101         3.00000    0.00000   100%   260 1951s
 500801 172931    1.26828   99  182    3.00000    0.00000   100%   260 1957s
 502207 173411    1.03487   96  153    3.00000    0.00000   100%   260 1962s
 503737 174013 infeasible  104         3.00000    0.00000   100%   260 1968s
 505222 174509    0.00000   80  219    3.00000    0.00000   100%   261 1973s
 506535 175119    0.00000   85  134    3.00000    0.00000   100%   261 1979s
 508205 175509    0.00000   82  200    3.00000    0.00000   100%   261 1984s
 509376 175936    0.00000   88  129    3.00000    0.00000   100%   261 1990s
 510604 176365    1.51518   92  214    3.00000    0.00000   100%   261 1996s
 512202 176601    0.00000   80  137    3.00000    0.00000   100%   261 2001s
 512991 177172    1.05709   91  206    3.00000    0.00000   100%   262 2006s
 514221 177757    0.04647   97  194    3.00000    0.00000   100%   262 2013s
 516026 178047    1.00000   97  218    3.00000    0.00000   100%   262 2018s
 516973 178573    0.00000   87  131    3.00000    0.00000   100%   262 2023s
 518402 178935    0.00810   94  241    3.00000    0.00000   100%   263 2030s
 519959 179383     cutoff   90         3.00000    0.00000   100%   263 2036s
 521798 179567    1.32759   96  149    3.00000    0.00000   100%   263 2041s
 522452 180125 infeasible  106         3.00000    0.00000   100%   263 2047s
 523618 180714    1.00000   89  157    3.00000    0.00000   100%   263 2052s
 524791 181301    1.02929   91  215    3.00000    0.00000   100%   264 2057s
 525986 181785    0.00233   85  285    3.00000    0.00000   100%   264 2063s
 527223 182187 infeasible  117         3.00000    0.00000   100%   264 2070s
 528255 182839    0.00171   91  128    3.00000    0.00000   100%   265 2077s
 529999 183471    0.07311   85  171    3.00000    0.00000   100%   265 2083s
 531522 183995    1.51957   91  185    3.00000    0.00000   100%   265 2089s
 532400 184235    1.00000   93  185    3.00000    0.00000   100%   266 2094s
 532893 185561    1.00000   96  166    3.00000    0.00000   100%   266 2108s
 535947 186289    0.27740   77  319    3.00000    0.00000   100%   266 2116s
 538146 186774    1.00268   98  195    3.00000    0.00000   100%   267 2124s
 540151 187190    1.58181   99  134    3.00000    0.00000   100%   267 2130s
 542110 187606    1.59193  108  190    3.00000    0.00000   100%   267 2137s
 543577 187612    0.01429   79  164    3.00000    0.00000   100%   267 2143s
 543599 187643    0.00773   79  216    3.00000    0.00000   100%   267 2149s
 543732 187756    0.01667   80  165    3.00000    0.00000   100%   267 2156s
 544080 187876    0.19993   80  183    3.00000    0.00000   100%   268 2161s
 544511 187925    0.26717   81  223    3.00000    0.00000   100%   268 2173s
 544666 187958    1.00000   81  153    3.00000    0.00000   100%   268 2179s
 544767 188046    1.00000   82  139    3.00000    0.00000   100%   268 2188s
 545076 188237    1.00000   83  136    3.00000    0.00000   100%   268 2199s
 545554 188323    1.00000   84  142    3.00000    0.00000   100%   268 2207s
 546097 188469    1.00000   85  135    3.00000    0.00000   100%   268 2218s
 546872 188628    1.00000   86  162    3.00000    0.00000   100%   268 2225s
 547685 188918    1.00000   87  161    3.00000    0.00000   100%   268 2234s
 548817 189479    1.20121   88  195    3.00000    0.00000   100%   268 2245s
 550311 190391    1.02067   96  150    3.00000    0.00000   100%   268 2256s
 552401 190686    0.04545   88  111    3.00000    0.00000   100%   269 2264s
 553306 191566    0.09091   89  161    3.00000    0.00000   100%   269 2274s
 554104 191566 infeasible  102         3.00000    0.00000   100%   269 2275s
 555267 191961    0.00000   84  164    3.00000    0.00000   100%   269 2283s
 556707 192244     cutoff   99         3.00000    0.00000   100%   269 2292s
 557656 193010 infeasible  102         3.00000    0.00000   100%   269 2301s
 559853 193655    0.00000   92  144    3.00000    0.00000   100%   270 2310s
 561833 194128    0.00000   90  178    3.00000    0.00000   100%   270 2319s
 563820 194509    0.68571   97  100    3.00000    0.00000   100%   270 2326s
 565398 194696    0.00000   84  147    3.00000    0.00000   100%   270 2332s
 566045 195193    0.00257  102  182    3.00000    0.00000   100%   270 2338s
 567675 195623 infeasible  100         3.00000    0.00000   100%   271 2344s
 569345 196083     cutoff  101         3.00000    0.00000   100%   271 2351s
 570933 196427    0.01175  103  145    3.00000    0.00000   100%   271 2356s
 572074 196769    0.00000  108  129    3.00000    0.00000   100%   271 2363s
 573342 197116    0.00000   79  115    3.00000    0.00000   100%   271 2370s
 574937 197390    1.66497   93  175    3.00000    0.00000   100%   272 2377s
 576494 197688    1.00000   98  103    3.00000    0.00000   100%   272 2384s
 577869 198103 infeasible  109         3.00000    0.00000   100%   272 2390s
 579552 198521     cutoff   93         3.00000    0.00000   100%   272 2397s
 581053 198723 infeasible   97         3.00000    0.00000   100%   272 2402s
 582065 199276    0.00000   79  119    3.00000    0.00000   100%   272 2409s
 583788 199712    0.00000   98  135    3.00000    0.00000   100%   273 2414s
 585254 200018    0.06578  111  145    3.00000    0.00000   100%   273 2420s
 586253 200413    2.00000   98  182    3.00000    0.00000   100%   273 2425s
 587952 200670    0.00000   91  127    3.00000    0.00000   100%   273 2430s
 588822 201157    0.00000   92  133    3.00000    0.00000   100%   273 2436s
 590309 201664    0.00000  103  139    3.00000    0.00000   100%   274 2442s
 591827 202027    0.00000   88  161    3.00000    0.00000   100%   274 2448s
 592949 202640    1.00000  102  127    3.00000    0.00000   100%   274 2456s
 594929 202763    0.00000   73  174    3.00000    0.00000   100%   274 2461s
 595301 203378     cutoff   96         3.00000    0.00000   100%   274 2469s
 596769 204010    0.00000   88  188    3.00000    0.00000   100%   274 2475s
 598156 204525    0.00000   70  155    3.00000    0.00000   100%   275 2483s
 599688 205181    0.00000   81  290    3.00000    0.00000   100%   275 2490s
 601742 205471    0.04545   97  139    3.00000    0.00000   100%   275 2495s
 602628 205863    1.00000   99  216    3.00000    0.00000   100%   275 2502s
 604667 206269    0.00000   71  151    3.00000    0.00000   100%   275 2510s
 606653 206552 infeasible  123         3.00000    0.00000   100%   276 2516s
 607831 207019    0.00000   79  127    3.00000    0.00000   100%   276 2522s
 609444 207484    0.09901   87  209    3.00000    0.00000   100%   276 2528s
 611100 207794    0.00000   75  136    3.00000    0.00000   100%   276 2533s
 611928 208564    1.00000   90  118    3.00000    0.00000   100%   276 2542s
 613981 209219 infeasible  107         3.00000    0.00000   100%   276 2550s
 615805 209825    1.00582   93  137    3.00000    0.00000   100%   277 2556s
 617398 210074    0.00000   95  148    3.00000    0.00000   100%   277 2564s
 618128 210479    0.71093  100  141    3.00000    0.00000   100%   277 2571s
 619683 210898    0.00000   87  167    3.00000    0.00000   100%   277 2577s
 620882 211462    0.01734   92  186    3.00000    0.00000   100%   278 2584s
 622568 211971    0.00290  105  137    3.00000    0.00000   100%   278 2591s
 624072 212576    1.04545   90  122    3.00000    0.00000   100%   278 2598s
 625674 212908    0.00000   75  117    3.00000    0.00000   100%   278 2605s
 626604 213498    0.00000   86  147    3.00000    0.00000   100%   279 2612s
 628157 214103     cutoff  103         3.00000    0.00000   100%   279 2618s
 629664 214669    1.00000   91  197    3.00000    0.00000   100%   279 2625s
 631385 215059    1.00000   86  171    3.00000    0.00000   100%   279 2631s
 632371 215571    0.00000   97  217    3.00000    0.00000   100%   279 2640s
 633893 216124    0.00000   91  134    3.00000    0.00000   100%   280 2649s
 635859 216413    2.00000   93  132    3.00000    0.00000   100%   280 2659s
 636826 217096    1.20619  110  176    3.00000    0.00000   100%   280 2667s
 638674 217653    0.00758   98  147    3.00000    0.00000   100%   280 2675s
 639010 217653    1.00207   93  223    3.00000    0.00000   100%   280 2675s
 640629 218017    1.00425   91  176    3.00000    0.00000   100%   280 2682s
 641755 218517    0.00000   73  134    3.00000    0.00000   100%   280 2689s
 643224 219010    0.00000   82  191    3.00000    0.00000   100%   281 2696s
 644728 219387     cutoff  101         3.00000    0.00000   100%   281 2704s
 645661 219770    1.00000   86  132    3.00000    0.00000   100%   281 2711s
 646964 220269     cutoff   87         3.00000    0.00000   100%   281 2718s
 648654 220753    0.00427   94  218    3.00000    0.00000   100%   281 2726s
 650341 221044 infeasible  108         3.00000    0.00000   100%   281 2734s
 651183 221569    0.00000   83  161    3.00000    0.00000   100%   282 2741s
 652326 222154 infeasible  104         3.00000    0.00000   100%   282 2749s
 653796 222847    1.39947   87  208    3.00000    0.00000   100%   282 2756s
 655164 223373    0.15873   87  210    3.00000    0.00000   100%   283 2765s
 656560 223838     cutoff   97         3.00000    0.00000   100%   283 2774s
 657981 224296    0.08384  111  123    3.00000    0.00000   100%   283 2782s
 659720 224844    0.00000   81  261    3.00000    0.00000   100%   283 2790s
 660942 225515    1.00000   91  165    3.00000    0.00000   100%   283 2798s
 662548 225876    0.00000   67  125    3.00000    0.00000   100%   284 2807s
 663420 226591    0.00000   68  128    3.00000    0.00000   100%   284 2814s
 664890 227152    1.91468   89  164    3.00000    0.00000   100%   284 2822s
 666408 227841     cutoff   96         3.00000    0.00000   100%   284 2830s
 668133 228222    1.00000   86  139    3.00000    0.00000   100%   284 2838s
 669081 228696    2.00000   93  212    3.00000    0.00000   100%   285 2845s
 671029 228896    0.00000   82  124    3.00000    0.00000   100%   285 2854s
 671820 229570    0.44023  101  191    3.00000    0.00000   100%   285 2866s
 674276 230128    0.00000   89  197    3.00000    0.00000   100%   285 2874s
 674666 230128    0.09091   97  164    3.00000    0.00000   100%   285 2875s
 676116 230577    0.00000   91  167    3.00000    0.00000   100%   285 2882s
 677337 231105    2.00000  105  186    3.00000    0.00000   100%   285 2890s
 678985 231702    0.00000  100  161    3.00000    0.00000   100%   286 2897s
 680817 232055    1.33112  111  181    3.00000    0.00000   100%   286 2905s
 682529 232416    0.00000   96  140    3.00000    0.00000   100%   286 2912s
 683656 232977    1.11072   87  145    3.00000    0.00000   100%   286 2920s
 685203 233323    1.08126   86  160    3.00000    0.00000   100%   286 2927s
 686891 233672    0.00000   99  119    3.00000    0.00000   100%   286 2935s
 688827 233877    0.00000   84  154    3.00000    0.00000   100%   286 2942s
 690169 234266     cutoff   83         3.00000    0.00000   100%   286 2951s
 692609 234310 infeasible   96         3.00000    0.00000   100%   286 2955s
 692917 234450 infeasible   95         3.00000    0.00000   100%   286 2960s
 694242 234634    0.00000   69  170    3.00000    0.00000   100%   286 2966s
 695812 234891     cutoff   98         3.00000    0.00000   100%   286 2971s
 697216 235180    0.00000   94  120    3.00000    0.00000   100%   286 2976s
 698588 235486    1.00000   87  140    3.00000    0.00000   100%   286 2981s
 699896 235684    0.01657   89  240    3.00000    0.00000   100%   286 2986s
 700728 236029     cutoff   99         3.00000    0.00000   100%   286 2991s
 701897 236231     cutoff  102         3.00000    0.00000   100%   286 2997s
 702533 236566    1.00000  104   91    3.00000    0.00000   100%   286 3002s
 703611 236825     cutoff  103         3.00000    0.00000   100%   286 3007s
 704999 237288    1.02775  105  157    3.00000    0.00000   100%   286 3013s
 706301 237573    0.00000   82  179    3.00000    0.00000   100%   287 3019s
 707154 237940    0.00000   87  157    3.00000    0.00000   100%   287 3024s
 708191 238150    0.00000   92  131    3.00000    0.00000   100%   287 3030s
 708896 238511    0.00000   82  157    3.00000    0.00000   100%   287 3036s
 710419 239027    1.02336   85  147    3.00000    0.00000   100%   287 3043s
 712053 239454     cutoff   93         3.00000    0.00000   100%   287 3048s
 713125 239881    2.00000   89  154    3.00000    0.00000   100%   287 3055s
 714202 240439    0.47218  105  148    3.00000    0.00000   100%   287 3062s
 715505 240758     cutoff  102         3.00000    0.00000   100%   288 3069s
 716708 241178 infeasible  100         3.00000    0.00000   100%   288 3077s
 718350 241291 infeasible   89         3.00000    0.00000   100%   288 3084s
 718720 241651     cutoff   87         3.00000    0.00000   100%   288 3092s
 719976 242246    0.00000   87  174    3.00000    0.00000   100%   288 3100s
 721912 242821    0.01077   84  158    3.00000    0.00000   100%   288 3108s
 723530 243371    1.00000   93  153    3.00000    0.00000   100%   288 3116s
 724805 243901    0.01955  105  134    3.00000    0.00000   100%   288 3124s
 726522 244427 infeasible  116         3.00000    0.00000   100%   289 3131s
 728030 245055    0.00000   97  200    3.00000    0.00000   100%   289 3138s
 729634 245411    0.00000   83  169    3.00000    0.00000   100%   289 3145s
 730916 245549    1.00000   88  132    3.00000    0.00000   100%   289 3153s
 731261 246219    1.00000   89  116    3.00000    0.00000   100%   289 3163s
 733039 246875 infeasible   98         3.00000    0.00000   100%   289 3172s
 734728 247419     cutoff   96         3.00000    0.00000   100%   290 3180s
 736521 248035    1.42198  101  183    3.00000    0.00000   100%   290 3188s
 738230 248523    1.00000  100  209    3.00000    0.00000   100%   290 3196s
 739269 248943     cutoff  103         3.00000    0.00000   100%   290 3204s
 740295 249504     cutoff   98         3.00000    0.00000   100%   290 3212s
 741890 250105     cutoff   91         3.00000    0.00000   100%   291 3220s
 743632 250586    0.08994   91  253    3.00000    0.00000   100%   291 3227s
 744998 251236     cutoff  100         3.00000    0.00000   100%   291 3235s
 746569 251505 infeasible   85         3.00000    0.00000   100%   291 3243s
 747322 252179    1.07045   96  173    3.00000    0.00000   100%   291 3251s
 749435 252739     cutoff  108         3.00000    0.00000   100%   291 3258s
 750749 253191    0.00000   79  195    3.00000    0.00000   100%   291 3265s
 752191 253379    0.00000   92  168    3.00000    0.00000   100%   291 3273s
 752816 253829    0.00000   92  136    3.00000    0.00000   100%   292 3282s
 754404 254412    1.00000   98  112    3.00000    0.00000   100%   292 3290s
 756275 254989    0.00000   91  204    3.00000    0.00000   100%   292 3297s
 757801 255565    1.02984   98  209    3.00000    0.00000   100%   292 3305s
 759320 255825    0.00000  114   94    3.00000    0.00000   100%   292 3313s
 760494 255832    1.00000   85  222    3.00000    0.00000   100%   292 3322s
 760515 255843    1.00000   86  184    3.00000    0.00000   100%   292 3332s
 760531 255855    1.00000   87  198    3.00000    0.00000   100%   292 3342s
 760547 255866    1.00000   88  201    3.00000    0.00000   100%   292 3349s
 760562 255866    1.00000   89  203    3.00000    0.00000   100%   292 3356s
 760590 255921    1.00000   90  281    3.00000    0.00000   100%   292 3363s
 760681 256004    1.00000   91  204    3.00000    0.00000   100%   292 3375s
 760944 256079    1.00907   92  235    3.00000    0.00000   100%   292 3386s
 761257 256207    1.01114   93  245    3.00000    0.00000   100%   292 3397s
 761661 256345    1.02055   94  196    3.00000    0.00000   100%   292 3408s
 762080 256493    1.06333   95  223    3.00000    0.00000   100%   292 3415s
 762512 256781    1.09265   96  222    3.00000    0.00000   100%   292 3425s
 763237 257080 infeasible   96         3.00000    0.00000   100%   293 3437s
 764172 257740    1.91911   92  138    3.00000    0.00000   100%   293 3448s
 766167 258326     cutoff  104         3.00000    0.00000   100%   293 3461s
 769063 258678    0.00847  101  122    3.00000    0.00000   100%   293 3470s
 770924 258786    0.12325   97  143    3.00000    0.00000   100%   293 3475s
 771588 258999    1.25000  101   94    3.00000    0.00000   100%   293 3482s
 772655 259344     cutoff   96         3.00000    0.00000   100%   293 3491s
 774070 259580    1.51127  103  144    3.00000    0.00000   100%   293 3500s
 775490 259796 infeasible  101         3.00000    0.00000   100%   293 3508s
 777143 259978    1.02551  107  143    3.00000    0.00000   100%   293 3517s
 778650 260285    0.04545  108  108    3.00000    0.00000   100%   293 3526s
 780876 260654     cutoff  100         3.00000    0.00000   100%   293 3534s
 781495 260654    0.68470  102  112    3.00000    0.00000   100%   293 3535s
 782982 260958    0.00000   97  107    3.00000    0.00000   100%   293 3543s
 784234 261293 infeasible  107         3.00000    0.00000   100%   293 3550s
 785975 261412    1.00190  104  119    3.00000    0.00000   100%   293 3557s
 787032 261742 infeasible  102         3.00000    0.00000   100%   293 3564s
 788725 262066 infeasible  102         3.00000    0.00000   100%   293 3572s
 790591 262232     cutoff  100         3.00000    0.00000   100%   293 3578s
 791727 262542     cutoff  102         3.00000    0.00000   100%   293 3585s
 793423 262692    1.00000  107  112    3.00000    0.00000   100%   293 3591s
 794239 263070     cutoff  108         3.00000    0.00000   100%   293 3598s
 795830 263226     cutoff  106         3.00000    0.00000   100%   293 3605s
 796905 263361    1.00000  111  125    3.00000    0.00000   100%   293 3611s
 797674 263595     cutoff   65         3.00000    0.00000   100%   293 3619s
 798938 263979    1.54694   97  170    3.00000    0.00000   100%   293 3626s
 800369 264280    1.52218   93  152    3.00000    0.00000   100%   293 3633s
 801930 264731    0.86991  103  185    3.00000    0.00000   100%   293 3639s
 803191 265146    0.01443   82  180    3.00000    0.00000   100%   293 3646s
 804698 265500    0.00000   57  183    3.00000    0.00000   100%   294 3653s
 805487 265922    0.00000   83  214    3.00000    0.00000   100%   294 3659s
 806389 266419 infeasible   91         3.00000    0.00000   100%   294 3667s
 807913 266808    1.00000   87  126    3.00000    0.00000   100%   294 3675s
 809563 266954     cutoff   95         3.00000    0.00000   100%   294 3682s
 810111 267521    1.00000   94  140    3.00000    0.00000   100%   294 3691s
 811795 268084    0.00000   80  249    3.00000    0.00000   100%   294 3699s
 813514 268576 infeasible  102         3.00000    0.00000   100%   294 3706s
 815161 268914    0.00000   73  230    3.00000    0.00000   100%   294 3713s
 816195 269421    0.00000   84  160    3.00000    0.00000   100%   294 3720s
 817837 269804 infeasible  113         3.00000    0.00000   100%   295 3727s
 819371 269988 infeasible   97         3.00000    0.00000   100%   295 3734s
 819782 270439 infeasible   82         3.00000    0.00000   100%   295 3741s
 820666 270912    1.23938  101  169    3.00000    0.00000   100%   295 3747s
 821941 271427    0.00000   89  151    3.00000    0.00000   100%   295 3753s
 823572 271924    0.00341   91  173    3.00000    0.00000   100%   295 3762s
 825576 272350     cutoff   98         3.00000    0.00000   100%   295 3770s
 827581 272902    0.04545  101   99    3.00000    0.00000   100%   295 3779s
 829543 273182     cutoff   94         3.00000    0.00000   100%   295 3785s
 830894 273275     cutoff  103         3.00000    0.00000   100%   295 3790s
 831386 273551    1.10602  104  178    3.00000    0.00000   100%   295 3796s
 832298 274034    0.00000   76  149    3.00000    0.00000   100%   295 3802s
 833645 274524     cutoff  100         3.00000    0.00000   100%   295 3809s
 835138 274953 infeasible  116         3.00000    0.00000   100%   296 3815s
 836584 275430    1.58242  105  113    3.00000    0.00000   100%   296 3822s
 838162 275647 infeasible   95         3.00000    0.00000   100%   296 3828s
 838735 276103    2.00000   98  127    3.00000    0.00000   100%   296 3835s
 840478 276603    0.00000   86  160    3.00000    0.00000   100%   296 3843s
 842398 277073    0.00000   80  154    3.00000    0.00000   100%   296 3851s
 844216 277493     cutoff   94         3.00000    0.00000   100%   296 3859s
 846037 277794    0.02184  107  150    3.00000    0.00000   100%   296 3866s
 847341 278128    0.11449   95  117    3.00000    0.00000   100%   296 3876s
 850211 278178 infeasible  101         3.00000    0.00000   100%   296 3881s
 851064 278267    0.00000   99  122    3.00000    0.00000   100%   296 3886s
 852034 278531    0.16088  100  110    3.00000    0.00000   100%   295 3891s
 853561 278794    1.00000  111   99    3.00000    0.00000   100%   295 3897s
 854940 278945    0.65383  100  177    3.00000    0.00000   100%   295 3902s
 856067 279190    0.00000   95  121    3.00000    0.00000   100%   295 3908s
 857802 279390    0.39062   97  166    3.00000    0.00000   100%   295 3913s
 858721 279545    0.00000   93  145    3.00000    0.00000   100%   295 3918s
 860217 279821    0.00126   97  141    3.00000    0.00000   100%   295 3924s
 861637 279964 infeasible   99         3.00000    0.00000   100%   295 3929s
 862360 280135    0.00103  100  157    3.00000    0.00000   100%   295 3934s
 863308 280135 infeasible   98         3.00000    0.00000   100%   295 3935s
 863833 280407 infeasible   95         3.00000    0.00000   100%   295 3940s
 866538 280729 infeasible  105         3.00000    0.00000   100%   295 3953s
 868244 281069    0.00424   87  210    3.00000    0.00000   100%   295 3960s
 869922 281390    0.03719   96  101    3.00000    0.00000   100%   295 3966s
 871627 281458    1.00361  107  122    3.00000    0.00000   100%   295 3972s
 872221 281679    1.00000   97  104    3.00000    0.00000   100%   295 3978s
 873705 281838     cutoff  101         3.00000    0.00000   100%   295 3984s
 875311 282159    1.00824   88  136    3.00000    0.00000   100%   295 3991s
 876903 282415    2.00000   98  128    3.00000    0.00000   100%   295 3996s
 878417 282685    0.32959  105  207    3.00000    0.00000   100%   295 4003s
 880037 283020    1.82328  102  141    3.00000    0.00000   100%   295 4008s
 881355 283084    0.00000   91  151    3.00000    0.00000   100%   295 4013s
 881668 283311    0.00000   92  154    3.00000    0.00000   100%   295 4017s
 882457 283636    0.00000   93  169    3.00000    0.00000   100%   295 4024s
 883708 283971    0.01819   94  186    3.00000    0.00000   100%   295 4029s
 885038 284437    0.01562   82  182    3.00000    0.00000   100%   296 4034s
 886027 284993    1.05213  103  157    3.00000    0.00000   100%   296 4040s
 887381 285655    0.00000   89  167    3.00000    0.00000   100%   296 4047s
 888955 286333    1.00000   89  183    3.00000    0.00000   100%   296 4054s
 890398 286758 infeasible  110         3.00000    0.00000   100%   296 4061s
 891841 286881    0.52500   87  161    3.00000    0.00000   100%   296 4069s
 892596 287257     cutoff   88         3.00000    0.00000   100%   296 4077s
 894232 287730 infeasible  108         3.00000    0.00000   100%   296 4084s
 895568 287730     cutoff   96         3.00000    0.00000   100%   296 4085s
 896061 288159     cutoff  100         3.00000    0.00000   100%   296 4091s
 897671 288517 infeasible  101         3.00000    0.00000   100%   296 4099s
 899587 289003 infeasible  106         3.00000    0.00000   100%   296 4106s
 901373 289304    0.00000   75  158    3.00000    0.00000   100%   296 4112s
 902184 289727    1.00000   89  189    3.00000    0.00000   100%   297 4117s
 903304 290136    0.00000  101  159    3.00000    0.00000   100%   297 4123s
 904724 290433     cutoff   99         3.00000    0.00000   100%   297 4129s
 905515 290895    0.05473   87  172    3.00000    0.00000   100%   297 4136s
 907021 291089    0.03167   91  178    3.00000    0.00000   100%   297 4142s
 907858 291268    0.00000   81  183    3.00000    0.00000   100%   297 4149s
 908791 291838    0.07639  115  149    3.00000    0.00000   100%   297 4157s
 910285 292363    0.00000   96  155    3.00000    0.00000   100%   297 4163s
 911606 292982    0.00000   52  138    3.00000    0.00000   100%   297 4172s
 913501 293501    0.00000   89  199    3.00000    0.00000   100%   298 4180s
 915065 294075    0.00000   95  176    3.00000    0.00000   100%   298 4187s
 916647 294466     cutoff   90         3.00000    0.00000   100%   298 4194s
 917653 295037    0.00000   92  103    3.00000    0.00000   100%   298 4202s
 919117 295596 infeasible  102         3.00000    0.00000   100%   298 4209s
 920718 296208    0.36003   91  167    3.00000    0.00000   100%   298 4217s
 922480 296723 infeasible  103         3.00000    0.00000   100%   298 4224s
 923587 297125    0.00000   87  214    3.00000    0.00000   100%   298 4231s
 924624 297618    1.00000  106  147    3.00000    0.00000   100%   299 4237s
 926080 297973    0.00000   81  160    3.00000    0.00000   100%   299 4244s
 926952 298604    0.00000   82  178    3.00000    0.00000   100%   299 4250s
 928516 298925    0.00000   73  188    3.00000    0.00000   100%   299 4257s
 929241 299533    0.00000   87  195    3.00000    0.00000   100%   299 4265s
 930704 300243 infeasible   94         3.00000    0.00000   100%   299 4273s
 932220 300924    0.00000   77  175    3.00000    0.00000   100%   300 4282s
 934289 301290    1.01375  104  196    3.00000    0.00000   100%   300 4290s
 935779 301845    0.13333   83  170    3.00000    0.00000   100%   300 4298s
 937484 301972    0.07983   96  112    3.00000    0.00000   100%   300 4305s
 937892 302425    0.00000   80  177    3.00000    0.00000   100%   300 4315s
 939588 302967    0.13029   94  201    3.00000    0.00000   100%   300 4325s
 941736 303305    1.00000  100  129    3.00000    0.00000   100%   300 4332s
 942998 303796    0.00501   96  217    3.00000    0.00000   100%   300 4340s
 944736 304327    2.00000   91  162    3.00000    0.00000   100%   300 4348s
 946218 304777 infeasible  104         3.00000    0.00000   100%   300 4354s
 947413 305246    0.00000   79  206    3.00000    0.00000   100%   300 4361s
 948579 305706    0.00807   91  159    3.00000    0.00000   100%   300 4368s
 949533 306395    0.02468  103   74    3.00000    0.00000   100%   301 4379s
 951663 307088    1.04383  100  143    3.00000    0.00000   100%   301 4390s
 954062 307485    0.00000  101   96    3.00000    0.00000   100%   300 4399s
 955610 308028    0.21930  103  143    3.00000    0.00000   100%   300 4407s
 957526 308400     cutoff  107         3.00000    0.00000   100%   300 4414s
 958768 308739    0.00000   84  113    3.00000    0.00000   100%   300 4422s
 960521 309033    0.00000   86  149    3.00000    0.00000   100%   300 4429s
 961671 309313     cutoff  111         3.00000    0.00000   100%   300 4436s
 963077 309545    0.00000   76  180    3.00000    0.00000   100%   300 4443s
 963873 309991 infeasible   94         3.00000    0.00000   100%   300 4451s
 965330 310424    1.00000   97  145    3.00000    0.00000   100%   300 4458s
 966644 310846 infeasible   88         3.00000    0.00000   100%   300 4465s
 968077 311156     cutoff   88         3.00000    0.00000   100%   301 4474s
 969178 311509 infeasible   88         3.00000    0.00000   100%   301 4482s
 970808 311720    0.00000   89  152    3.00000    0.00000   100%   301 4491s
 971524 312099    1.00000   92  167    3.00000    0.00000   100%   301 4499s
 972856 312463     cutoff   94         3.00000    0.00000   100%   301 4507s
 974294 312979    0.00000   71  160    3.00000    0.00000   100%   301 4514s
 975760 313406    0.00000   90  162    3.00000    0.00000   100%   301 4522s
 977266 313893     cutoff   90         3.00000    0.00000   100%   301 4530s
 978489 314239    0.00000   90  161    3.00000    0.00000   100%   301 4538s
 979376 314839    1.07435   95  201    3.00000    0.00000   100%   301 4547s
 980922 315447    0.00000   74  212    3.00000    0.00000   100%   302 4556s
 982344 315918    1.00000   75  136    3.00000    0.00000   100%   302 4566s
 983468 316429 infeasible   84         3.00000    0.00000   100%   302 4574s
 984854 316970     cutoff   98         3.00000    0.00000   100%   302 4582s
 986300 317346    0.00000   80  190    3.00000    0.00000   100%   302 4589s
 987421 317511    0.00000   92  159    3.00000    0.00000   100%   302 4597s
 987813 317982    0.00000  100   96    3.00000    0.00000   100%   302 4606s
 989697 318599    1.04279  107  135    3.00000    0.00000   100%   302 4614s
 991117 319164    0.00000   80  182    3.00000    0.00000   100%   302 4623s
 992651 319424    0.00000   73  176    3.00000    0.00000   100%   303 4632s
 993519 319804    0.00000   77  227    3.00000    0.00000   100%   303 4639s
 994599 320338    1.05234   88  231    3.00000    0.00000   100%   303 4647s
 996194 320918    0.00000   87  139    3.00000    0.00000   100%   303 4656s
 998090 321509     cutoff   86         3.00000    0.00000   100%   303 4665s
 999814 321886    0.00000   81  135    3.00000    0.00000   100%   303 4673s
 1000719 322478     cutoff   95         3.00000    0.00000   100%   303 4680s
 1002111 322892 infeasible   98         3.00000    0.00000   100%   303 4688s
 1003640 323135    1.00000   89  177    3.00000    0.00000   100%   304 4696s
 1004435 323996    0.00000   87  219    3.00000    0.00000   100%   304 4709s
 1006897 324369    0.00000   93  168    3.00000    0.00000   100%   304 4720s
 1008952 324570    0.00000   78  154    3.00000    0.00000   100%   304 4728s
 1009848 325113    0.00000   79  163    3.00000    0.00000   100%   304 4737s
 1011910 325590    1.00000   92  115    3.00000    0.00000   100%   304 4745s
 1013556 326019    1.61013   98  174    3.00000    0.00000   100%   304 4753s
 1014804 326538    1.00000   91  150    3.00000    0.00000   100%   304 4760s
 1016354 326856    2.00000  112  144    3.00000    0.00000   100%   304 4768s
 1017469 327246     cutoff  101         3.00000    0.00000   100%   304 4776s
 1018849 327365     cutoff   99         3.00000    0.00000   100%   304 4783s
 1019450 327728    1.00000   98  186    3.00000    0.00000   100%   304 4791s
 1020982 328205    1.00000   89  190    3.00000    0.00000   100%   304 4799s
 1022383 328782    0.00000   78  206    3.00000    0.00000   100%   304 4808s
 1023934 329252 infeasible   97         3.00000    0.00000   100%   304 4816s
 1025522 329752    1.00000   91  244    3.00000    0.00000   100%   304 4823s
 1026994 330122    2.00000  120  120    3.00000    0.00000   100%   305 4830s
 1028080 330652     cutoff   94         3.00000    0.00000   100%   305 4838s
 1029441 331018    1.33333   97  152    3.00000    0.00000   100%   305 4846s
 1030527 331381    0.00300  115  164    3.00000    0.00000   100%   305 4854s
 1031909 331708    1.17626   96  211    3.00000    0.00000   100%   305 4862s
 1032644 332128 infeasible  103         3.00000    0.00000   100%   305 4869s
 1033810 332738    1.00000   85  156    3.00000    0.00000   100%   305 4877s
 1035377 333197    1.00000   92  123    3.00000    0.00000   100%   305 4883s
 1036807 333613 infeasible   94         3.00000    0.00000   100%   305 4892s
 1038660 333949    1.00000   95  119    3.00000    0.00000   100%   305 4900s
 1039950 334423     cutoff   87         3.00000    0.00000   100%   305 4908s
 1041660 334703 infeasible   93         3.00000    0.00000   100%   305 4915s
 1042800 335195    0.02273   92  123    3.00000    0.00000   100%   305 4923s
 1044655 335380    0.00000   87  128    3.00000    0.00000   100%   305 4931s
 1045683 335990    0.00000   88  131    3.00000    0.00000   100%   305 4941s
 1047943 336488    0.00000  105  146    3.00000    0.00000   100%   305 4950s
 1049629 336997    1.00000   93  162    3.00000    0.00000   100%   305 4957s
 1051077 337278    0.71335  110  126    3.00000    0.00000   100%   305 4965s
 1051731 337750    1.00000   87  227    3.00000    0.00000   100%   305 4972s
 1052945 338198    1.00000   95  148    3.00000    0.00000   100%   305 4981s
 1054203 338704    1.01917   95  251    3.00000    0.00000   100%   306 4990s
 1055465 338912     cutoff  101         3.00000    0.00000   100%   306 4999s
 1056058 339370    0.03854   88  184    3.00000    0.00000   100%   306 5007s
 1057163 339856    0.04545  103  133    3.00000    0.00000   100%   306 5014s
 1058340 340436    0.00000   79  187    3.00000    0.00000   100%   306 5023s
 1060078 341055    1.00000   89  162    3.00000    0.00000   100%   306 5031s
 1061470 341834 infeasible  108         3.00000    0.00000   100%   306 5039s
 1062895 342441    0.01811   99  186    3.00000    0.00000   100%   307 5047s
 1064532 342618    0.04112   96  142    3.00000    0.00000   100%   307 5055s
 1064931 344297    0.00000   90  149    3.00000    0.00000   100%   307 5079s
 1069262 344945    0.00000   93  116    3.00000    0.00000   100%   307 5088s
 1070998 345663    0.00000   94  149    3.00000    0.00000   100%   307 5097s
 1072790 345672 infeasible  112         3.00000    0.00000   100%   307 5103s
 1072808 345678     cutoff  113         3.00000    0.00000   100%   307 5117s
 1072830 345687     cutoff  112         3.00000    0.00000   100%   307 5124s
 1072849 345698 infeasible  113         3.00000    0.00000   100%   307 5130s
 1072866 345703 infeasible  114         3.00000    0.00000   100%   307 5138s
 1072889 345714    0.06479  105  122    3.00000    0.00000   100%   307 5144s
 1072905 345728    0.37567  106  120    3.00000    0.00000   100%   307 5154s
 1072919 345732 infeasible  107         3.00000    0.00000   100%   307 5162s
 1072940 345743     cutoff  108         3.00000    0.00000   100%   307 5172s
 1072957 345798    1.19166  107  110    3.00000    0.00000   100%   307 5182s
 1073046 345828    1.87500  108  119    3.00000    0.00000   100%   307 5190s
 1073150 345894     cutoff  109         3.00000    0.00000   100%   307 5199s
 1073343 346019 infeasible  108         3.00000    0.00000   100%   307 5210s
 1073685 346191    0.00000   85   99    3.00000    0.00000   100%   307 5222s
 1074378 346569    0.00000   86  169    3.00000    0.00000   100%   307 5231s
 1075555 346967    0.01585   87  200    3.00000    0.00000   100%   307 5241s
 1077051 347387    0.00000   86  148    3.00000    0.00000   100%   307 5251s
 1078243 347989    0.04545   87  130    3.00000    0.00000   100%   308 5263s
 1080216 348688    0.00000   73  208    3.00000    0.00000   100%   308 5276s
 1082574 349006 infeasible   92         3.00000    0.00000   100%   308 5287s
 1083963 349407    0.00000   86  205    3.00000    0.00000   100%   308 5295s
 1085003 349917    1.00000   82  177    3.00000    0.00000   100%   308 5306s
 1086392 350465    0.00056   76  227    3.00000    0.00000   100%   308 5318s
 1088563 350991    1.00000  100  165    3.00000    0.00000   100%   308 5330s
 1091265 351191    0.00000   78  221    3.00000    0.00000   100%   308 5339s
 1092343 351418    0.00000   79  235    3.00000    0.00000   100%   308 5347s
 1093205 351619    0.00000   92  152    3.00000    0.00000   100%   308 5356s
 1094509 351853    1.00216  101   51    3.00000    0.00000   100%   308 5365s
 1095696 352171    0.00000   89  152    3.00000    0.00000   100%   308 5374s
 1096828 352640    0.25000   91  142    3.00000    0.00000   100%   308 5384s
 1098771 353041    1.00000   83  192    3.00000    0.00000   100%   307 5392s
 1100572 353352    1.00000  103  109    3.00000    0.00000   100%   307 5403s
 1102307 353480    0.38726   96  162    3.00000    0.00000   100%   308 5411s
 1103143 353861    1.29342   94  163    3.00000    0.00000   100%   308 5419s
 1104670 354365    0.02215   87  176    3.00000    0.00000   100%   308 5427s
 1106015 354900    0.01333   89  166    3.00000    0.00000   100%   308 5435s
 1107615 355437     cutoff   98         3.00000    0.00000   100%   308 5443s
 1109164 355651    0.04545   83  120    3.00000    0.00000   100%   308 5450s
 1109923 356216    0.34690   88  208    3.00000    0.00000   100%   308 5459s
 1111452 356646    0.00000   76  138    3.00000    0.00000   100%   308 5467s
 1113134 357039 infeasible  105         3.00000    0.00000   100%   308 5473s
 1114870 357375    0.00000   86  142    3.00000    0.00000   100%   308 5479s
 1116311 357446     cutoff  106         3.00000    0.00000   100%   308 5483s

Cutting planes:
  Cover: 1
  Clique: 5
  MIR: 15
  StrongCG: 7
  Flow cover: 209
  Zero half: 29
  RLT: 16
  Relax-and-lift: 12

Explored 1116736 nodes (344016878 simplex iterations) in 5483.42 seconds (5689.66 work units)
Thread count was 20 (of 20 available processors)

Solution count 10: 3 4 5 ... 26

Solve interrupted
Best objective 3.000000000000e+00, best bound 0.000000000000e+00, gap 100.0000%

Wrote result file 'N24_R9_K3_3_26_split_26_fix3B_6_exact_fixrestA_wo_lem_str4_f9_g.sol'

