
Gurobi 13.0.1 (win64, gurobi_cl) logging started Mon May  4 02:22:07 2026

Set parameter WLSAccessID
Set parameter WLSSecret
Set parameter LicenseID to value 2811917
Set parameter LogFile to value "N24_R9_K3_3_26_split_26_fix3B_6_exact_fixrestA_wo_lem_f9_str4_v9_ng.log"
Using license file C:\Users\artik\gurobi.lic
Academic license 2811917 - for non-commercial use only - registered to ar___@ukma.edu.ua

Gurobi Optimizer version 13.0.1 build v13.0.1rc0 (win64 - Windows 11+.0 (26200.2))
Copyright (c) 2026, Gurobi Optimization, LLC

Read LP format model from file N24_R9_K3_3_26_split_26_fix3B_6_exact_fixrestA_wo_lem_f9_str4_v9_n.lp
Reading time = 0.01 seconds
obj: 9269 rows, 2716 columns, 35492 nonzeros

Using Gurobi shared library D:\gurobi\win64\bin\gurobi130.dll

CPU model: 12th Gen Intel(R) Core(TM) i7-12700H, instruction set [SSE2|AVX|AVX2]
Thread count: 14 physical cores, 20 logical processors, using up to 20 threads

Academic license 2811917 - for non-commercial use only - registered to ar___@ukma.edu.ua
Optimize a model with 9269 rows, 2716 columns and 35492 nonzeros (Min)
Model fingerprint: 0x695a76fa
Model has 1 linear objective coefficients
Variable types: 0 continuous, 2716 integer (2486 binary)
Coefficient statistics:
  Matrix range     [1e+00, 8e+01]
  Objective range  [1e+00, 1e+00]
  Bounds range     [1e+00, 1e+02]
  RHS range        [1e+00, 8e+01]

Presolve removed 2451 rows and 551 columns
Presolve time: 0.05s
Presolved: 6818 rows, 2165 columns, 27138 nonzeros
Variable types: 0 continuous, 2165 integer (2143 binary)

Root relaxation: objective 0.000000e+00, 3432 iterations, 0.24 seconds (0.45 work units)

    Nodes    |    Current Node    |     Objective Bounds      |     Work
 Expl Unexpl |  Obj  Depth IntInf | Incumbent    BestBd   Gap | It/Node Time

     0     0    0.00000    0  288          -    0.00000      -     -    0s
     0     0    0.00000    0  252          -    0.00000      -     -    1s
     0     0    0.00000    0  246          -    0.00000      -     -    1s
     0     0    0.00000    0  202          -    0.00000      -     -    1s
     0     0    0.00000    0  202          -    0.00000      -     -    1s
     0     0    0.00000    0  202          -    0.00000      -     -    1s
     0     0    0.00000    0  223          -    0.00000      -     -    1s
     0     0    0.00000    0  223          -    0.00000      -     -    2s
     0     0    0.00000    0  227          -    0.00000      -     -    2s
     0     0    0.00000    0  225          -    0.00000      -     -    2s
     0     0    0.00000    0  179          -    0.00000      -     -    3s
     0     0    0.00000    0  147          -    0.00000      -     -    3s
     0     0    0.00000    0  145          -    0.00000      -     -    3s
     0     0    0.00000    0  145          -    0.00000      -     -    3s
     0     0    0.00000    0  153          -    0.00000      -     -    3s
     0     0    0.00000    0  150          -    0.00000      -     -    3s
     0     0    0.00000    0  150          -    0.00000      -     -    3s
     0     0    0.00000    0  139          -    0.00000      -     -    4s
     0     0    0.00000    0  133          -    0.00000      -     -    5s
     0     0    0.00000    0  133          -    0.00000      -     -    5s
     0     0    0.00000    0  138          -    0.00000      -     -    5s
     0     0    0.00000    0  149          -    0.00000      -     -    5s
     0     0    0.00000    0  123          -    0.00000      -     -    5s
     0     0    0.00000    0  156          -    0.00000      -     -    5s
     0     0    0.00000    0  146          -    0.00000      -     -    5s
     0     0    0.00000    0  128          -    0.00000      -     -    6s
H    0     0                     195.0000000    0.00000   100%     -    6s
     0     0    0.00000    0  126  195.00000    0.00000   100%     -    6s
     0     0    0.00000    0  126  195.00000    0.00000   100%     -    6s
H    0     0                     106.0000000    0.00000   100%     -    6s
H    0     0                     100.0000000    0.00000   100%     -    6s
H    0     0                      97.0000000    0.00000   100%     -    6s
H    0     0                      96.0000000    0.00000   100%     -    6s
H    0     0                      26.0000000    0.00000   100%     -    6s
H    0     0                      16.0000000    0.00000   100%     -    7s
     0     2    0.00000    0  126   16.00000    0.00000   100%     -    7s
   116   646    0.00000   11  306   16.00000    0.00000   100%   485   11s
H  749  1658                      11.0000000    0.00000   100%   328   14s
H  762  1658                      10.0000000    0.00000   100%   323   14s
  2028  1642    3.00000   70  117   10.00000    0.00000   100%   243   17s
H 2032  1637                       9.0000000    0.00000   100%   243   17s
  3606  2947    0.00000    7  146    9.00000    0.00000   100%   195   20s
  4156  2951    0.19288   58  188    9.00000    0.00000   100%   192   25s
  4164  2957    0.00000   15  127    9.00000    0.00000   100%   192   31s
  4170  2961    0.00000   52  142    9.00000    0.00000   100%   192   35s
  4269  3051    0.00000   18  138    9.00000    0.00000   100%   206   40s
  4596  3289    0.00000   30  308    9.00000    0.00000   100%   217   50s
  4639  3323    0.00000   31  248    9.00000    0.00000   100%   218   58s
  4689  3727    0.00000   31  294    9.00000    0.00000   100%   220   67s
  5109  4476    0.00000   49  256    9.00000    0.00000   100%   233   83s
  6094  4918    1.00000   73  384    9.00000    0.00000   100%   287   94s
  6936  4967    1.40738   91  351    9.00000    0.00000   100%   308  115s
  7396  6068    1.47338   91  325    9.00000    0.00000   100%   320  132s
  8927  6813    0.00000   50  198    9.00000    0.00000   100%   353  146s
 10453  7410    0.00000   52  221    9.00000    0.00000   100%   386  155s
 11891  8332    0.00000   62  155    9.00000    0.00000   100%   387  165s
 13920  8749    1.82887   61  304    9.00000    0.00000   100%   380  171s
 14998  9676    0.00000   53  201    9.00000    0.00000   100%   381  177s
 16113  9749    0.00000  106  198    9.00000    0.00000   100%   391  184s
 16188 10544    0.00000  113  253    9.00000    0.00000   100%   392  190s
 17339 10557    0.05306   70  341    9.00000    0.00000   100%   391  196s
 17366 10770    0.16987   71  339    9.00000    0.00000   100%   391  202s
 17735 11346    0.17134   72  351    9.00000    0.00000   100%   390  208s
 18562 12235    0.61738   73  294    9.00000    0.00000   100%   387  214s
 19675 13277    1.00000   97  190    9.00000    0.00000   100%   385  221s
 21932 14452    0.00000   66  172    9.00000    0.00000   100%   380  227s
 22666 15220    0.83332   99  274    9.00000    0.00000   100%   379  231s
 24283 16371    0.00000   86  153    9.00000    0.00000   100%   374  238s
 25353 17150    0.00000   91  223    9.00000    0.00000   100%   372  242s
 26490 17888     cutoff  127         9.00000    0.00000   100%   370  246s
 27480 18758    0.00000   93  261    9.00000    0.00000   100%   368  251s
 28692 19480    4.40874   90  220    9.00000    0.00000   100%   365  255s
 29622 19806    0.00000   78  126    9.00000    0.00000   100%   367  260s
 30015 20757    0.02793   92  188    9.00000    0.00000   100%   368  265s
 31348 21876    0.00000   47  171    9.00000    0.00000   100%   367  270s
 32971 23228    0.18640   69  253    9.00000    0.00000   100%   364  276s
 34877 24250    0.00000   82  136    9.00000    0.00000   100%   358  280s
H35720 24207                       8.0000000    0.00000   100%   357  280s
 36360 25120    0.00000   81  193    8.00000    0.00000   100%   357  285s
 37845 26255    0.94726  105  233    8.00000    0.00000   100%   355  291s
 39467 28372    2.54998  104  218    8.00000    0.00000   100%   354  321s

Cutting planes:
  Cover: 1
  Clique: 5
  MIR: 5
  Flow cover: 98
  Zero half: 8
  RLT: 1
  Relax-and-lift: 12

Explored 43296 nodes (14877107 simplex iterations) in 321.63 seconds (452.05 work units)
Thread count was 20 (of 20 available processors)

Solution count 10: 8 9 10 ... 106

Solve interrupted
Best objective 8.000000000000e+00, best bound 0.000000000000e+00, gap 100.0000%

Wrote result file 'N24_R9_K3_3_26_split_26_fix3B_6_exact_fixrestA_wo_lem_f9_str4_v9_ng.sol'

