SCIP version 10.0.1 [precision: 8 byte] [memory: block] [mode: optimized] [LP solver: SoPlex 8.0.1] [GitHash: 76a50c97d6]
Copyright (c) 2002-2026 Zuse Institute Berlin (ZIB)

External libraries: 
  SoPlex 8.0.1         Linear programming solver developed at Zuse Institute Berlin (soplex.zib.de) [GitHash: c69290aa]
  CppAD 20180000.0     Algorithmic Differentiation of C++ algorithms developed by B. Bell (github.com/coin-or/CppAD)
  ZLIB 1.3.1           General purpose compression library by J. Gailly and M. Adler (zlib.net)
  MPFR 4.2.2           GNU Multiple Precision Floating-Point Reliable Library (mpfr.org)
  Boost 1.89.0         Boost C++ Libraries (boost.org)
  TinyCThread 1.2      small portable implementation of the C11 threads API (tinycthread.github.io)
  GMP 6.3.0            GNU Multiple Precision Arithmetic Library developed by T. Granlund (gmplib.org)
  ZIMPL 3.7.0          Zuse Institute Mathematical Programming Language developed by T. Koch (zimpl.zib.de)
  AMPL/MP 4.0.4        AMPL .nl file reader library (github.com/ampl/mp)
  PaPILO 3.0.0         parallel presolve for integer and linear optimization (github.com/scipopt/papilo) (built with TBB) [GitHash: 4cbdc327]
  Nauty 2.8.8          Computing Graph Automorphism Groups by Brendan D. McKay (users.cecs.anu.edu.au/~bdm/nauty)
  sassy 2.0            Symmetry preprocessor by Markus Anders (github.com/markusa4/sassy)
  Ipopt 3.14.19        Interior Point Optimizer developed by A. Waechter et.al. (github.com/coin-or/Ipopt)

user parameter file <scip.set> not found - using default parameters

heuristics/padm/freq = -1
heuristics/ofins/freq = -1
heuristics/reoptsols/freq = -1
heuristics/trivialnegation/freq = -1
heuristics/trivial/freq = -1
heuristics/clique/freq = -1
heuristics/locks/freq = -1
heuristics/vbounds/freq = -1
heuristics/shiftandpropagate/freq = -1
heuristics/completesol/freq = -1
heuristics/simplerounding/freq = -1
heuristics/randrounding/freq = -1
heuristics/zirounding/freq = -1
heuristics/rounding/freq = -1
heuristics/shifting/freq = -1
heuristics/intshifting/freq = -1
heuristics/oneopt/freq = -1
heuristics/indicator/freq = -1
heuristics/adaptivediving/freq = -1
heuristics/indicatordiving/freq = -1
heuristics/farkasdiving/freq = -1
heuristics/feaspump/freq = -1
heuristics/conflictdiving/freq = -1
heuristics/pscostdiving/freq = -1
heuristics/fracdiving/freq = -1
heuristics/nlpdiving/freq = -1
heuristics/veclendiving/freq = -1
heuristics/distributiondiving/freq = -1
heuristics/objpscostdiving/freq = -1
heuristics/rootsoldiving/freq = -1
heuristics/linesearchdiving/freq = -1
heuristics/guideddiving/freq = -1
heuristics/rens/freq = -1
heuristics/alns/freq = -1
heuristics/rins/freq = -1
heuristics/gins/freq = -1
heuristics/crossover/freq = -1
heuristics/lpface/freq = -1
heuristics/undercover/freq = -1
heuristics/subnlp/freq = -1
heuristics/mpec/freq = -1
heuristics/multistart/freq = -1
heuristics/trysol/freq = -1
presolving/restartfac = 0.0125
presolving/restartminred = 0.06
constraints/setppc/cliquelifting = TRUE
presolving/boundshift/maxrounds = -1
presolving/qpkktref/maxrounds = -1
presolving/stuffing/maxrounds = -1
presolving/tworowbnd/maxrounds = -1
presolving/dualinfer/maxrounds = -1
presolving/dualagg/maxrounds = -1
presolving/implint/maxrounds = -1
presolving/redvub/maxrounds = -1
propagating/probing/maxuseless = 1500
propagating/probing/maxtotaluseless = 75
separating/closecuts/freq = 0
separating/rlt/freq = 20
separating/rlt/maxroundsroot = 15
separating/disjunctive/freq = 20
separating/disjunctive/maxroundsroot = 150
separating/gauge/freq = 0
separating/interminor/freq = 0
separating/convexproj/freq = 0
separating/gomory/maxroundsroot = 15
separating/gomory/maxsepacutsroot = 400
separating/aggregation/maxsepacutsroot = 1000
separating/clique/freq = 20
separating/zerohalf/maxroundsroot = 30
separating/zerohalf/maxsepacutsroot = 200
separating/lagromory/freq = 0
separating/mcf/freq = 20
separating/mcf/maxsepacutsroot = 400
separating/eccuts/freq = 0
separating/eccuts/maxroundsroot = 375
separating/eccuts/maxsepacutsroot = 100
separating/oddcycle/freq = 0
separating/oddcycle/maxroundsroot = 15
separating/oddcycle/maxsepacutsroot = 10000
constraints/benderslp/sepafreq = 0
constraints/integral/sepafreq = 0
constraints/SOS2/sepafreq = 10
constraints/varbound/sepafreq = 10
constraints/knapsack/sepafreq = 10
constraints/knapsack/maxsepacutsroot = 500
constraints/setppc/sepafreq = 10
constraints/or/sepafreq = 10
constraints/xor/sepafreq = 10
constraints/conjunction/sepafreq = 0
constraints/disjunction/sepafreq = 0
constraints/exactsol/sepafreq = 0
constraints/linear/sepafreq = 10
constraints/linear/maxsepacutsroot = 500
constraints/exactlinear/sepafreq = 10
constraints/exactlinear/maxsepacutsroot = 500
constraints/orbitope_full/sepafreq = 0
constraints/orbitope_pp/sepafreq = 0
constraints/logicor/sepafreq = 10
constraints/bounddisjunction/sepafreq = 0
constraints/pseudoboolean/sepafreq = 0
constraints/superindicator/sepafreq = 0
constraints/benders/sepafreq = 0
constraints/fixedvar/sepafreq = 0
constraints/countsols/sepafreq = 0
constraints/components/sepafreq = 0
cutselection/hybrid/minorthoroot = 0.1
separating/maxroundsrootsubrun = 5
separating/maxaddrounds = 5
separating/maxcutsroot = 5000
constraints/linear/separateall = TRUE
separating/aggregation/maxfailsroot = 200
separating/mcf/maxtestdelta = -1
separating/mcf/trynegscaling = TRUE
loaded parameter file <scip_v5.set>

read problem <N22_R8_K3_0_22_split_22_fix0B_6_exact_fixrestA_wo_lem_mat_str4_v4_bounds.lp>
============

original problem has 2302 variables (2277 bin, 23 int, 2 cont) and 6592 constraints

presolving:
(round 1, fast)       941 del vars, 2896 del conss, 15 add conss, 925 chg bounds, 0 chg sides, 0 chg coeffs, 0 upgd conss, 20 impls, 2559 clqs, 20 implints
(round 2, fast)       994 del vars, 3263 del conss, 30 add conss, 940 chg bounds, 10 chg sides, 50 chg coeffs, 0 upgd conss, 39 impls, 2684 clqs, 20 implints
(round 3, fast)       1007 del vars, 3266 del conss, 40 add conss, 962 chg bounds, 120 chg sides, 166 chg coeffs, 0 upgd conss, 51 impls, 2765 clqs, 20 implints
(round 4, fast)       1016 del vars, 3273 del conss, 45 add conss, 977 chg bounds, 144 chg sides, 207 chg coeffs, 0 upgd conss, 60 impls, 2814 clqs, 20 implints
(round 5, fast)       1022 del vars, 3279 del conss, 50 add conss, 986 chg bounds, 167 chg sides, 230 chg coeffs, 0 upgd conss, 66 impls, 2837 clqs, 20 implints
(round 6, fast)       1025 del vars, 3282 del conss, 53 add conss, 989 chg bounds, 189 chg sides, 252 chg coeffs, 0 upgd conss, 69 impls, 2845 clqs, 20 implints
(round 7, fast)       1025 del vars, 3282 del conss, 53 add conss, 989 chg bounds, 203 chg sides, 272 chg coeffs, 0 upgd conss, 69 impls, 2845 clqs, 20 implints
   (0.0s) running MILP presolver
   (0.0s) MILP presolver (10 rounds): 28 aggregations, 81 fixings, 0 bound changes
(round 8, medium)     1134 del vars, 3282 del conss, 53 add conss, 989 chg bounds, 203 chg sides, 272 chg coeffs, 0 upgd conss, 69 impls, 2726 clqs, 20 implints
(round 9, fast)       1134 del vars, 3347 del conss, 56 add conss, 989 chg bounds, 209 chg sides, 272 chg coeffs, 0 upgd conss, 69 impls, 2726 clqs, 20 implints
(round 10, fast)       1134 del vars, 3347 del conss, 56 add conss, 989 chg bounds, 229 chg sides, 300 chg coeffs, 0 upgd conss, 69 impls, 2726 clqs, 20 implints
(round 11, exhaustive) 1134 del vars, 3355 del conss, 56 add conss, 989 chg bounds, 232 chg sides, 300 chg coeffs, 0 upgd conss, 69 impls, 2726 clqs, 20 implints
(round 12, exhaustive) 1134 del vars, 3355 del conss, 56 add conss, 989 chg bounds, 232 chg sides, 300 chg coeffs, 3217 upgd conss, 69 impls, 2726 clqs, 20 implints
(round 13, exhaustive) 1134 del vars, 6347 del conss, 804 add conss, 989 chg bounds, 232 chg sides, 300 chg coeffs, 3217 upgd conss, 69 impls, 2726 clqs, 20 implints
(round 14, exhaustive) 1134 del vars, 6347 del conss, 804 add conss, 989 chg bounds, 232 chg sides, 462 chg coeffs, 3217 upgd conss, 69 impls, 2726 clqs, 20 implints
   (0.0s) probing: 372/1206 (30.8%) - 2 fixings, 0 aggregations, 6118 implications, 0 bound changes
   (0.0s) probing aborted: 75/75 successive totally useless probings
(round 15, exhaustive) 1136 del vars, 6347 del conss, 804 add conss, 989 chg bounds, 232 chg sides, 462 chg coeffs, 3217 upgd conss, 1831 impls, 9616 clqs, 20 implints
(round 16, fast)       1136 del vars, 6347 del conss, 817 add conss, 989 chg bounds, 232 chg sides, 462 chg coeffs, 3217 upgd conss, 1831 impls, 9616 clqs, 20 implints
(round 17, fast)       1136 del vars, 6347 del conss, 817 add conss, 989 chg bounds, 299 chg sides, 571 chg coeffs, 3217 upgd conss, 1831 impls, 9616 clqs, 20 implints
(round 18, exhaustive) 1136 del vars, 6356 del conss, 817 add conss, 989 chg bounds, 301 chg sides, 571 chg coeffs, 3217 upgd conss, 1831 impls, 9616 clqs, 20 implints
   (0.0s) probing: 379/1206 (31.4%) - 2 fixings, 0 aggregations, 6118 implications, 0 bound changes
   (0.0s) probing aborted: 75/75 successive totally useless probings
   (0.0s) symmetry computation started: requiring (bin +, int +, cont +), (fixed: bin -, int -, cont -)
   (0.0s) no symmetry present (symcode time: 0.00)
presolving (19 rounds: 19 fast, 8 medium, 7 exhaustive):
 1136 deleted vars, 6356 deleted constraints, 817 added constraints, 989 tightened bounds, 0 added holes, 301 changed sides, 571 changed coefficients
 1831 implications, 9616 cliques, 20 implied integral variables (0 bin, 20 int, 0 cont)
presolved problem has 1225 variables (1204 bin, 21 int, 0 cont) and 1053 constraints
     16 constraints of type <varbound>
    162 constraints of type <knapsack>
     41 constraints of type <setppc>
    748 constraints of type <and>
     80 constraints of type <linear>
      6 constraints of type <logicor>
transformed objective value is always integral (scale: 1)
Presolving Time: 0.00

 time | node  | left  |LP iter|LP it/n|mem/heur|mdpt |vars |cons |rows |cuts |sepa|confs|strbr|  dualbound   | primalbound  |  gap   | compl. 
  0.0s|     1 |     0 |  1431 |     - |    30M |   0 |1225 |1053 |1801 |   0 |  0 |   0 |   0 | 0.000000e+00 |      --      |    Inf | unknown
Computing relative interior point (time limit: 1e+20, iter limit: 14310) ...
  0.0s|     1 |     0 |  1559 |     - |    35M |   0 |1225 |1053 |1872 |  71 |  1 |   0 |   0 | 0.000000e+00 |      --      |    Inf | unknown
  0.0s|     1 |     0 |  1642 |     - |    36M |   0 |1225 |1053 |1924 | 123 |  2 |   0 |   0 | 0.000000e+00 |      --      |    Inf | unknown
  1.0s|     1 |     0 |  1737 |     - |    37M |   0 |1225 |1053 |2019 | 218 |  3 |   0 |   0 | 0.000000e+00 |      --      |    Inf | unknown
  1.0s|     1 |     0 |  1830 |     - |    37M |   0 |1225 |1053 |2057 | 256 |  4 |   0 |   0 | 0.000000e+00 |      --      |    Inf | unknown
  1.0s|     1 |     0 |  1920 |     - |    38M |   0 |1225 |1053 |2108 | 307 |  5 |   0 |   0 | 0.000000e+00 |      --      |    Inf | unknown
  1.0s|     1 |     0 |  2023 |     - |    38M |   0 |1225 |1053 |2143 | 342 |  6 |   0 |   0 | 0.000000e+00 |      --      |    Inf | unknown
  1.0s|     1 |     0 |  2140 |     - |    38M |   0 |1225 |1053 |2179 | 378 |  7 |   0 |   0 | 0.000000e+00 |      --      |    Inf | unknown
  1.0s|     1 |     0 |  2253 |     - |    39M |   0 |1225 |1053 |2207 | 406 |  8 |   0 |   0 | 0.000000e+00 |      --      |    Inf | unknown
  1.0s|     1 |     0 |  2359 |     - |    39M |   0 |1225 |1053 |2229 | 428 |  9 |   0 |   0 | 0.000000e+00 |      --      |    Inf | unknown
  1.0s|     1 |     0 |  2466 |     - |    40M |   0 |1225 |1053 |2258 | 457 | 10 |   0 |   0 | 0.000000e+00 |      --      |    Inf | unknown
  1.0s|     1 |     0 |  2550 |     - |    40M |   0 |1225 |1053 |2266 | 484 | 11 |   0 |   0 | 0.000000e+00 |      --      |    Inf | unknown
  2.0s|     1 |     2 |  2600 |     - |    40M |   0 |1225 |1053 |2266 | 484 | 11 |   0 |  26 | 0.000000e+00 |      --      |    Inf | unknown
  8.0s|   100 |    50 | 65843 | 639.3 |    43M |  33 |1225 |1137 |2622 |1969 |  0 |  84 |  26 | 0.000000e+00 |      --      |    Inf | unknown
 18.0s|   200 |    60 |151495 | 748.5 |    45M |  51 |1225 |1251 |2900 |3476 |  2 | 198 |  26 | 0.000000e+00 |      --      |    Inf | unknown
 time | node  | left  |LP iter|LP it/n|mem/heur|mdpt |vars |cons |rows |cuts |sepa|confs|strbr|  dualbound   | primalbound  |  gap   | compl. 
 25.0s|   300 |    82 |223323 | 738.4 |    45M |  53 |1225 |1334 |2778 |4432 |  0 | 281 |  26 | 0.000000e+00 |      --      |    Inf |   0.73%
 33.0s|   400 |    79 |308771 | 767.5 |    46M |  60 |1225 |1437 |3215 |5371 |  0 | 384 |  26 | 0.000000e+00 |      --      |    Inf |   2.25%
 45.0s|   500 |   100 |411484 | 819.5 |    48M |  60 |1225 |1538 |2334 |6493 |  2 | 485 |  26 | 0.000000e+00 |      --      |    Inf |   3.10%
 56.0s|   600 |   158 |505364 | 839.4 |    51M |  60 |1225 |1620 |3630 |7340 |  1 | 567 |  26 | 0.000000e+00 |      --      |    Inf |   3.32%
 67.0s|   700 |   200 |595597 | 848.4 |    55M |  60 |1225 |1742 |3644 |7819 |  0 | 689 |  26 | 0.000000e+00 |      --      |    Inf |   3.33%
 82.0s|   800 |   225 |701822 | 875.2 |    56M |  66 |1225 |1868 |2742 |8276 |  2 | 815 |  26 | 0.000000e+00 |      --      |    Inf |   3.73%
 96.0s|   900 |   254 |812762 | 901.2 |    57M |  66 |1225 |2003 |3657 |9249 |  0 | 950 |  26 | 0.000000e+00 |      --      |    Inf |   3.74%
  104s|  1000 |   304 |879848 | 878.2 |    59M |  66 |1225 |2079 |3754 |9819 |  0 |1028 |  26 | 0.000000e+00 |      --      |    Inf |   3.81%
  109s|  1100 |   355 |922903 | 837.4 |    60M |  66 |1225 |2141 |2638 |  10k|  2 |1099 |  26 | 0.000000e+00 |      --      |    Inf |   4.12%
  114s|  1200 |   399 |967510 | 804.8 |    61M |  66 |1225 |2211 |3862 |  10k|  1 |1181 |  26 | 0.000000e+00 |      --      |    Inf |   4.32%
  121s|  1300 |   397 |  1030k| 791.1 |    62M |  66 |1225 |2337 |3791 |  10k|  0 |1323 |  26 | 0.000000e+00 |      --      |    Inf |   4.50%
  125s|  1400 |   427 |  1066k| 760.6 |    63M |  67 |1225 |2479 |3603 |  11k|  0 |1473 |  26 | 0.000000e+00 |      --      |    Inf |   4.56%
  129s|  1500 |   425 |  1103k| 734.4 |    64M |  67 |1225 |2638 |3768 |  11k|  0 |1650 |  26 | 0.000000e+00 |      --      |    Inf |   4.58%
  135s|  1600 |   441 |  1149k| 717.1 |    64M |  67 |1225 |2731 |3750 |  11k|  1 |1770 |  26 | 0.000000e+00 |      --      |    Inf |   4.74%
  147s|  1700 |   468 |  1209k| 710.4 |    65M |  67 |1225 |2808 |2699 |  12k|  0 |1884 |  26 | 0.000000e+00 |      --      |    Inf |   5.10%
 time | node  | left  |LP iter|LP it/n|mem/heur|mdpt |vars |cons |rows |cuts |sepa|confs|strbr|  dualbound   | primalbound  |  gap   | compl. 
  160s|  1800 |   487 |  1258k| 698.2 |    67M |  67 |1225 |2894 |4022 |  12k|  1 |2001 |  26 | 0.000000e+00 |      --      |    Inf |   6.12%
  165s|  1900 |   517 |  1284k| 675.1 |    67M |  67 |1225 |2977 |   0 |  12k|  0 |2103 |  26 | 0.000000e+00 |      --      |    Inf |   6.13%
  178s|  2000 |   523 |  1334k| 666.5 |    68M |  67 |1225 |3105 |2242 |  13k|  2 |2272 |  26 | 0.000000e+00 |      --      |    Inf |   6.39%
  190s|  2100 |   533 |  1386k| 659.2 |    68M |  67 |1225 |3229 |3880 |  13k|  2 |2423 |  26 | 0.000000e+00 |      --      |    Inf |   6.64%
  215s|  2200 |   555 |  1477k| 670.7 |    68M |  67 |1225 |3356 |3462 |  14k|  1 |2583 |  26 | 0.000000e+00 |      --      |    Inf |   6.67%
  232s|  2300 |   563 |  1542k| 669.8 |    68M |  67 |1225 |3502 |3931 |  14k|  1 |2753 |  26 | 0.000000e+00 |      --      |    Inf |   6.78%
  252s|  2400 |   596 |  1614k| 671.8 |    69M |  67 |1225 |3567 |4070 |  14k|  2 |2841 |  26 | 0.000000e+00 |      --      |    Inf |   6.81%
  272s|  2500 |   633 |  1705k| 681.4 |    70M |  67 |1225 |3623 |3839 |  15k|  2 |2942 |  26 | 0.000000e+00 |      --      |    Inf |   6.81%
  288s|  2600 |   630 |  1813k| 696.8 |    72M |  67 |1225 |3709 |4057 |  15k|  2 |3077 |  26 | 0.000000e+00 |      --      |    Inf |   6.93%
  310s|  2700 |   636 |  1976k| 731.5 |    73M |  67 |1225 |3798 |4063 |  15k|  0 |3198 |  26 | 0.000000e+00 |      --      |    Inf |   7.09%
  328s|  2800 |   648 |  2105k| 751.2 |    73M |  67 |1225 |3925 |3725 |  16k|  1 |3342 |  26 | 0.000000e+00 |      --      |    Inf |   7.19%
  338s|  2900 |   677 |  2194k| 756.2 |    75M |  67 |1225 |3993 |4012 |  17k|  1 |3449 |  26 | 0.000000e+00 |      --      |    Inf |   7.42%
  360s|  3000 |   687 |  2357k| 785.2 |    76M |  67 |1225 |4087 |4155 |  17k|  0 |3586 |  26 | 0.000000e+00 |      --      |    Inf |   7.47%
  370s|  3100 |   687 |  2437k| 785.8 |    76M |  67 |1225 |4214 |3967 |  18k|  0 |3741 |  26 | 0.000000e+00 |      --      |    Inf |   7.48%
  379s|  3200 |   694 |  2515k| 785.6 |    76M |  67 |1225 |4273 |3557 |  18k|  1 |3837 |  26 | 0.000000e+00 |      --      |    Inf |   7.60%
 time | node  | left  |LP iter|LP it/n|mem/heur|mdpt |vars |cons |rows |cuts |sepa|confs|strbr|  dualbound   | primalbound  |  gap   | compl. 
  390s|  3300 |   703 |  2605k| 788.9 |    76M |  67 |1225 |4348 |3600 |  19k|  0 |3984 |  26 | 0.000000e+00 |      --      |    Inf |   7.85%
  400s|  3400 |   722 |  2694k| 791.9 |    76M |  67 |1225 |4404 |4217 |  19k|  1 |4095 |  26 | 0.000000e+00 |      --      |    Inf |   8.21%
  412s|  3500 |   716 |  2790k| 796.9 |    77M |  67 |1225 |4527 |4111 |  20k|  1 |4274 |  26 | 0.000000e+00 |      --      |    Inf |   8.33%
  444s|  3600 |   729 |  2986k| 829.2 |    77M |  67 |1225 |4558 |3752 |  20k|  0 |4383 |  26 | 0.000000e+00 |      --      |    Inf |  11.58%
  451s|  3700 |   729 |  3045k| 822.6 |    77M |  67 |1225 |4649 |4265 |  21k|  1 |4523 |  26 | 0.000000e+00 |      --      |    Inf |  11.59%
  468s|  3800 |   749 |  3174k| 834.8 |    79M |  67 |1225 |4641 |4285 |  21k|  1 |4610 |  26 | 0.000000e+00 |      --      |    Inf |  11.68%
  473s|  3900 |   753 |  3218k| 824.7 |    81M |  67 |1225 |4627 |2494 |  21k|  0 |4713 |  26 | 0.000000e+00 |      --      |    Inf |  13.73%
  477s|  4000 |   759 |  3259k| 814.4 |    81M |  67 |1225 |4723 |4227 |  22k|  1 |4888 |  26 | 0.000000e+00 |      --      |    Inf |  14.12%
  485s|  4100 |   780 |  3321k| 809.8 |    81M |  67 |1225 |4724 |4129 |  22k|  0 |4986 |  26 | 0.000000e+00 |      --      |    Inf |  14.13%
  498s|  4200 |   783 |  3420k| 813.9 |    81M |  67 |1225 |4736 |2335 |  22k|  0 |5103 |  26 | 0.000000e+00 |      --      |    Inf |  14.26%
  510s|  4300 |   784 |  3519k| 818.0 |    81M |  67 |1225 |4767 |3894 |  23k|  2 |5228 |  26 | 0.000000e+00 |      --      |    Inf |  14.37%
  522s|  4400 |   794 |  3611k| 820.4 |    81M |  67 |1225 |4783 |4169 |  23k|  0 |5351 |  26 | 0.000000e+00 |      --      |    Inf |  14.45%
  528s|  4500 |   783 |  3665k| 814.2 |    82M |  67 |1225 |4829 |2379 |  23k|  2 |5513 |  26 | 0.000000e+00 |      --      |    Inf |  14.51%
  535s|  4600 |   797 |  3722k| 808.9 |    82M |  67 |1225 |4810 |3993 |  24k|  2 |5651 |  26 | 0.000000e+00 |      --      |    Inf |  14.99%
  549s|  4700 |   802 |  3833k| 815.3 |    83M |  67 |1225 |4852 |3749 |  25k|  0 |5779 |  26 | 0.000000e+00 |      --      |    Inf |  15.94%
 time | node  | left  |LP iter|LP it/n|mem/heur|mdpt |vars |cons |rows |cuts |sepa|confs|strbr|  dualbound   | primalbound  |  gap   | compl. 
  557s|  4800 |   808 |  3898k| 811.7 |    85M |  67 |1225 |4851 |4071 |  25k|  2 |5886 |  26 | 0.000000e+00 |      --      |    Inf |  15.95%
  570s|  4900 |   825 |  4001k| 816.3 |    85M |  67 |1225 |4901 |4115 |  26k|  2 |6008 |  26 | 0.000000e+00 |      --      |    Inf |  15.99%
  580s|  5000 |   827 |  4088k| 817.4 |    85M |  67 |1225 |4952 |4083 |  27k|  0 |6142 |  26 | 0.000000e+00 |      --      |    Inf |  16.04%
  595s|  5100 |   817 |  4201k| 823.6 |    85M |  67 |1225 |4995 |4000 |  27k|  0 |6301 |  26 | 0.000000e+00 |      --      |    Inf |  16.18%
  607s|  5200 |   832 |  4296k| 826.0 |    86M |  67 |1225 |5032 |4080 |  28k|  1 |6420 |  26 | 0.000000e+00 |      --      |    Inf |  16.23%
  621s|  5300 |   844 |  4399k| 829.9 |    87M |  67 |1225 |5032 |4262 |  28k|  1 |6541 |  26 | 0.000000e+00 |      --      |    Inf |  16.76%
  634s|  5400 |   846 |  4504k| 833.9 |    87M |  67 |1225 |5037 |4265 |  28k|  0 |6666 |  26 | 0.000000e+00 |      --      |    Inf |  17.04%
  663s|  5500 |   852 |  4712k| 856.5 |    88M |  67 |1225 |5063 |3476 |  29k|  2 |6779 |  26 | 0.000000e+00 |      --      |    Inf |  17.10%
  671s|  5600 |   864 |  4776k| 852.7 |    88M |  67 |1225 |5078 |3452 |  29k|  0 |6932 |  26 | 0.000000e+00 |      --      |    Inf |  17.61%
  674s|  5700 |   870 |  4811k| 843.9 |    88M |  67 |1225 |5154 |2996 |  29k|  1 |7073 |  26 | 0.000000e+00 |      --      |    Inf |  17.72%
  679s|  5800 |   864 |  4855k| 836.9 |    89M |  67 |1225 |5171 |2414 |  29k|  2 |7239 |  26 | 0.000000e+00 |      --      |    Inf |  17.80%
  685s|  5900 |   868 |  4903k| 830.8 |    89M |  67 |1225 |5198 |4219 |  29k|  0 |7410 |  26 | 0.000000e+00 |      --      |    Inf |  17.97%
  689s|  6000 |   883 |  4941k| 823.3 |    89M |  67 |1225 |5212 |3816 |  30k|  0 |7538 |  26 | 0.000000e+00 |      --      |    Inf |  18.07%
  693s|  6100 |   892 |  4973k| 815.0 |    89M |  67 |1225 |5254 |4274 |  30k|  2 |7695 |  26 | 0.000000e+00 |      --      |    Inf |  18.09%
  697s|  6200 |   894 |  5011k| 808.0 |    89M |  67 |1225 |5219 |2396 |  30k|  2 |7844 |  26 | 0.000000e+00 |      --      |    Inf |  18.39%
 time | node  | left  |LP iter|LP it/n|mem/heur|mdpt |vars |cons |rows |cuts |sepa|confs|strbr|  dualbound   | primalbound  |  gap   | compl. 
  712s|  6300 |   904 |  5118k| 812.2 |    89M |  67 |1225 |5228 |4014 |  30k|  1 |7985 |  26 | 0.000000e+00 |      --      |    Inf |  18.82%
  725s|  6400 |   897 |  5214k| 814.5 |    90M |  67 |1225 |5159 |4340 |  31k|  0 |8137 |  26 | 0.000000e+00 |      --      |    Inf |  19.31%
  741s|  6500 |   903 |  5326k| 819.3 |    90M |  67 |1225 |5094 |3804 |  31k|  2 |8245 |  26 | 0.000000e+00 |      --      |    Inf |  19.42%
  758s|  6600 |   906 |  5446k| 825.0 |    91M |  67 |1225 |5115 |4061 |  31k|  1 |8390 |  26 | 0.000000e+00 |      --      |    Inf |  19.56%
  770s|  6700 |   904 |  5540k| 826.6 |    91M |  67 |1225 |5027 |4390 |  32k|  0 |8502 |  26 | 0.000000e+00 |      --      |    Inf |  19.84%
  781s|  6800 |   923 |  5629k| 827.5 |    91M |  67 |1225 |5038 |4472 |  32k|  2 |8621 |  26 | 0.000000e+00 |      --      |    Inf |  19.88%
  791s|  6900 |   933 |  5711k| 827.4 |    91M |  67 |1225 |4956 |4316 |  32k|  1 |8738 |  26 | 0.000000e+00 |      --      |    Inf |  20.04%
  802s|  7000 |   947 |  5795k| 827.7 |    91M |  67 |1225 |4994 |   0 |  33k|  0 |8874 |  26 | 0.000000e+00 |      --      |    Inf |  20.06%
  815s|  7100 |   939 |  5888k| 829.1 |    91M |  67 |1225 |5001 |3970 |  33k|  2 |9021 |  26 | 0.000000e+00 |      --      |    Inf |  20.08%
  824s|  7200 |   932 |  5962k| 827.8 |    92M |  67 |1225 |5023 |3884 |  33k|  2 |9175 |  26 | 0.000000e+00 |      --      |    Inf |  20.10%
  832s|  7300 |   932 |  6023k| 824.9 |    93M |  67 |1225 |5029 |2864 |  33k|  0 |9303 |  26 | 0.000000e+00 |      --      |    Inf |  20.18%
  843s|  7400 |   926 |  6108k| 825.2 |    93M |  67 |1225 |4978 |3831 |  34k|  2 |9422 |  26 | 0.000000e+00 |      --      |    Inf |  20.23%
  857s|  7500 |   936 |  6219k| 829.0 |    94M |  67 |1225 |4901 |4329 |  34k|  1 |9529 |  26 | 0.000000e+00 |      --      |    Inf |  23.42%
  875s|  7600 |   942 |  6335k| 833.3 |    94M |  67 |1225 |4815 |4061 |  34k|  0 |9644 |  26 | 0.000000e+00 |      --      |    Inf |  23.60%
  888s|  7700 |   948 |  6438k| 836.0 |    94M |  67 |1225 |4711 |4250 |  35k|  1 |9766 |  26 | 0.000000e+00 |      --      |    Inf |  23.78%
 time | node  | left  |LP iter|LP it/n|mem/heur|mdpt |vars |cons |rows |cuts |sepa|confs|strbr|  dualbound   | primalbound  |  gap   | compl. 
  902s|  7800 |   964 |  6547k| 839.2 |    94M |  67 |1225 |4674 |3851 |  35k|  1 |9861 |  26 | 0.000000e+00 |      --      |    Inf |  23.81%
  923s|  7900 |   966 |  6686k| 846.2 |    94M |  67 |1225 |4679 |4458 |  35k|  1 |  10k|  26 | 0.000000e+00 |      --      |    Inf |  23.89%
  930s|  8000 |   951 |  6738k| 842.1 |    94M |  67 |1225 |4653 |3574 |  35k|  0 |  10k|  26 | 0.000000e+00 |      --      |    Inf |  23.93%
  936s|  8100 |   952 |  6792k| 838.4 |    96M |  67 |1225 |4614 |4285 |  35k|  0 |  10k|  26 | 0.000000e+00 |      --      |    Inf |  24.45%
  947s|  8200 |   955 |  6838k| 833.8 |    96M |  67 |1225 |4569 |2273 |  36k|  2 |  10k|  26 | 0.000000e+00 |      --      |    Inf |  24.50%
  966s|  8300 |   959 |  6899k| 831.1 |    96M |  67 |1225 |4657 |   0 |  36k|  0 |  10k|  26 | 0.000000e+00 |      --      |    Inf |  24.70%
  989s|  8400 |   968 |  6982k| 831.0 |    96M |  67 |1225 |4692 |3018 |  37k|  0 |  10k|  26 | 0.000000e+00 |      --      |    Inf |  24.72%
 1027s|  8500 |   982 |  7104k| 835.6 |    96M |  67 |1225 |4650 |2281 |  38k|  2 |  10k|  26 | 0.000000e+00 |      --      |    Inf |  24.74%
 1058s|  8600 |   992 |  7203k| 837.4 |    96M |  67 |1225 |4617 |4400 |  38k|  0 |  11k|  26 | 0.000000e+00 |      --      |    Inf |  24.82%
 1086s|  8700 |   991 |  7287k| 837.4 |    96M |  67 |1225 |4595 |4032 |  38k|  2 |  11k|  26 | 0.000000e+00 |      --      |    Inf |  24.90%
 1113s|  8800 |   999 |  7466k| 848.3 |    97M |  67 |1225 |4667 |3938 |  38k|  1 |  11k|  26 | 0.000000e+00 |      --      |    Inf |  24.93%
 1129s|  8900 |  1002 |  7545k| 847.6 |    97M |  67 |1225 |4647 |2987 |  39k|  0 |  11k|  26 | 0.000000e+00 |      --      |    Inf |  24.96%
 1143s|  9000 |  1008 |  7595k| 843.7 |    97M |  67 |1225 |4562 |3884 |  39k|  1 |  11k|  26 | 0.000000e+00 |      --      |    Inf |  25.04%
 1158s|  9100 |  1022 |  7642k| 839.7 |    97M |  67 |1225 |4514 |3785 |  39k|  2 |  11k|  26 | 0.000000e+00 |      --      |    Inf |  25.24%
 1174s|  9200 |  1034 |  7691k| 835.8 |    97M |  67 |1225 |4477 |2188 |  39k|  0 |  11k|  26 | 0.000000e+00 |      --      |    Inf |  25.31%
 time | node  | left  |LP iter|LP it/n|mem/heur|mdpt |vars |cons |rows |cuts |sepa|confs|strbr|  dualbound   | primalbound  |  gap   | compl. 
 1186s|  9300 |  1042 |  7732k| 831.3 |    97M |  67 |1225 |4646 |4448 |  40k|  2 |  11k|  26 | 0.000000e+00 |      --      |    Inf |  25.34%
 1215s|  9400 |  1045 |  7824k| 832.2 |    98M |  67 |1225 |4639 |4092 |  40k|  0 |  12k|  26 | 0.000000e+00 |      --      |    Inf |  25.36%
 1269s|  9500 |  1055 |  7967k| 838.5 |    98M |  67 |1225 |4586 |2913 |  40k|  2 |  12k|  26 | 0.000000e+00 |      --      |    Inf |  25.41%
 1280s|  9600 |  1055 |  8010k| 834.2 |    98M |  67 |1225 |4439 |2495 |  41k|  2 |  12k|  26 | 0.000000e+00 |      --      |    Inf |  25.52%
 1287s|  9700 |  1057 |  8041k| 828.9 |    98M |  67 |1225 |4508 |3817 |  41k|  2 |  12k|  26 | 0.000000e+00 |      --      |    Inf |  25.53%
 1302s|  9800 |  1063 |  8095k| 825.9 |    98M |  67 |1225 |4469 |4443 |  41k|  1 |  12k|  26 | 0.000000e+00 |      --      |    Inf |  25.60%
 1317s|  9900 |  1057 |  8146k| 822.7 |    99M |  67 |1225 |4423 |3724 |  42k|  0 |  12k|  26 | 0.000000e+00 |      --      |    Inf |  25.88%
 1323s| 10000 |  1067 |  8170k| 816.9 |    99M |  67 |1225 |4526 |2403 |  42k|  0 |  12k|  26 | 0.000000e+00 |      --      |    Inf |  25.89%
 1334s| 10100 |  1051 |  8209k| 812.7 |    99M |  67 |1225 |4436 |4498 |  42k|  0 |  13k|  26 | 0.000000e+00 |      --      |    Inf |  26.09%
 1351s| 10200 |  1055 |  8266k| 810.3 |    99M |  67 |1225 |4396 |4620 |  42k|  1 |  13k|  26 | 0.000000e+00 |      --      |    Inf |  26.12%
 1370s| 10300 |  1056 |  8331k| 808.7 |   100M |  67 |1225 |4375 |4360 |  43k|  1 |  13k|  26 | 0.000000e+00 |      --      |    Inf |  26.32%
 1383s| 10400 |  1063 |  8377k| 805.4 |   100M |  67 |1225 |4457 |2295 |  43k|  2 |  13k|  26 | 0.000000e+00 |      --      |    Inf |  26.33%
 1398s| 10500 |  1071 |  8428k| 802.5 |   100M |  67 |1225 |4391 |4361 |  44k|  1 |  13k|  26 | 0.000000e+00 |      --      |    Inf |  26.73%
 1416s| 10600 |  1079 |  8485k| 800.3 |   100M |  67 |1225 |4302 |4322 |  44k|  1 |  13k|  26 | 0.000000e+00 |      --      |    Inf |  26.77%
 1436s| 10700 |  1102 |  8554k| 799.3 |   100M |  67 |1225 |3930 |4514 |  44k|  1 |  13k|  26 | 0.000000e+00 |      --      |    Inf |  28.61%
 time | node  | left  |LP iter|LP it/n|mem/heur|mdpt |vars |cons |rows |cuts |sepa|confs|strbr|  dualbound   | primalbound  |  gap   | compl. 
 1479s| 10800 |  1100 |  8694k| 804.8 |   100M |  67 |1225 |3990 |4417 |  44k|  0 |  13k|  26 | 0.000000e+00 |      --      |    Inf |  28.81%
 1498s| 10900 |  1096 |  8766k| 804.1 |   100M |  67 |1225 |4030 |4390 |  45k|  0 |  14k|  26 | 0.000000e+00 |      --      |    Inf |  28.92%
 1528s| 11000 |  1102 |  8862k| 805.5 |   100M |  67 |1225 |3881 |3893 |  45k|  0 |  14k|  26 | 0.000000e+00 |      --      |    Inf |  28.97%
 1555s| 11100 |  1110 |  8950k| 806.2 |   100M |  67 |1225 |3822 |4062 |  45k|  1 |  14k|  26 | 0.000000e+00 |      --      |    Inf |  28.98%
 1620s| 11200 |  1118 |  9133k| 815.3 |   100M |  67 |1225 |3878 |4240 |  46k|  0 |  14k|  26 | 0.000000e+00 |      --      |    Inf |  29.00%
 1650s| 11300 |  1108 |  9229k| 816.6 |   101M |  67 |1225 |3824 |4498 |  46k|  0 |  14k|  26 | 0.000000e+00 |      --      |    Inf |  29.03%
 1686s| 11400 |  1113 |  9343k| 819.4 |   101M |  67 |1225 |3736 |4296 |  46k|  2 |  14k|  26 | 0.000000e+00 |      --      |    Inf |  29.14%
 1719s| 11500 |  1115 |  9452k| 821.8 |   101M |  67 |1225 |3681 |4196 |  46k|  2 |  14k|  26 | 0.000000e+00 |      --      |    Inf |  29.36%
 1743s| 11600 |  1131 |  9532k| 821.7 |   101M |  67 |1225 |3766 |4507 |  46k|  1 |  15k|  26 | 0.000000e+00 |      --      |    Inf |  29.37%
 1775s| 11700 |  1141 |  9638k| 823.7 |   101M |  67 |1225 |3680 |3876 |  47k|  2 |  15k|  26 | 0.000000e+00 |      --      |    Inf |  29.41%
 1799s| 11800 |  1145 |  9717k| 823.4 |   101M |  67 |1225 |3704 |4493 |  47k|  0 |  15k|  26 | 0.000000e+00 |      --      |    Inf |  29.48%
 1823s| 11900 |  1150 |  9790k| 822.6 |   101M |  67 |1225 |3740 |2818 |  47k|  2 |  15k|  26 | 0.000000e+00 |      --      |    Inf |  29.71%
 1843s| 12000 |  1162 |  9859k| 821.5 |   103M |  67 |1225 |3743 |3894 |  48k|  2 |  15k|  26 | 0.000000e+00 |      --      |    Inf |  29.76%
 1875s| 12100 |  1176 |  9970k| 823.9 |   103M |  67 |1225 |3710 |3276 |  49k|  0 |  15k|  26 | 0.000000e+00 |      --      |    Inf |  30.53%
 1939s| 12200 |  1170 | 10144k| 831.4 |   103M |  67 |1225 |3643 |4387 |  49k|  0 |  15k|  26 | 0.000000e+00 |      --      |    Inf |  30.73%
 time | node  | left  |LP iter|LP it/n|mem/heur|mdpt |vars |cons |rows |cuts |sepa|confs|strbr|  dualbound   | primalbound  |  gap   | compl. 
 1967s| 12300 |  1178 | 10235k| 832.0 |   103M |  67 |1225 |3652 |4370 |  49k|  0 |  15k|  26 | 0.000000e+00 |      --      |    Inf |  30.87%
 1989s| 12400 |  1188 | 10315k| 831.8 |   103M |  67 |1225 |3675 |4233 |  50k|  2 |  16k|  26 | 0.000000e+00 |      --      |    Inf |  30.90%
 2041s| 12500 |  1189 | 10456k| 836.4 |   103M |  67 |1225 |3754 |3918 |  50k|  1 |  16k|  26 | 0.000000e+00 |      --      |    Inf |  30.94%
 2060s| 12600 |  1199 | 10521k| 834.9 |   103M |  67 |1225 |3752 |4657 |  50k|  1 |  16k|  26 | 0.000000e+00 |      --      |    Inf |  30.97%
 2093s| 12700 |  1201 | 10622k| 836.3 |   103M |  67 |1225 |3803 |4514 |  50k|  0 |  16k|  26 | 0.000000e+00 |      --      |    Inf |  30.99%
 2129s| 12800 |  1187 | 10736k| 838.7 |   103M |  67 |1225 |3859 |4523 |  50k|  0 |  16k|  26 | 0.000000e+00 |      --      |    Inf |  31.01%
 2167s| 12900 |  1178 | 10856k| 841.5 |   103M |  67 |1225 |3860 |4120 |  51k|  2 |  16k|  26 | 0.000000e+00 |      --      |    Inf |  31.04%
 2201s| 13000 |  1198 | 10968k| 843.6 |   103M |  67 |1225 |3911 |4103 |  51k|  2 |  16k|  26 | 0.000000e+00 |      --      |    Inf |  31.06%
 2250s| 13100 |  1217 | 11107k| 847.8 |   104M |  67 |1225 |3904 |2297 |  51k|  2 |  16k|  26 | 0.000000e+00 |      --      |    Inf |  31.49%
 2256s| 13200 |  1229 | 11136k| 843.6 |   104M |  67 |1225 |4020 |2413 |  52k|  0 |  17k|  26 | 0.000000e+00 |      --      |    Inf |  31.52%
 2305s| 13300 |  1230 | 11274k| 847.6 |   104M |  67 |1225 |4059 |2587 |  53k|  0 |  17k|  26 | 0.000000e+00 |      --      |    Inf |  31.55%
 2337s| 13400 |  1225 | 11374k| 848.7 |   104M |  67 |1225 |3908 |4401 |  53k|  0 |  17k|  26 | 0.000000e+00 |      --      |    Inf |  31.85%
 2369s| 13500 |  1228 | 11473k| 849.8 |   104M |  67 |1225 |3912 |3702 |  54k|  2 |  17k|  26 | 0.000000e+00 |      --      |    Inf |  31.86%
 2394s| 13600 |  1223 | 11558k| 849.8 |   104M |  67 |1225 |3928 |2273 |  54k|  2 |  17k|  26 | 0.000000e+00 |      --      |    Inf |  31.89%
 2413s| 13700 |  1219 | 11623k| 848.3 |   104M |  67 |1225 |4018 |4380 |  55k|  2 |  17k|  26 | 0.000000e+00 |      --      |    Inf |  31.99%
 time | node  | left  |LP iter|LP it/n|mem/heur|mdpt |vars |cons |rows |cuts |sepa|confs|strbr|  dualbound   | primalbound  |  gap   | compl. 
 2441s| 13800 |  1221 | 11708k| 848.4 |   104M |  67 |1225 |4049 |4234 |  55k|  0 |  17k|  26 | 0.000000e+00 |      --      |    Inf |  32.04%
 2467s| 13900 |  1215 | 11795k| 848.4 |   104M |  67 |1225 |4164 |4035 |  56k|  1 |  18k|  26 | 0.000000e+00 |      --      |    Inf |  32.07%
 2489s| 14000 |  1222 | 11869k| 847.7 |   104M |  67 |1225 |4152 |2285 |  56k|  0 |  18k|  26 | 0.000000e+00 |      --      |    Inf |  33.25%
 2522s| 14100 |  1219 | 11963k| 848.4 |   104M |  67 |1225 |4138 |4604 |  57k|  1 |  18k|  26 | 0.000000e+00 |      --      |    Inf |  33.67%
 2565s| 14200 |  1222 | 12092k| 851.5 |   105M |  67 |1225 |4096 |4244 |  57k|  1 |  18k|  26 | 0.000000e+00 |      --      |    Inf |  33.89%
 2607s| 14300 |  1234 | 12224k| 854.7 |   105M |  67 |1225 |4095 |4247 |  57k|  2 |  18k|  26 | 0.000000e+00 |      --      |    Inf |  33.94%
 2682s| 14400 |  1236 | 12423k| 862.7 |   105M |  67 |1225 |4207 |4302 |  57k|  0 |  18k|  26 | 0.000000e+00 |      --      |    Inf |  33.94%
 2737s| 14500 |  1240 | 12581k| 867.6 |   105M |  67 |1225 |4212 |3855 |  57k|  2 |  18k|  26 | 0.000000e+00 |      --      |    Inf |  33.95%
 2764s| 14600 |  1245 | 12664k| 867.3 |   105M |  67 |1225 |4308 |2594 |  58k|  0 |  19k|  26 | 0.000000e+00 |      --      |    Inf |  33.96%
 2815s| 14700 |  1243 | 12808k| 871.2 |   105M |  67 |1225 |4294 |4241 |  58k|  0 |  19k|  26 | 0.000000e+00 |      --      |    Inf |  33.97%
 2850s| 14800 |  1248 | 12915k| 872.6 |   106M |  67 |1225 |4403 |4262 |  58k|  0 |  19k|  26 | 0.000000e+00 |      --      |    Inf |  33.98%
 2890s| 14900 |  1244 | 13043k| 875.3 |   106M |  67 |1225 |4443 |4148 |  58k|  0 |  19k|  26 | 0.000000e+00 |      --      |    Inf |  33.99%
 2950s| 15000 |  1245 | 13221k| 881.3 |   106M |  67 |1225 |4423 |3272 |  58k|  2 |  19k|  26 | 0.000000e+00 |      --      |    Inf |  34.03%
 2966s| 15100 |  1242 | 13272k| 878.8 |   106M |  67 |1225 |4542 |4099 |  59k|  2 |  19k|  26 | 0.000000e+00 |      --      |    Inf |  34.03%
 3015s| 15200 |  1244 | 13399k| 881.4 |   106M |  67 |1225 |4461 |3837 |  59k|  2 |  19k|  26 | 0.000000e+00 |      --      |    Inf |  34.15%
 time | node  | left  |LP iter|LP it/n|mem/heur|mdpt |vars |cons |rows |cuts |sepa|confs|strbr|  dualbound   | primalbound  |  gap   | compl. 
 3045s| 15300 |  1256 | 13488k| 881.5 |   106M |  67 |1225 |4427 |4421 |  59k|  0 |  20k|  26 | 0.000000e+00 |      --      |    Inf |  34.17%
 3081s| 15400 |  1264 | 13590k| 882.4 |   106M |  67 |1225 |4461 |4412 |  59k|  1 |  20k|  26 | 0.000000e+00 |      --      |    Inf |  34.20%
 3123s| 15500 |  1278 | 13715k| 884.7 |   107M |  67 |1225 |4418 |4267 |  59k|  0 |  20k|  26 | 0.000000e+00 |      --      |    Inf |  36.17%
 3154s| 15600 |  1278 | 13814k| 885.5 |   107M |  67 |1225 |4526 |3697 |  60k|  2 |  20k|  26 | 0.000000e+00 |      --      |    Inf |  36.17%
 3176s| 15700 |  1272 | 13888k| 884.5 |   107M |  67 |1225 |4585 |4323 |  60k|  0 |  20k|  26 | 0.000000e+00 |      --      |    Inf |  36.18%
 3215s| 15800 |  1288 | 14022k| 887.4 |   107M |  67 |1225 |4583 |4593 |  60k|  1 |  20k|  26 | 0.000000e+00 |      --      |    Inf |  36.59%
 3248s| 15900 |  1290 | 14123k| 888.2 |   107M |  67 |1225 |4547 |4101 |  60k|  1 |  20k|  26 | 0.000000e+00 |      --      |    Inf |  36.62%
 3291s| 16000 |  1294 | 14253k| 890.8 |   107M |  67 |1225 |4497 |4407 |  60k|  0 |  20k|  26 | 0.000000e+00 |      --      |    Inf |  37.01%
 3317s| 16100 |  1291 | 14335k| 890.3 |   107M |  67 |1225 |4448 |3884 |  61k|  1 |  21k|  26 | 0.000000e+00 |      --      |    Inf |  37.04%
 3333s| 16200 |  1299 | 14388k| 888.1 |   107M |  67 |1225 |4440 |4571 |  61k|  1 |  21k|  26 | 0.000000e+00 |      --      |    Inf |  37.06%
 3351s| 16300 |  1303 | 14445k| 886.1 |   107M |  67 |1225 |4471 |4083 |  61k|  0 |  21k|  26 | 0.000000e+00 |      --      |    Inf |  37.14%
 3370s| 16400 |  1301 | 14510k| 884.7 |   108M |  67 |1225 |4477 |3715 |  61k|  2 |  21k|  26 | 0.000000e+00 |      --      |    Inf |  37.16%
 3400s| 16500 |  1321 | 14609k| 885.3 |   108M |  67 |1225 |4419 |2436 |  62k|  2 |  21k|  26 | 0.000000e+00 |      --      |    Inf |  37.17%
 3424s| 16600 |  1318 | 14693k| 885.1 |   108M |  67 |1225 |4328 |3832 |  62k|  1 |  21k|  26 | 0.000000e+00 |      --      |    Inf |  37.21%
 3464s| 16700 |  1320 | 14819k| 887.3 |   108M |  67 |1225 |4330 |4618 |  62k|  0 |  21k|  26 | 0.000000e+00 |      --      |    Inf |  37.25%
pressed CTRL-C 1 times (5 times for forcing termination)

SCIP Status        : solving was interrupted [user interrupt]
Solving Time (sec) : 3482.00
Solving Nodes      : 16797
Primal Bound       : +1.00000000000000e+20 (0 solutions)
Dual Bound         : +0.00000000000000e+00
Gap                : infinite


no solution available

SCIP> 