SCIP version 10.0.1 [precision: 8 byte] [memory: block] [mode: optimized] [LP solver: SoPlex 8.0.1] [GitHash: 76a50c97d6]
Copyright (c) 2002-2026 Zuse Institute Berlin (ZIB)

External libraries: 
  SoPlex 8.0.1         Linear programming solver developed at Zuse Institute Berlin (soplex.zib.de) [GitHash: c69290aa]
  CppAD 20180000.0     Algorithmic Differentiation of C++ algorithms developed by B. Bell (github.com/coin-or/CppAD)
  ZLIB 1.3.1           General purpose compression library by J. Gailly and M. Adler (zlib.net)
  MPFR 4.2.2           GNU Multiple Precision Floating-Point Reliable Library (mpfr.org)
  Boost 1.89.0         Boost C++ Libraries (boost.org)
  TinyCThread 1.2      small portable implementation of the C11 threads API (tinycthread.github.io)
  GMP 6.3.0            GNU Multiple Precision Arithmetic Library developed by T. Granlund (gmplib.org)
  ZIMPL 3.7.0          Zuse Institute Mathematical Programming Language developed by T. Koch (zimpl.zib.de)
  AMPL/MP 4.0.4        AMPL .nl file reader library (github.com/ampl/mp)
  PaPILO 3.0.0         parallel presolve for integer and linear optimization (github.com/scipopt/papilo) (built with TBB) [GitHash: 4cbdc327]
  Nauty 2.8.8          Computing Graph Automorphism Groups by Brendan D. McKay (users.cecs.anu.edu.au/~bdm/nauty)
  sassy 2.0            Symmetry preprocessor by Markus Anders (github.com/markusa4/sassy)
  Ipopt 3.14.19        Interior Point Optimizer developed by A. Waechter et.al. (github.com/coin-or/Ipopt)

user parameter file <scip.set> not found - using default parameters


read problem <N21_R8_K3_0_22_split_22_fix0B_5_wo_lem.lp>
============

original problem has 1682 variables (1658 bin, 22 int, 2 cont) and 5981 constraints
heuristics/padm/freq = -1
heuristics/ofins/freq = -1
heuristics/reoptsols/freq = -1
heuristics/trivialnegation/freq = -1
heuristics/trivial/freq = -1
heuristics/clique/freq = -1
heuristics/locks/freq = -1
heuristics/vbounds/freq = -1
heuristics/shiftandpropagate/freq = -1
heuristics/completesol/freq = -1
heuristics/simplerounding/freq = -1
heuristics/randrounding/freq = -1
heuristics/zirounding/freq = -1
heuristics/rounding/freq = -1
heuristics/shifting/freq = -1
heuristics/intshifting/freq = -1
heuristics/oneopt/freq = -1
heuristics/indicator/freq = -1
heuristics/adaptivediving/freq = -1
heuristics/indicatordiving/freq = -1
heuristics/farkasdiving/freq = -1
heuristics/feaspump/freq = -1
heuristics/conflictdiving/freq = -1
heuristics/pscostdiving/freq = -1
heuristics/fracdiving/freq = -1
heuristics/nlpdiving/freq = -1
heuristics/veclendiving/freq = -1
heuristics/distributiondiving/freq = -1
heuristics/objpscostdiving/freq = -1
heuristics/rootsoldiving/freq = -1
heuristics/linesearchdiving/freq = -1
heuristics/guideddiving/freq = -1
heuristics/rens/freq = -1
heuristics/alns/freq = -1
heuristics/rins/freq = -1
heuristics/gins/freq = -1
heuristics/crossover/freq = -1
heuristics/lpface/freq = -1
heuristics/undercover/freq = -1
heuristics/subnlp/freq = -1
heuristics/mpec/freq = -1
heuristics/multistart/freq = -1
heuristics/trysol/freq = -1
presolving/restartfac = 0.0125
presolving/restartminred = 0.06
constraints/setppc/cliquelifting = TRUE
presolving/boundshift/maxrounds = -1
presolving/qpkktref/maxrounds = -1
presolving/stuffing/maxrounds = -1
presolving/tworowbnd/maxrounds = -1
presolving/dualinfer/maxrounds = -1
presolving/dualagg/maxrounds = -1
presolving/implint/maxrounds = -1
presolving/redvub/maxrounds = -1
propagating/probing/maxuseless = 1500
propagating/probing/maxtotaluseless = 75
separating/closecuts/freq = 0
separating/rlt/freq = 20
separating/rlt/maxroundsroot = 15
separating/disjunctive/freq = 20
separating/disjunctive/maxroundsroot = 150
separating/gauge/freq = 0
separating/interminor/freq = 0
separating/convexproj/freq = 0
separating/gomory/maxroundsroot = 15
separating/gomory/maxsepacutsroot = 400
separating/aggregation/maxsepacutsroot = 1000
separating/clique/freq = 20
separating/zerohalf/maxroundsroot = 30
separating/zerohalf/maxsepacutsroot = 200
separating/lagromory/freq = 0
separating/mcf/freq = 20
separating/mcf/maxsepacutsroot = 400
separating/eccuts/freq = 0
separating/eccuts/maxroundsroot = 375
separating/eccuts/maxsepacutsroot = 100
separating/oddcycle/freq = 0
separating/oddcycle/maxroundsroot = 15
separating/oddcycle/maxsepacutsroot = 10000
constraints/benderslp/sepafreq = 0
constraints/integral/sepafreq = 0
constraints/SOS2/sepafreq = 10
constraints/varbound/sepafreq = 10
constraints/knapsack/sepafreq = 10
constraints/knapsack/maxsepacutsroot = 500
constraints/setppc/sepafreq = 10
constraints/or/sepafreq = 10
constraints/xor/sepafreq = 10
constraints/conjunction/sepafreq = 0
constraints/disjunction/sepafreq = 0
constraints/exactsol/sepafreq = 0
constraints/linear/sepafreq = 10
constraints/linear/maxsepacutsroot = 500
constraints/exactlinear/sepafreq = 10
constraints/exactlinear/maxsepacutsroot = 500
constraints/orbitope_full/sepafreq = 0
constraints/orbitope_pp/sepafreq = 0
constraints/logicor/sepafreq = 10
constraints/bounddisjunction/sepafreq = 0
constraints/pseudoboolean/sepafreq = 0
constraints/superindicator/sepafreq = 0
constraints/benders/sepafreq = 0
constraints/fixedvar/sepafreq = 0
constraints/countsols/sepafreq = 0
constraints/components/sepafreq = 0
cutselection/hybrid/minorthoroot = 0.1
separating/maxroundsrootsubrun = 5
separating/maxaddrounds = 5
separating/maxcutsroot = 5000
constraints/linear/separateall = TRUE
separating/aggregation/maxfailsroot = 200
separating/mcf/maxtestdelta = -1
separating/mcf/trynegscaling = TRUE
presolving/maxrestarts = 1
conflict/restartnum = 750
conflict/preferbinary = TRUE
conflict/conflictweight = 1
conflict/usegenres = TRUE
nodeselection/restartdfs/stdpriority = 100000
conflict/useinflp = b

presolving:
(round 1, fast)       542 del vars, 174 del conss, 0 add conss, 254 chg bounds, 118 chg sides, 236 chg coeffs, 0 upgd conss, 0 impls, 2485 clqs, 0 implints
(round 2, fast)       851 del vars, 2023 del conss, 0 add conss, 267 chg bounds, 182 chg sides, 372 chg coeffs, 0 upgd conss, 0 impls, 2583 clqs, 0 implints
(round 3, fast)       851 del vars, 2023 del conss, 0 add conss, 277 chg bounds, 236 chg sides, 486 chg coeffs, 0 upgd conss, 0 impls, 2583 clqs, 0 implints
(round 4, fast)       851 del vars, 2023 del conss, 0 add conss, 284 chg bounds, 275 chg sides, 581 chg coeffs, 0 upgd conss, 0 impls, 2583 clqs, 0 implints
(round 5, fast)       851 del vars, 2023 del conss, 0 add conss, 288 chg bounds, 293 chg sides, 643 chg coeffs, 0 upgd conss, 0 impls, 2583 clqs, 0 implints
   (0.0s) running MILP presolver
   (0.0s) MILP presolver (3 rounds): 28 aggregations, 0 fixings, 1 bound changes
(round 6, medium)     879 del vars, 2023 del conss, 0 add conss, 291 chg bounds, 296 chg sides, 670 chg coeffs, 0 upgd conss, 0 impls, 2527 clqs, 0 implints
(round 7, fast)       879 del vars, 2079 del conss, 0 add conss, 291 chg bounds, 296 chg sides, 681 chg coeffs, 0 upgd conss, 0 impls, 2527 clqs, 0 implints
(round 8, exhaustive) 879 del vars, 2086 del conss, 0 add conss, 291 chg bounds, 296 chg sides, 681 chg coeffs, 0 upgd conss, 0 impls, 2527 clqs, 0 implints
(round 9, exhaustive) 879 del vars, 2086 del conss, 0 add conss, 291 chg bounds, 296 chg sides, 681 chg coeffs, 3622 upgd conss, 0 impls, 2527 clqs, 0 implints
(round 10, exhaustive) 879 del vars, 5362 del conss, 819 add conss, 291 chg bounds, 296 chg sides, 681 chg coeffs, 3622 upgd conss, 0 impls, 2527 clqs, 0 implints
(round 11, exhaustive) 879 del vars, 5362 del conss, 819 add conss, 291 chg bounds, 296 chg sides, 842 chg coeffs, 3622 upgd conss, 0 impls, 2527 clqs, 0 implints
   (0.0s) probing: 1000/1112 (89.9%) - 0 fixings, 0 aggregations, 3147 implications, 0 bound changes
   (0.0s) probing: 1083/1112 (97.4%) - 0 fixings, 0 aggregations, 3171 implications, 0 bound changes
   (0.0s) probing aborted: 75/75 successive totally useless probings
   (0.0s) symmetry computation started: requiring (bin +, int +, cont +), (fixed: bin -, int -, cont -)
   (0.0s) no symmetry present (symcode time: 0.00)
presolving (12 rounds: 12 fast, 6 medium, 5 exhaustive):
 879 deleted vars, 5362 deleted constraints, 819 added constraints, 291 tightened bounds, 0 added holes, 296 changed sides, 842 changed coefficients
 2101 implications, 3597 cliques, 0 implied integral variables (0 bin, 0 int, 0 cont)
presolved problem has 1132 variables (1112 bin, 20 int, 0 cont) and 1438 constraints
     16 constraints of type <varbound>
    161 constraints of type <knapsack>
     70 constraints of type <setppc>
    819 constraints of type <and>
    273 constraints of type <linear>
     99 constraints of type <logicor>
transformed objective value is always integral (scale: 1)
Presolving Time: 0.00

 time | node  | left  |LP iter|LP it/n|mem/heur|mdpt |vars |cons |rows |cuts |sepa|confs|strbr|  dualbound   | primalbound  |  gap   | compl. 
  0.0s|     1 |     0 |  1924 |     - |    29M |   0 |1132 |1438 |2257 |   0 |  0 |   0 |   0 | 0.000000e+00 |      --      |    Inf | unknown
Computing relative interior point (time limit: 1e+20, iter limit: 19240) ...
  0.0s|     1 |     0 |  2041 |     - |    34M |   0 |1132 |1438 |2281 |  24 |  1 |   0 |   0 | 0.000000e+00 |      --      |    Inf | unknown
  1.0s|     1 |     0 |  2585 |     - |    64M |   0 |1132 |1491 |2536 | 279 |  2 |   0 |   0 | 0.000000e+00 |      --      |    Inf | unknown
  2.0s|     1 |     0 |  3135 |     - |    98M |   0 |1132 |1491 |2836 | 579 |  3 |   0 |   0 | 0.000000e+00 |      --      |    Inf | unknown
  6.0s|     1 |     0 |  3515 |     - |   124M |   0 |1132 |1491 |3055 | 798 |  4 |   0 |   0 | 0.000000e+00 |      --      |    Inf | unknown
 10.0s|     1 |     0 |  3633 |     - |   154M |   0 |1132 |1491 |3206 | 949 |  5 |   0 |   0 | 0.000000e+00 |      --      |    Inf | unknown
 13.0s|     1 |     0 |  3738 |     - |   183M |   0 |1132 |1491 |3449 |1192 |  6 |   0 |   0 | 0.000000e+00 |      --      |    Inf | unknown
 17.0s|     1 |     0 |  4007 |     - |   215M |   0 |1132 |1491 |3645 |1388 |  7 |   0 |   0 | 0.000000e+00 |      --      |    Inf | unknown
 22.0s|     1 |     0 |  4377 |     - |   255M |   0 |1132 |1491 |3810 |1553 |  8 |   0 |   0 | 0.000000e+00 |      --      |    Inf | unknown
 26.0s|     1 |     0 |  4504 |     - |   256M |   0 |1132 |1491 |3829 |1572 |  9 |   0 |   0 | 0.000000e+00 |      --      |    Inf | unknown
 32.0s|     1 |     0 |  4722 |     - |   281M |   0 |1132 |1491 |4041 |1784 | 10 |   0 |   0 | 0.000000e+00 |      --      |    Inf | unknown
 37.0s|     1 |     0 |  5245 |     - |   307M |   0 |1132 |1491 |4268 |2011 | 11 |   0 |   0 | 0.000000e+00 |      --      |    Inf | unknown
 40.0s|     1 |     2 |  5351 |     - |   307M |   0 |1132 |1491 |4268 |2011 | 11 |   0 |  12 | 0.000000e+00 |      --      |    Inf | unknown
 42.0s|   100 |    19 | 35695 | 307.6 |   333M |  17 |1132 |1505 |2444 |2517 |  0 |  53 |  12 | 0.000000e+00 |      --      |    Inf |   2.69%
 45.0s|   200 |    12 | 60448 | 277.4 |   338M |  20 |1132 |1527 |2439 |2933 |  1 | 123 |  12 | 0.000000e+00 |      --      |    Inf |   7.13%
 time | node  | left  |LP iter|LP it/n|mem/heur|mdpt |vars |cons |rows |cuts |sepa|confs|strbr|  dualbound   | primalbound  |  gap   | compl. 
 47.0s|   300 |    14 | 93009 | 293.5 |   377M |  20 |1132 |1547 |2496 |3598 |  2 | 155 |  12 | 0.000000e+00 |      --      |    Inf |  13.09%
 50.0s|   400 |    15 |118017 | 282.6 |   398M |  20 |1132 |1565 |2464 |4025 |  2 | 189 |  12 | 0.000000e+00 |      --      |    Inf |  15.71%
 52.0s|   500 |    12 |135787 | 261.6 |   399M |  24 |1132 |1565 |2499 |4331 |  0 | 212 |  12 | 0.000000e+00 |      --      |    Inf |  16.55%
 54.0s|   600 |    15 |160678 | 259.5 |   375M |  24 |1132 |1565 |2371 |4752 |  1 | 233 |  12 | 0.000000e+00 |      --      |    Inf |  25.39%
 56.0s|   700 |    22 |185389 | 257.7 |   377M |  24 |1132 |1566 |2547 |5277 |  1 | 267 |  12 | 0.000000e+00 |      --      |    Inf |  32.66%
 59.0s|   800 |    29 |223417 | 273.1 |   370M |  24 |1132 |1566 |2591 |5927 |  1 | 302 |  12 | 0.000000e+00 |      --      |    Inf |  38.16%
 62.0s|   900 |    27 |258352 | 281.5 |   362M |  24 |1132 |1550 |2647 |6429 |  0 | 346 |  12 | 0.000000e+00 |      --      |    Inf |  46.38%
 66.0s|  1000 |    33 |302001 | 297.1 |   364M |  24 |1132 |1539 |2533 |7120 |  2 | 380 |  12 | 0.000000e+00 |      --      |    Inf |  51.98%
 68.0s|  1100 |    38 |338092 | 302.9 |   365M |  24 |1132 |1532 |   0 |7643 |  0 | 400 |  12 | 0.000000e+00 |      --      |    Inf |  52.49%
 70.0s|  1200 |    23 |366154 | 301.0 |   366M |  24 |1132 |1530 |2661 |7857 |  0 | 426 |  12 | 0.000000e+00 |      --      |    Inf |  53.83%
 73.0s|  1300 |    42 |395574 | 300.5 |   367M |  24 |1132 |1527 |2510 |8353 |  2 | 435 |  12 | 0.000000e+00 |      --      |    Inf |  59.24%
 76.0s|  1400 |    44 |440476 | 311.1 |   370M |  24 |1132 |1526 |2478 |9122 |  0 | 454 |  12 | 0.000000e+00 |      --      |    Inf |  62.72%
 80.0s|  1500 |    36 |479800 | 316.6 |   372M |  24 |1132 |1516 |2535 |9645 |  0 | 483 |  12 | 0.000000e+00 |      --      |    Inf |  67.25%
 83.0s|  1600 |    38 |518102 | 320.7 |   373M |  24 |1132 |1518 |2429 |  10k|  0 | 504 |  12 | 0.000000e+00 |      --      |    Inf |  74.29%
 85.0s|  1700 |    25 |555653 | 324.0 |   374M |  24 |1132 |1519 |2610 |  10k|  0 | 536 |  12 | 0.000000e+00 |      --      |    Inf |  78.16%
 time | node  | left  |LP iter|LP it/n|mem/heur|mdpt |vars |cons |rows |cuts |sepa|confs|strbr|  dualbound   | primalbound  |  gap   | compl. 
 88.0s|  1800 |    29 |587859 | 323.9 |   375M |  24 |1132 |1519 |2650 |  11k|  2 | 562 |  12 | 0.000000e+00 |      --      |    Inf |  81.81%
 91.0s|  1900 |    16 |625148 | 326.4 |   376M |  24 |1132 |1516 |2572 |  11k|  2 | 582 |  12 | 0.000000e+00 |      --      |    Inf |  84.15%
 94.0s|  2000 |    12 |667995 | 331.5 |   377M |  24 |1132 |1517 |2663 |  11k|  1 | 618 |  12 | 0.000000e+00 |      --      |    Inf |  85.00%
 96.0s|  2100 |    18 |696389 | 329.3 |   378M |  24 |1132 |1523 |2781 |  12k|  1 | 660 |  12 | 0.000000e+00 |      --      |    Inf |  92.88%
 99.0s|  2200 |    15 |737407 | 333.0 |   382M |  24 |1132 |1523 |2793 |  12k|  0 | 680 |  12 | 0.000000e+00 |      --      |    Inf |  95.44%
  102s|  2300 |    10 |771668 | 333.4 |   382M |  24 |1132 |1522 |2815 |  12k|  0 | 713 |  12 | 0.000000e+00 |      --      |    Inf |  96.47%
  105s|  2400 |    15 |806937 | 334.2 |   382M |  24 |1132 |1524 |2569 |  13k|  0 | 745 |  12 | 0.000000e+00 |      --      |    Inf |  98.84%
  107s|  2500 |     9 |836319 | 332.6 |   382M |  24 |1132 |1524 |2653 |  13k|  0 | 791 |  12 | 0.000000e+00 |      --      |    Inf |  99.38%
  110s|  2600 |    18 |872380 | 333.6 |   383M |  24 |1132 |1524 |2603 |  13k|  0 | 819 |  12 | 0.000000e+00 |      --      |    Inf |  99.56%
  112s|  2700 |     8 |910544 | 335.4 |   383M |  24 |1132 |1522 |   0 |  14k|  0 | 841 |  12 | 0.000000e+00 |      --      |    Inf |  99.74%
(run 1, node 2774) restarting after 757 successful conflict analysis calls
(run 1, node 2774) restarting after 198 global fixings of integer variables

(restart) converted 50 cuts from the global cut pool into linear constraints

presolving:
(round 1, fast)       280 del vars, 164 del conss, 0 add conss, 0 chg bounds, 77 chg sides, 260 chg coeffs, 207 upgd conss, 2112 impls, 2569 clqs, 0 implints
(round 2, fast)       281 del vars, 164 del conss, 0 add conss, 0 chg bounds, 77 chg sides, 261 chg coeffs, 207 upgd conss, 2117 impls, 2569 clqs, 0 implints
(round 3, medium)     281 del vars, 173 del conss, 52 add conss, 0 chg bounds, 77 chg sides, 261 chg coeffs, 207 upgd conss, 2117 impls, 2600 clqs, 0 implints
(round 4, exhaustive) 281 del vars, 180 del conss, 52 add conss, 0 chg bounds, 77 chg sides, 262 chg coeffs, 207 upgd conss, 2117 impls, 2600 clqs, 0 implints
(round 5, exhaustive) 281 del vars, 180 del conss, 52 add conss, 0 chg bounds, 77 chg sides, 262 chg coeffs, 278 upgd conss, 2117 impls, 2601 clqs, 0 implints
(round 6, medium)     281 del vars, 183 del conss, 56 add conss, 0 chg bounds, 77 chg sides, 262 chg coeffs, 278 upgd conss, 2141 impls, 2635 clqs, 0 implints
(round 7, exhaustive) 281 del vars, 183 del conss, 56 add conss, 0 chg bounds, 77 chg sides, 262 chg coeffs, 291 upgd conss, 2141 impls, 2635 clqs, 0 implints
(round 8, exhaustive) 281 del vars, 183 del conss, 56 add conss, 0 chg bounds, 77 chg sides, 262 chg coeffs, 293 upgd conss, 2149 impls, 2710 clqs, 0 implints
(round 9, exhaustive) 281 del vars, 185 del conss, 56 add conss, 0 chg bounds, 77 chg sides, 266 chg coeffs, 293 upgd conss, 2149 impls, 2710 clqs, 0 implints
presolving (10 rounds: 10 fast, 8 medium, 6 exhaustive):
 281 deleted vars, 186 deleted constraints, 56 added constraints, 0 tightened bounds, 0 added holes, 77 changed sides, 270 changed coefficients
 2149 implications, 2710 cliques, 0 implied integral variables (0 bin, 0 int, 0 cont)
presolved problem has 860 variables (846 bin, 14 int, 0 cont) and 1386 constraints
     45 constraints of type <varbound>
    158 constraints of type <knapsack>
    148 constraints of type <setppc>
    602 constraints of type <and>
    166 constraints of type <linear>
    267 constraints of type <logicor>
transformed objective value is always integral (scale: 1)
Presolving Time: 0.00

 time | node  | left  |LP iter|LP it/n|mem/heur|mdpt |vars |cons |rows |cuts |sepa|confs|strbr|  dualbound   | primalbound  |  gap   | compl. 
  114s|     1 |     0 |939969 |     - |   353M |   0 | 860 |1386 |1948 |   0 |  0 |1025 |  12 | 0.000000e+00 |      --      |    Inf | unknown
Computing relative interior point (time limit: 1e+20, iter limit: 9399690) ...
  114s|     1 |     0 |940328 |     - |   354M |   0 | 860 |1386 |2005 |  57 |  1 |1025 |  12 | 0.000000e+00 |      --      |    Inf | unknown
  114s|     1 |     0 |940562 |     - |   354M |   0 | 860 |1386 |2051 | 103 |  2 |1025 |  12 | 0.000000e+00 |      --      |    Inf | unknown
  115s|     1 |     0 |940721 |     - |   355M |   0 | 860 |1418 |2278 | 330 |  3 |1025 |  12 | 0.000000e+00 |      --      |    Inf | unknown
  116s|     1 |     0 |940892 |     - |   364M |   0 | 860 |1418 |2390 | 442 |  4 |1025 |  12 | 0.000000e+00 |      --      |    Inf | unknown
  117s|     1 |     0 |941199 |     - |   370M |   0 | 860 |1418 |2643 | 695 |  5 |1025 |  12 | 0.000000e+00 |      --      |    Inf | unknown
  117s|     1 |     0 |941257 |     - |   370M |   0 | 860 |1399 |2643 | 695 |  5 |1026 |  14 | 0.000000e+00 |      --      |    Inf | unknown
  118s|     1 |     0 |941730 |     - |   370M |   0 | 860 |1399 |2643 | 695 |  5 |1040 |  19 |    cutoff    |      --      |   0.00%| unknown

SCIP Status        : problem is solved [infeasible]
Solving Time (sec) : 118.00
Solving Nodes      : 1 (total of 2775 nodes in 2 runs)
Primal Bound       : +1.00000000000000e+20 (0 solutions)
Dual Bound         : +1.00000000000000e+20
Gap                : 0.00 %


no solution available

SCIP> 