SCIP version 10.0.1 [precision: 8 byte] [memory: block] [mode: optimized] [LP solver: SoPlex 8.0.1] [GitHash: 76a50c97d6]
Copyright (c) 2002-2026 Zuse Institute Berlin (ZIB)

External libraries: 
  SoPlex 8.0.1         Linear programming solver developed at Zuse Institute Berlin (soplex.zib.de) [GitHash: c69290aa]
  CppAD 20180000.0     Algorithmic Differentiation of C++ algorithms developed by B. Bell (github.com/coin-or/CppAD)
  ZLIB 1.3.1           General purpose compression library by J. Gailly and M. Adler (zlib.net)
  MPFR 4.2.2           GNU Multiple Precision Floating-Point Reliable Library (mpfr.org)
  Boost 1.89.0         Boost C++ Libraries (boost.org)
  TinyCThread 1.2      small portable implementation of the C11 threads API (tinycthread.github.io)
  GMP 6.3.0            GNU Multiple Precision Arithmetic Library developed by T. Granlund (gmplib.org)
  ZIMPL 3.7.0          Zuse Institute Mathematical Programming Language developed by T. Koch (zimpl.zib.de)
  AMPL/MP 4.0.4        AMPL .nl file reader library (github.com/ampl/mp)
  PaPILO 3.0.0         parallel presolve for integer and linear optimization (github.com/scipopt/papilo) (built with TBB) [GitHash: 4cbdc327]
  Nauty 2.8.8          Computing Graph Automorphism Groups by Brendan D. McKay (users.cecs.anu.edu.au/~bdm/nauty)
  sassy 2.0            Symmetry preprocessor by Markus Anders (github.com/markusa4/sassy)
  Ipopt 3.14.19        Interior Point Optimizer developed by A. Waechter et.al. (github.com/coin-or/Ipopt)

user parameter file <scip.set> not found - using default parameters


read problem <N21_R8_K3_0_22_split_0_fix22B_5_wo_lem.lp>
============

original problem has 1652 variables (1628 bin, 22 int, 2 cont) and 5899 constraints
heuristics/padm/freq = -1
heuristics/ofins/freq = -1
heuristics/reoptsols/freq = -1
heuristics/trivialnegation/freq = -1
heuristics/trivial/freq = -1
heuristics/clique/freq = -1
heuristics/locks/freq = -1
heuristics/vbounds/freq = -1
heuristics/shiftandpropagate/freq = -1
heuristics/completesol/freq = -1
heuristics/simplerounding/freq = -1
heuristics/randrounding/freq = -1
heuristics/zirounding/freq = -1
heuristics/rounding/freq = -1
heuristics/shifting/freq = -1
heuristics/intshifting/freq = -1
heuristics/oneopt/freq = -1
heuristics/indicator/freq = -1
heuristics/adaptivediving/freq = -1
heuristics/indicatordiving/freq = -1
heuristics/farkasdiving/freq = -1
heuristics/feaspump/freq = -1
heuristics/conflictdiving/freq = -1
heuristics/pscostdiving/freq = -1
heuristics/fracdiving/freq = -1
heuristics/nlpdiving/freq = -1
heuristics/veclendiving/freq = -1
heuristics/distributiondiving/freq = -1
heuristics/objpscostdiving/freq = -1
heuristics/rootsoldiving/freq = -1
heuristics/linesearchdiving/freq = -1
heuristics/guideddiving/freq = -1
heuristics/rens/freq = -1
heuristics/alns/freq = -1
heuristics/rins/freq = -1
heuristics/gins/freq = -1
heuristics/crossover/freq = -1
heuristics/lpface/freq = -1
heuristics/undercover/freq = -1
heuristics/subnlp/freq = -1
heuristics/mpec/freq = -1
heuristics/multistart/freq = -1
heuristics/trysol/freq = -1
presolving/restartfac = 0.0125
presolving/restartminred = 0.06
constraints/setppc/cliquelifting = TRUE
presolving/boundshift/maxrounds = -1
presolving/qpkktref/maxrounds = -1
presolving/stuffing/maxrounds = -1
presolving/tworowbnd/maxrounds = -1
presolving/dualinfer/maxrounds = -1
presolving/dualagg/maxrounds = -1
presolving/implint/maxrounds = -1
presolving/redvub/maxrounds = -1
propagating/probing/maxuseless = 1500
propagating/probing/maxtotaluseless = 75
separating/closecuts/freq = 0
separating/rlt/freq = 20
separating/rlt/maxroundsroot = 15
separating/disjunctive/freq = 20
separating/disjunctive/maxroundsroot = 150
separating/gauge/freq = 0
separating/interminor/freq = 0
separating/convexproj/freq = 0
separating/gomory/maxroundsroot = 15
separating/gomory/maxsepacutsroot = 400
separating/aggregation/maxsepacutsroot = 1000
separating/clique/freq = 20
separating/zerohalf/maxroundsroot = 30
separating/zerohalf/maxsepacutsroot = 200
separating/lagromory/freq = 0
separating/mcf/freq = 20
separating/mcf/maxsepacutsroot = 400
separating/eccuts/freq = 0
separating/eccuts/maxroundsroot = 375
separating/eccuts/maxsepacutsroot = 100
separating/oddcycle/freq = 0
separating/oddcycle/maxroundsroot = 15
separating/oddcycle/maxsepacutsroot = 10000
constraints/benderslp/sepafreq = 0
constraints/integral/sepafreq = 0
constraints/SOS2/sepafreq = 10
constraints/varbound/sepafreq = 10
constraints/knapsack/sepafreq = 10
constraints/knapsack/maxsepacutsroot = 500
constraints/setppc/sepafreq = 10
constraints/or/sepafreq = 10
constraints/xor/sepafreq = 10
constraints/conjunction/sepafreq = 0
constraints/disjunction/sepafreq = 0
constraints/exactsol/sepafreq = 0
constraints/linear/sepafreq = 10
constraints/linear/maxsepacutsroot = 500
constraints/exactlinear/sepafreq = 10
constraints/exactlinear/maxsepacutsroot = 500
constraints/orbitope_full/sepafreq = 0
constraints/orbitope_pp/sepafreq = 0
constraints/logicor/sepafreq = 10
constraints/bounddisjunction/sepafreq = 0
constraints/pseudoboolean/sepafreq = 0
constraints/superindicator/sepafreq = 0
constraints/benders/sepafreq = 0
constraints/fixedvar/sepafreq = 0
constraints/countsols/sepafreq = 0
constraints/components/sepafreq = 0
cutselection/hybrid/minorthoroot = 0.1
separating/maxroundsrootsubrun = 5
separating/maxaddrounds = 5
separating/maxcutsroot = 5000
constraints/linear/separateall = TRUE
separating/aggregation/maxfailsroot = 200
separating/mcf/maxtestdelta = -1
separating/mcf/trynegscaling = TRUE
presolving/maxrestarts = 1
conflict/restartnum = 750
conflict/preferbinary = TRUE
conflict/conflictweight = 1
conflict/usegenres = TRUE
nodeselection/restartdfs/stdpriority = 100000
conflict/useinflp = b

presolving:
(round 1, fast)       659 del vars, 162 del conss, 0 add conss, 256 chg bounds, 88 chg sides, 176 chg coeffs, 0 upgd conss, 0 impls, 2154 clqs, 0 implints
(round 2, fast)       1058 del vars, 2609 del conss, 0 add conss, 262 chg bounds, 88 chg sides, 233 chg coeffs, 0 upgd conss, 0 impls, 2164 clqs, 0 implints
(round 3, fast)       1058 del vars, 2609 del conss, 0 add conss, 267 chg bounds, 88 chg sides, 293 chg coeffs, 0 upgd conss, 0 impls, 2164 clqs, 0 implints
(round 4, fast)       1058 del vars, 2609 del conss, 0 add conss, 271 chg bounds, 88 chg sides, 337 chg coeffs, 0 upgd conss, 0 impls, 2164 clqs, 0 implints
(round 5, fast)       1058 del vars, 2609 del conss, 0 add conss, 274 chg bounds, 88 chg sides, 370 chg coeffs, 0 upgd conss, 0 impls, 2164 clqs, 0 implints
   (0.0s) running MILP presolver
   (0.0s) MILP presolver (3 rounds): 10 aggregations, 0 fixings, 1 bound changes
(round 6, medium)     1068 del vars, 2609 del conss, 0 add conss, 277 chg bounds, 88 chg sides, 392 chg coeffs, 0 upgd conss, 0 impls, 2144 clqs, 0 implints
(round 7, fast)       1068 del vars, 2629 del conss, 0 add conss, 277 chg bounds, 88 chg sides, 403 chg coeffs, 0 upgd conss, 0 impls, 2144 clqs, 0 implints
(round 8, exhaustive) 1068 del vars, 2629 del conss, 0 add conss, 277 chg bounds, 88 chg sides, 403 chg coeffs, 3051 upgd conss, 0 impls, 2144 clqs, 0 implints
(round 9, exhaustive) 1068 del vars, 5511 del conss, 738 add conss, 277 chg bounds, 88 chg sides, 403 chg coeffs, 3051 upgd conss, 0 impls, 2144 clqs, 0 implints
(round 10, exhaustive) 1068 del vars, 5511 del conss, 738 add conss, 277 chg bounds, 88 chg sides, 560 chg coeffs, 3051 upgd conss, 0 impls, 2144 clqs, 0 implints
   (0.0s) probing: 900/983 (91.6%) - 0 fixings, 0 aggregations, 651 implications, 0 bound changes
   (0.0s) probing aborted: 75/75 successive totally useless probings
   (0.0s) symmetry computation started: requiring (bin +, int +, cont +), (fixed: bin -, int -, cont -)
   (0.0s) symmetry computation finished: 9 generators found (max: 1500, log10 of symmetry group size: 4.94) (symcode time: 0.00)
dynamic symmetry handling statistics:
   orbitopal reduction:       no components
   orbital reduction:          1 components of sizes 45
   lexicographic reduction:   45 permutations with support sizes 304, 296, 304, 296, 304, 304, 304, 296, 296, 532, 304, 532, 540, 540, 540, 532, 532, 532, 296, 532, 532, 532, 528, 528, 532, 304, 540, 540, 532, 532, 532, 532, 532, 296, 528, 304, 540, 532, 532, 304, 532, 532, 532, 532, 296
handled 1 out of 1 symmetry components
presolving (11 rounds: 11 fast, 5 medium, 4 exhaustive):
 1068 deleted vars, 5511 deleted constraints, 738 added constraints, 277 tightened bounds, 0 added holes, 88 changed sides, 560 changed coefficients
 651 implications, 2144 cliques, 0 implied integral variables (0 bin, 0 int, 0 cont)
presolved problem has 1003 variables (983 bin, 20 int, 0 cont) and 1126 constraints
      7 constraints of type <varbound>
    162 constraints of type <knapsack>
    738 constraints of type <and>
    219 constraints of type <linear>
transformed objective value is always integral (scale: 1)
Presolving Time: 0.00

 time | node  | left  |LP iter|LP it/n|mem/heur|mdpt |vars |cons |rows |cuts |sepa|confs|strbr|  dualbound   | primalbound  |  gap   | compl. 
  0.0s|     1 |     0 |  1864 |     - |    37M |   0 |1003 |1126 |1864 |   0 |  0 |   0 |   0 | 0.000000e+00 |      --      |    Inf | unknown
Computing relative interior point (time limit: 1e+20, iter limit: 18640) ...
  1.0s|     1 |     0 |  2766 |     - |    41M |   0 |1003 |1126 |1992 | 128 |  1 |   0 |   0 | 0.000000e+00 |      --      |    Inf | unknown
  1.0s|     1 |     0 |  3184 |     - |    42M |   0 |1003 |1126 |2088 | 224 |  2 |   0 |   0 | 0.000000e+00 |      --      |    Inf | unknown
  1.0s|     1 |     0 |  3945 |     - |    42M |   0 |1003 |1126 |2146 | 282 |  3 |   0 |   0 | 0.000000e+00 |      --      |    Inf | unknown
  1.0s|     1 |     0 |  4465 |     - |    42M |   0 |1003 |1126 |2204 | 340 |  4 |   0 |   0 | 0.000000e+00 |      --      |    Inf | unknown
  1.0s|     1 |     0 |  4582 |     - |    42M |   0 |1003 |1126 |2237 | 373 |  5 |   0 |   0 | 0.000000e+00 |      --      |    Inf | unknown
  1.0s|     1 |     0 |  5086 |     - |    72M |   0 |1003 |1126 |2692 | 828 |  6 |   0 |   0 | 0.000000e+00 |      --      |    Inf | unknown
  4.0s|     1 |     0 |  5621 |     - |    99M |   0 |1003 |1126 |3083 |1219 |  7 |   0 |   0 | 0.000000e+00 |      --      |    Inf | unknown
  8.0s|     1 |     0 |  5861 |     - |   133M |   0 |1003 |1126 |3311 |1447 |  8 |   0 |   0 | 0.000000e+00 |      --      |    Inf | unknown
 13.0s|     1 |     0 |  6182 |     - |   165M |   0 |1003 |1126 |3393 |1529 |  9 |   0 |   0 | 0.000000e+00 |      --      |    Inf | unknown
 18.0s|     1 |     0 |  6325 |     - |   204M |   0 |1003 |1126 |3590 |1726 | 10 |   0 |   0 | 0.000000e+00 |      --      |    Inf | unknown
 25.0s|     1 |     0 |  6405 |     - |   246M |   0 |1003 |1126 |3610 |1746 | 11 |   0 |   0 | 0.000000e+00 |      --      |    Inf | unknown
 26.0s|     1 |     2 |  6514 |     - |   246M |   0 |1003 |1126 |3610 |1746 | 11 |   0 |  15 | 0.000000e+00 |      --      |    Inf | unknown
 30.0s|   100 |    15 | 46738 | 407.4 |   284M |  18 |1003 |1174 |2464 |2616 |  2 |  66 |  15 | 0.000000e+00 |      --      |    Inf |  30.27%
 32.0s|   200 |    13 | 85204 | 396.0 |   306M |  18 |1003 |1208 |2480 |3294 |  2 | 111 |  15 | 0.000000e+00 |      --      |    Inf |  35.10%
 time | node  | left  |LP iter|LP it/n|mem/heur|mdpt |vars |cons |rows |cuts |sepa|confs|strbr|  dualbound   | primalbound  |  gap   | compl. 
 35.0s|   300 |    17 |115948 | 366.4 |   327M |  18 |1003 |1221 |2530 |4155 |  2 | 129 |  15 | 0.000000e+00 |      --      |    Inf |  47.39%
 37.0s|   400 |    44 |141594 | 338.8 |   358M |  24 |1003 |1261 |2488 |4702 |  2 | 176 |  15 | 0.000000e+00 |      --      |    Inf |  49.46%
 39.0s|   500 |    78 |166307 | 320.4 |   363M |  31 |1003 |1291 |2548 |5112 |  2 | 215 |  15 | 0.000000e+00 |      --      |    Inf |  49.54%
 40.0s|   600 |   116 |186738 | 301.1 |   364M |  34 |1003 |1326 |2528 |5449 |  2 | 262 |  15 | 0.000000e+00 |      --      |    Inf |  49.54%
 42.0s|   700 |   137 |208306 | 288.8 |   327M |  34 |1003 |1373 |2498 |5794 |  1 | 322 |  15 | 0.000000e+00 |      --      |    Inf |  49.54%
 43.0s|   800 |   140 |229693 | 279.5 |   325M |  34 |1003 |1417 |2578 |6067 |  2 | 382 |  15 | 0.000000e+00 |      --      |    Inf |  49.54%
 45.0s|   900 |   141 |252588 | 273.8 |   323M |  34 |1003 |1466 |2569 |6313 |  2 | 449 |  15 | 0.000000e+00 |      --      |    Inf |  49.54%
 46.0s|  1000 |   145 |275454 | 269.3 |   321M |  34 |1003 |1513 |2556 |6571 |  1 | 515 |  15 | 0.000000e+00 |      --      |    Inf |  49.55%
 48.0s|  1100 |   141 |298512 | 265.8 |   317M |  34 |1003 |1585 |2532 |6785 |  0 | 600 |  15 | 0.000000e+00 |      --      |    Inf |  49.55%
 49.0s|  1200 |   126 |321837 | 263.1 |   317M |  34 |1003 |1650 |2626 |6980 |  2 | 686 |  15 | 0.000000e+00 |      --      |    Inf |  49.56%
 51.0s|  1300 |   124 |342385 | 258.6 |   318M |  34 |1003 |1692 |2542 |7220 |  2 | 747 |  15 | 0.000000e+00 |      --      |    Inf |  49.56%
 53.0s|  1400 |   128 |363423 | 255.2 |   319M |  34 |1003 |1796 |2659 |7398 |  1 | 862 |  15 | 0.000000e+00 |      --      |    Inf |  49.56%
 55.0s|  1500 |   117 |388670 | 255.0 |   319M |  34 |1003 |1887 |2592 |7558 |  0 | 981 |  15 | 0.000000e+00 |      --      |    Inf |  49.57%
 56.0s|  1600 |   114 |412002 | 253.7 |   319M |  34 |1003 |2003 |2568 |7828 |  0 |1114 |  15 | 0.000000e+00 |      --      |    Inf |  49.58%
 59.0s|  1700 |   109 |437052 | 253.5 |   319M |  34 |1003 |2071 |2567 |8031 |  0 |1220 |  15 | 0.000000e+00 |      --      |    Inf |  49.59%
 time | node  | left  |LP iter|LP it/n|mem/heur|mdpt |vars |cons |rows |cuts |sepa|confs|strbr|  dualbound   | primalbound  |  gap   | compl. 
 60.0s|  1800 |   100 |461710 | 253.1 |   319M |  34 |1003 |2127 |   0 |8290 |  0 |1319 |  15 | 0.000000e+00 |      --      |    Inf |  49.61%
 62.0s|  1900 |   130 |486458 | 252.8 |   320M |  34 |1003 |2154 |2584 |8733 |  0 |1374 |  15 | 0.000000e+00 |      --      |    Inf |  49.63%
 64.0s|  2000 |   141 |505444 | 249.6 |   320M |  34 |1003 |2226 |2618 |9001 |  2 |1471 |  15 | 0.000000e+00 |      --      |    Inf |  49.65%
 66.0s|  2100 |   149 |529360 | 249.1 |   320M |  34 |1003 |2287 |2603 |9207 |  0 |1557 |  15 | 0.000000e+00 |      --      |    Inf |  49.65%
 67.0s|  2200 |   186 |550152 | 247.3 |   320M |  34 |1003 |2350 |2589 |9496 |  2 |1643 |  15 | 0.000000e+00 |      --      |    Inf |  49.67%
(run 1, node 2270) restarting after 750 successful conflict analysis calls
(run 1, node 2270) restarting after 0 global fixings of integer variables

(restart) converted 105 cuts from the global cut pool into linear constraints

presolving:
(round 1, fast)       0 del vars, 5 del conss, 0 add conss, 0 chg bounds, 0 chg sides, 0 chg coeffs, 0 upgd conss, 651 impls, 2145 clqs, 0 implints
(round 2, medium)     0 del vars, 5 del conss, 9 add conss, 0 chg bounds, 22 chg sides, 31 chg coeffs, 0 upgd conss, 651 impls, 2145 clqs, 0 implints
(round 3, fast)       0 del vars, 5 del conss, 9 add conss, 0 chg bounds, 23 chg sides, 266 chg coeffs, 0 upgd conss, 651 impls, 2145 clqs, 0 implints
(round 4, exhaustive) 0 del vars, 5 del conss, 9 add conss, 0 chg bounds, 23 chg sides, 272 chg coeffs, 93 upgd conss, 651 impls, 2145 clqs, 0 implints
(round 5, fast)       0 del vars, 7 del conss, 9 add conss, 0 chg bounds, 23 chg sides, 272 chg coeffs, 93 upgd conss, 651 impls, 2145 clqs, 0 implints
(round 6, medium)     0 del vars, 15 del conss, 23 add conss, 0 chg bounds, 23 chg sides, 272 chg coeffs, 93 upgd conss, 651 impls, 2145 clqs, 0 implints
(round 7, exhaustive) 0 del vars, 64 del conss, 23 add conss, 0 chg bounds, 23 chg sides, 293 chg coeffs, 93 upgd conss, 651 impls, 2145 clqs, 0 implints
presolving (8 rounds: 8 fast, 5 medium, 3 exhaustive):
 0 deleted vars, 64 deleted constraints, 23 added constraints, 0 tightened bounds, 0 added holes, 23 changed sides, 297 changed coefficients
 651 implications, 2145 cliques, 0 implied integral variables (0 bin, 0 int, 0 cont)
presolved problem has 1003 variables (983 bin, 20 int, 0 cont) and 2425 constraints
      7 constraints of type <varbound>
    187 constraints of type <knapsack>
    101 constraints of type <setppc>
    738 constraints of type <and>
    242 constraints of type <linear>
   1150 constraints of type <logicor>
transformed objective value is always integral (scale: 1)
Presolving Time: 0.00

 time | node  | left  |LP iter|LP it/n|mem/heur|mdpt |vars |cons |rows |cuts |sepa|confs|strbr|  dualbound   | primalbound  |  gap   | compl. 
 69.0s|     1 |     0 |567539 |     - |   306M |   0 |1003 |2425 |1975 |   0 |  0 |1667 |  15 | 0.000000e+00 |      --      |    Inf | unknown
Computing relative interior point (time limit: 1e+20, iter limit: 5675390) ...
 69.0s|     1 |     0 |568710 |     - |   307M |   0 |1003 |2425 |2078 | 103 |  1 |1667 |  15 | 0.000000e+00 |      --      |    Inf | unknown
 69.0s|     1 |     0 |569405 |     - |   307M |   0 |1003 |2425 |2154 | 179 |  2 |1667 |  15 | 0.000000e+00 |      --      |    Inf | unknown
 69.0s|     1 |     0 |570024 |     - |   307M |   0 |1003 |2425 |2195 | 220 |  3 |1667 |  15 | 0.000000e+00 |      --      |    Inf | unknown
 70.0s|     1 |     0 |570445 |     - |   307M |   0 |1003 |2425 |2238 | 263 |  4 |1667 |  15 | 0.000000e+00 |      --      |    Inf | unknown
 70.0s|     1 |     0 |570833 |     - |   308M |   0 |1003 |2425 |2263 | 288 |  5 |1667 |  15 | 0.000000e+00 |      --      |    Inf | unknown
 71.0s|     1 |     2 |570908 |     - |   308M |   0 |1003 |2425 |2263 | 288 |  5 |1667 |  34 | 0.000000e+00 |      --      |    Inf | unknown
 76.0s|   100 |    77 |633537 | 262.4 |   316M |  32 |1003 |2475 |2515 |1673 |  2 |1717 |  34 | 0.000000e+00 |      --      |    Inf | unknown
 83.0s|   200 |   123 |726646 | 289.5 |   316M |  32 |1003 |2589 |2608 |3046 |  2 |1831 |  34 | 0.000000e+00 |      --      |    Inf | unknown
  104s|   300 |   164 |959665 | 368.9 |   320M |  33 |1003 |2687 |2693 |6900 |  0 |1933 |  34 | 0.000000e+00 |      --      |    Inf | unknown
  121s|   400 |   175 |  1156k| 428.9 |   323M |  33 |1003 |2820 |2757 |9205 |  2 |2072 |  34 | 0.000000e+00 |      --      |    Inf | unknown
  135s|   500 |   224 |  1330k| 476.1 |   325M |  33 |1003 |2922 |3106 |  12k|  2 |2174 |  34 | 0.000000e+00 |      --      |    Inf | unknown
  151s|   600 |   268 |  1512k| 523.1 |   326M |  33 |1003 |3015 |2932 |  14k|  2 |2268 |  34 | 0.000000e+00 |      --      |    Inf | unknown
  165s|   700 |   317 |  1683k| 563.0 |   326M |  34 |1003 |3104 |2729 |  16k|  2 |2362 |  34 | 0.000000e+00 |      --      |    Inf | unknown
  176s|   800 |   324 |  1810k| 585.9 |   326M |  34 |1003 |3242 |2813 |  17k|  0 |2510 |  34 | 0.000000e+00 |      --      |    Inf | unknown
 time | node  | left  |LP iter|LP it/n|mem/heur|mdpt |vars |cons |rows |cuts |sepa|confs|strbr|  dualbound   | primalbound  |  gap   | compl. 
  185s|   900 |   344 |  1927k| 604.5 |   328M |  37 |1003 |3333 |3394 |  18k|  2 |2622 |  34 | 0.000000e+00 |      --      |    Inf | unknown
  195s|  1000 |   356 |  2045k| 622.1 |   328M |  39 |1003 |3417 |3123 |  19k|  2 |2734 |  34 | 0.000000e+00 |      --      |    Inf | unknown
  205s|  1100 |   380 |  2163k| 638.6 |   328M |  39 |1003 |3484 |3267 |  20k|  2 |2840 |  34 | 0.000000e+00 |      --      |    Inf | unknown
  217s|  1200 |   376 |  2302k| 660.2 |   329M |  39 |1003 |3618 |3539 |  21k|  2 |3022 |  34 | 0.000000e+00 |      --      |    Inf | unknown
  227s|  1300 |   409 |  2419k| 674.6 |   329M |  39 |1003 |3735 |3121 |  21k|  0 |3160 |  34 | 0.000000e+00 |      --      |    Inf | unknown
  230s|  1400 |   414 |  2464k| 668.3 |   329M |  39 |1003 |3870 |3558 |  21k|  0 |3326 |  34 | 0.000000e+00 |      --      |    Inf | unknown
  234s|  1500 |   426 |  2509k| 662.7 |   329M |  39 |1003 |3994 |3574 |  21k|  0 |3460 |  34 | 0.000000e+00 |      --      |    Inf | unknown
  238s|  1600 |   442 |  2562k| 659.3 |   329M |  39 |1003 |4127 |3561 |  21k|  1 |3596 |  34 | 0.000000e+00 |      --      |    Inf | unknown
  244s|  1700 |   435 |  2635k| 661.0 |   329M |  39 |1003 |4234 |3495 |  22k|  2 |3768 |  34 | 0.000000e+00 |      --      |    Inf | unknown
  256s|  1800 |   432 |  2771k| 678.1 |   330M |  39 |1003 |4326 |3371 |  22k|  0 |3937 |  34 | 0.000000e+00 |      --      |    Inf | unknown
  266s|  1900 |   429 |  2883k| 688.7 |   330M |  39 |1003 |4404 |3489 |  23k|  0 |4097 |  34 | 0.000000e+00 |      --      |    Inf | unknown
pressed CTRL-C 1 times (5 times for forcing termination)

SCIP Status        : solving was interrupted [user interrupt]
Solving Time (sec) : 278.00
Solving Nodes      : 1993 (total of 4263 nodes in 2 runs)
Primal Bound       : +1.00000000000000e+20 (0 solutions)
Dual Bound         : +0.00000000000000e+00
Gap                : infinite


no solution available

SCIP> 