SCIP version 10.0.1 [precision: 8 byte] [memory: block] [mode: optimized] [LP solver: SoPlex 8.0.1] [GitHash: 76a50c97d6]
Copyright (c) 2002-2026 Zuse Institute Berlin (ZIB)

External libraries: 
  SoPlex 8.0.1         Linear programming solver developed at Zuse Institute Berlin (soplex.zib.de) [GitHash: c69290aa]
  CppAD 20180000.0     Algorithmic Differentiation of C++ algorithms developed by B. Bell (github.com/coin-or/CppAD)
  ZLIB 1.3.1           General purpose compression library by J. Gailly and M. Adler (zlib.net)
  MPFR 4.2.2           GNU Multiple Precision Floating-Point Reliable Library (mpfr.org)
  Boost 1.89.0         Boost C++ Libraries (boost.org)
  TinyCThread 1.2      small portable implementation of the C11 threads API (tinycthread.github.io)
  GMP 6.3.0            GNU Multiple Precision Arithmetic Library developed by T. Granlund (gmplib.org)
  ZIMPL 3.7.0          Zuse Institute Mathematical Programming Language developed by T. Koch (zimpl.zib.de)
  AMPL/MP 4.0.4        AMPL .nl file reader library (github.com/ampl/mp)
  PaPILO 3.0.0         parallel presolve for integer and linear optimization (github.com/scipopt/papilo) (built with TBB) [GitHash: 4cbdc327]
  Nauty 2.8.8          Computing Graph Automorphism Groups by Brendan D. McKay (users.cecs.anu.edu.au/~bdm/nauty)
  sassy 2.0            Symmetry preprocessor by Markus Anders (github.com/markusa4/sassy)
  Ipopt 3.14.19        Interior Point Optimizer developed by A. Waechter et.al. (github.com/coin-or/Ipopt)

user parameter file <scip.set> not found - using default parameters


read problem <sanity_lem_N24_R9_K3_3_26_split_26_lem_31_32.lp>
============

original problem has 2453 variables (2426 bin, 25 int, 2 cont) and 8883 constraints
heuristics/completesol/maxunknownrate = 0.99

read problem <presolve9r_split26.mst>
============

partial primal solution from solution file <presolve9r_split26.mst> was accepted as candidate, will be completed and checked when solving starts
original problem has 2453 variables (2426 bin, 25 int, 2 cont) and 8883 constraints

feasible solution found by completesol heuristic after 0.0 seconds, objective value 0.000000e+00
presolving:
presolving (1 rounds: 1 fast, 0 medium, 0 exhaustive):
 4 deleted vars, 0 deleted constraints, 0 added constraints, 0 tightened bounds, 0 added holes, 0 changed sides, 0 changed coefficients
 0 implications, 0 cliques, 0 implied integral variables (0 bin, 0 int, 0 cont)
transformed 1/1 original solutions to the transformed problem space
presolving solved problem
Presolving Time: 0.00

SCIP Status        : problem is solved [optimal solution found]
Solving Time (sec) : 0.00
Solving Nodes      : 0
Primal Bound       : +0.00000000000000e+00 (1 solutions)
Dual Bound         : +0.00000000000000e+00
Gap                : 0.00 %


objective value:                                    0
x0_1                                                1 	(obj:0)
x0_2                                                1 	(obj:0)
x0_3                                                1 	(obj:0)
x0_4                                                1 	(obj:0)
x0_5                                                1 	(obj:0)
x0_6                                                1 	(obj:0)
x0_7                                                1 	(obj:0)
x0_8                                                1 	(obj:0)
x0_9                                                1 	(obj:0)
x1_5                                                1 	(obj:0)
x1_7                                                1 	(obj:0)
x1_11                                               1 	(obj:0)
x1_13                                               1 	(obj:0)
x1_14                                               1 	(obj:0)
x1_15                                               1 	(obj:0)
x1_17                                               1 	(obj:0)
x1_19                                               1 	(obj:0)
x2_3                                                1 	(obj:0)
x2_5                                                1 	(obj:0)
x2_8                                                1 	(obj:0)
x2_9                                                1 	(obj:0)
x2_11                                               1 	(obj:0)
x2_13                                               1 	(obj:0)
x2_14                                               1 	(obj:0)
x2_16                                               1 	(obj:0)
x3_4                                                1 	(obj:0)
x3_6                                                1 	(obj:0)
x3_7                                                1 	(obj:0)
x3_8                                                1 	(obj:0)
x3_9                                                1 	(obj:0)
x3_10                                               1 	(obj:0)
x3_18                                               1 	(obj:0)
x4_5                                                1 	(obj:0)
x4_6                                                1 	(obj:0)
x4_7                                                1 	(obj:0)
x4_8                                                1 	(obj:0)
x4_9                                                1 	(obj:0)
x4_11                                               1 	(obj:0)
x4_15                                               1 	(obj:0)
x5_6                                                1 	(obj:0)
x5_7                                                1 	(obj:0)
x5_8                                                1 	(obj:0)
x5_9                                                1 	(obj:0)
x5_10                                               1 	(obj:0)
x6_7                                                1 	(obj:0)
x6_8                                                1 	(obj:0)
x6_9                                                1 	(obj:0)
x6_10                                               1 	(obj:0)
x6_20                                               1 	(obj:0)
x7_8                                                1 	(obj:0)
x7_9                                                1 	(obj:0)
x7_12                                               1 	(obj:0)
x8_9                                                1 	(obj:0)
x8_19                                               1 	(obj:0)
x9_12                                               1 	(obj:0)
x10_11                                              1 	(obj:0)
x10_13                                              1 	(obj:0)
x10_14                                              1 	(obj:0)
x10_15                                              1 	(obj:0)
x10_16                                              1 	(obj:0)
x10_17                                              1 	(obj:0)
x11_12                                              1 	(obj:0)
x11_18                                              1 	(obj:0)
x11_21                                              1 	(obj:0)
x11_22                                              1 	(obj:0)
x11_23                                              1 	(obj:0)
x12_13                                              1 	(obj:0)
x12_14                                              1 	(obj:0)
x12_15                                              1 	(obj:0)
x12_16                                              1 	(obj:0)
x12_17                                              1 	(obj:0)
x12_20                                              1 	(obj:0)
x13_18                                              1 	(obj:0)
x13_19                                              1 	(obj:0)
x13_21                                              1 	(obj:0)
x13_22                                              1 	(obj:0)
x13_23                                              1 	(obj:0)
x14_18                                              1 	(obj:0)
x14_19                                              1 	(obj:0)
x14_20                                              1 	(obj:0)
x14_21                                              1 	(obj:0)
x14_22                                              1 	(obj:0)
x15_16                                              1 	(obj:0)
x15_20                                              1 	(obj:0)
x15_21                                              1 	(obj:0)
x15_22                                              1 	(obj:0)
x15_23                                              1 	(obj:0)
x16_18                                              1 	(obj:0)
x16_19                                              1 	(obj:0)
x16_21                                              1 	(obj:0)
x16_22                                              1 	(obj:0)
x16_23                                              1 	(obj:0)
x17_18                                              1 	(obj:0)
x17_19                                              1 	(obj:0)
x17_20                                              1 	(obj:0)
x17_21                                              1 	(obj:0)
x17_22                                              1 	(obj:0)
x17_23                                              1 	(obj:0)
x18_20                                              1 	(obj:0)
x18_21                                              1 	(obj:0)
x18_23                                              1 	(obj:0)
x19_20                                              1 	(obj:0)
x19_22                                              1 	(obj:0)
x19_23                                              1 	(obj:0)
x20_21                                              1 	(obj:0)
x20_23                                              1 	(obj:0)
x21_22                                              1 	(obj:0)
x22_23                                              1 	(obj:0)
t0_1_5                                              1 	(obj:0)
t0_1_7                                              1 	(obj:0)
t0_2_3                                              1 	(obj:0)
t0_2_5                                              1 	(obj:0)
t0_2_8                                              1 	(obj:0)
t0_2_9                                              1 	(obj:0)
t0_3_4                                              1 	(obj:0)
t0_3_6                                              1 	(obj:0)
t0_3_7                                              1 	(obj:0)
t0_3_8                                              1 	(obj:0)
t0_3_9                                              1 	(obj:0)
t0_4_5                                              1 	(obj:0)
t0_4_6                                              1 	(obj:0)
t0_4_7                                              1 	(obj:0)
t0_4_8                                              1 	(obj:0)
t0_4_9                                              1 	(obj:0)
t0_5_6                                              1 	(obj:0)
t0_5_7                                              1 	(obj:0)
t0_5_8                                              1 	(obj:0)
t0_5_9                                              1 	(obj:0)
t0_6_7                                              1 	(obj:0)
t0_6_8                                              1 	(obj:0)
t0_6_9                                              1 	(obj:0)
t0_7_8                                              1 	(obj:0)
t0_7_9                                              1 	(obj:0)
t0_8_9                                              1 	(obj:0)
t1_5_7                                              1 	(obj:0)
t1_13_19                                            1 	(obj:0)
t1_14_19                                            1 	(obj:0)
t1_17_19                                            1 	(obj:0)
t2_3_8                                              1 	(obj:0)
t2_3_9                                              1 	(obj:0)
t2_5_8                                              1 	(obj:0)
t2_5_9                                              1 	(obj:0)
t2_8_9                                              1 	(obj:0)
t3_4_6                                              1 	(obj:0)
t3_4_7                                              1 	(obj:0)
t3_4_8                                              1 	(obj:0)
t3_4_9                                              1 	(obj:0)
t3_6_7                                              1 	(obj:0)
t3_6_8                                              1 	(obj:0)
t3_6_9                                              1 	(obj:0)
t3_6_10                                             1 	(obj:0)
t3_7_8                                              1 	(obj:0)
t3_7_9                                              1 	(obj:0)
t3_8_9                                              1 	(obj:0)
t4_5_6                                              1 	(obj:0)
t4_5_7                                              1 	(obj:0)
t4_5_8                                              1 	(obj:0)
t4_5_9                                              1 	(obj:0)
t4_6_7                                              1 	(obj:0)
t4_6_8                                              1 	(obj:0)
t4_6_9                                              1 	(obj:0)
t4_7_8                                              1 	(obj:0)
t4_7_9                                              1 	(obj:0)
t4_8_9                                              1 	(obj:0)
t5_6_7                                              1 	(obj:0)
t5_6_8                                              1 	(obj:0)
t5_6_9                                              1 	(obj:0)
t5_6_10                                             1 	(obj:0)
t5_7_8                                              1 	(obj:0)
t5_7_9                                              1 	(obj:0)
t5_8_9                                              1 	(obj:0)
t6_7_8                                              1 	(obj:0)
t6_7_9                                              1 	(obj:0)
t6_8_9                                              1 	(obj:0)
t7_8_9                                              1 	(obj:0)
t7_9_12                                             1 	(obj:0)
t10_15_16                                           1 	(obj:0)
t11_18_21                                           1 	(obj:0)
t11_18_23                                           1 	(obj:0)
t11_21_22                                           1 	(obj:0)
t11_22_23                                           1 	(obj:0)
t12_14_20                                           1 	(obj:0)
t12_15_16                                           1 	(obj:0)
t12_15_20                                           1 	(obj:0)
t12_17_20                                           1 	(obj:0)
t13_18_21                                           1 	(obj:0)
t13_18_23                                           1 	(obj:0)
t13_19_22                                           1 	(obj:0)
t13_19_23                                           1 	(obj:0)
t13_21_22                                           1 	(obj:0)
t13_22_23                                           1 	(obj:0)
t14_18_20                                           1 	(obj:0)
t14_18_21                                           1 	(obj:0)
t14_19_20                                           1 	(obj:0)
t14_19_22                                           1 	(obj:0)
t14_20_21                                           1 	(obj:0)
t14_21_22                                           1 	(obj:0)
t15_16_21                                           1 	(obj:0)
t15_16_22                                           1 	(obj:0)
t15_16_23                                           1 	(obj:0)
t15_20_21                                           1 	(obj:0)
t15_20_23                                           1 	(obj:0)
t15_21_22                                           1 	(obj:0)
t15_22_23                                           1 	(obj:0)
t16_18_21                                           1 	(obj:0)
t16_18_23                                           1 	(obj:0)
t16_19_22                                           1 	(obj:0)
t16_19_23                                           1 	(obj:0)
t16_21_22                                           1 	(obj:0)
t16_22_23                                           1 	(obj:0)
t17_18_20                                           1 	(obj:0)
t17_18_21                                           1 	(obj:0)
t17_18_23                                           1 	(obj:0)
t17_19_20                                           1 	(obj:0)
t17_19_22                                           1 	(obj:0)
t17_19_23                                           1 	(obj:0)
t17_20_21                                           1 	(obj:0)
t17_20_23                                           1 	(obj:0)
t17_21_22                                           1 	(obj:0)
t17_22_23                                           1 	(obj:0)
t18_20_21                                           1 	(obj:0)
t18_20_23                                           1 	(obj:0)
t19_20_23                                           1 	(obj:0)
t19_22_23                                           1 	(obj:0)
b_1_10                                              1 	(obj:0)
b_1_11                                              1 	(obj:0)
b_1_12                                              1 	(obj:0)
b_2_10                                              1 	(obj:0)
b_2_11                                              1 	(obj:0)
b_2_12                                              1 	(obj:0)
b_2_13                                              1 	(obj:0)
b_2_14                                              1 	(obj:0)
b_3_10                                              1 	(obj:0)
b_3_11                                              1 	(obj:0)
b_3_12                                              1 	(obj:0)
b_3_13                                              1 	(obj:0)
b_3_14                                              1 	(obj:0)
b_3_15                                              1 	(obj:0)
b_3_16                                              1 	(obj:0)
b_3_17                                              1 	(obj:0)
b_3_18                                              1 	(obj:0)
b_3_19                                              1 	(obj:0)
b_3_20                                              1 	(obj:0)
b_3_21                                              1 	(obj:0)
b_3_22                                              1 	(obj:0)
b_3_23                                              1 	(obj:0)
b_4_10                                              1 	(obj:0)
b_4_11                                              1 	(obj:0)
b_4_12                                              1 	(obj:0)
b_4_13                                              1 	(obj:0)
b_4_14                                              1 	(obj:0)
b_4_15                                              1 	(obj:0)
b_4_16                                              1 	(obj:0)
b_4_17                                              1 	(obj:0)
b_4_18                                              1 	(obj:0)
b_4_19                                              1 	(obj:0)
b_4_20                                              1 	(obj:0)
b_4_21                                              1 	(obj:0)
b_4_22                                              1 	(obj:0)
b_4_23                                              1 	(obj:0)
b_5_10                                              1 	(obj:0)
b_5_11                                              1 	(obj:0)
b_5_12                                              1 	(obj:0)
b_5_13                                              1 	(obj:0)
b_5_14                                              1 	(obj:0)
b_5_15                                              1 	(obj:0)
b_5_16                                              1 	(obj:0)
b_5_17                                              1 	(obj:0)
b_5_18                                              1 	(obj:0)
b_5_19                                              1 	(obj:0)
b_5_20                                              1 	(obj:0)
b_5_21                                              1 	(obj:0)
b_5_22                                              1 	(obj:0)
b_5_23                                              1 	(obj:0)
b_6_10                                              1 	(obj:0)
b_6_11                                              1 	(obj:0)
b_6_12                                              1 	(obj:0)
b_6_13                                              1 	(obj:0)
b_6_14                                              1 	(obj:0)
b_6_15                                              1 	(obj:0)
b_6_16                                              1 	(obj:0)
b_6_17                                              1 	(obj:0)
b_6_18                                              1 	(obj:0)
b_6_19                                              1 	(obj:0)
b_6_20                                              1 	(obj:0)
b_6_21                                              1 	(obj:0)
b_6_22                                              1 	(obj:0)
b_6_23                                              1 	(obj:0)
b_7_10                                              1 	(obj:0)
b_7_11                                              1 	(obj:0)
b_7_12                                              1 	(obj:0)
b_7_13                                              1 	(obj:0)
b_7_14                                              1 	(obj:0)
b_7_15                                              1 	(obj:0)
b_7_16                                              1 	(obj:0)
b_7_17                                              1 	(obj:0)
b_7_18                                              1 	(obj:0)
b_7_19                                              1 	(obj:0)
b_7_20                                              1 	(obj:0)
b_7_21                                              1 	(obj:0)
b_7_22                                              1 	(obj:0)
b_7_23                                              1 	(obj:0)
b_8_10                                              1 	(obj:0)
b_8_11                                              1 	(obj:0)
b_8_12                                              1 	(obj:0)
b_8_13                                              1 	(obj:0)
b_8_14                                              1 	(obj:0)
b_8_15                                              1 	(obj:0)
b_8_16                                              1 	(obj:0)
b_8_17                                              1 	(obj:0)
b_8_18                                              1 	(obj:0)
b_8_19                                              1 	(obj:0)
b_8_20                                              1 	(obj:0)
b_8_21                                              1 	(obj:0)
b_8_22                                              1 	(obj:0)
b_8_23                                              1 	(obj:0)
b_9_10                                              1 	(obj:0)
b_9_11                                              1 	(obj:0)
b_9_12                                              1 	(obj:0)
b_9_13                                              1 	(obj:0)
b_9_14                                              1 	(obj:0)
b_9_15                                              1 	(obj:0)
b_9_16                                              1 	(obj:0)
b_9_17                                              1 	(obj:0)
b_9_18                                              1 	(obj:0)
b_9_19                                              1 	(obj:0)
b_9_20                                              1 	(obj:0)
b_9_21                                              1 	(obj:0)
b_9_22                                              1 	(obj:0)
b_9_23                                              1 	(obj:0)
d0                                                 26 	(obj:0)
d1                                                  6 	(obj:0)
d2                                                  9 	(obj:0)
d3                                                 19 	(obj:0)
d4                                                 20 	(obj:0)
d5                                                 21 	(obj:0)
d6                                                 22 	(obj:0)
d7                                                 23 	(obj:0)
d8                                                 24 	(obj:0)
d9                                                 25 	(obj:0)
d10                                                 3 	(obj:0)
d11                                                 4 	(obj:0)
d12                                                 5 	(obj:0)
d13                                                 7 	(obj:0)
d14                                                 8 	(obj:0)
d15                                                10 	(obj:0)
d16                                                11 	(obj:0)
d17                                                12 	(obj:0)
d18                                                13 	(obj:0)
d19                                                14 	(obj:0)
d20                                                15 	(obj:0)
d21                                                16 	(obj:0)
d22                                                17 	(obj:0)
d23                                                18 	(obj:0)
T                                                 116 	(obj:0)


