SCIP version 10.0.1 [precision: 8 byte] [memory: block] [mode: optimized] [LP solver: SoPlex 8.0.1] [GitHash: 76a50c97d6]
Copyright (c) 2002-2026 Zuse Institute Berlin (ZIB)

External libraries: 
  SoPlex 8.0.1         Linear programming solver developed at Zuse Institute Berlin (soplex.zib.de) [GitHash: c69290aa]
  CppAD 20180000.0     Algorithmic Differentiation of C++ algorithms developed by B. Bell (github.com/coin-or/CppAD)
  ZLIB 1.3.1           General purpose compression library by J. Gailly and M. Adler (zlib.net)
  MPFR 4.2.2           GNU Multiple Precision Floating-Point Reliable Library (mpfr.org)
  Boost 1.89.0         Boost C++ Libraries (boost.org)
  TinyCThread 1.2      small portable implementation of the C11 threads API (tinycthread.github.io)
  GMP 6.3.0            GNU Multiple Precision Arithmetic Library developed by T. Granlund (gmplib.org)
  ZIMPL 3.7.0          Zuse Institute Mathematical Programming Language developed by T. Koch (zimpl.zib.de)
  AMPL/MP 4.0.4        AMPL .nl file reader library (github.com/ampl/mp)
  PaPILO 3.0.0         parallel presolve for integer and linear optimization (github.com/scipopt/papilo) (built with TBB) [GitHash: 4cbdc327]
  Nauty 2.8.8          Computing Graph Automorphism Groups by Brendan D. McKay (users.cecs.anu.edu.au/~bdm/nauty)
  sassy 2.0            Symmetry preprocessor by Markus Anders (github.com/markusa4/sassy)
  Ipopt 3.14.19        Interior Point Optimizer developed by A. Waechter et.al. (github.com/coin-or/Ipopt)

user parameter file <scip.set> not found - using default parameters


read problem <N21_R8_K3_2_22_split_22_fix2B_8_exact_wo_lem.lp>
============

original problem has 1652 variables (1628 bin, 22 int, 2 cont) and 5879 constraints
heuristics/padm/freq = -1
heuristics/ofins/freq = -1
heuristics/reoptsols/freq = -1
heuristics/trivialnegation/freq = -1
heuristics/trivial/freq = -1
heuristics/clique/freq = -1
heuristics/locks/freq = -1
heuristics/vbounds/freq = -1
heuristics/shiftandpropagate/freq = -1
heuristics/completesol/freq = -1
heuristics/simplerounding/freq = -1
heuristics/randrounding/freq = -1
heuristics/zirounding/freq = -1
heuristics/rounding/freq = -1
heuristics/shifting/freq = -1
heuristics/intshifting/freq = -1
heuristics/oneopt/freq = -1
heuristics/indicator/freq = -1
heuristics/adaptivediving/freq = -1
heuristics/indicatordiving/freq = -1
heuristics/farkasdiving/freq = -1
heuristics/feaspump/freq = -1
heuristics/conflictdiving/freq = -1
heuristics/pscostdiving/freq = -1
heuristics/fracdiving/freq = -1
heuristics/nlpdiving/freq = -1
heuristics/veclendiving/freq = -1
heuristics/distributiondiving/freq = -1
heuristics/objpscostdiving/freq = -1
heuristics/rootsoldiving/freq = -1
heuristics/linesearchdiving/freq = -1
heuristics/guideddiving/freq = -1
heuristics/rens/freq = -1
heuristics/alns/freq = -1
heuristics/rins/freq = -1
heuristics/gins/freq = -1
heuristics/crossover/freq = -1
heuristics/lpface/freq = -1
heuristics/undercover/freq = -1
heuristics/subnlp/freq = -1
heuristics/mpec/freq = -1
heuristics/multistart/freq = -1
heuristics/trysol/freq = -1
presolving/restartfac = 0.0125
presolving/restartminred = 0.06
constraints/setppc/cliquelifting = TRUE
presolving/boundshift/maxrounds = -1
presolving/qpkktref/maxrounds = -1
presolving/stuffing/maxrounds = -1
presolving/tworowbnd/maxrounds = -1
presolving/dualinfer/maxrounds = -1
presolving/dualagg/maxrounds = -1
presolving/implint/maxrounds = -1
presolving/redvub/maxrounds = -1
propagating/probing/maxuseless = 1500
propagating/probing/maxtotaluseless = 75
separating/closecuts/freq = 0
separating/rlt/freq = 20
separating/rlt/maxroundsroot = 15
separating/disjunctive/freq = 20
separating/disjunctive/maxroundsroot = 150
separating/gauge/freq = 0
separating/interminor/freq = 0
separating/convexproj/freq = 0
separating/gomory/maxroundsroot = 15
separating/gomory/maxsepacutsroot = 400
separating/aggregation/maxsepacutsroot = 1000
separating/clique/freq = 20
separating/zerohalf/maxroundsroot = 30
separating/zerohalf/maxsepacutsroot = 200
separating/lagromory/freq = 0
separating/mcf/freq = 20
separating/mcf/maxsepacutsroot = 400
separating/eccuts/freq = 0
separating/eccuts/maxroundsroot = 375
separating/eccuts/maxsepacutsroot = 100
separating/oddcycle/freq = 0
separating/oddcycle/maxroundsroot = 15
separating/oddcycle/maxsepacutsroot = 10000
constraints/benderslp/sepafreq = 0
constraints/integral/sepafreq = 0
constraints/SOS2/sepafreq = 10
constraints/varbound/sepafreq = 10
constraints/knapsack/sepafreq = 10
constraints/knapsack/maxsepacutsroot = 500
constraints/setppc/sepafreq = 10
constraints/or/sepafreq = 10
constraints/xor/sepafreq = 10
constraints/conjunction/sepafreq = 0
constraints/disjunction/sepafreq = 0
constraints/exactsol/sepafreq = 0
constraints/linear/sepafreq = 10
constraints/linear/maxsepacutsroot = 500
constraints/exactlinear/sepafreq = 10
constraints/exactlinear/maxsepacutsroot = 500
constraints/orbitope_full/sepafreq = 0
constraints/orbitope_pp/sepafreq = 0
constraints/logicor/sepafreq = 10
constraints/bounddisjunction/sepafreq = 0
constraints/pseudoboolean/sepafreq = 0
constraints/superindicator/sepafreq = 0
constraints/benders/sepafreq = 0
constraints/fixedvar/sepafreq = 0
constraints/countsols/sepafreq = 0
constraints/components/sepafreq = 0
cutselection/hybrid/minorthoroot = 0.1
separating/maxroundsrootsubrun = 5
separating/maxaddrounds = 5
separating/maxcutsroot = 5000
constraints/linear/separateall = TRUE
separating/aggregation/maxfailsroot = 200
separating/mcf/maxtestdelta = -1
separating/mcf/trynegscaling = TRUE
nodeselection/restartdfs/stdpriority = 100000
conflict/useinflp = b

presolving:
(round 1, fast)       268 del vars, 119 del conss, 0 add conss, 45 chg bounds, 88 chg sides, 176 chg coeffs, 0 upgd conss, 0 impls, 3175 clqs, 0 implints
(round 2, fast)       588 del vars, 1448 del conss, 0 add conss, 151 chg bounds, 88 chg sides, 238 chg coeffs, 0 upgd conss, 0 impls, 3019 clqs, 0 implints
(round 3, fast)       588 del vars, 1476 del conss, 0 add conss, 156 chg bounds, 88 chg sides, 266 chg coeffs, 0 upgd conss, 0 impls, 3019 clqs, 0 implints
(round 4, fast)       588 del vars, 1476 del conss, 0 add conss, 160 chg bounds, 88 chg sides, 315 chg coeffs, 0 upgd conss, 0 impls, 3019 clqs, 0 implints
   (0.0s) running MILP presolver
   (0.0s) MILP presolver (4 rounds): 56 aggregations, 0 fixings, 2 bound changes
(round 5, medium)     644 del vars, 1476 del conss, 0 add conss, 165 chg bounds, 88 chg sides, 359 chg coeffs, 0 upgd conss, 0 impls, 2907 clqs, 0 implints
(round 6, fast)       644 del vars, 1588 del conss, 0 add conss, 165 chg bounds, 88 chg sides, 392 chg coeffs, 0 upgd conss, 0 impls, 2907 clqs, 0 implints
(round 7, exhaustive) 644 del vars, 1590 del conss, 0 add conss, 165 chg bounds, 88 chg sides, 392 chg coeffs, 4070 upgd conss, 0 impls, 2907 clqs, 0 implints
(round 8, exhaustive) 644 del vars, 5466 del conss, 969 add conss, 165 chg bounds, 88 chg sides, 392 chg coeffs, 4070 upgd conss, 0 impls, 2907 clqs, 0 implints
(round 9, exhaustive) 644 del vars, 5466 del conss, 969 add conss, 165 chg bounds, 88 chg sides, 563 chg coeffs, 4070 upgd conss, 0 impls, 2907 clqs, 0 implints
(round 10, exhaustive) 669 del vars, 5466 del conss, 969 add conss, 165 chg bounds, 88 chg sides, 563 chg coeffs, 4070 upgd conss, 352 impls, 2832 clqs, 0 implints
(round 11, fast)       669 del vars, 5466 del conss, 969 add conss, 165 chg bounds, 88 chg sides, 563 chg coeffs, 4095 upgd conss, 352 impls, 2832 clqs, 0 implints
(round 12, exhaustive) 694 del vars, 5466 del conss, 969 add conss, 165 chg bounds, 88 chg sides, 563 chg coeffs, 4095 upgd conss, 352 impls, 2757 clqs, 0 implints
(round 13, fast)       694 del vars, 5466 del conss, 969 add conss, 165 chg bounds, 88 chg sides, 563 chg coeffs, 4120 upgd conss, 352 impls, 2757 clqs, 0 implints
   (1.0s) probing: 1000/1228 (81.4%) - 50 fixings, 0 aggregations, 352 implications, 0 bound changes
   (1.0s) probing: 1124/1228 (91.5%) - 56 fixings, 0 aggregations, 352 implications, 0 bound changes
   (1.0s) probing aborted: 75/75 successive totally useless probings
(round 14, exhaustive) 700 del vars, 5466 del conss, 969 add conss, 165 chg bounds, 88 chg sides, 563 chg coeffs, 4120 upgd conss, 352 impls, 2739 clqs, 0 implints
(round 15, fast)       700 del vars, 5466 del conss, 969 add conss, 165 chg bounds, 88 chg sides, 563 chg coeffs, 4126 upgd conss, 352 impls, 2739 clqs, 0 implints
   (1.0s) probing: 1131/1228 (92.1%) - 56 fixings, 0 aggregations, 352 implications, 0 bound changes
   (1.0s) probing aborted: 75/75 successive totally useless probings
   (1.0s) symmetry computation started: requiring (bin +, int +, cont +), (fixed: bin -, int -, cont -)
   (1.0s) symmetry computation finished: 9 generators found (max: 1500, log10 of symmetry group size: 5.38) (symcode time: 0.00)
dynamic symmetry handling statistics:
   orbitopal reduction:       no components
   orbital reduction:          1 components of sizes 45
   lexicographic reduction:   45 permutations with support sizes 294, 324, 294, 294, 294, 324, 294, 294, 294, 554, 294, 540, 540, 554, 540, 540, 540, 554, 554, 554, 324, 554, 554, 554, 294, 540, 554, 540, 540, 540, 294, 554, 540, 540, 540, 554, 294, 540, 540, 554, 554, 554, 294, 540, 294
handled 1 out of 1 symmetry components
presolving (16 rounds: 16 fast, 8 medium, 7 exhaustive):
 700 deleted vars, 5466 deleted constraints, 969 added constraints, 165 tightened bounds, 0 added holes, 88 changed sides, 563 changed coefficients
 352 implications, 2739 cliques, 0 implied integral variables (0 bin, 0 int, 0 cont)
presolved problem has 1191 variables (1172 bin, 19 int, 0 cont) and 1382 constraints
      7 constraints of type <varbound>
    171 constraints of type <knapsack>
    913 constraints of type <and>
    219 constraints of type <linear>
     72 constraints of type <logicor>
transformed objective value is always integral (scale: 1)
Presolving Time: 1.00

 time | node  | left  |LP iter|LP it/n|mem/heur|mdpt |vars |cons |rows |cuts |sepa|confs|strbr|  dualbound   | primalbound  |  gap   | compl. 
  1.0s|     1 |     0 |   164 |     - |    39M |   0 |1191 |1382 |2295 |   0 |  0 |   0 |   0 |    cutoff    |      --      |   0.00%| unknown
  1.0s|     1 |     0 |   164 |     - |    39M |   0 |1191 |1382 |2295 |   0 |  0 |   0 |   0 |    cutoff    |      --      |   0.00%| unknown

SCIP Status        : problem is solved [infeasible]
Solving Time (sec) : 1.00
Solving Nodes      : 1
Primal Bound       : +1.00000000000000e+20 (0 solutions)
Dual Bound         : +1.00000000000000e+20
Gap                : 0.00 %


no solution available

SCIP> 