SCIP version 10.0.1 [precision: 8 byte] [memory: block] [mode: optimized] [LP solver: SoPlex 8.0.1] [GitHash: 76a50c97d6]
Copyright (c) 2002-2026 Zuse Institute Berlin (ZIB)

External libraries: 
  SoPlex 8.0.1         Linear programming solver developed at Zuse Institute Berlin (soplex.zib.de) [GitHash: c69290aa]
  CppAD 20180000.0     Algorithmic Differentiation of C++ algorithms developed by B. Bell (github.com/coin-or/CppAD)
  ZLIB 1.3.1           General purpose compression library by J. Gailly and M. Adler (zlib.net)
  MPFR 4.2.2           GNU Multiple Precision Floating-Point Reliable Library (mpfr.org)
  Boost 1.89.0         Boost C++ Libraries (boost.org)
  TinyCThread 1.2      small portable implementation of the C11 threads API (tinycthread.github.io)
  GMP 6.3.0            GNU Multiple Precision Arithmetic Library developed by T. Granlund (gmplib.org)
  ZIMPL 3.7.0          Zuse Institute Mathematical Programming Language developed by T. Koch (zimpl.zib.de)
  AMPL/MP 4.0.4        AMPL .nl file reader library (github.com/ampl/mp)
  PaPILO 3.0.0         parallel presolve for integer and linear optimization (github.com/scipopt/papilo) (built with TBB) [GitHash: 4cbdc327]
  Nauty 2.8.8          Computing Graph Automorphism Groups by Brendan D. McKay (users.cecs.anu.edu.au/~bdm/nauty)
  sassy 2.0            Symmetry preprocessor by Markus Anders (github.com/markusa4/sassy)
  Ipopt 3.14.19        Interior Point Optimizer developed by A. Waechter et.al. (github.com/coin-or/Ipopt)

reading user parameter file <scip.set>


read problem <N21_R8_K3_2_22_split_22_fix2B_4_exact_wo_lem.lp>
============

original problem has 1652 variables (1628 bin, 22 int, 2 cont) and 5879 constraints
heuristics/padm/freq = -1
heuristics/ofins/freq = -1
heuristics/reoptsols/freq = -1
heuristics/trivialnegation/freq = -1
heuristics/trivial/freq = -1
heuristics/clique/freq = -1
heuristics/locks/freq = -1
heuristics/vbounds/freq = -1
heuristics/shiftandpropagate/freq = -1
heuristics/completesol/freq = -1
heuristics/simplerounding/freq = -1
heuristics/randrounding/freq = -1
heuristics/zirounding/freq = -1
heuristics/rounding/freq = -1
heuristics/shifting/freq = -1
heuristics/intshifting/freq = -1
heuristics/oneopt/freq = -1
heuristics/indicator/freq = -1
heuristics/adaptivediving/freq = -1
heuristics/indicatordiving/freq = -1
heuristics/farkasdiving/freq = -1
heuristics/feaspump/freq = -1
heuristics/conflictdiving/freq = -1
heuristics/pscostdiving/freq = -1
heuristics/fracdiving/freq = -1
heuristics/nlpdiving/freq = -1
heuristics/veclendiving/freq = -1
heuristics/distributiondiving/freq = -1
heuristics/objpscostdiving/freq = -1
heuristics/rootsoldiving/freq = -1
heuristics/linesearchdiving/freq = -1
heuristics/guideddiving/freq = -1
heuristics/rens/freq = -1
heuristics/alns/freq = -1
heuristics/rins/freq = -1
heuristics/gins/freq = -1
heuristics/crossover/freq = -1
heuristics/lpface/freq = -1
heuristics/undercover/freq = -1
heuristics/subnlp/freq = -1
heuristics/mpec/freq = -1
heuristics/multistart/freq = -1
heuristics/trysol/freq = -1
presolving/restartfac = 0.0125
presolving/restartminred = 0.06
constraints/setppc/cliquelifting = TRUE
presolving/boundshift/maxrounds = -1
presolving/qpkktref/maxrounds = -1
presolving/stuffing/maxrounds = -1
presolving/tworowbnd/maxrounds = -1
presolving/dualinfer/maxrounds = -1
presolving/dualagg/maxrounds = -1
presolving/implint/maxrounds = -1
presolving/redvub/maxrounds = -1
propagating/probing/maxuseless = 1500
propagating/probing/maxtotaluseless = 75
separating/closecuts/freq = 0
separating/rlt/freq = 20
separating/rlt/maxroundsroot = 15
separating/disjunctive/freq = 20
separating/disjunctive/maxroundsroot = 150
separating/gauge/freq = 0
separating/interminor/freq = 0
separating/convexproj/freq = 0
separating/gomory/maxroundsroot = 15
separating/gomory/maxsepacutsroot = 400
separating/aggregation/maxsepacutsroot = 1000
separating/clique/freq = 20
separating/zerohalf/maxroundsroot = 30
separating/zerohalf/maxsepacutsroot = 200
separating/lagromory/freq = 0
separating/mcf/freq = 20
separating/mcf/maxsepacutsroot = 400
separating/eccuts/freq = 0
separating/eccuts/maxroundsroot = 375
separating/eccuts/maxsepacutsroot = 100
separating/oddcycle/freq = 0
separating/oddcycle/maxroundsroot = 15
separating/oddcycle/maxsepacutsroot = 10000
constraints/benderslp/sepafreq = 0
constraints/integral/sepafreq = 0
constraints/SOS2/sepafreq = 10
constraints/varbound/sepafreq = 10
constraints/knapsack/sepafreq = 10
constraints/knapsack/maxsepacutsroot = 500
constraints/setppc/sepafreq = 10
constraints/or/sepafreq = 10
constraints/xor/sepafreq = 10
constraints/conjunction/sepafreq = 0
constraints/disjunction/sepafreq = 0
constraints/exactsol/sepafreq = 0
constraints/linear/sepafreq = 10
constraints/linear/maxsepacutsroot = 500
constraints/exactlinear/sepafreq = 10
constraints/exactlinear/maxsepacutsroot = 500
constraints/orbitope_full/sepafreq = 0
constraints/orbitope_pp/sepafreq = 0
constraints/logicor/sepafreq = 10
constraints/bounddisjunction/sepafreq = 0
constraints/pseudoboolean/sepafreq = 0
constraints/superindicator/sepafreq = 0
constraints/benders/sepafreq = 0
constraints/fixedvar/sepafreq = 0
constraints/countsols/sepafreq = 0
constraints/components/sepafreq = 0
cutselection/hybrid/minorthoroot = 0.1
separating/maxroundsrootsubrun = 5
separating/maxaddrounds = 5
separating/maxcutsroot = 5000
constraints/linear/separateall = TRUE
separating/aggregation/maxfailsroot = 200
separating/mcf/maxtestdelta = -1
separating/mcf/trynegscaling = TRUE

presolving:
(round 1, fast)       322 del vars, 119 del conss, 0 add conss, 45 chg bounds, 88 chg sides, 176 chg coeffs, 0 upgd conss, 0 impls, 3089 clqs, 0 implints
(round 2, fast)       596 del vars, 1307 del conss, 0 add conss, 51 chg bounds, 88 chg sides, 238 chg coeffs, 0 upgd conss, 0 impls, 3123 clqs, 0 implints
   (0.0s) running MILP presolver
   (0.0s) MILP presolver (6 rounds): 34 aggregations, 0 fixings, 4 bound changes
(round 3, medium)     630 del vars, 1307 del conss, 0 add conss, 60 chg bounds, 88 chg sides, 256 chg coeffs, 0 upgd conss, 0 impls, 3055 clqs, 0 implints
(round 4, fast)       630 del vars, 1375 del conss, 0 add conss, 60 chg bounds, 88 chg sides, 311 chg coeffs, 0 upgd conss, 0 impls, 3055 clqs, 0 implints
(round 5, exhaustive) 630 del vars, 1380 del conss, 0 add conss, 60 chg bounds, 92 chg sides, 311 chg coeffs, 0 upgd conss, 0 impls, 3055 clqs, 0 implints
(round 6, exhaustive) 630 del vars, 1380 del conss, 0 add conss, 60 chg bounds, 92 chg sides, 311 chg coeffs, 4279 upgd conss, 0 impls, 3055 clqs, 0 implints
(round 7, exhaustive) 630 del vars, 5448 del conss, 1025 add conss, 60 chg bounds, 92 chg sides, 311 chg coeffs, 4279 upgd conss, 0 impls, 3055 clqs, 0 implints
(round 8, exhaustive) 630 del vars, 5448 del conss, 1025 add conss, 60 chg bounds, 92 chg sides, 490 chg coeffs, 4279 upgd conss, 0 impls, 3055 clqs, 0 implints
   (0.0s) probing: 164/1296 (12.7%) - 0 fixings, 0 aggregations, 352 implications, 0 bound changes
   (0.0s) probing aborted: 75/75 successive totally useless probings
   (0.0s) symmetry computation started: requiring (bin +, int +, cont +), (fixed: bin -, int -, cont -)
   (0.0s) symmetry computation finished: 9 generators found (max: 1500, log10 of symmetry group size: 5.08) (symcode time: 0.00)
dynamic symmetry handling statistics:
   orbitopal reduction:       no components
   orbital reduction:          1 components of sizes 45
   lexicographic reduction:   45 permutations with support sizes 324, 340, 324, 324, 324, 324, 324, 340, 340, 600, 324, 584, 584, 584, 584, 600, 600, 600, 600, 600, 600, 600, 340, 616, 324, 584, 584, 584, 600, 600, 324, 584, 584, 600, 600, 324, 584, 600, 600, 324, 600, 600, 600, 600, 340
handled 1 out of 1 symmetry components
presolving (9 rounds: 9 fast, 6 medium, 5 exhaustive):
 630 deleted vars, 5448 deleted constraints, 1025 added constraints, 60 tightened bounds, 0 added holes, 92 changed sides, 490 changed coefficients
 352 implications, 3055 cliques, 0 implied integral variables (0 bin, 0 int, 0 cont)
presolved problem has 1315 variables (1296 bin, 19 int, 0 cont) and 1456 constraints
      7 constraints of type <varbound>
    184 constraints of type <knapsack>
     12 constraints of type <setppc>
   1025 constraints of type <and>
    220 constraints of type <linear>
      8 constraints of type <logicor>
transformed objective value is always integral (scale: 1)
Presolving Time: 0.00

 time | node  | left  |LP iter|LP it/n|mem/heur|mdpt |vars |cons |rows |cuts |sepa|confs|strbr|  dualbound   | primalbound  |  gap   | compl. 
  0.0s|     1 |     0 |  1972 |     - |    31M |   0 |1315 |1456 |2481 |   0 |  0 |   0 |   0 | 0.000000e+00 |      --      |    Inf | unknown
Computing relative interior point (time limit: 1e+20, iter limit: 19720) ...
  1.0s|     1 |     0 |  2052 |     - |    37M |   0 |1315 |1456 |2540 |  59 |  1 |   0 |   0 | 0.000000e+00 |      --      |    Inf | unknown
  1.0s|     1 |     0 |  2107 |     - |    38M |   0 |1315 |1456 |2561 |  80 |  2 |   0 |   0 | 0.000000e+00 |      --      |    Inf | unknown
  1.0s|     1 |     0 |  2320 |     - |    38M |   0 |1315 |1456 |2575 |  94 |  3 |   0 |   0 | 0.000000e+00 |      --      |    Inf | unknown
  1.0s|     1 |     0 |  2577 |     - |    38M |   0 |1315 |1456 |2599 | 118 |  4 |   0 |   0 | 0.000000e+00 |      --      |    Inf | unknown
  2.0s|     1 |     0 |  2771 |     - |    39M |   0 |1315 |1456 |2651 | 170 |  5 |   0 |   0 | 0.000000e+00 |      --      |    Inf | unknown
  2.0s|     1 |     0 |  2835 |     - |    39M |   0 |1315 |1456 |2678 | 197 |  6 |   0 |   0 | 0.000000e+00 |      --      |    Inf | unknown
  2.0s|     1 |     0 |  2868 |     - |    39M |   0 |1315 |1456 |2684 | 203 |  7 |   0 |   0 | 0.000000e+00 |      --      |    Inf | unknown
  2.0s|     1 |     0 |  2940 |     - |    39M |   0 |1315 |1456 |2703 | 222 |  8 |   0 |   0 | 0.000000e+00 |      --      |    Inf | unknown
  2.0s|     1 |     0 |  2964 |     - |    40M |   0 |1315 |1456 |2708 | 227 |  9 |   0 |   0 | 0.000000e+00 |      --      |    Inf | unknown
  2.0s|     1 |     0 |  2995 |     - |    40M |   0 |1315 |1456 |2713 | 232 | 10 |   0 |   0 | 0.000000e+00 |      --      |    Inf | unknown
  3.0s|     1 |     0 |  3022 |     - |    40M |   0 |1315 |1456 |2678 | 239 | 11 |   0 |   0 | 0.000000e+00 |      --      |    Inf | unknown
  3.0s|     1 |     2 |  3107 |     - |    40M |   0 |1315 |1456 |2678 | 239 | 11 |   0 |  32 | 0.000000e+00 |      --      |    Inf | unknown
  7.0s|   100 |    59 | 19530 | 166.7 |    45M |  31 |1315 |1500 |2683 | 816 |  0 |  44 |  32 | 0.000000e+00 |      --      |    Inf |  25.03%
  7.0s|   200 |    59 | 27892 | 125.0 |    45M |  32 |1315 |1601 |2678 | 849 |  2 | 145 |  32 | 0.000000e+00 |      --      |    Inf |  25.03%
 time | node  | left  |LP iter|LP it/n|mem/heur|mdpt |vars |cons |rows |cuts |sepa|confs|strbr|  dualbound   | primalbound  |  gap   | compl. 
  9.0s|   300 |    87 | 41548 | 128.8 |    46M |  38 |1315 |1671 |2721 |1144 |  1 | 215 |  32 | 0.000000e+00 |      --      |    Inf |  25.16%
 12.0s|   400 |    75 | 59284 | 141.0 |    49M |  40 |1315 |1788 |2723 |1340 |  0 | 332 |  32 | 0.000000e+00 |      --      |    Inf |  26.04%
 15.0s|   500 |    80 | 78982 | 152.2 |    51M |  40 |1315 |1857 |   0 |1811 |  0 | 401 |  32 | 0.000000e+00 |      --      |    Inf |  26.67%
 17.0s|   600 |   107 | 96632 | 156.3 |    51M |  40 |1315 |1912 |2701 |2250 |  2 | 456 |  32 | 0.000000e+00 |      --      |    Inf |  26.87%
 19.0s|   700 |   111 |113413 | 157.9 |    51M |  40 |1315 |1988 |2688 |2510 |  0 | 532 |  32 | 0.000000e+00 |      --      |    Inf |  26.88%
 21.0s|   800 |   109 |127248 | 155.5 |    51M |  40 |1315 |2070 |   0 |2684 |  0 | 614 |  32 | 0.000000e+00 |      --      |    Inf |  41.80%
 23.0s|   900 |   118 |143671 | 156.5 |    52M |  40 |1315 |2141 |2738 |2900 |  0 | 685 |  32 | 0.000000e+00 |      --      |    Inf |  46.72%
 25.0s|  1000 |   135 |157901 | 155.0 |    52M |  40 |1315 |2181 |2598 |3103 |  1 | 725 |  32 | 0.000000e+00 |      --      |    Inf |  47.93%
 26.0s|  1100 |   134 |168629 | 150.7 |    52M |  40 |1315 |2245 |2646 |3231 |  0 | 789 |  32 | 0.000000e+00 |      --      |    Inf |  47.95%
 28.0s|  1200 |   132 |178222 | 146.1 |    52M |  40 |1315 |2304 |2602 |3290 |  0 | 849 |  32 | 0.000000e+00 |      --      |    Inf |  47.96%
 30.0s|  1300 |   109 |194414 | 147.3 |    53M |  40 |1315 |2396 |2734 |3436 |  2 | 943 |  32 | 0.000000e+00 |      --      |    Inf |  50.83%
 32.0s|  1400 |   115 |215031 | 151.5 |    53M |  40 |1315 |2462 |2680 |3722 |  1 |1009 |  32 | 0.000000e+00 |      --      |    Inf |  54.87%
 34.0s|  1500 |   104 |232618 | 153.2 |    53M |  40 |1315 |2513 |2666 |3900 |  1 |1061 |  32 | 0.000000e+00 |      --      |    Inf |  54.87%
 37.0s|  1600 |    97 |252454 | 156.0 |    54M |  40 |1315 |2574 |2562 |4149 |  2 |1123 |  32 | 0.000000e+00 |      --      |    Inf |  57.10%
 40.0s|  1700 |    98 |275172 | 160.2 |    56M |  40 |1315 |2622 |2679 |4669 |  2 |1176 |  32 | 0.000000e+00 |      --      |    Inf |  58.95%
 time | node  | left  |LP iter|LP it/n|mem/heur|mdpt |vars |cons |rows |cuts |sepa|confs|strbr|  dualbound   | primalbound  |  gap   | compl. 
 42.0s|  1800 |   116 |295641 | 162.7 |    57M |  40 |1315 |2662 |2674 |5106 |  0 |1223 |  32 | 0.000000e+00 |      --      |    Inf |  59.23%
 44.0s|  1900 |   115 |307784 | 160.5 |    57M |  40 |1315 |2747 |2815 |5218 |  0 |1317 |  32 | 0.000000e+00 |      --      |    Inf |  59.27%
 45.0s|  2000 |   108 |317871 | 157.5 |    57M |  40 |1315 |2835 |2634 |5280 |  1 |1418 |  32 | 0.000000e+00 |      --      |    Inf |  59.27%
 47.0s|  2100 |   115 |335234 | 158.3 |    57M |  40 |1315 |2862 |   0 |5488 |  0 |1472 |  32 | 0.000000e+00 |      --      |    Inf |  61.90%
 49.0s|  2200 |   119 |348073 | 156.9 |    57M |  40 |1315 |2925 |2770 |5698 |  1 |1545 |  32 | 0.000000e+00 |      --      |    Inf |  62.18%
 50.0s|  2300 |   126 |356174 | 153.6 |    57M |  40 |1315 |3011 |2760 |5766 |  1 |1632 |  32 | 0.000000e+00 |      --      |    Inf |  62.18%
 52.0s|  2400 |   116 |366029 | 151.3 |    57M |  40 |1315 |3123 |2757 |5814 |  0 |1745 |  32 | 0.000000e+00 |      --      |    Inf |  62.18%
 54.0s|  2500 |   129 |385845 | 153.2 |    58M |  40 |1315 |3133 |2833 |6128 |  0 |1808 |  32 | 0.000000e+00 |      --      |    Inf |  68.55%
 57.0s|  2600 |   134 |405799 | 155.0 |    59M |  40 |1315 |3170 |2727 |6423 |  0 |1873 |  32 | 0.000000e+00 |      --      |    Inf |  68.78%
 59.0s|  2700 |   146 |421107 | 154.9 |    59M |  40 |1315 |3232 |2748 |6625 |  0 |1963 |  32 | 0.000000e+00 |      --      |    Inf |  69.09%
 60.0s|  2800 |   143 |432251 | 153.4 |    59M |  40 |1315 |3328 |2740 |6744 |  1 |2079 |  32 | 0.000000e+00 |      --      |    Inf |  69.09%
 62.0s|  2900 |   139 |445183 | 152.5 |    59M |  40 |1315 |3425 |2745 |6826 |  0 |2176 |  32 | 0.000000e+00 |      --      |    Inf |  69.09%
 63.0s|  3000 |   157 |459053 | 152.1 |    59M |  40 |1315 |3504 |2753 |6967 |  1 |2255 |  32 | 0.000000e+00 |      --      |    Inf |  69.09%
 65.0s|  3100 |   168 |467231 | 149.8 |    61M |  53 |1315 |3608 |2753 |7066 |  0 |2364 |  32 | 0.000000e+00 |      --      |    Inf |  69.09%
 67.0s|  3200 |   160 |477553 | 148.3 |    62M |  53 |1315 |3718 |2752 |7159 |  1 |2474 |  32 | 0.000000e+00 |      --      |    Inf |  69.10%
 time | node  | left  |LP iter|LP it/n|mem/heur|mdpt |vars |cons |rows |cuts |sepa|confs|strbr|  dualbound   | primalbound  |  gap   | compl. 
 68.0s|  3300 |   134 |488469 | 147.1 |    66M |  53 |1315 |3718 |2574 |7265 |  2 |2594 |  32 | 0.000000e+00 |      --      |    Inf |  69.10%
 71.0s|  3400 |   138 |511990 | 149.7 |    67M |  53 |1315 |3744 |2709 |7639 |  2 |2661 |  32 | 0.000000e+00 |      --      |    Inf |  70.86%
 74.0s|  3500 |   139 |536881 | 152.6 |    68M |  53 |1315 |3730 |   0 |8065 |  0 |2713 |  32 | 0.000000e+00 |      --      |    Inf |  80.47%
 77.0s|  3600 |   153 |558912 | 154.5 |    69M |  53 |1315 |3747 |2660 |8460 |  0 |2764 |  32 | 0.000000e+00 |      --      |    Inf |  82.95%
 80.0s|  3700 |   154 |582920 | 156.8 |    71M |  53 |1315 |3743 |   0 |8874 |  0 |2819 |  32 | 0.000000e+00 |      --      |    Inf |  83.37%
 83.0s|  3800 |   174 |605681 | 158.6 |    72M |  53 |1315 |3734 |2697 |9270 |  2 |2863 |  32 | 0.000000e+00 |      --      |    Inf |  86.63%
 85.0s|  3900 |   182 |618541 | 157.9 |    72M |  53 |1315 |3805 |2773 |9467 |  0 |2943 |  32 | 0.000000e+00 |      --      |    Inf |  86.63%
 87.0s|  4000 |   177 |634412 | 157.9 |    72M |  53 |1315 |3844 |2683 |9586 |  0 |3032 |  32 | 0.000000e+00 |      --      |    Inf |  86.66%
 89.0s|  4100 |   186 |655741 | 159.2 |    72M |  53 |1315 |3860 |2789 |9970 |  1 |3096 |  32 | 0.000000e+00 |      --      |    Inf |  86.72%
 91.0s|  4200 |   191 |678615 | 160.9 |    73M |  53 |1315 |3867 |2701 |  10k|  0 |3150 |  32 | 0.000000e+00 |      --      |    Inf |  86.80%
 93.0s|  4300 |   190 |695969 | 161.2 |    73M |  53 |1315 |3875 |2673 |  10k|  0 |3214 |  32 | 0.000000e+00 |      --      |    Inf |  86.88%
 96.0s|  4400 |   189 |719609 | 162.9 |    73M |  53 |1315 |3902 |2726 |  11k|  2 |3290 |  32 | 0.000000e+00 |      --      |    Inf |  86.96%
 98.0s|  4500 |   194 |742783 | 164.4 |    73M |  53 |1315 |3914 |2662 |  11k|  0 |3352 |  32 | 0.000000e+00 |      --      |    Inf |  87.00%
  101s|  4600 |   193 |766024 | 165.9 |    73M |  53 |1315 |3879 |2663 |  11k|  1 |3407 |  32 | 0.000000e+00 |      --      |    Inf |  87.20%
  103s|  4700 |   203 |787938 | 167.0 |    73M |  53 |1315 |3888 |2764 |  12k|  1 |3457 |  32 | 0.000000e+00 |      --      |    Inf |  87.24%
 time | node  | left  |LP iter|LP it/n|mem/heur|mdpt |vars |cons |rows |cuts |sepa|confs|strbr|  dualbound   | primalbound  |  gap   | compl. 
  104s|  4800 |   208 |798737 | 165.8 |    73M |  53 |1315 |3915 |2775 |  12k|  1 |3509 |  32 | 0.000000e+00 |      --      |    Inf |  87.24%
  106s|  4900 |   201 |811291 | 165.0 |    73M |  53 |1315 |3961 |2778 |  12k|  0 |3586 |  32 | 0.000000e+00 |      --      |    Inf |  87.24%
  107s|  5000 |   208 |826845 | 164.8 |    73M |  53 |1315 |3929 |2662 |  12k|  2 |3652 |  32 | 0.000000e+00 |      --      |    Inf |  87.26%
  110s|  5100 |   208 |852496 | 166.6 |    73M |  53 |1315 |3910 |2701 |  13k|  2 |3718 |  32 | 0.000000e+00 |      --      |    Inf |  87.50%
  113s|  5200 |   218 |876964 | 168.1 |    74M |  53 |1315 |3808 |2799 |  13k|  1 |3771 |  32 | 0.000000e+00 |      --      |    Inf |  87.65%
  115s|  5300 |   221 |896900 | 168.7 |    74M |  53 |1315 |3872 |2848 |  13k|  1 |3846 |  32 | 0.000000e+00 |      --      |    Inf |  87.65%
  117s|  5400 |   224 |919501 | 169.7 |    74M |  53 |1315 |3801 |2767 |  14k|  2 |3916 |  32 | 0.000000e+00 |      --      |    Inf |  87.68%
  120s|  5500 |   244 |939118 | 170.2 |    74M |  53 |1315 |3787 |2800 |  14k|  2 |3960 |  32 | 0.000000e+00 |      --      |    Inf |  87.84%
  121s|  5600 |   245 |955090 | 170.0 |    75M |  53 |1315 |3846 |2671 |  14k|  1 |4022 |  32 | 0.000000e+00 |      --      |    Inf |  87.84%
  123s|  5700 |   243 |970609 | 169.8 |    75M |  53 |1315 |3922 |2694 |  15k|  0 |4098 |  32 | 0.000000e+00 |      --      |    Inf |  87.84%
  124s|  5800 |   242 |985980 | 169.5 |    76M |  53 |1315 |3917 |2646 |  15k|  2 |4172 |  32 | 0.000000e+00 |      --      |    Inf |  87.87%
  126s|  5900 |   240 |  1001k| 169.3 |    76M |  53 |1315 |3965 |2687 |  15k|  0 |4249 |  32 | 0.000000e+00 |      --      |    Inf |  87.89%
  128s|  6000 |   235 |  1021k| 169.8 |    76M |  53 |1315 |3952 |2828 |  15k|  1 |4302 |  32 | 0.000000e+00 |      --      |    Inf |  87.93%
  131s|  6100 |   251 |  1045k| 170.9 |    76M |  53 |1315 |3991 |2681 |  16k|  2 |4358 |  32 | 0.000000e+00 |      --      |    Inf |  88.71%
  134s|  6200 |   252 |  1076k| 173.2 |    78M |  53 |1315 |3976 |   0 |  16k|  0 |4425 |  32 | 0.000000e+00 |      --      |    Inf |  88.75%
 time | node  | left  |LP iter|LP it/n|mem/heur|mdpt |vars |cons |rows |cuts |sepa|confs|strbr|  dualbound   | primalbound  |  gap   | compl. 
  137s|  6300 |   258 |  1101k| 174.3 |    78M |  53 |1315 |4005 |2687 |  16k|  1 |4479 |  32 | 0.000000e+00 |      --      |    Inf |  88.79%
  139s|  6400 |   256 |  1126k| 175.6 |    78M |  53 |1315 |3996 |2699 |  17k|  1 |4544 |  32 | 0.000000e+00 |      --      |    Inf |  88.96%
  141s|  6500 |   254 |  1147k| 176.0 |    78M |  53 |1315 |4003 |2656 |  17k|  2 |4603 |  32 | 0.000000e+00 |      --      |    Inf |  89.37%
  144s|  6600 |   259 |  1172k| 177.3 |    78M |  53 |1315 |4030 |2672 |  17k|  2 |4669 |  32 | 0.000000e+00 |      --      |    Inf |  89.42%
  147s|  6700 |   278 |  1195k| 178.0 |    78M |  53 |1315 |3988 |2761 |  18k|  2 |4724 |  32 | 0.000000e+00 |      --      |    Inf |  89.42%
  149s|  6800 |   278 |  1217k| 178.6 |    78M |  53 |1315 |3985 |2888 |  18k|  0 |4779 |  32 | 0.000000e+00 |      --      |    Inf |  89.49%
  151s|  6900 |   271 |  1242k| 179.6 |    78M |  53 |1315 |3964 |2787 |  19k|  0 |4838 |  32 | 0.000000e+00 |      --      |    Inf |  89.70%
  154s|  7000 |   270 |  1263k| 180.1 |    79M |  53 |1315 |3985 |2711 |  19k|  2 |4893 |  32 | 0.000000e+00 |      --      |    Inf |  89.81%
  156s|  7100 |   264 |  1280k| 179.9 |    79M |  53 |1315 |3980 |2729 |  19k|  0 |4969 |  32 | 0.000000e+00 |      --      |    Inf |  90.00%
  158s|  7200 |   266 |  1297k| 179.9 |    79M |  53 |1315 |3944 |2798 |  19k|  2 |5025 |  32 | 0.000000e+00 |      --      |    Inf |  90.11%
  159s|  7300 |   262 |  1315k| 179.8 |    79M |  53 |1315 |3992 |2750 |  19k|  0 |5107 |  32 | 0.000000e+00 |      --      |    Inf |  90.12%
  161s|  7400 |   265 |  1335k| 180.1 |    79M |  53 |1315 |3921 |2700 |  20k|  0 |5152 |  32 | 0.000000e+00 |      --      |    Inf |  90.17%
  163s|  7500 |   265 |  1350k| 179.7 |    79M |  53 |1315 |3977 |2717 |  20k|  0 |5227 |  32 | 0.000000e+00 |      --      |    Inf |  90.26%
  165s|  7600 |   271 |  1369k| 179.9 |    79M |  53 |1315 |4016 |2635 |  20k|  0 |5295 |  32 | 0.000000e+00 |      --      |    Inf |  90.39%
  167s|  7700 |   281 |  1390k| 180.3 |    79M |  53 |1315 |4018 |2835 |  20k|  0 |5332 |  32 | 0.000000e+00 |      --      |    Inf |  90.40%
 time | node  | left  |LP iter|LP it/n|mem/heur|mdpt |vars |cons |rows |cuts |sepa|confs|strbr|  dualbound   | primalbound  |  gap   | compl. 
  169s|  7800 |   287 |  1411k| 180.6 |    79M |  53 |1315 |4055 |2831 |  21k|  2 |5369 |  32 | 0.000000e+00 |      --      |    Inf |  90.40%
  171s|  7900 |   280 |  1430k| 180.7 |    79M |  53 |1315 |4060 |2588 |  21k|  2 |5410 |  32 | 0.000000e+00 |      --      |    Inf |  90.43%
  173s|  8000 |   290 |  1445k| 180.4 |    79M |  53 |1315 |4073 |2639 |  21k|  2 |5455 |  32 | 0.000000e+00 |      --      |    Inf |  90.61%
  175s|  8100 |   284 |  1464k| 180.5 |    79M |  53 |1315 |4125 |2661 |  21k|  0 |5524 |  32 | 0.000000e+00 |      --      |    Inf |  90.71%
  176s|  8200 |   284 |  1481k| 180.4 |    79M |  53 |1315 |4149 |2705 |  21k|  0 |5588 |  32 | 0.000000e+00 |      --      |    Inf |  90.77%
  178s|  8300 |   292 |  1499k| 180.4 |    79M |  53 |1315 |4100 |2699 |  22k|  0 |5648 |  32 | 0.000000e+00 |      --      |    Inf |  90.81%
  180s|  8400 |   294 |  1517k| 180.3 |    79M |  53 |1315 |4092 |2780 |  22k|  0 |5703 |  32 | 0.000000e+00 |      --      |    Inf |  90.83%
  182s|  8500 |   296 |  1540k| 180.9 |    79M |  53 |1315 |4149 |2706 |  22k|  0 |5772 |  32 | 0.000000e+00 |      --      |    Inf |  90.85%
  184s|  8600 |   292 |  1560k| 181.1 |    79M |  53 |1315 |4212 |2854 |  23k|  0 |5850 |  32 | 0.000000e+00 |      --      |    Inf |  90.85%
  186s|  8700 |   302 |  1582k| 181.6 |    79M |  53 |1315 |4180 |2662 |  23k|  0 |5903 |  32 | 0.000000e+00 |      --      |    Inf |  90.87%
  189s|  8800 |   316 |  1606k| 182.2 |    79M |  53 |1315 |4201 |2819 |  23k|  1 |5956 |  32 | 0.000000e+00 |      --      |    Inf |  90.89%
  191s|  8900 |   314 |  1628k| 182.7 |    79M |  53 |1315 |4208 |2951 |  23k|  2 |6018 |  32 | 0.000000e+00 |      --      |    Inf |  90.95%
  194s|  9000 |   311 |  1654k| 183.6 |    80M |  53 |1315 |4247 |2703 |  24k|  0 |6084 |  32 | 0.000000e+00 |      --      |    Inf |  91.18%
  197s|  9100 |   311 |  1678k| 184.1 |    80M |  53 |1315 |4245 |2727 |  24k|  2 |6142 |  32 | 0.000000e+00 |      --      |    Inf |  91.19%
  199s|  9200 |   316 |  1700k| 184.6 |    80M |  53 |1315 |4250 |2813 |  25k|  1 |6202 |  32 | 0.000000e+00 |      --      |    Inf |  91.20%
 time | node  | left  |LP iter|LP it/n|mem/heur|mdpt |vars |cons |rows |cuts |sepa|confs|strbr|  dualbound   | primalbound  |  gap   | compl. 
  201s|  9300 |   316 |  1716k| 184.3 |    80M |  53 |1315 |4335 |2844 |  25k|  1 |6290 |  32 | 0.000000e+00 |      --      |    Inf |  91.20%
  203s|  9400 |   326 |  1737k| 184.6 |    80M |  53 |1315 |4361 |2718 |  25k|  1 |6362 |  32 | 0.000000e+00 |      --      |    Inf |  91.20%
  205s|  9500 |   326 |  1759k| 184.9 |    80M |  53 |1315 |4414 |2740 |  25k|  0 |6429 |  32 | 0.000000e+00 |      --      |    Inf |  91.21%
  207s|  9600 |   328 |  1780k| 185.2 |    80M |  53 |1315 |4431 |2703 |  26k|  1 |6499 |  32 | 0.000000e+00 |      --      |    Inf |  91.21%
  209s|  9700 |   334 |  1798k| 185.2 |    80M |  53 |1315 |4461 |2645 |  26k|  2 |6563 |  32 | 0.000000e+00 |      --      |    Inf |  91.34%
  211s|  9800 |   330 |  1815k| 185.0 |    80M |  53 |1315 |4497 |2749 |  26k|  0 |6631 |  32 | 0.000000e+00 |      --      |    Inf |  91.37%
  213s|  9900 |   330 |  1833k| 184.9 |    80M |  53 |1315 |4565 |2787 |  26k|  1 |6710 |  32 | 0.000000e+00 |      --      |    Inf |  91.37%
  215s| 10000 |   338 |  1854k| 185.2 |    80M |  53 |1315 |4493 |2710 |  27k|  0 |6763 |  32 | 0.000000e+00 |      --      |    Inf |  91.38%
  217s| 10100 |   338 |  1873k| 185.2 |    80M |  53 |1315 |4526 |2837 |  27k|  1 |6825 |  32 | 0.000000e+00 |      --      |    Inf |  91.40%
  219s| 10200 |   335 |  1893k| 185.4 |    80M |  53 |1315 |4505 |2761 |  27k|  0 |6886 |  32 | 0.000000e+00 |      --      |    Inf |  91.47%
  221s| 10300 |   341 |  1914k| 185.6 |    80M |  53 |1315 |4546 |2725 |  27k|  1 |6949 |  32 | 0.000000e+00 |      --      |    Inf |  91.57%
  224s| 10400 |   339 |  1940k| 186.3 |    80M |  53 |1315 |4519 |2838 |  28k|  0 |7018 |  32 | 0.000000e+00 |      --      |    Inf |  91.58%
  226s| 10500 |   345 |  1960k| 186.5 |    80M |  53 |1315 |4518 |2729 |  28k|  0 |7080 |  32 | 0.000000e+00 |      --      |    Inf |  91.71%
  228s| 10600 |   343 |  1981k| 186.7 |    80M |  53 |1315 |4524 |2651 |  28k|  0 |7158 |  32 | 0.000000e+00 |      --      |    Inf |  91.73%
  230s| 10700 |   344 |  2004k| 187.1 |    80M |  53 |1315 |4531 |2663 |  29k|  0 |7218 |  32 | 0.000000e+00 |      --      |    Inf |  91.82%
 time | node  | left  |LP iter|LP it/n|mem/heur|mdpt |vars |cons |rows |cuts |sepa|confs|strbr|  dualbound   | primalbound  |  gap   | compl. 
  232s| 10800 |   348 |  2024k| 187.2 |    80M |  53 |1315 |4550 |2823 |  29k|  0 |7278 |  32 | 0.000000e+00 |      --      |    Inf |  91.82%
  234s| 10900 |   351 |  2044k| 187.3 |    80M |  53 |1315 |4556 |2829 |  29k|  0 |7344 |  32 | 0.000000e+00 |      --      |    Inf |  91.83%
  237s| 11000 |   349 |  2069k| 187.9 |    80M |  53 |1315 |4545 |2672 |  29k|  2 |7421 |  32 | 0.000000e+00 |      --      |    Inf |  91.86%
  239s| 11100 |   352 |  2092k| 188.2 |    81M |  53 |1315 |4557 |2628 |  30k|  0 |7489 |  32 | 0.000000e+00 |      --      |    Inf |  91.86%
  241s| 11200 |   356 |  2108k| 188.0 |    81M |  53 |1315 |4589 |2790 |  30k|  1 |7552 |  32 | 0.000000e+00 |      --      |    Inf |  91.89%
  243s| 11300 |   362 |  2126k| 187.9 |    81M |  53 |1315 |4583 |2729 |  30k|  1 |7621 |  32 | 0.000000e+00 |      --      |    Inf |  91.90%
  244s| 11400 |   361 |  2143k| 187.8 |    81M |  53 |1315 |4642 |2749 |  30k|  1 |7704 |  32 | 0.000000e+00 |      --      |    Inf |  91.90%
  245s| 11500 |   358 |  2152k| 186.9 |    81M |  53 |1315 |4745 |2751 |  30k|  0 |7807 |  32 | 0.000000e+00 |      --      |    Inf |  91.90%
  247s| 11600 |   366 |  2166k| 186.5 |    81M |  53 |1315 |4651 |2686 |  31k|  0 |7870 |  32 | 0.000000e+00 |      --      |    Inf |  91.90%
  248s| 11700 |   366 |  2178k| 186.0 |    81M |  53 |1315 |4744 |2733 |  31k|  1 |7981 |  32 | 0.000000e+00 |      --      |    Inf |  91.90%
  249s| 11800 |   359 |  2189k| 185.3 |    81M |  53 |1315 |4838 |2685 |  31k|  0 |8082 |  32 | 0.000000e+00 |      --      |    Inf |  91.90%
  251s| 11900 |   379 |  2201k| 184.8 |    81M |  53 |1315 |4839 |2721 |  31k|  1 |8132 |  32 | 0.000000e+00 |      --      |    Inf |  91.90%
  252s| 12000 |   357 |  2208k| 183.8 |    81M |  53 |1315 |4817 |2771 |  31k|  1 |8218 |  32 | 0.000000e+00 |      --      |    Inf |  92.10%
  253s| 12100 |   365 |  2217k| 183.0 |    81M |  53 |1315 |4667 |2805 |  31k|  1 |8282 |  32 | 0.000000e+00 |      --      |    Inf |  92.11%
  254s| 12200 |   379 |  2224k| 182.1 |    83M |  53 |1315 |4715 |2836 |  31k|  0 |8345 |  32 | 0.000000e+00 |      --      |    Inf |  92.11%
 time | node  | left  |LP iter|LP it/n|mem/heur|mdpt |vars |cons |rows |cuts |sepa|confs|strbr|  dualbound   | primalbound  |  gap   | compl. 
  255s| 12300 |   364 |  2232k| 181.3 |    84M |  53 |1315 |4758 |2802 |  32k|  0 |8433 |  32 | 0.000000e+00 |      --      |    Inf |  92.12%
  257s| 12400 |   368 |  2243k| 180.7 |    84M |  53 |1315 |4740 |2791 |  32k|  0 |8493 |  32 | 0.000000e+00 |      --      |    Inf |  92.13%
  258s| 12500 |   366 |  2253k| 180.1 |    84M |  53 |1315 |4611 |2695 |  32k|  0 |8561 |  32 | 0.000000e+00 |      --      |    Inf |  92.14%
  259s| 12600 |   368 |  2265k| 179.6 |    84M |  53 |1315 |4602 |2683 |  32k|  1 |8620 |  32 | 0.000000e+00 |      --      |    Inf |  92.15%
  261s| 12700 |   364 |  2279k| 179.3 |    84M |  53 |1315 |4444 |2813 |  32k|  0 |8685 |  32 | 0.000000e+00 |      --      |    Inf |  92.23%
  262s| 12800 |   358 |  2289k| 178.6 |    84M |  53 |1315 |4394 |2655 |  32k|  0 |8767 |  32 | 0.000000e+00 |      --      |    Inf |  92.25%
  264s| 12900 |   367 |  2302k| 178.3 |    85M |  53 |1315 |4232 |2683 |  33k|  1 |8821 |  32 | 0.000000e+00 |      --      |    Inf |  92.34%
  265s| 13000 |   363 |  2313k| 177.8 |    85M |  53 |1315 |4178 |2690 |  33k|  1 |8890 |  32 | 0.000000e+00 |      --      |    Inf |  92.39%
  266s| 13100 |   368 |  2324k| 177.3 |    85M |  53 |1315 |4028 |2644 |  33k|  1 |8935 |  32 | 0.000000e+00 |      --      |    Inf |  92.46%
  268s| 13200 |   362 |  2338k| 177.0 |    85M |  53 |1315 |3911 |2686 |  33k|  1 |8994 |  32 | 0.000000e+00 |      --      |    Inf |  92.48%
  269s| 13300 |   366 |  2350k| 176.5 |    85M |  53 |1315 |3847 |2695 |  34k|  1 |9044 |  32 | 0.000000e+00 |      --      |    Inf |  92.49%
  270s| 13400 |   380 |  2359k| 175.9 |    85M |  53 |1315 |3810 |2802 |  34k|  0 |9100 |  32 | 0.000000e+00 |      --      |    Inf |  92.49%
  272s| 13500 |   366 |  2369k| 175.3 |    85M |  53 |1315 |3788 |2849 |  34k|  1 |9166 |  32 | 0.000000e+00 |      --      |    Inf |  92.51%
  273s| 13600 |   370 |  2381k| 174.9 |    85M |  53 |1315 |3713 |2679 |  34k|  1 |9226 |  32 | 0.000000e+00 |      --      |    Inf |  92.53%
  274s| 13700 |   364 |  2387k| 174.1 |    85M |  53 |1315 |3774 |3047 |  34k|  0 |9305 |  32 | 0.000000e+00 |      --      |    Inf |  92.54%
 time | node  | left  |LP iter|LP it/n|mem/heur|mdpt |vars |cons |rows |cuts |sepa|confs|strbr|  dualbound   | primalbound  |  gap   | compl. 
  275s| 13800 |   376 |  2395k| 173.4 |    85M |  53 |1315 |3720 |2705 |  34k|  1 |9366 |  32 | 0.000000e+00 |      --      |    Inf |  92.54%
  276s| 13900 |   366 |  2400k| 172.5 |    86M |  53 |1315 |3778 |2690 |  34k|  0 |9444 |  32 | 0.000000e+00 |      --      |    Inf |  92.54%
  276s| 14000 |   366 |  2406k| 171.7 |    86M |  53 |1315 |3871 |2707 |  35k|  0 |9538 |  32 | 0.000000e+00 |      --      |    Inf |  92.54%
  277s| 14100 |   366 |  2413k| 171.0 |    86M |  53 |1315 |3949 |2677 |  35k|  0 |9618 |  32 | 0.000000e+00 |      --      |    Inf |  92.54%
  278s| 14200 |   363 |  2420k| 170.2 |    86M |  53 |1315 |3869 |2867 |  35k|  1 |9683 |  32 | 0.000000e+00 |      --      |    Inf |  92.54%
  279s| 14300 |   365 |  2430k| 169.8 |    86M |  53 |1315 |3763 |2721 |  35k|  2 |9743 |  32 | 0.000000e+00 |      --      |    Inf |  92.56%
  281s| 14400 |   369 |  2440k| 169.3 |    86M |  53 |1315 |3738 |2893 |  35k|  0 |9815 |  32 | 0.000000e+00 |      --      |    Inf |  92.56%
  282s| 14500 |   365 |  2449k| 168.7 |    86M |  53 |1315 |3712 |2876 |  35k|  2 |9882 |  32 | 0.000000e+00 |      --      |    Inf |  92.57%
  283s| 14600 |   373 |  2456k| 168.1 |    86M |  53 |1315 |3750 |2819 |  35k|  1 |9950 |  32 | 0.000000e+00 |      --      |    Inf |  92.57%
  284s| 14700 |   369 |  2464k| 167.5 |    86M |  53 |1315 |3729 |2695 |  36k|  2 |  10k|  32 | 0.000000e+00 |      --      |    Inf |  92.58%
  285s| 14800 |   371 |  2475k| 167.1 |    86M |  53 |1315 |3756 |2657 |  36k|  2 |  10k|  32 | 0.000000e+00 |      --      |    Inf |  92.58%
  286s| 14900 |   368 |  2486k| 166.7 |    86M |  53 |1315 |3682 |2686 |  36k|  2 |  10k|  32 | 0.000000e+00 |      --      |    Inf |  92.67%
  288s| 15000 |   374 |  2502k| 166.6 |    86M |  53 |1315 |3749 |2697 |  36k|  1 |  10k|  32 | 0.000000e+00 |      --      |    Inf |  92.69%
  290s| 15100 |   376 |  2519k| 166.6 |    86M |  53 |1315 |3838 |2721 |  36k|  2 |  10k|  32 | 0.000000e+00 |      --      |    Inf |  92.69%
  291s| 15200 |   376 |  2534k| 166.6 |    86M |  53 |1315 |3905 |2731 |  37k|  0 |  10k|  32 | 0.000000e+00 |      --      |    Inf |  92.70%
 time | node  | left  |LP iter|LP it/n|mem/heur|mdpt |vars |cons |rows |cuts |sepa|confs|strbr|  dualbound   | primalbound  |  gap   | compl. 
  293s| 15300 |   378 |  2548k| 166.4 |    86M |  53 |1315 |3992 |2698 |  37k|  0 |  10k|  32 | 0.000000e+00 |      --      |    Inf |  92.70%
  295s| 15400 |   382 |  2563k| 166.3 |    86M |  53 |1315 |4079 |2715 |  37k|  2 |  10k|  32 | 0.000000e+00 |      --      |    Inf |  92.71%
  297s| 15500 |   372 |  2576k| 166.1 |    86M |  53 |1315 |4139 |2706 |  37k|  1 |  10k|  32 | 0.000000e+00 |      --      |    Inf |  92.71%
  298s| 15600 |   373 |  2589k| 165.8 |    87M |  53 |1315 |4136 |2840 |  38k|  0 |  10k|  32 | 0.000000e+00 |      --      |    Inf |  92.71%
  300s| 15700 |   381 |  2598k| 165.3 |    88M |  53 |1315 |4185 |2853 |  38k|  1 |  10k|  32 | 0.000000e+00 |      --      |    Inf |  92.72%
  301s| 15800 |   373 |  2609k| 165.0 |    88M |  53 |1315 |4187 |2851 |  38k|  0 |  10k|  32 | 0.000000e+00 |      --      |    Inf |  92.72%
  302s| 15900 |   372 |  2620k| 164.6 |    88M |  53 |1315 |4229 |2720 |  38k|  1 |  10k|  32 | 0.000000e+00 |      --      |    Inf |  92.72%
  303s| 16000 |   377 |  2627k| 164.1 |    88M |  53 |1315 |4293 |2743 |  38k|  1 |  10k|  32 | 0.000000e+00 |      --      |    Inf |  92.72%
  304s| 16100 |   372 |  2635k| 163.5 |    88M |  53 |1315 |4348 |   0 |  38k|  0 |  11k|  32 | 0.000000e+00 |      --      |    Inf |  92.73%
  305s| 16200 |   375 |  2640k| 162.8 |    88M |  53 |1315 |4405 |2899 |  38k|  1 |  11k|  32 | 0.000000e+00 |      --      |    Inf |  92.73%
  306s| 16300 |   369 |  2648k| 162.3 |    88M |  53 |1315 |4475 |2719 |  38k|  0 |  11k|  32 | 0.000000e+00 |      --      |    Inf |  92.73%
  307s| 16400 |   365 |  2657k| 161.9 |    88M |  53 |1315 |4469 |2731 |  39k|  1 |  11k|  32 | 0.000000e+00 |      --      |    Inf |  92.75%
  308s| 16500 |   375 |  2666k| 161.5 |    88M |  53 |1315 |4461 |2720 |  39k|  1 |  11k|  32 | 0.000000e+00 |      --      |    Inf |  92.75%
  309s| 16600 |   375 |  2672k| 160.8 |    88M |  53 |1315 |4557 |2732 |  39k|  1 |  11k|  32 | 0.000000e+00 |      --      |    Inf |  92.75%
  309s| 16700 |   375 |  2679k| 160.3 |    89M |  53 |1315 |4640 |2722 |  39k|  0 |  11k|  32 | 0.000000e+00 |      --      |    Inf |  92.75%
 time | node  | left  |LP iter|LP it/n|mem/heur|mdpt |vars |cons |rows |cuts |sepa|confs|strbr|  dualbound   | primalbound  |  gap   | compl. 
  311s| 16800 |   365 |  2690k| 160.0 |    89M |  53 |1315 |4689 |2831 |  39k|  0 |  11k|  32 | 0.000000e+00 |      --      |    Inf |  92.76%
  312s| 16900 |   369 |  2698k| 159.5 |    89M |  53 |1315 |4747 |2687 |  39k|  1 |  11k|  32 | 0.000000e+00 |      --      |    Inf |  92.76%
  313s| 17000 |   359 |  2709k| 159.2 |    89M |  53 |1315 |4779 |2746 |  39k|  0 |  11k|  32 | 0.000000e+00 |      --      |    Inf |  92.78%
  314s| 17100 |   364 |  2723k| 159.1 |    89M |  53 |1315 |4640 |2770 |  39k|  0 |  11k|  32 | 0.000000e+00 |      --      |    Inf |  92.79%
  316s| 17200 |   360 |  2735k| 158.8 |    89M |  53 |1315 |4558 |2935 |  39k|  0 |  11k|  32 | 0.000000e+00 |      --      |    Inf |  92.80%
  317s| 17300 |   354 |  2748k| 158.7 |    89M |  53 |1315 |4432 |2820 |  40k|  2 |  11k|  32 | 0.000000e+00 |      --      |    Inf |  93.02%
  319s| 17400 |   352 |  2760k| 158.5 |    89M |  53 |1315 |4354 |2686 |  40k|  0 |  11k|  32 | 0.000000e+00 |      --      |    Inf |  93.04%
  320s| 17500 |   359 |  2770k| 158.2 |    89M |  53 |1315 |4306 |2807 |  40k|  1 |  12k|  32 | 0.000000e+00 |      --      |    Inf |  93.07%
  321s| 17600 |   351 |  2782k| 157.9 |    89M |  53 |1315 |4314 |2756 |  40k|  0 |  12k|  32 | 0.000000e+00 |      --      |    Inf |  93.19%
  323s| 17700 |   359 |  2794k| 157.7 |    89M |  53 |1315 |4185 |2776 |  40k|  0 |  12k|  32 | 0.000000e+00 |      --      |    Inf |  93.34%
  324s| 17800 |   361 |  2806k| 157.5 |    89M |  53 |1315 |4222 |2890 |  40k|  1 |  12k|  32 | 0.000000e+00 |      --      |    Inf |  93.35%
  325s| 17900 |   353 |  2818k| 157.3 |    89M |  53 |1315 |4142 |2741 |  40k|  1 |  12k|  32 | 0.000000e+00 |      --      |    Inf |  93.37%
  327s| 18000 |   351 |  2830k| 157.1 |    89M |  53 |1315 |4103 |2794 |  40k|  0 |  12k|  32 | 0.000000e+00 |      --      |    Inf |  93.40%
  328s| 18100 |   349 |  2840k| 156.8 |    89M |  53 |1315 |4120 |3121 |  41k|  0 |  12k|  32 | 0.000000e+00 |      --      |    Inf |  93.40%
  329s| 18200 |   345 |  2853k| 156.6 |    89M |  53 |1315 |4036 |2660 |  41k|  0 |  12k|  32 | 0.000000e+00 |      --      |    Inf |  93.41%
 time | node  | left  |LP iter|LP it/n|mem/heur|mdpt |vars |cons |rows |cuts |sepa|confs|strbr|  dualbound   | primalbound  |  gap   | compl. 
  331s| 18300 |   335 |  2867k| 156.6 |    89M |  53 |1315 |3974 |2935 |  41k|  0 |  12k|  32 | 0.000000e+00 |      --      |    Inf |  93.45%
  332s| 18400 |   331 |  2878k| 156.3 |    89M |  53 |1315 |3973 |2648 |  41k|  0 |  12k|  32 | 0.000000e+00 |      --      |    Inf |  93.48%
  333s| 18500 |   334 |  2886k| 155.9 |    89M |  53 |1315 |3966 |2762 |  41k|  0 |  12k|  32 | 0.000000e+00 |      --      |    Inf |  93.49%
  334s| 18600 |   334 |  2894k| 155.5 |    89M |  53 |1315 |4030 |2758 |  41k|  1 |  12k|  32 | 0.000000e+00 |      --      |    Inf |  93.49%
  335s| 18700 |   334 |  2904k| 155.2 |    89M |  53 |1315 |4006 |2655 |  41k|  2 |  12k|  32 | 0.000000e+00 |      --      |    Inf |  93.49%
  337s| 18800 |   333 |  2918k| 155.1 |    89M |  53 |1315 |4021 |2663 |  42k|  0 |  12k|  32 | 0.000000e+00 |      --      |    Inf |  93.51%
  338s| 18900 |   334 |  2930k| 154.9 |    89M |  53 |1315 |3998 |2675 |  42k|  0 |  12k|  32 | 0.000000e+00 |      --      |    Inf |  93.52%
  339s| 19000 |   340 |  2941k| 154.7 |    89M |  53 |1315 |4045 |2698 |  42k|  1 |  13k|  32 | 0.000000e+00 |      --      |    Inf |  93.52%
  341s| 19100 |   338 |  2956k| 154.6 |    89M |  53 |1315 |4057 |2937 |  42k|  2 |  13k|  32 | 0.000000e+00 |      --      |    Inf |  93.53%
  342s| 19200 |   334 |  2969k| 154.5 |    89M |  53 |1315 |4083 |2668 |  42k|  1 |  13k|  32 | 0.000000e+00 |      --      |    Inf |  93.54%
  344s| 19300 |   338 |  2981k| 154.4 |    89M |  53 |1315 |4161 |2824 |  42k|  1 |  13k|  32 | 0.000000e+00 |      --      |    Inf |  93.54%
  346s| 19400 |   336 |  2994k| 154.2 |    89M |  53 |1315 |4215 |2716 |  43k|  1 |  13k|  32 | 0.000000e+00 |      --      |    Inf |  93.55%
  347s| 19500 |   333 |  3003k| 153.9 |    89M |  53 |1315 |4213 |2661 |  43k|  0 |  13k|  32 | 0.000000e+00 |      --      |    Inf |  93.55%
  348s| 19600 |   337 |  3010k| 153.4 |    89M |  53 |1315 |4258 |2671 |  43k|  0 |  13k|  32 | 0.000000e+00 |      --      |    Inf |  93.60%
  349s| 19700 |   336 |  3019k| 153.1 |    89M |  53 |1315 |4328 |2742 |  43k|  0 |  13k|  32 | 0.000000e+00 |      --      |    Inf |  93.60%
 time | node  | left  |LP iter|LP it/n|mem/heur|mdpt |vars |cons |rows |cuts |sepa|confs|strbr|  dualbound   | primalbound  |  gap   | compl. 
  350s| 19800 |   336 |  3026k| 152.7 |    89M |  53 |1315 |4384 |2878 |  43k|  0 |  13k|  32 | 0.000000e+00 |      --      |    Inf |  93.60%
  351s| 19900 |   330 |  3038k| 152.5 |    89M |  53 |1315 |4369 |2718 |  43k|  1 |  13k|  32 | 0.000000e+00 |      --      |    Inf |  93.60%
  353s| 20000 |   325 |  3049k| 152.3 |    89M |  53 |1315 |4370 |2794 |  43k|  0 |  13k|  32 | 0.000000e+00 |      --      |    Inf |  93.62%
  354s| 20100 |   321 |  3060k| 152.1 |    89M |  53 |1315 |4373 |2709 |  43k|  0 |  13k|  32 | 0.000000e+00 |      --      |    Inf |  93.63%
  356s| 20200 |   319 |  3073k| 152.0 |    90M |  53 |1315 |4307 |2842 |  44k|  1 |  13k|  32 | 0.000000e+00 |      --      |    Inf |  93.67%
  357s| 20300 |   320 |  3082k| 151.7 |    90M |  53 |1315 |4320 |2668 |  44k|  0 |  13k|  32 | 0.000000e+00 |      --      |    Inf |  93.68%
  358s| 20400 |   315 |  3094k| 151.6 |    90M |  53 |1315 |4219 |2798 |  44k|  1 |  14k|  32 | 0.000000e+00 |      --      |    Inf |  93.69%
  359s| 20500 |   311 |  3105k| 151.4 |    90M |  53 |1315 |4208 |2720 |  44k|  1 |  14k|  32 | 0.000000e+00 |      --      |    Inf |  93.69%
  361s| 20600 |   313 |  3116k| 151.1 |    90M |  53 |1315 |4250 |2894 |  44k|  1 |  14k|  32 | 0.000000e+00 |      --      |    Inf |  93.70%
  362s| 20700 |   309 |  3128k| 151.0 |    90M |  53 |1315 |4205 |2690 |  44k|  0 |  14k|  32 | 0.000000e+00 |      --      |    Inf |  93.76%
  363s| 20800 |   317 |  3138k| 150.8 |    90M |  53 |1315 |4231 |2927 |  44k|  2 |  14k|  32 | 0.000000e+00 |      --      |    Inf |  93.77%
  365s| 20900 |   317 |  3149k| 150.5 |    90M |  53 |1315 |4275 |2677 |  44k|  1 |  14k|  32 | 0.000000e+00 |      --      |    Inf |  93.77%
  366s| 21000 |   311 |  3161k| 150.4 |    90M |  53 |1315 |4292 |2796 |  45k|  1 |  14k|  32 | 0.000000e+00 |      --      |    Inf |  93.77%
  367s| 21100 |   304 |  3173k| 150.3 |    90M |  53 |1315 |4240 |2882 |  45k|  0 |  14k|  32 | 0.000000e+00 |      --      |    Inf |  94.56%
  368s| 21200 |   306 |  3185k| 150.1 |    90M |  53 |1315 |4217 |3023 |  45k|  1 |  14k|  32 | 0.000000e+00 |      --      |    Inf |  94.57%
 time | node  | left  |LP iter|LP it/n|mem/heur|mdpt |vars |cons |rows |cuts |sepa|confs|strbr|  dualbound   | primalbound  |  gap   | compl. 
  370s| 21300 |   304 |  3197k| 150.0 |    90M |  53 |1315 |4204 |2722 |  45k|  1 |  14k|  32 | 0.000000e+00 |      --      |    Inf |  94.58%
  371s| 21400 |   305 |  3209k| 149.8 |    90M |  53 |1315 |4179 |2819 |  45k|  1 |  14k|  32 | 0.000000e+00 |      --      |    Inf |  94.61%
  372s| 21500 |   307 |  3219k| 149.6 |    90M |  53 |1315 |4193 |3069 |  45k|  1 |  14k|  32 | 0.000000e+00 |      --      |    Inf |  94.61%
  374s| 21600 |   306 |  3227k| 149.3 |    90M |  53 |1315 |4195 |2893 |  45k|  0 |  14k|  32 | 0.000000e+00 |      --      |    Inf |  94.63%
  376s| 21700 |   304 |  3237k| 149.1 |    90M |  53 |1315 |4207 |2885 |  45k|  0 |  14k|  32 | 0.000000e+00 |      --      |    Inf |  94.63%
  378s| 21800 |   301 |  3245k| 148.8 |    90M |  53 |1315 |4249 |2716 |  45k|  0 |  14k|  32 | 0.000000e+00 |      --      |    Inf |  94.63%
  380s| 21900 |   319 |  3254k| 148.5 |    90M |  53 |1315 |4246 |2682 |  46k|  0 |  14k|  32 | 0.000000e+00 |      --      |    Inf |  94.63%
  381s| 22000 |   317 |  3266k| 148.4 |    90M |  53 |1315 |4315 |2718 |  46k|  0 |  15k|  32 | 0.000000e+00 |      --      |    Inf |  94.63%
  383s| 22100 |   315 |  3281k| 148.3 |    90M |  53 |1315 |4368 |2695 |  46k|  0 |  15k|  32 | 0.000000e+00 |      --      |    Inf |  94.63%
  384s| 22200 |   318 |  3291k| 148.1 |    90M |  53 |1315 |4399 |2666 |  46k|  1 |  15k|  32 | 0.000000e+00 |      --      |    Inf |  94.64%
  386s| 22300 |   319 |  3303k| 148.0 |    90M |  53 |1315 |4380 |2684 |  46k|  1 |  15k|  32 | 0.000000e+00 |      --      |    Inf |  94.75%
  388s| 22400 |   305 |  3316k| 147.9 |    90M |  53 |1315 |4321 |2660 |  47k|  1 |  15k|  32 | 0.000000e+00 |      --      |    Inf |  94.83%
  389s| 22500 |   302 |  3325k| 147.7 |    90M |  53 |1315 |4380 |3033 |  47k|  0 |  15k|  32 | 0.000000e+00 |      --      |    Inf |  94.83%
  390s| 22600 |   298 |  3338k| 147.6 |    90M |  53 |1315 |4384 |2796 |  47k|  0 |  15k|  32 | 0.000000e+00 |      --      |    Inf |  94.84%
  392s| 22700 |   296 |  3351k| 147.5 |    90M |  53 |1315 |4407 |2770 |  47k|  0 |  15k|  32 | 0.000000e+00 |      --      |    Inf |  94.84%
 time | node  | left  |LP iter|LP it/n|mem/heur|mdpt |vars |cons |rows |cuts |sepa|confs|strbr|  dualbound   | primalbound  |  gap   | compl. 
  393s| 22800 |   302 |  3362k| 147.4 |    90M |  53 |1315 |4416 |2875 |  47k|  1 |  15k|  32 | 0.000000e+00 |      --      |    Inf |  94.86%
  395s| 22900 |   295 |  3376k| 147.3 |    90M |  53 |1315 |4402 |2854 |  47k|  1 |  15k|  32 | 0.000000e+00 |      --      |    Inf |  94.91%
  397s| 23000 |   294 |  3390k| 147.3 |    90M |  53 |1315 |4427 |2710 |  48k|  0 |  15k|  32 | 0.000000e+00 |      --      |    Inf |  94.93%
  399s| 23100 |   289 |  3402k| 147.2 |    90M |  53 |1315 |4464 |2682 |  48k|  0 |  15k|  32 | 0.000000e+00 |      --      |    Inf |  94.93%
  401s| 23200 |   287 |  3416k| 147.1 |    90M |  53 |1315 |4540 |2904 |  48k|  0 |  15k|  32 | 0.000000e+00 |      --      |    Inf |  94.93%
  402s| 23300 |   287 |  3430k| 147.1 |    90M |  53 |1315 |4614 |2692 |  48k|  0 |  15k|  32 | 0.000000e+00 |      --      |    Inf |  94.93%
  405s| 23400 |   289 |  3450k| 147.4 |    91M |  53 |1315 |4605 |2761 |  48k|  0 |  16k|  32 | 0.000000e+00 |      --      |    Inf |  95.03%
  410s| 23500 |   285 |  3477k| 147.8 |    91M |  53 |1315 |4630 |2938 |  48k|  1 |  16k|  32 | 0.000000e+00 |      --      |    Inf |  95.04%
  417s| 23600 |   281 |  3510k| 148.6 |    91M |  53 |1315 |4617 |2933 |  49k|  0 |  16k|  32 | 0.000000e+00 |      --      |    Inf |  95.04%
  422s| 23700 |   293 |  3535k| 149.0 |    91M |  53 |1315 |4619 |2756 |  49k|  2 |  16k|  32 | 0.000000e+00 |      --      |    Inf |  95.04%
  427s| 23800 |   289 |  3561k| 149.5 |    91M |  53 |1315 |4617 |2777 |  49k|  0 |  16k|  32 | 0.000000e+00 |      --      |    Inf |  95.06%
  430s| 23900 |   295 |  3588k| 150.0 |    91M |  53 |1315 |4620 |3140 |  50k|  0 |  16k|  32 | 0.000000e+00 |      --      |    Inf |  95.06%
  435s| 24000 |   299 |  3620k| 150.7 |    91M |  53 |1315 |4626 |2792 |  50k|  0 |  16k|  32 | 0.000000e+00 |      --      |    Inf |  95.06%
  440s| 24100 |   301 |  3654k| 151.5 |    91M |  53 |1315 |4668 |2801 |  51k|  2 |  16k|  32 | 0.000000e+00 |      --      |    Inf |  95.06%
  443s| 24200 |   295 |  3668k| 151.5 |    91M |  53 |1315 |4681 |2750 |  51k|  1 |  16k|  32 | 0.000000e+00 |      --      |    Inf |  95.07%
 time | node  | left  |LP iter|LP it/n|mem/heur|mdpt |vars |cons |rows |cuts |sepa|confs|strbr|  dualbound   | primalbound  |  gap   | compl. 
  447s| 24300 |   288 |  3682k| 151.4 |    91M |  53 |1315 |4561 |2885 |  51k|  2 |  16k|  32 | 0.000000e+00 |      --      |    Inf |  95.19%
  448s| 24400 |   289 |  3692k| 151.2 |    91M |  53 |1315 |4559 |2655 |  51k|  1 |  16k|  32 | 0.000000e+00 |      --      |    Inf |  95.21%
  449s| 24500 |   289 |  3705k| 151.1 |    91M |  53 |1315 |4590 |2661 |  52k|  1 |  16k|  32 | 0.000000e+00 |      --      |    Inf |  95.22%
  451s| 24600 |   291 |  3715k| 150.9 |    91M |  53 |1315 |4609 |2746 |  52k|  1 |  16k|  32 | 0.000000e+00 |      --      |    Inf |  95.23%
  452s| 24700 |   284 |  3721k| 150.6 |    92M |  53 |1315 |4676 |2909 |  52k|  0 |  16k|  32 | 0.000000e+00 |      --      |    Inf |  95.23%
  453s| 24800 |   294 |  3731k| 150.4 |    92M |  53 |1315 |4652 |2793 |  52k|  0 |  16k|  32 | 0.000000e+00 |      --      |    Inf |  95.24%
  455s| 24900 |   293 |  3743k| 150.2 |    93M |  53 |1315 |4653 |2847 |  52k|  0 |  16k|  32 | 0.000000e+00 |      --      |    Inf |  95.28%
  456s| 25000 |   291 |  3754k| 150.1 |    93M |  53 |1315 |4640 |2646 |  52k|  1 |  16k|  32 | 0.000000e+00 |      --      |    Inf |  95.29%
  457s| 25100 |   293 |  3764k| 149.8 |    93M |  53 |1315 |4635 |2685 |  52k|  1 |  17k|  32 | 0.000000e+00 |      --      |    Inf |  95.30%
  459s| 25200 |   291 |  3778k| 149.8 |    93M |  53 |1315 |4593 |2915 |  53k|  2 |  17k|  32 | 0.000000e+00 |      --      |    Inf |  95.33%
  460s| 25300 |   298 |  3789k| 149.7 |    93M |  53 |1315 |4602 |2732 |  53k|  1 |  17k|  32 | 0.000000e+00 |      --      |    Inf |  95.34%
  462s| 25400 |   289 |  3802k| 149.6 |    93M |  53 |1315 |4581 |2681 |  53k|  1 |  17k|  32 | 0.000000e+00 |      --      |    Inf |  95.36%
  463s| 25500 |   287 |  3812k| 149.4 |    93M |  53 |1315 |4591 |2775 |  53k|  0 |  17k|  32 | 0.000000e+00 |      --      |    Inf |  95.37%
  464s| 25600 |   287 |  3823k| 149.3 |    94M |  53 |1315 |4493 |2650 |  53k|  0 |  17k|  32 | 0.000000e+00 |      --      |    Inf |  95.55%
  466s| 25700 |   285 |  3838k| 149.2 |    94M |  53 |1315 |4485 |2671 |  53k|  2 |  17k|  32 | 0.000000e+00 |      --      |    Inf |  95.60%
 time | node  | left  |LP iter|LP it/n|mem/heur|mdpt |vars |cons |rows |cuts |sepa|confs|strbr|  dualbound   | primalbound  |  gap   | compl. 
  467s| 25800 |   275 |  3849k| 149.1 |    94M |  53 |1315 |4428 |3107 |  54k|  1 |  17k|  32 | 0.000000e+00 |      --      |    Inf |  95.62%
  468s| 25900 |   275 |  3862k| 149.0 |    94M |  53 |1315 |4396 |2668 |  54k|  2 |  17k|  32 | 0.000000e+00 |      --      |    Inf |  95.69%
  469s| 26000 |   271 |  3868k| 148.7 |    94M |  53 |1315 |4455 |2683 |  54k|  0 |  17k|  32 | 0.000000e+00 |      --      |    Inf |  95.69%
  470s| 26100 |   272 |  3879k| 148.5 |    94M |  53 |1315 |4487 |2882 |  54k|  1 |  17k|  32 | 0.000000e+00 |      --      |    Inf |  95.70%
  472s| 26200 |   264 |  3891k| 148.4 |    94M |  53 |1315 |4483 |2743 |  54k|  2 |  17k|  32 | 0.000000e+00 |      --      |    Inf |  95.72%
  473s| 26300 |   267 |  3903k| 148.3 |    94M |  53 |1315 |4484 |2670 |  54k|  1 |  17k|  32 | 0.000000e+00 |      --      |    Inf |  95.74%
  475s| 26400 |   265 |  3919k| 148.4 |    94M |  53 |1315 |4524 |2678 |  55k|  1 |  17k|  32 | 0.000000e+00 |      --      |    Inf |  95.75%
  476s| 26500 |   272 |  3926k| 148.1 |    94M |  53 |1315 |4542 |3087 |  55k|  1 |  17k|  32 | 0.000000e+00 |      --      |    Inf |  95.76%
  477s| 26600 |   270 |  3940k| 148.0 |    94M |  53 |1315 |4505 |2687 |  55k|  1 |  18k|  32 | 0.000000e+00 |      --      |    Inf |  95.78%
  479s| 26700 |   268 |  3951k| 147.9 |    94M |  53 |1315 |4515 |3104 |  55k|  0 |  18k|  32 | 0.000000e+00 |      --      |    Inf |  95.79%
  480s| 26800 |   270 |  3961k| 147.7 |    94M |  53 |1315 |4496 |3166 |  55k|  2 |  18k|  32 | 0.000000e+00 |      --      |    Inf |  95.80%
  481s| 26900 |   261 |  3969k| 147.5 |    94M |  53 |1315 |4544 |3151 |  55k|  0 |  18k|  32 | 0.000000e+00 |      --      |    Inf |  95.80%
  483s| 27000 |   261 |  3983k| 147.4 |    94M |  53 |1315 |4485 |2777 |  55k|  2 |  18k|  32 | 0.000000e+00 |      --      |    Inf |  95.81%
  485s| 27100 |   259 |  3997k| 147.4 |    95M |  53 |1315 |4451 |2776 |  56k|  2 |  18k|  32 | 0.000000e+00 |      --      |    Inf |  95.86%
  486s| 27200 |   259 |  4007k| 147.2 |    95M |  53 |1315 |4328 |2944 |  56k|  2 |  18k|  32 | 0.000000e+00 |      --      |    Inf |  95.88%
 time | node  | left  |LP iter|LP it/n|mem/heur|mdpt |vars |cons |rows |cuts |sepa|confs|strbr|  dualbound   | primalbound  |  gap   | compl. 
  487s| 27300 |   253 |  4019k| 147.1 |    95M |  53 |1315 |4318 |2687 |  56k|  0 |  18k|  32 | 0.000000e+00 |      --      |    Inf |  95.92%
  489s| 27400 |   248 |  4031k| 147.0 |    95M |  53 |1315 |4305 |2662 |  56k|  0 |  18k|  32 | 0.000000e+00 |      --      |    Inf |  95.97%
  490s| 27500 |   251 |  4039k| 146.8 |    95M |  53 |1315 |4353 |2889 |  57k|  0 |  18k|  32 | 0.000000e+00 |      --      |    Inf |  95.97%
  491s| 27600 |   247 |  4050k| 146.7 |    95M |  53 |1315 |4403 |2819 |  57k|  0 |  18k|  32 | 0.000000e+00 |      --      |    Inf |  95.98%
  493s| 27700 |   235 |  4064k| 146.6 |    95M |  53 |1315 |4400 |2843 |  57k|  0 |  18k|  32 | 0.000000e+00 |      --      |    Inf |  95.98%
  495s| 27800 |   235 |  4075k| 146.5 |    95M |  53 |1315 |4448 |3128 |  57k|  1 |  18k|  32 | 0.000000e+00 |      --      |    Inf |  96.03%
  496s| 27900 |   232 |  4088k| 146.4 |    95M |  53 |1315 |4447 |2631 |  57k|  0 |  18k|  32 | 0.000000e+00 |      --      |    Inf |  96.04%
  498s| 28000 |   228 |  4102k| 146.4 |    95M |  53 |1315 |4475 |2637 |  58k|  0 |  18k|  32 | 0.000000e+00 |      --      |    Inf |  96.05%
  500s| 28100 |   223 |  4116k| 146.4 |    95M |  53 |1315 |4466 |2721 |  58k|  0 |  19k|  32 | 0.000000e+00 |      --      |    Inf |  96.08%
  501s| 28200 |   221 |  4126k| 146.2 |    95M |  53 |1315 |4510 |2663 |  58k|  0 |  19k|  32 | 0.000000e+00 |      --      |    Inf |  96.10%
  502s| 28300 |   220 |  4135k| 146.0 |    95M |  53 |1315 |4539 |2883 |  58k|  1 |  19k|  32 | 0.000000e+00 |      --      |    Inf |  96.10%
  504s| 28400 |   211 |  4149k| 146.0 |    95M |  53 |1315 |4472 |3106 |  58k|  1 |  19k|  32 | 0.000000e+00 |      --      |    Inf |  96.20%
  506s| 28500 |   208 |  4163k| 146.0 |    95M |  53 |1315 |4401 |2690 |  59k|  2 |  19k|  32 | 0.000000e+00 |      --      |    Inf |  96.21%
  507s| 28600 |   202 |  4174k| 145.9 |    95M |  53 |1315 |4369 |2693 |  59k|  0 |  19k|  32 | 0.000000e+00 |      --      |    Inf |  96.23%
  508s| 28700 |   197 |  4187k| 145.8 |    95M |  53 |1315 |4291 |2945 |  59k|  0 |  19k|  32 | 0.000000e+00 |      --      |    Inf |  96.25%
 time | node  | left  |LP iter|LP it/n|mem/heur|mdpt |vars |cons |rows |cuts |sepa|confs|strbr|  dualbound   | primalbound  |  gap   | compl. 
  510s| 28800 |   196 |  4200k| 145.8 |    95M |  53 |1315 |4261 |2707 |  59k|  0 |  19k|  32 | 0.000000e+00 |      --      |    Inf |  96.25%
  511s| 28900 |   192 |  4213k| 145.7 |    95M |  53 |1315 |4192 |2900 |  59k|  1 |  19k|  32 | 0.000000e+00 |      --      |    Inf |  96.27%
  513s| 29000 |   184 |  4225k| 145.6 |    95M |  53 |1315 |4141 |2959 |  60k|  0 |  19k|  32 | 0.000000e+00 |      --      |    Inf |  96.29%
  514s| 29100 |   183 |  4236k| 145.5 |    95M |  53 |1315 |4191 |2955 |  60k|  1 |  19k|  32 | 0.000000e+00 |      --      |    Inf |  96.29%
  516s| 29200 |   175 |  4248k| 145.4 |    95M |  53 |1315 |4134 |2816 |  60k|  1 |  19k|  32 | 0.000000e+00 |      --      |    Inf |  96.30%
  518s| 29300 |   169 |  4265k| 145.5 |    95M |  53 |1315 |4079 |2648 |  60k|  0 |  19k|  32 | 0.000000e+00 |      --      |    Inf |  96.36%
  519s| 29400 |   165 |  4278k| 145.4 |    95M |  53 |1315 |4070 |2920 |  61k|  0 |  19k|  32 | 0.000000e+00 |      --      |    Inf |  96.39%
  521s| 29500 |   169 |  4288k| 145.3 |    95M |  53 |1315 |4068 |2709 |  61k|  1 |  19k|  32 | 0.000000e+00 |      --      |    Inf |  96.39%
  521s| 29600 |   165 |  4295k| 145.0 |    95M |  53 |1315 |4089 |2647 |  61k|  0 |  20k|  32 | 0.000000e+00 |      --      |    Inf |  96.40%
  522s| 29700 |   164 |  4303k| 144.8 |    95M |  53 |1315 |4078 |2761 |  61k|  0 |  20k|  32 | 0.000000e+00 |      --      |    Inf |  96.41%
  523s| 29800 |   169 |  4312k| 144.6 |    95M |  53 |1315 |4132 |2678 |  61k|  2 |  20k|  32 | 0.000000e+00 |      --      |    Inf |  96.42%
  525s| 29900 |   161 |  4325k| 144.6 |    95M |  53 |1315 |4171 |2746 |  62k|  2 |  20k|  32 | 0.000000e+00 |      --      |    Inf |  96.44%
  526s| 30000 |   157 |  4336k| 144.4 |    95M |  53 |1315 |4163 |2962 |  62k|  2 |  20k|  32 | 0.000000e+00 |      --      |    Inf |  96.45%
  528s| 30100 |   161 |  4346k| 144.3 |    95M |  53 |1315 |4174 |2984 |  62k|  0 |  20k|  32 | 0.000000e+00 |      --      |    Inf |  96.45%
  529s| 30200 |   165 |  4354k| 144.1 |    95M |  53 |1315 |4215 |2708 |  62k|  1 |  20k|  32 | 0.000000e+00 |      --      |    Inf |  96.45%
 time | node  | left  |LP iter|LP it/n|mem/heur|mdpt |vars |cons |rows |cuts |sepa|confs|strbr|  dualbound   | primalbound  |  gap   | compl. 
  530s| 30300 |   159 |  4364k| 143.9 |    95M |  53 |1315 |4213 |2966 |  62k|  1 |  20k|  32 | 0.000000e+00 |      --      |    Inf |  96.45%
  532s| 30400 |   157 |  4377k| 143.9 |    95M |  53 |1315 |4220 |2658 |  62k|  0 |  20k|  32 | 0.000000e+00 |      --      |    Inf |  96.54%
  535s| 30500 |   154 |  4392k| 143.9 |    97M |  53 |1315 |4222 |2662 |  63k|  0 |  20k|  32 | 0.000000e+00 |      --      |    Inf |  97.17%
  536s| 30600 |   152 |  4405k| 143.9 |    97M |  53 |1315 |4214 |2747 |  63k|  1 |  20k|  32 | 0.000000e+00 |      --      |    Inf |  97.26%
  537s| 30700 |   149 |  4417k| 143.8 |    97M |  53 |1315 |4289 |2834 |  63k|  1 |  20k|  32 | 0.000000e+00 |      --      |    Inf |  97.27%
  539s| 30800 |   143 |  4429k| 143.7 |    97M |  53 |1315 |4345 |2744 |  63k|  0 |  20k|  32 | 0.000000e+00 |      --      |    Inf |  97.29%
  540s| 30900 |   142 |  4440k| 143.6 |    97M |  53 |1315 |4257 |2672 |  63k|  2 |  20k|  32 | 0.000000e+00 |      --      |    Inf |  97.32%
  542s| 31000 |   142 |  4451k| 143.5 |    97M |  53 |1315 |4231 |2713 |  63k|  0 |  20k|  32 | 0.000000e+00 |      --      |    Inf |  97.34%
  543s| 31100 |   133 |  4463k| 143.4 |    97M |  53 |1315 |4230 |3022 |  63k|  0 |  20k|  32 | 0.000000e+00 |      --      |    Inf |  97.35%
  545s| 31200 |   135 |  4475k| 143.4 |    97M |  53 |1315 |4221 |   0 |  64k|  0 |  21k|  32 | 0.000000e+00 |      --      |    Inf |  97.39%
  546s| 31300 |   141 |  4484k| 143.2 |    97M |  53 |1315 |4271 |2822 |  64k|  1 |  21k|  32 | 0.000000e+00 |      --      |    Inf |  97.41%
  547s| 31400 |   134 |  4495k| 143.1 |    98M |  53 |1315 |4254 |2670 |  64k|  0 |  21k|  32 | 0.000000e+00 |      --      |    Inf |  97.51%
  549s| 31500 |   136 |  4507k| 143.0 |    98M |  53 |1315 |4261 |2817 |  64k|  2 |  21k|  32 | 0.000000e+00 |      --      |    Inf |  97.60%
  550s| 31600 |   133 |  4517k| 142.9 |    98M |  53 |1315 |4280 |2799 |  64k|  0 |  21k|  32 | 0.000000e+00 |      --      |    Inf |  97.62%
  551s| 31700 |   135 |  4527k| 142.7 |    98M |  53 |1315 |4260 |3055 |  65k|  0 |  21k|  32 | 0.000000e+00 |      --      |    Inf |  97.63%
 time | node  | left  |LP iter|LP it/n|mem/heur|mdpt |vars |cons |rows |cuts |sepa|confs|strbr|  dualbound   | primalbound  |  gap   | compl. 
  552s| 31800 |   134 |  4537k| 142.6 |    98M |  53 |1315 |4263 |2910 |  65k|  0 |  21k|  32 | 0.000000e+00 |      --      |    Inf |  97.63%
  554s| 31900 |   130 |  4551k| 142.6 |    99M |  53 |1315 |4231 |2676 |  65k|  2 |  21k|  32 | 0.000000e+00 |      --      |    Inf |  97.83%
  556s| 32000 |   116 |  4565k| 142.6 |    99M |  53 |1315 |4131 |3249 |  65k|  0 |  21k|  32 | 0.000000e+00 |      --      |    Inf |  98.05%
  558s| 32100 |   117 |  4581k| 142.6 |    99M |  53 |1315 |4162 |3147 |  65k|  0 |  21k|  32 | 0.000000e+00 |      --      |    Inf |  98.05%
  559s| 32200 |   116 |  4595k| 142.6 |    99M |  53 |1315 |4171 |2946 |  66k|  1 |  21k|  32 | 0.000000e+00 |      --      |    Inf |  98.05%
  560s| 32300 |   116 |  4601k| 142.4 |    99M |  53 |1315 |4228 |2944 |  66k|  1 |  21k|  32 | 0.000000e+00 |      --      |    Inf |  98.05%
  561s| 32400 |   112 |  4609k| 142.2 |    99M |  53 |1315 |4257 |2713 |  66k|  0 |  21k|  32 | 0.000000e+00 |      --      |    Inf |  98.05%
  562s| 32500 |   112 |  4618k| 142.0 |    99M |  53 |1315 |4289 |2938 |  66k|  1 |  21k|  32 | 0.000000e+00 |      --      |    Inf |  98.05%
  563s| 32600 |   112 |  4627k| 141.9 |    99M |  53 |1315 |4322 |2939 |  66k|  0 |  21k|  32 | 0.000000e+00 |      --      |    Inf |  98.05%
  564s| 32700 |   108 |  4636k| 141.7 |    99M |  53 |1315 |4351 |3089 |  66k|  1 |  21k|  32 | 0.000000e+00 |      --      |    Inf |  98.05%
  565s| 32800 |   104 |  4647k| 141.6 |    99M |  53 |1315 |4383 |3085 |  66k|  0 |  21k|  32 | 0.000000e+00 |      --      |    Inf |  98.06%
  567s| 32900 |    95 |  4661k| 141.6 |   100M |  53 |1315 |4336 |2681 |  66k|  2 |  22k|  32 | 0.000000e+00 |      --      |    Inf |  98.27%
  568s| 33000 |    94 |  4674k| 141.6 |   100M |  53 |1315 |4301 |2692 |  66k|  0 |  22k|  32 | 0.000000e+00 |      --      |    Inf |  98.41%
  569s| 33100 |    94 |  4687k| 141.5 |   100M |  53 |1315 |4323 |2816 |  67k|  0 |  22k|  32 | 0.000000e+00 |      --      |    Inf |  98.44%
  571s| 33200 |    93 |  4699k| 141.5 |   100M |  53 |1315 |4311 |2689 |  67k|  0 |  22k|  32 | 0.000000e+00 |      --      |    Inf |  98.47%
 time | node  | left  |LP iter|LP it/n|mem/heur|mdpt |vars |cons |rows |cuts |sepa|confs|strbr|  dualbound   | primalbound  |  gap   | compl. 
  572s| 33300 |    95 |  4710k| 141.4 |   100M |  53 |1315 |4284 |3052 |  67k|  2 |  22k|  32 | 0.000000e+00 |      --      |    Inf |  98.48%
  573s| 33400 |    80 |  4722k| 141.3 |   100M |  53 |1315 |4271 |2686 |  67k|  0 |  22k|  32 | 0.000000e+00 |      --      |    Inf |  98.53%
  574s| 33500 |    78 |  4732k| 141.2 |   100M |  53 |1315 |4289 |3122 |  67k|  0 |  22k|  32 | 0.000000e+00 |      --      |    Inf |  98.53%
  576s| 33600 |    84 |  4745k| 141.1 |   100M |  53 |1315 |4275 |2711 |  68k|  0 |  22k|  32 | 0.000000e+00 |      --      |    Inf |  98.54%
  577s| 33700 |    80 |  4757k| 141.1 |   100M |  53 |1315 |4299 |2785 |  68k|  0 |  22k|  32 | 0.000000e+00 |      --      |    Inf |  98.54%
  578s| 33800 |    80 |  4768k| 141.0 |   100M |  53 |1315 |4310 |2934 |  68k|  1 |  22k|  32 | 0.000000e+00 |      --      |    Inf |  98.55%
  580s| 33900 |    74 |  4783k| 141.0 |   100M |  53 |1315 |4311 |2662 |  68k|  2 |  22k|  32 | 0.000000e+00 |      --      |    Inf |  98.59%
  582s| 34000 |    76 |  4809k| 141.4 |   100M |  53 |1315 |4362 |2749 |  69k|  0 |  22k|  32 | 0.000000e+00 |      --      |    Inf |  98.59%
  584s| 34100 |    75 |  4831k| 141.6 |   100M |  53 |1315 |4421 |2716 |  69k|  0 |  22k|  32 | 0.000000e+00 |      --      |    Inf |  98.59%
  586s| 34200 |    73 |  4855k| 141.9 |   100M |  53 |1315 |4480 |2785 |  69k|  2 |  22k|  32 | 0.000000e+00 |      --      |    Inf |  98.60%
  589s| 34300 |    75 |  4879k| 142.2 |   100M |  53 |1315 |4542 |2688 |  70k|  0 |  22k|  32 | 0.000000e+00 |      --      |    Inf |  98.60%
  592s| 34400 |    75 |  4907k| 142.6 |   101M |  53 |1315 |4578 |2917 |  70k|  2 |  22k|  32 | 0.000000e+00 |      --      |    Inf |  98.62%
  594s| 34500 |    75 |  4924k| 142.7 |   101M |  53 |1315 |4617 |2836 |  70k|  0 |  23k|  32 | 0.000000e+00 |      --      |    Inf |  98.65%
  595s| 34600 |    74 |  4934k| 142.5 |   101M |  53 |1315 |4600 |2840 |  71k|  0 |  23k|  32 | 0.000000e+00 |      --      |    Inf |  98.84%
  596s| 34700 |    76 |  4945k| 142.4 |   101M |  53 |1315 |4655 |2845 |  71k|  1 |  23k|  32 | 0.000000e+00 |      --      |    Inf |  98.85%
 time | node  | left  |LP iter|LP it/n|mem/heur|mdpt |vars |cons |rows |cuts |sepa|confs|strbr|  dualbound   | primalbound  |  gap   | compl. 
  597s| 34800 |    74 |  4955k| 142.3 |   101M |  53 |1315 |4707 |2853 |  71k|  0 |  23k|  32 | 0.000000e+00 |      --      |    Inf |  98.87%
  599s| 34900 |    72 |  4967k| 142.3 |   101M |  53 |1315 |4765 |2833 |  71k|  0 |  23k|  32 | 0.000000e+00 |      --      |    Inf |  98.87%
  600s| 35000 |    64 |  4980k| 142.2 |   102M |  53 |1315 |4748 |3113 |  71k|  1 |  23k|  32 | 0.000000e+00 |      --      |    Inf |  99.08%
  602s| 35100 |    62 |  4992k| 142.2 |   102M |  53 |1315 |4729 |3047 |  71k|  0 |  23k|  32 | 0.000000e+00 |      --      |    Inf |  99.11%
  604s| 35200 |    59 |  5021k| 142.6 |   102M |  53 |1315 |4693 |3066 |  71k|  0 |  23k|  32 | 0.000000e+00 |      --      |    Inf |  99.14%
  607s| 35300 |    59 |  5050k| 143.0 |   102M |  53 |1315 |4745 |2842 |  72k|  1 |  23k|  32 | 0.000000e+00 |      --      |    Inf |  99.14%
  611s| 35400 |    46 |  5084k| 143.5 |   102M |  53 |1315 |4746 |3211 |  72k|  0 |  23k|  32 | 0.000000e+00 |      --      |    Inf |  99.17%
  614s| 35500 |    51 |  5114k| 144.0 |   102M |  53 |1315 |4729 |2888 |  73k|  2 |  23k|  32 | 0.000000e+00 |      --      |    Inf |  99.18%
  617s| 35600 |    54 |  5151k| 144.6 |   102M |  53 |1315 |4769 |2987 |  73k|  0 |  23k|  32 | 0.000000e+00 |      --      |    Inf |  99.20%
  622s| 35700 |    53 |  5192k| 145.4 |   102M |  53 |1315 |4831 |2996 |  74k|  2 |  23k|  32 | 0.000000e+00 |      --      |    Inf |  99.20%
  625s| 35800 |    48 |  5222k| 145.8 |   102M |  53 |1315 |4872 |2697 |  74k|  0 |  23k|  32 | 0.000000e+00 |      --      |    Inf |  99.21%
  627s| 35900 |    50 |  5233k| 145.7 |   102M |  53 |1315 |4917 |2861 |  74k|  2 |  23k|  32 | 0.000000e+00 |      --      |    Inf |  99.21%
  628s| 36000 |    50 |  5244k| 145.6 |   102M |  53 |1315 |4917 |2802 |  74k|  1 |  24k|  32 | 0.000000e+00 |      --      |    Inf |  99.21%
  629s| 36100 |    51 |  5254k| 145.5 |   102M |  53 |1315 |4974 |2850 |  75k|  2 |  24k|  32 | 0.000000e+00 |      --      |    Inf |  99.21%
  631s| 36200 |    54 |  5268k| 145.4 |   102M |  53 |1315 |5053 |2802 |  75k|  1 |  24k|  32 | 0.000000e+00 |      --      |    Inf |  99.22%
 time | node  | left  |LP iter|LP it/n|mem/heur|mdpt |vars |cons |rows |cuts |sepa|confs|strbr|  dualbound   | primalbound  |  gap   | compl. 
  633s| 36300 |    56 |  5283k| 145.5 |   102M |  53 |1315 |5126 |2837 |  75k|  2 |  24k|  32 | 0.000000e+00 |      --      |    Inf |  99.22%
  635s| 36400 |    52 |  5297k| 145.5 |   103M |  53 |1315 |5105 |2956 |  75k|  1 |  24k|  32 | 0.000000e+00 |      --      |    Inf |  99.64%
  636s| 36500 |    54 |  5308k| 145.4 |   103M |  53 |1315 |5125 |2966 |  75k|  0 |  24k|  32 | 0.000000e+00 |      --      |    Inf |  99.64%
  637s| 36600 |    58 |  5318k| 145.2 |   103M |  53 |1315 |5163 |2960 |  76k|  1 |  24k|  32 | 0.000000e+00 |      --      |    Inf |  99.64%
  638s| 36700 |    60 |  5328k| 145.1 |   103M |  53 |1315 |5231 |3027 |  76k|  1 |  24k|  32 | 0.000000e+00 |      --      |    Inf |  99.64%
  639s| 36800 |    55 |  5336k| 144.9 |   103M |  53 |1315 |5314 |2958 |  76k|  1 |  24k|  32 | 0.000000e+00 |      --      |    Inf |  99.64%
  640s| 36900 |    54 |  5346k| 144.8 |   103M |  53 |1315 |5414 |2957 |  76k|  0 |  24k|  32 | 0.000000e+00 |      --      |    Inf |  99.64%
  641s| 37000 |    50 |  5357k| 144.7 |   103M |  53 |1315 |5474 |2939 |  76k|  0 |  24k|  32 | 0.000000e+00 |      --      |    Inf |  99.64%
  643s| 37100 |    57 |  5370k| 144.7 |   103M |  53 |1315 |5516 |2941 |  76k|  0 |  24k|  32 | 0.000000e+00 |      --      |    Inf |  99.65%
  644s| 37200 |    56 |  5380k| 144.6 |   103M |  53 |1315 |5518 |2935 |  76k|  0 |  24k|  32 | 0.000000e+00 |      --      |    Inf |  99.66%
  645s| 37300 |    55 |  5388k| 144.4 |   103M |  53 |1315 |5566 |2942 |  76k|  0 |  24k|  32 | 0.000000e+00 |      --      |    Inf |  99.66%
  646s| 37400 |    56 |  5399k| 144.3 |   103M |  53 |1315 |5597 |3040 |  76k|  1 |  25k|  32 | 0.000000e+00 |      --      |    Inf |  99.66%
  647s| 37500 |    54 |  5410k| 144.2 |   103M |  53 |1315 |5619 |2973 |  76k|  0 |  25k|  32 | 0.000000e+00 |      --      |    Inf |  99.66%
  648s| 37600 |    53 |  5419k| 144.1 |   103M |  53 |1315 |5679 |2968 |  76k|  0 |  25k|  32 | 0.000000e+00 |      --      |    Inf |  99.66%
  649s| 37700 |    55 |  5427k| 143.9 |   103M |  53 |1315 |5751 |2964 |  76k|  0 |  25k|  32 | 0.000000e+00 |      --      |    Inf |  99.66%
 time | node  | left  |LP iter|LP it/n|mem/heur|mdpt |vars |cons |rows |cuts |sepa|confs|strbr|  dualbound   | primalbound  |  gap   | compl. 
  649s| 37800 |    51 |  5433k| 143.7 |   103M |  53 |1315 |5824 |2849 |  76k|  0 |  25k|  32 | 0.000000e+00 |      --      |    Inf |  99.66%
  651s| 37900 |    49 |  5445k| 143.6 |   103M |  53 |1315 |5846 |2839 |  76k|  0 |  25k|  32 | 0.000000e+00 |      --      |    Inf |  99.68%
  651s| 38000 |    50 |  5451k| 143.4 |   103M |  53 |1315 |5900 |2860 |  77k|  0 |  25k|  32 | 0.000000e+00 |      --      |    Inf |  99.68%
  652s| 38100 |    53 |  5459k| 143.2 |   103M |  53 |1315 |5908 |2867 |  77k|  0 |  25k|  32 | 0.000000e+00 |      --      |    Inf |  99.69%
  653s| 38200 |    47 |  5468k| 143.1 |   103M |  53 |1315 |5957 |2843 |  77k|  1 |  25k|  32 | 0.000000e+00 |      --      |    Inf |  99.71%
  654s| 38300 |    48 |  5474k| 142.9 |   103M |  53 |1315 |6008 |2859 |  77k|  1 |  25k|  32 | 0.000000e+00 |      --      |    Inf |  99.72%
  655s| 38400 |    44 |  5485k| 142.8 |   103M |  53 |1315 |6063 |2827 |  77k|  0 |  25k|  32 | 0.000000e+00 |      --      |    Inf |  99.72%
  656s| 38500 |    41 |  5493k| 142.6 |   103M |  53 |1315 |6188 |2935 |  77k|  0 |  25k|  32 | 0.000000e+00 |      --      |    Inf |  99.72%
  658s| 38600 |    42 |  5505k| 142.6 |   103M |  53 |1315 |6216 |2908 |  77k|  0 |  25k|  32 | 0.000000e+00 |      --      |    Inf |  99.73%
  659s| 38700 |    38 |  5519k| 142.5 |   103M |  53 |1315 |6246 |2830 |  77k|  0 |  26k|  32 | 0.000000e+00 |      --      |    Inf |  99.75%
  660s| 38800 |    36 |  5529k| 142.4 |   103M |  53 |1315 |6234 |2707 |  77k|  0 |  26k|  32 | 0.000000e+00 |      --      |    Inf |  99.75%
  662s| 38900 |    39 |  5543k| 142.4 |   103M |  53 |1315 |6257 |2965 |  78k|  2 |  26k|  32 | 0.000000e+00 |      --      |    Inf |  99.77%
  664s| 39000 |    41 |  5556k| 142.4 |   103M |  53 |1315 |6335 |2943 |  78k|  0 |  26k|  32 | 0.000000e+00 |      --      |    Inf |  99.77%
  666s| 39100 |    33 |  5569k| 142.4 |   103M |  53 |1315 |6336 |2878 |  78k|  1 |  26k|  32 | 0.000000e+00 |      --      |    Inf |  99.79%
  668s| 39200 |    23 |  5588k| 142.5 |   104M |  53 |1315 |6284 |2739 |  78k|  1 |  26k|  32 | 0.000000e+00 |      --      |    Inf |  99.89%
 time | node  | left  |LP iter|LP it/n|mem/heur|mdpt |vars |cons |rows |cuts |sepa|confs|strbr|  dualbound   | primalbound  |  gap   | compl. 
  669s| 39300 |    14 |  5600k| 142.4 |   104M |  53 |1315 |6293 |2856 |  78k|  1 |  26k|  32 | 0.000000e+00 |      --      |    Inf |  99.92%
  671s| 39400 |    17 |  5614k| 142.4 |   104M |  53 |1315 |6278 |   0 |  78k|  0 |  26k|  32 | 0.000000e+00 |      --      |    Inf |  99.92%
  673s| 39500 |    14 |  5628k| 142.4 |   104M |  53 |1315 |6292 |2850 |  78k|  0 |  26k|  32 | 0.000000e+00 |      --      |    Inf |  99.96%
  675s| 39600 |    10 |  5650k| 142.6 |   104M |  53 |1315 |6338 |3066 |  78k|  0 |  26k|  32 | 0.000000e+00 |      --      |    Inf |  99.97%
  677s| 39700 |     8 |  5664k| 142.6 |   104M |  53 |1315 |6395 |3139 |  79k|  1 |  26k|  32 | 0.000000e+00 |      --      |    Inf |  99.98%
  679s| 39800 |     6 |  5679k| 142.6 |   104M |  53 |1315 |6129 |2795 |  79k|  0 |  26k|  32 | 0.000000e+00 |      --      |    Inf |  99.99%
  681s| 39900 |     8 |  5699k| 142.8 |   104M |  53 |1315 |6180 |2827 |  79k|  2 |  26k|  32 | 0.000000e+00 |      --      |    Inf |  99.99%
  683s| 40000 |     2 |  5717k| 142.9 |   104M |  53 |1315 |6224 |2797 |  79k|  0 |  26k|  32 | 0.000000e+00 |      --      |    Inf | 100.00%

SCIP Status        : problem is solved [infeasible]
Solving Time (sec) : 685.00
Solving Nodes      : 40092
Primal Bound       : +1.00000000000000e+20 (0 solutions)
Dual Bound         : +1.00000000000000e+20
Gap                : 0.00 %


no solution available

SCIP> 