SCIP version 10.0.1 [precision: 8 byte] [memory: block] [mode: optimized] [LP solver: SoPlex 8.0.1] [GitHash: 76a50c97d6]
Copyright (c) 2002-2026 Zuse Institute Berlin (ZIB)

External libraries: 
  SoPlex 8.0.1         Linear programming solver developed at Zuse Institute Berlin (soplex.zib.de) [GitHash: c69290aa]
  CppAD 20180000.0     Algorithmic Differentiation of C++ algorithms developed by B. Bell (github.com/coin-or/CppAD)
  ZLIB 1.3.1           General purpose compression library by J. Gailly and M. Adler (zlib.net)
  MPFR 4.2.2           GNU Multiple Precision Floating-Point Reliable Library (mpfr.org)
  Boost 1.89.0         Boost C++ Libraries (boost.org)
  TinyCThread 1.2      small portable implementation of the C11 threads API (tinycthread.github.io)
  GMP 6.3.0            GNU Multiple Precision Arithmetic Library developed by T. Granlund (gmplib.org)
  ZIMPL 3.7.0          Zuse Institute Mathematical Programming Language developed by T. Koch (zimpl.zib.de)
  AMPL/MP 4.0.4        AMPL .nl file reader library (github.com/ampl/mp)
  PaPILO 3.0.0         parallel presolve for integer and linear optimization (github.com/scipopt/papilo) (built with TBB) [GitHash: 4cbdc327]
  Nauty 2.8.8          Computing Graph Automorphism Groups by Brendan D. McKay (users.cecs.anu.edu.au/~bdm/nauty)
  sassy 2.0            Symmetry preprocessor by Markus Anders (github.com/markusa4/sassy)
  Ipopt 3.14.19        Interior Point Optimizer developed by A. Waechter et.al. (github.com/coin-or/Ipopt)

user parameter file <scip.set> not found - using default parameters


read problem <N20_R8_K3_1_21_split_21_fix1B.lp>
============

original problem has 1458 variables (1435 bin, 21 int, 2 cont) and 5179 constraints
heuristics/padm/freq = -1
heuristics/ofins/freq = -1
heuristics/reoptsols/freq = -1
heuristics/trivialnegation/freq = -1
heuristics/trivial/freq = -1
heuristics/clique/freq = -1
heuristics/locks/freq = -1
heuristics/vbounds/freq = -1
heuristics/shiftandpropagate/freq = -1
heuristics/completesol/freq = -1
heuristics/simplerounding/freq = -1
heuristics/randrounding/freq = -1
heuristics/zirounding/freq = -1
heuristics/rounding/freq = -1
heuristics/shifting/freq = -1
heuristics/intshifting/freq = -1
heuristics/oneopt/freq = -1
heuristics/indicator/freq = -1
heuristics/adaptivediving/freq = -1
heuristics/indicatordiving/freq = -1
heuristics/farkasdiving/freq = -1
heuristics/feaspump/freq = -1
heuristics/conflictdiving/freq = -1
heuristics/pscostdiving/freq = -1
heuristics/fracdiving/freq = -1
heuristics/nlpdiving/freq = -1
heuristics/veclendiving/freq = -1
heuristics/distributiondiving/freq = -1
heuristics/objpscostdiving/freq = -1
heuristics/rootsoldiving/freq = -1
heuristics/linesearchdiving/freq = -1
heuristics/guideddiving/freq = -1
heuristics/rens/freq = -1
heuristics/alns/freq = -1
heuristics/rins/freq = -1
heuristics/gins/freq = -1
heuristics/crossover/freq = -1
heuristics/lpface/freq = -1
heuristics/undercover/freq = -1
heuristics/subnlp/freq = -1
heuristics/mpec/freq = -1
heuristics/multistart/freq = -1
heuristics/trysol/freq = -1
presolving/restartfac = 0.0125
presolving/restartminred = 0.06
constraints/setppc/cliquelifting = TRUE
presolving/boundshift/maxrounds = -1
presolving/qpkktref/maxrounds = -1
presolving/stuffing/maxrounds = -1
presolving/tworowbnd/maxrounds = -1
presolving/dualinfer/maxrounds = -1
presolving/dualagg/maxrounds = -1
presolving/implint/maxrounds = -1
presolving/redvub/maxrounds = -1
propagating/probing/maxuseless = 1500
propagating/probing/maxtotaluseless = 75
separating/closecuts/freq = 0
separating/rlt/freq = 20
separating/rlt/maxroundsroot = 15
separating/disjunctive/freq = 20
separating/disjunctive/maxroundsroot = 150
separating/gauge/freq = 0
separating/interminor/freq = 0
separating/convexproj/freq = 0
separating/gomory/maxroundsroot = 15
separating/gomory/maxsepacutsroot = 400
separating/aggregation/maxsepacutsroot = 1000
separating/clique/freq = 20
separating/zerohalf/maxroundsroot = 30
separating/zerohalf/maxsepacutsroot = 200
separating/lagromory/freq = 0
separating/mcf/freq = 20
separating/mcf/maxsepacutsroot = 400
separating/eccuts/freq = 0
separating/eccuts/maxroundsroot = 375
separating/eccuts/maxsepacutsroot = 100
separating/oddcycle/freq = 0
separating/oddcycle/maxroundsroot = 15
separating/oddcycle/maxsepacutsroot = 10000
constraints/benderslp/sepafreq = 0
constraints/integral/sepafreq = 0
constraints/SOS2/sepafreq = 10
constraints/varbound/sepafreq = 10
constraints/knapsack/sepafreq = 10
constraints/knapsack/maxsepacutsroot = 500
constraints/setppc/sepafreq = 10
constraints/or/sepafreq = 10
constraints/xor/sepafreq = 10
constraints/conjunction/sepafreq = 0
constraints/disjunction/sepafreq = 0
constraints/exactsol/sepafreq = 0
constraints/linear/sepafreq = 10
constraints/linear/maxsepacutsroot = 500
constraints/exactlinear/sepafreq = 10
constraints/exactlinear/maxsepacutsroot = 500
constraints/orbitope_full/sepafreq = 0
constraints/orbitope_pp/sepafreq = 0
constraints/logicor/sepafreq = 10
constraints/bounddisjunction/sepafreq = 0
constraints/pseudoboolean/sepafreq = 0
constraints/superindicator/sepafreq = 0
constraints/benders/sepafreq = 0
constraints/fixedvar/sepafreq = 0
constraints/countsols/sepafreq = 0
constraints/components/sepafreq = 0
cutselection/hybrid/minorthoroot = 0.1
separating/maxroundsrootsubrun = 5
separating/maxaddrounds = 5
separating/maxcutsroot = 5000
constraints/linear/separateall = TRUE
separating/aggregation/maxfailsroot = 200
separating/mcf/maxtestdelta = -1
separating/mcf/trynegscaling = TRUE
presolving/maxrestarts = 1
conflict/restartnum = 750
conflict/preferbinary = TRUE
conflict/conflictweight = 1
conflict/usegenres = TRUE
nodeselection/restartdfs/stdpriority = 100000
conflict/useinflp = b

presolving:
(round 1, fast)       190 del vars, 135 del conss, 0 add conss, 54 chg bounds, 105 chg sides, 210 chg coeffs, 0 upgd conss, 0 impls, 2852 clqs, 0 implints
(round 2, fast)       348 del vars, 860 del conss, 0 add conss, 66 chg bounds, 167 chg sides, 346 chg coeffs, 0 upgd conss, 0 impls, 2890 clqs, 0 implints
(round 3, fast)       348 del vars, 860 del conss, 0 add conss, 75 chg bounds, 208 chg sides, 447 chg coeffs, 0 upgd conss, 0 impls, 2890 clqs, 0 implints
(round 4, fast)       348 del vars, 860 del conss, 0 add conss, 81 chg bounds, 230 chg sides, 515 chg coeffs, 0 upgd conss, 0 impls, 2890 clqs, 0 implints
   (0.0s) running MILP presolver
   (0.0s) MILP presolver (18 rounds): 38 aggregations, 149 fixings, 2 bound changes
(round 5, medium)     535 del vars, 860 del conss, 0 add conss, 86 chg bounds, 231 chg sides, 546 chg coeffs, 0 upgd conss, 0 impls, 2432 clqs, 0 implints
(round 6, fast)       535 del vars, 1336 del conss, 0 add conss, 86 chg bounds, 231 chg sides, 566 chg coeffs, 0 upgd conss, 0 impls, 2497 clqs, 0 implints
(round 7, exhaustive) 535 del vars, 1362 del conss, 0 add conss, 86 chg bounds, 242 chg sides, 566 chg coeffs, 0 upgd conss, 0 impls, 2497 clqs, 0 implints
(round 8, exhaustive) 535 del vars, 1362 del conss, 0 add conss, 86 chg bounds, 242 chg sides, 566 chg coeffs, 3570 upgd conss, 0 impls, 2497 clqs, 0 implints
(round 9, exhaustive) 535 del vars, 4602 del conss, 810 add conss, 86 chg bounds, 242 chg sides, 566 chg coeffs, 3570 upgd conss, 0 impls, 2497 clqs, 0 implints
(round 10, exhaustive) 535 del vars, 4602 del conss, 810 add conss, 86 chg bounds, 242 chg sides, 719 chg coeffs, 3570 upgd conss, 0 impls, 2497 clqs, 0 implints
(round 11, exhaustive) 539 del vars, 4603 del conss, 810 add conss, 86 chg bounds, 242 chg sides, 719 chg coeffs, 3570 upgd conss, 0 impls, 2484 clqs, 0 implints
(round 12, fast)       539 del vars, 4603 del conss, 810 add conss, 86 chg bounds, 242 chg sides, 719 chg coeffs, 3574 upgd conss, 0 impls, 2484 clqs, 0 implints
   (0.0s) probing: 1000/1077 (92.9%) - 0 fixings, 0 aggregations, 11090 implications, 0 bound changes
   (0.0s) probing: 1058/1077 (98.2%) - 0 fixings, 0 aggregations, 11090 implications, 0 bound changes
   (0.0s) probing aborted: 75/75 successive totally useless probings
   (0.0s) symmetry computation started: requiring (bin +, int +, cont +), (fixed: bin -, int -, cont -)
   (0.0s) no symmetry present (symcode time: 0.00)
presolving (13 rounds: 13 fast, 7 medium, 6 exhaustive):
 539 deleted vars, 4603 deleted constraints, 810 added constraints, 86 tightened bounds, 0 added holes, 243 changed sides, 719 changed coefficients
 1188 implications, 12386 cliques, 0 implied integral variables (0 bin, 0 int, 0 cont)
presolved problem has 1096 variables (1077 bin, 19 int, 0 cont) and 1386 constraints
     15 constraints of type <varbound>
    153 constraints of type <knapsack>
     66 constraints of type <setppc>
    806 constraints of type <and>
    247 constraints of type <linear>
     99 constraints of type <logicor>
transformed objective value is always integral (scale: 1)
Presolving Time: 0.00

 time | node  | left  |LP iter|LP it/n|mem/heur|mdpt |vars |cons |rows |cuts |sepa|confs|strbr|  dualbound   | primalbound  |  gap   | compl. 
  0.0s|     1 |     0 |  1676 |     - |    27M |   0 |1096 |1386 |2192 |   0 |  0 |   0 |   0 | 0.000000e+00 |      --      |    Inf | unknown
Computing relative interior point (time limit: 1e+20, iter limit: 16760) ...
  0.0s|     1 |     0 |  1787 |     - |    32M |   0 |1096 |1386 |2220 |  28 |  1 |   0 |   0 | 0.000000e+00 |      --      |    Inf | unknown
  1.0s|     1 |     0 |  1901 |     - |    59M |   0 |1096 |1457 |2454 | 262 |  2 |   0 |   0 | 0.000000e+00 |      --      |    Inf | unknown
  2.0s|     1 |     0 |  2038 |     - |    92M |   0 |1096 |1457 |2644 | 452 |  3 |   0 |   0 | 0.000000e+00 |      --      |    Inf | unknown
  6.0s|     1 |     0 |  2238 |     - |   120M |   0 |1096 |1457 |2829 | 637 |  4 |   0 |   0 | 0.000000e+00 |      --      |    Inf | unknown
 10.0s|     1 |     0 |  2463 |     - |   159M |   0 |1096 |1457 |2909 | 717 |  5 |   0 |   0 | 0.000000e+00 |      --      |    Inf | unknown
 15.0s|     1 |     0 |  2811 |     - |   192M |   0 |1096 |1457 |3105 | 913 |  6 |   0 |   0 | 0.000000e+00 |      --      |    Inf | unknown
 20.0s|     1 |     0 |  3005 |     - |   225M |   0 |1096 |1457 |3253 |1061 |  7 |   0 |   0 | 0.000000e+00 |      --      |    Inf | unknown
 25.0s|     1 |     0 |  3336 |     - |   264M |   0 |1096 |1457 |3336 |1144 |  8 |   0 |   0 | 0.000000e+00 |      --      |    Inf | unknown
 31.0s|     1 |     0 |  3705 |     - |   308M |   0 |1096 |1457 |3399 |1207 |  9 |   0 |   0 | 0.000000e+00 |      --      |    Inf | unknown
 37.0s|     1 |     0 |  3857 |     - |   359M |   0 |1096 |1457 |3486 |1294 | 10 |   0 |   0 | 0.000000e+00 |      --      |    Inf | unknown
 43.0s|     1 |     0 |  4018 |     - |   367M |   0 |1096 |1457 |3621 |1429 | 11 |   0 |   0 | 0.000000e+00 |      --      |    Inf | unknown
 44.0s|     1 |     2 |  4088 |     - |   367M |   0 |1096 |1457 |3621 |1429 | 11 |   0 |  13 | 0.000000e+00 |      --      |    Inf | unknown
 47.0s|   100 |    27 | 37563 | 338.8 |   376M |  20 |1096 |1458 |2347 |1789 |  1 |  19 |  13 | 0.000000e+00 |      --      |    Inf |   3.18%
 49.0s|   200 |    15 | 73839 | 350.9 |   380M |  20 |1096 |1459 |2303 |2116 |  0 |  35 |  13 | 0.000000e+00 |      --      |    Inf |   9.86%
 time | node  | left  |LP iter|LP it/n|mem/heur|mdpt |vars |cons |rows |cuts |sepa|confs|strbr|  dualbound   | primalbound  |  gap   | compl. 
 52.0s|   300 |    19 |110956 | 357.7 |   384M |  20 |1096 |1457 |2331 |2460 |  0 |  49 |  13 | 0.000000e+00 |      --      |    Inf |  16.02%
 55.0s|   400 |    21 |145085 | 353.6 |   386M |  20 |1096 |1457 |2369 |2754 |  1 |  57 |  13 | 0.000000e+00 |      --      |    Inf |  33.54%
 58.0s|   500 |    28 |182568 | 357.8 |   347M |  20 |1096 |1457 |2385 |3120 |  0 |  68 |  13 | 0.000000e+00 |      --      |    Inf |  38.87%
 60.0s|   600 |    22 |216705 | 355.1 |   339M |  20 |1096 |1447 |2417 |3335 |  1 |  86 |  13 | 0.000000e+00 |      --      |    Inf |  60.74%
 64.0s|   700 |    19 |259286 | 365.2 |   342M |  20 |1096 |1446 |2483 |3675 |  2 | 100 |  13 | 0.000000e+00 |      --      |    Inf |  67.58%
 67.0s|   800 |    16 |298440 | 368.5 |   344M |  20 |1096 |1446 |2294 |4066 |  0 | 112 |  13 | 0.000000e+00 |      --      |    Inf |  78.03%
 70.0s|   900 |    10 |340363 | 374.1 |   345M |  20 |1096 |1446 |2451 |4461 |  0 | 122 |  13 | 0.000000e+00 |      --      |    Inf |  94.85%

SCIP Status        : problem is solved [infeasible]
Solving Time (sec) : 73.00
Solving Nodes      : 996
Primal Bound       : +1.00000000000000e+20 (0 solutions)
Dual Bound         : +1.00000000000000e+20
Gap                : 0.00 %


no solution available

SCIP> 