SCIP version 10.0.1 [precision: 8 byte] [memory: block] [mode: optimized] [LP solver: SoPlex 8.0.1] [GitHash: 76a50c97d6]
Copyright (c) 2002-2026 Zuse Institute Berlin (ZIB)

External libraries: 
  SoPlex 8.0.1         Linear programming solver developed at Zuse Institute Berlin (soplex.zib.de) [GitHash: c69290aa]
  CppAD 20180000.0     Algorithmic Differentiation of C++ algorithms developed by B. Bell (github.com/coin-or/CppAD)
  ZLIB 1.3.1           General purpose compression library by J. Gailly and M. Adler (zlib.net)
  MPFR 4.2.2           GNU Multiple Precision Floating-Point Reliable Library (mpfr.org)
  Boost 1.89.0         Boost C++ Libraries (boost.org)
  TinyCThread 1.2      small portable implementation of the C11 threads API (tinycthread.github.io)
  GMP 6.3.0            GNU Multiple Precision Arithmetic Library developed by T. Granlund (gmplib.org)
  ZIMPL 3.7.0          Zuse Institute Mathematical Programming Language developed by T. Koch (zimpl.zib.de)
  AMPL/MP 4.0.4        AMPL .nl file reader library (github.com/ampl/mp)
  PaPILO 3.0.0         parallel presolve for integer and linear optimization (github.com/scipopt/papilo) (built with TBB) [GitHash: 4cbdc327]
  Nauty 2.8.8          Computing Graph Automorphism Groups by Brendan D. McKay (users.cecs.anu.edu.au/~bdm/nauty)
  sassy 2.0            Symmetry preprocessor by Markus Anders (github.com/markusa4/sassy)
  Ipopt 3.14.19        Interior Point Optimizer developed by A. Waechter et.al. (github.com/coin-or/Ipopt)

user parameter file <scip.set> not found - using default parameters


read problem <N20_R8_K3_1_21_split_21_fix1B_4.lp>
============

original problem has 1457 variables (1434 bin, 21 int, 2 cont) and 5175 constraints
heuristics/padm/freq = -1
heuristics/ofins/freq = -1
heuristics/reoptsols/freq = -1
heuristics/trivialnegation/freq = -1
heuristics/trivial/freq = -1
heuristics/clique/freq = -1
heuristics/locks/freq = -1
heuristics/vbounds/freq = -1
heuristics/shiftandpropagate/freq = -1
heuristics/completesol/freq = -1
heuristics/simplerounding/freq = -1
heuristics/randrounding/freq = -1
heuristics/zirounding/freq = -1
heuristics/rounding/freq = -1
heuristics/shifting/freq = -1
heuristics/intshifting/freq = -1
heuristics/oneopt/freq = -1
heuristics/indicator/freq = -1
heuristics/adaptivediving/freq = -1
heuristics/indicatordiving/freq = -1
heuristics/farkasdiving/freq = -1
heuristics/feaspump/freq = -1
heuristics/conflictdiving/freq = -1
heuristics/pscostdiving/freq = -1
heuristics/fracdiving/freq = -1
heuristics/nlpdiving/freq = -1
heuristics/veclendiving/freq = -1
heuristics/distributiondiving/freq = -1
heuristics/objpscostdiving/freq = -1
heuristics/rootsoldiving/freq = -1
heuristics/linesearchdiving/freq = -1
heuristics/guideddiving/freq = -1
heuristics/rens/freq = -1
heuristics/alns/freq = -1
heuristics/rins/freq = -1
heuristics/gins/freq = -1
heuristics/crossover/freq = -1
heuristics/lpface/freq = -1
heuristics/undercover/freq = -1
heuristics/subnlp/freq = -1
heuristics/mpec/freq = -1
heuristics/multistart/freq = -1
heuristics/trysol/freq = -1
presolving/restartfac = 0.0125
presolving/restartminred = 0.06
constraints/setppc/cliquelifting = TRUE
presolving/boundshift/maxrounds = -1
presolving/qpkktref/maxrounds = -1
presolving/stuffing/maxrounds = -1
presolving/tworowbnd/maxrounds = -1
presolving/dualinfer/maxrounds = -1
presolving/dualagg/maxrounds = -1
presolving/implint/maxrounds = -1
presolving/redvub/maxrounds = -1
propagating/probing/maxuseless = 1500
propagating/probing/maxtotaluseless = 75
separating/closecuts/freq = 0
separating/rlt/freq = 20
separating/rlt/maxroundsroot = 15
separating/disjunctive/freq = 20
separating/disjunctive/maxroundsroot = 150
separating/gauge/freq = 0
separating/interminor/freq = 0
separating/convexproj/freq = 0
separating/gomory/maxroundsroot = 15
separating/gomory/maxsepacutsroot = 400
separating/aggregation/maxsepacutsroot = 1000
separating/clique/freq = 20
separating/zerohalf/maxroundsroot = 30
separating/zerohalf/maxsepacutsroot = 200
separating/lagromory/freq = 0
separating/mcf/freq = 20
separating/mcf/maxsepacutsroot = 400
separating/eccuts/freq = 0
separating/eccuts/maxroundsroot = 375
separating/eccuts/maxsepacutsroot = 100
separating/oddcycle/freq = 0
separating/oddcycle/maxroundsroot = 15
separating/oddcycle/maxsepacutsroot = 10000
constraints/benderslp/sepafreq = 0
constraints/integral/sepafreq = 0
constraints/SOS2/sepafreq = 10
constraints/varbound/sepafreq = 10
constraints/knapsack/sepafreq = 10
constraints/knapsack/maxsepacutsroot = 500
constraints/setppc/sepafreq = 10
constraints/or/sepafreq = 10
constraints/xor/sepafreq = 10
constraints/conjunction/sepafreq = 0
constraints/disjunction/sepafreq = 0
constraints/exactsol/sepafreq = 0
constraints/linear/sepafreq = 10
constraints/linear/maxsepacutsroot = 500
constraints/exactlinear/sepafreq = 10
constraints/exactlinear/maxsepacutsroot = 500
constraints/orbitope_full/sepafreq = 0
constraints/orbitope_pp/sepafreq = 0
constraints/logicor/sepafreq = 10
constraints/bounddisjunction/sepafreq = 0
constraints/pseudoboolean/sepafreq = 0
constraints/superindicator/sepafreq = 0
constraints/benders/sepafreq = 0
constraints/fixedvar/sepafreq = 0
constraints/countsols/sepafreq = 0
constraints/components/sepafreq = 0
cutselection/hybrid/minorthoroot = 0.1
separating/maxroundsrootsubrun = 5
separating/maxaddrounds = 5
separating/maxcutsroot = 5000
constraints/linear/separateall = TRUE
separating/aggregation/maxfailsroot = 200
separating/mcf/maxtestdelta = -1
separating/mcf/trynegscaling = TRUE
nodeselection/restartdfs/stdpriority = 100000
conflict/useinflp = b

presolving:
(round 1, fast)       189 del vars, 132 del conss, 0 add conss, 53 chg bounds, 104 chg sides, 208 chg coeffs, 0 upgd conss, 0 impls, 2869 clqs, 0 implints
(round 2, fast)       347 del vars, 840 del conss, 0 add conss, 65 chg bounds, 167 chg sides, 342 chg coeffs, 0 upgd conss, 0 impls, 2903 clqs, 0 implints
(round 3, fast)       347 del vars, 840 del conss, 0 add conss, 74 chg bounds, 210 chg sides, 442 chg coeffs, 0 upgd conss, 0 impls, 2903 clqs, 0 implints
(round 4, fast)       347 del vars, 840 del conss, 0 add conss, 80 chg bounds, 235 chg sides, 507 chg coeffs, 0 upgd conss, 0 impls, 2903 clqs, 0 implints
(round 5, fast)       347 del vars, 840 del conss, 0 add conss, 84 chg bounds, 247 chg sides, 549 chg coeffs, 0 upgd conss, 0 impls, 2903 clqs, 0 implints
   (0.0s) running MILP presolver
   (0.0s) MILP presolver (17 rounds): 34 aggregations, 147 fixings, 1 bound changes
(round 6, medium)     528 del vars, 840 del conss, 0 add conss, 87 chg bounds, 248 chg sides, 570 chg coeffs, 0 upgd conss, 0 impls, 2450 clqs, 0 implints
(round 7, fast)       528 del vars, 1311 del conss, 0 add conss, 87 chg bounds, 248 chg sides, 580 chg coeffs, 0 upgd conss, 0 impls, 2506 clqs, 0 implints
(round 8, exhaustive) 528 del vars, 1346 del conss, 0 add conss, 87 chg bounds, 260 chg sides, 580 chg coeffs, 0 upgd conss, 0 impls, 2506 clqs, 0 implints
(round 9, exhaustive) 528 del vars, 1346 del conss, 0 add conss, 87 chg bounds, 260 chg sides, 580 chg coeffs, 3594 upgd conss, 0 impls, 2506 clqs, 0 implints
(round 10, exhaustive) 528 del vars, 4610 del conss, 816 add conss, 87 chg bounds, 260 chg sides, 580 chg coeffs, 3594 upgd conss, 0 impls, 2506 clqs, 0 implints
(round 11, exhaustive) 528 del vars, 4610 del conss, 816 add conss, 87 chg bounds, 260 chg sides, 733 chg coeffs, 3594 upgd conss, 0 impls, 2506 clqs, 0 implints
(round 12, exhaustive) 532 del vars, 4611 del conss, 816 add conss, 87 chg bounds, 260 chg sides, 733 chg coeffs, 3594 upgd conss, 0 impls, 2493 clqs, 0 implints
(round 13, fast)       532 del vars, 4611 del conss, 816 add conss, 87 chg bounds, 260 chg sides, 733 chg coeffs, 3598 upgd conss, 0 impls, 2493 clqs, 0 implints
   (0.0s) probing: 1000/1083 (92.3%) - 0 fixings, 0 aggregations, 5628 implications, 0 bound changes
   (0.0s) probing: 1050/1083 (97.0%) - 0 fixings, 0 aggregations, 5628 implications, 0 bound changes
   (0.0s) probing aborted: 75/75 successive totally useless probings
   (0.0s) symmetry computation started: requiring (bin +, int +, cont +), (fixed: bin -, int -, cont -)
   (0.0s) no symmetry present (symcode time: 0.00)
presolving (14 rounds: 14 fast, 7 medium, 6 exhaustive):
 532 deleted vars, 4611 deleted constraints, 816 added constraints, 87 tightened bounds, 0 added holes, 260 changed sides, 733 changed coefficients
 1180 implications, 6941 cliques, 0 implied integral variables (0 bin, 0 int, 0 cont)
presolved problem has 1102 variables (1083 bin, 19 int, 0 cont) and 1380 constraints
     15 constraints of type <varbound>
    153 constraints of type <knapsack>
     57 constraints of type <setppc>
    812 constraints of type <and>
    235 constraints of type <linear>
    108 constraints of type <logicor>
transformed objective value is always integral (scale: 1)
Presolving Time: 0.00

 time | node  | left  |LP iter|LP it/n|mem/heur|mdpt |vars |cons |rows |cuts |sepa|confs|strbr|  dualbound   | primalbound  |  gap   | compl. 
  0.0s|     1 |     0 |  1659 |     - |    27M |   0 |1102 |1380 |2192 |   0 |  0 |   0 |   0 | 0.000000e+00 |      --      |    Inf | unknown
Computing relative interior point (time limit: 1e+20, iter limit: 16590) ...
  1.0s|     1 |     0 |  1823 |     - |    32M |   0 |1102 |1380 |2217 |  25 |  1 |   0 |   0 | 0.000000e+00 |      --      |    Inf | unknown
  1.0s|     1 |     0 |  1996 |     - |    59M |   0 |1102 |1432 |2546 | 354 |  2 |   0 |   0 | 0.000000e+00 |      --      |    Inf | unknown
  3.0s|     1 |     0 |  2552 |     - |   103M |   0 |1102 |1432 |2706 | 514 |  3 |   0 |   0 | 0.000000e+00 |      --      |    Inf | unknown
  6.0s|     1 |     0 |  2643 |     - |   103M |   0 |1102 |1432 |2729 | 537 |  4 |   0 |   0 | 0.000000e+00 |      --      |    Inf | unknown
 10.0s|     1 |     0 |  2759 |     - |   129M |   0 |1102 |1432 |2994 | 802 |  5 |   0 |   0 | 0.000000e+00 |      --      |    Inf | unknown
 14.0s|     1 |     0 |  2903 |     - |   164M |   0 |1102 |1432 |3157 | 965 |  6 |   0 |   0 | 0.000000e+00 |      --      |    Inf | unknown
 19.0s|     1 |     0 |  3106 |     - |   198M |   0 |1102 |1432 |3339 |1147 |  7 |   0 |   0 | 0.000000e+00 |      --      |    Inf | unknown
 20.0s|     1 |     0 |  3224 |     - |   236M |   0 |1102 |1432 |3461 |1269 |  8 |   0 |   0 | 0.000000e+00 |      --      |    Inf | unknown
 22.0s|     1 |     0 |  3442 |     - |   259M |   0 |1102 |1432 |3738 |1546 |  9 |   0 |   0 | 0.000000e+00 |      --      |    Inf | unknown
 24.0s|     1 |     0 |  3715 |     - |   308M |   0 |1102 |1432 |3757 |1565 | 10 |   0 |   0 | 0.000000e+00 |      --      |    Inf | unknown
 25.0s|     1 |     0 |  3902 |     - |   345M |   0 |1102 |1432 |3885 |1695 | 11 |   0 |   0 | 0.000000e+00 |      --      |    Inf | unknown
 27.0s|     1 |     2 |  3965 |     - |   345M |   0 |1102 |1432 |3885 |1695 | 11 |   0 |  11 | 0.000000e+00 |      --      |    Inf | unknown
 30.0s|   100 |    46 | 41947 | 384.3 |   351M |  25 |1102 |1499 |2386 |2388 |  1 |  67 |  11 | 0.000000e+00 |      --      |    Inf | unknown
 33.0s|   200 |    78 | 87465 | 419.9 |   352M |  25 |1102 |1572 |2404 |3104 |  0 | 140 |  11 | 0.000000e+00 |      --      |    Inf | unknown
 time | node  | left  |LP iter|LP it/n|mem/heur|mdpt |vars |cons |rows |cuts |sepa|confs|strbr|  dualbound   | primalbound  |  gap   | compl. 
 36.0s|   300 |   105 |118101 | 381.9 |   355M |  25 |1102 |1645 |   0 |3710 |  0 | 213 |  11 | 0.000000e+00 |      --      |    Inf |   0.77%
 40.0s|   400 |   114 |161181 | 394.2 |   355M |  25 |1102 |1736 |2325 |4262 |  2 | 305 |  11 | 0.000000e+00 |      --      |    Inf |   0.98%
 43.0s|   500 |   149 |197460 | 387.9 |   322M |  26 |1102 |1790 |2343 |4956 |  2 | 367 |  11 | 0.000000e+00 |      --      |    Inf |   1.38%
 46.0s|   600 |   177 |234400 | 384.8 |   322M |  26 |1102 |1856 |2415 |5542 |  2 | 433 |  11 | 0.000000e+00 |      --      |    Inf |   1.39%
 50.0s|   700 |   184 |273639 | 385.9 |   324M |  26 |1102 |1933 |   0 |6254 |  0 | 510 |  11 | 0.000000e+00 |      --      |    Inf |   2.57%
 53.0s|   800 |   196 |312001 | 385.6 |   324M |  26 |1102 |2022 |2361 |6856 |  2 | 599 |  11 | 0.000000e+00 |      --      |    Inf |   4.14%
 59.0s|   900 |   220 |350039 | 385.0 |   326M |  26 |1102 |2094 |2359 |7516 |  2 | 671 |  11 | 0.000000e+00 |      --      |    Inf |   4.74%
 66.0s|  1000 |   221 |392762 | 389.2 |   327M |  26 |1102 |2188 |2580 |8155 |  0 | 765 |  11 | 0.000000e+00 |      --      |    Inf |   5.40%
 74.0s|  1100 |   242 |429975 | 387.7 |   328M |  26 |1102 |2272 |2417 |8761 |  0 | 853 |  11 | 0.000000e+00 |      --      |    Inf |   5.48%
 82.0s|  1200 |   242 |472518 | 390.8 |   328M |  26 |1102 |2393 |2502 |9398 |  2 | 978 |  11 | 0.000000e+00 |      --      |    Inf |   5.71%
 90.0s|  1300 |   236 |510143 | 389.7 |   328M |  26 |1102 |2501 |2422 |9793 |  1 |1094 |  11 | 0.000000e+00 |      --      |    Inf |   6.18%
 98.0s|  1400 |   251 |554621 | 393.7 |   331M |  26 |1102 |2571 |2422 |  10k|  0 |1166 |  11 | 0.000000e+00 |      --      |    Inf |   7.19%
  104s|  1500 |   257 |591026 | 391.7 |   331M |  26 |1102 |2639 |2502 |  11k|  0 |1237 |  11 | 0.000000e+00 |      --      |    Inf |   7.39%
  112s|  1600 |   256 |637606 | 396.3 |   332M |  26 |1102 |2733 |2390 |  12k|  2 |1331 |  11 | 0.000000e+00 |      --      |    Inf |   7.55%
  118s|  1700 |   263 |678642 | 397.1 |   332M |  26 |1102 |2805 |2560 |  12k|  1 |1405 |  11 | 0.000000e+00 |      --      |    Inf |   7.59%
 time | node  | left  |LP iter|LP it/n|mem/heur|mdpt |vars |cons |rows |cuts |sepa|confs|strbr|  dualbound   | primalbound  |  gap   | compl. 
  120s|  1800 |   256 |718421 | 397.2 |   333M |  26 |1102 |2882 |   0 |  13k|  0 |1510 |  11 | 0.000000e+00 |      --      |    Inf |   7.87%
  124s|  1900 |   266 |764664 | 400.6 |   334M |  26 |1102 |2942 |2350 |  13k|  2 |1610 |  11 | 0.000000e+00 |      --      |    Inf |   8.24%
  127s|  2000 |   275 |798152 | 397.3 |   335M |  26 |1102 |3028 |   0 |  14k|  0 |1708 |  11 | 0.000000e+00 |      --      |    Inf |   8.59%
  129s|  2100 |   276 |834356 | 395.6 |   335M |  26 |1102 |3104 |2470 |  14k|  2 |1819 |  11 | 0.000000e+00 |      --      |    Inf |   8.69%
  132s|  2200 |   271 |878833 | 397.9 |   336M |  26 |1102 |3122 |2413 |  15k|  2 |1916 |  11 | 0.000000e+00 |      --      |    Inf |   9.64%
  135s|  2300 |   267 |913438 | 395.6 |   336M |  26 |1102 |3134 |2366 |  15k|  2 |2025 |  11 | 0.000000e+00 |      --      |    Inf |   9.75%
  138s|  2400 |   282 |958530 | 397.9 |   337M |  26 |1102 |3216 |2461 |  16k|  1 |2143 |  11 | 0.000000e+00 |      --      |    Inf |   9.87%
  141s|  2500 |   281 |999426 | 398.4 |   337M |  26 |1102 |3328 |2560 |  17k|  2 |2271 |  11 | 0.000000e+00 |      --      |    Inf |   9.88%
  145s|  2600 |   287 |  1051k| 403.0 |   337M |  26 |1102 |3425 |2502 |  17k|  0 |2389 |  11 | 0.000000e+00 |      --      |    Inf |   9.91%
  148s|  2700 |   282 |  1099k| 406.0 |   338M |  26 |1102 |3444 |2478 |  17k|  2 |2559 |  11 | 0.000000e+00 |      --      |    Inf |   9.92%
  151s|  2800 |   287 |  1148k| 409.0 |   338M |  26 |1102 |3508 |2490 |  18k|  2 |2673 |  11 | 0.000000e+00 |      --      |    Inf |   9.95%
  155s|  2900 |   290 |  1199k| 412.4 |   338M |  26 |1102 |3603 |2492 |  19k|  0 |2789 |  11 | 0.000000e+00 |      --      |    Inf |   9.98%
  158s|  3000 |   289 |  1244k| 413.6 |   338M |  26 |1102 |3524 |2409 |  19k|  2 |2901 |  11 | 0.000000e+00 |      --      |    Inf |  10.02%
  161s|  3100 |   298 |  1286k| 413.9 |   338M |  27 |1102 |3574 |2488 |  20k|  1 |3010 |  11 | 0.000000e+00 |      --      |    Inf |  10.05%
  163s|  3200 |   297 |  1323k| 412.4 |   338M |  27 |1102 |3686 |2496 |  20k|  0 |3136 |  11 | 0.000000e+00 |      --      |    Inf |  10.09%
 time | node  | left  |LP iter|LP it/n|mem/heur|mdpt |vars |cons |rows |cuts |sepa|confs|strbr|  dualbound   | primalbound  |  gap   | compl. 
  166s|  3300 |   292 |  1362k| 411.8 |   338M |  27 |1102 |3772 |2562 |  20k|  0 |3246 |  11 | 0.000000e+00 |      --      |    Inf |  10.11%
  169s|  3400 |   285 |  1402k| 411.5 |   340M |  27 |1102 |3631 |   0 |  21k|  0 |3349 |  11 | 0.000000e+00 |      --      |    Inf |  11.03%
  172s|  3500 |   304 |  1436k| 409.4 |   340M |  27 |1102 |3272 |2572 |  21k|  0 |3417 |  11 | 0.000000e+00 |      --      |    Inf |  11.94%
  174s|  3600 |   305 |  1476k| 409.2 |   340M |  27 |1102 |3222 |2437 |  22k|  0 |3539 |  11 | 0.000000e+00 |      --      |    Inf |  12.19%
  177s|  3700 |   310 |  1518k| 409.4 |   341M |  27 |1102 |3240 |2386 |  22k|  2 |3646 |  11 | 0.000000e+00 |      --      |    Inf |  12.31%
  180s|  3800 |   314 |  1558k| 409.3 |   341M |  27 |1102 |3320 |2493 |  22k|  2 |3767 |  11 | 0.000000e+00 |      --      |    Inf |  12.33%
  182s|  3900 |   315 |  1596k| 408.4 |   341M |  27 |1102 |3364 |2581 |  23k|  0 |3884 |  11 | 0.000000e+00 |      --      |    Inf |  12.39%
  186s|  4000 |   311 |  1640k| 409.1 |   342M |  27 |1102 |3304 |2604 |  23k|  0 |3983 |  11 | 0.000000e+00 |      --      |    Inf |  12.63%
  189s|  4100 |   321 |  1687k| 410.8 |   343M |  27 |1102 |3264 |2720 |  24k|  2 |4079 |  11 | 0.000000e+00 |      --      |    Inf |  13.11%
  192s|  4200 |   321 |  1724k| 409.7 |   344M |  27 |1102 |3146 |2355 |  24k|  2 |4193 |  11 | 0.000000e+00 |      --      |    Inf |  13.77%
  194s|  4300 |   330 |  1757k| 407.9 |   344M |  27 |1102 |3165 |2413 |  25k|  2 |4279 |  11 | 0.000000e+00 |      --      |    Inf |  13.89%
  197s|  4400 |   331 |  1803k| 409.1 |   345M |  27 |1102 |3202 |2434 |  26k|  2 |4395 |  11 | 0.000000e+00 |      --      |    Inf |  14.11%
  201s|  4500 |   380 |  1845k| 409.4 |   347M |  27 |1102 |3113 |2397 |  27k|  2 |4449 |  11 | 0.000000e+00 |      --      |    Inf |  14.71%
  203s|  4600 |   373 |  1884k| 408.8 |   347M |  27 |1102 |3114 |2528 |  27k|  2 |4565 |  11 | 0.000000e+00 |      --      |    Inf |  15.51%
  207s|  4700 |   388 |  1928k| 409.6 |   347M |  27 |1102 |3174 |2441 |  28k|  2 |4668 |  11 | 0.000000e+00 |      --      |    Inf |  15.74%
 time | node  | left  |LP iter|LP it/n|mem/heur|mdpt |vars |cons |rows |cuts |sepa|confs|strbr|  dualbound   | primalbound  |  gap   | compl. 
  213s|  4800 |   376 |  1972k| 410.3 |   347M |  27 |1102 |3170 |2322 |  28k|  2 |4796 |  11 | 0.000000e+00 |      --      |    Inf |  18.39%
  221s|  4900 |   382 |  2013k| 410.3 |   347M |  27 |1102 |3010 |2321 |  29k|  0 |4883 |  11 | 0.000000e+00 |      --      |    Inf |  19.87%
  228s|  5000 |   384 |  2057k| 410.9 |   347M |  27 |1102 |3035 |2377 |  30k|  2 |5005 |  11 | 0.000000e+00 |      --      |    Inf |  20.62%
  233s|  5100 |   381 |  2107k| 412.6 |   348M |  27 |1102 |3010 |2399 |  30k|  0 |5141 |  11 | 0.000000e+00 |      --      |    Inf |  21.21%
  235s|  5200 |   375 |  2145k| 411.9 |   348M |  29 |1102 |3021 |2398 |  31k|  2 |5283 |  11 | 0.000000e+00 |      --      |    Inf |  21.54%
  239s|  5300 |   384 |  2196k| 413.9 |   349M |  29 |1102 |3070 |2738 |  31k|  0 |5404 |  11 | 0.000000e+00 |      --      |    Inf |  21.69%
  242s|  5400 |   384 |  2243k| 414.7 |   349M |  29 |1102 |3197 |2712 |  32k|  2 |5533 |  11 | 0.000000e+00 |      --      |    Inf |  21.70%
  246s|  5500 |   374 |  2295k| 416.6 |   350M |  29 |1102 |3299 |2718 |  32k|  0 |5659 |  11 | 0.000000e+00 |      --      |    Inf |  21.94%
  249s|  5600 |   390 |  2334k| 416.3 |   351M |  29 |1102 |3280 |2443 |  33k|  2 |5755 |  11 | 0.000000e+00 |      --      |    Inf |  22.09%
  251s|  5700 |   395 |  2374k| 416.1 |   351M |  29 |1102 |3315 |2574 |  33k|  0 |5855 |  11 | 0.000000e+00 |      --      |    Inf |  22.16%
  254s|  5800 |   382 |  2414k| 415.7 |   351M |  29 |1102 |3326 |   0 |  34k|  0 |5977 |  11 | 0.000000e+00 |      --      |    Inf |  22.79%
  257s|  5900 |   388 |  2453k| 415.3 |   351M |  29 |1102 |3278 |2405 |  34k|  0 |6072 |  11 | 0.000000e+00 |      --      |    Inf |  23.31%
  260s|  6000 |   382 |  2498k| 415.9 |   351M |  29 |1102 |3373 |2464 |  35k|  1 |6212 |  11 | 0.000000e+00 |      --      |    Inf |  23.49%
  263s|  6100 |   371 |  2544k| 416.6 |   351M |  29 |1102 |3393 |2460 |  36k|  2 |6362 |  11 | 0.000000e+00 |      --      |    Inf |  24.09%
  266s|  6200 |   384 |  2590k| 417.3 |   352M |  29 |1102 |3401 |2365 |  37k|  2 |6466 |  11 | 0.000000e+00 |      --      |    Inf |  24.67%
 time | node  | left  |LP iter|LP it/n|mem/heur|mdpt |vars |cons |rows |cuts |sepa|confs|strbr|  dualbound   | primalbound  |  gap   | compl. 
  269s|  6300 |   394 |  2633k| 417.4 |   352M |  29 |1102 |3487 |2447 |  37k|  2 |6589 |  11 | 0.000000e+00 |      --      |    Inf |  24.70%
  272s|  6400 |   388 |  2679k| 418.1 |   352M |  29 |1102 |3457 |2433 |  38k|  0 |6719 |  11 | 0.000000e+00 |      --      |    Inf |  25.10%
  275s|  6500 |   385 |  2716k| 417.4 |   353M |  29 |1102 |3555 |2580 |  38k|  0 |6848 |  11 | 0.000000e+00 |      --      |    Inf |  25.44%
  278s|  6600 |   386 |  2764k| 418.4 |   353M |  29 |1102 |3567 |2402 |  39k|  0 |6965 |  11 | 0.000000e+00 |      --      |    Inf |  25.65%
  282s|  6700 |   369 |  2807k| 418.5 |   353M |  29 |1102 |3464 |   0 |  39k|  0 |7085 |  11 | 0.000000e+00 |      --      |    Inf |  26.53%
  284s|  6800 |   378 |  2846k| 418.1 |   354M |  29 |1102 |3395 |2409 |  40k|  0 |7201 |  11 | 0.000000e+00 |      --      |    Inf |  27.06%
  287s|  6900 |   379 |  2883k| 417.4 |   354M |  29 |1102 |3457 |   0 |  40k|  0 |7307 |  11 | 0.000000e+00 |      --      |    Inf |  27.38%
  290s|  7000 |   378 |  2929k| 418.0 |   354M |  29 |1102 |3451 |2572 |  41k|  0 |7427 |  11 | 0.000000e+00 |      --      |    Inf |  27.82%
  293s|  7100 |   368 |  2965k| 417.2 |   354M |  29 |1102 |3516 |2446 |  41k|  2 |7544 |  11 | 0.000000e+00 |      --      |    Inf |  28.17%
  296s|  7200 |   363 |  3016k| 418.5 |   354M |  29 |1102 |3594 |2699 |  42k|  2 |7688 |  11 | 0.000000e+00 |      --      |    Inf |  28.42%
  299s|  7300 |   360 |  3066k| 419.6 |   355M |  29 |1102 |3667 |2523 |  42k|  0 |7804 |  11 | 0.000000e+00 |      --      |    Inf |  28.99%
  302s|  7400 |   376 |  3105k| 419.1 |   355M |  29 |1102 |3736 |2530 |  43k|  2 |7915 |  11 | 0.000000e+00 |      --      |    Inf |  29.05%
  310s|  7500 |   360 |  3151k| 419.8 |   355M |  29 |1102 |3762 |2412 |  43k|  2 |8077 |  11 | 0.000000e+00 |      --      |    Inf |  29.26%
  315s|  7600 |   369 |  3198k| 420.5 |   356M |  29 |1102 |3825 |2561 |  44k|  0 |8196 |  11 | 0.000000e+00 |      --      |    Inf |  29.90%
  317s|  7700 |   376 |  3231k| 419.2 |   356M |  29 |1102 |3780 |2433 |  44k|  2 |8300 |  11 | 0.000000e+00 |      --      |    Inf |  30.00%
 time | node  | left  |LP iter|LP it/n|mem/heur|mdpt |vars |cons |rows |cuts |sepa|confs|strbr|  dualbound   | primalbound  |  gap   | compl. 
  320s|  7800 |   370 |  3267k| 418.4 |   356M |  29 |1102 |3920 |2524 |  45k|  2 |8478 |  11 | 0.000000e+00 |      --      |    Inf |  30.01%
  323s|  7900 |   361 |  3315k| 419.2 |   356M |  29 |1102 |3914 |2460 |  45k|  0 |8624 |  11 | 0.000000e+00 |      --      |    Inf |  30.28%
  326s|  8000 |   371 |  3357k| 419.3 |   357M |  29 |1102 |3929 |2402 |  46k|  2 |8749 |  11 | 0.000000e+00 |      --      |    Inf |  30.47%
pressed CTRL-C 1 times (5 times for forcing termination)

SCIP Status        : solving was interrupted [user interrupt]
Solving Time (sec) : 329.00
Solving Nodes      : 8097
Primal Bound       : +1.00000000000000e+20 (0 solutions)
Dual Bound         : +0.00000000000000e+00
Gap                : infinite


no solution available

SCIP> 