
Gurobi 13.0.1 (win64, gurobi_cl) logging started Wed Apr 22 16:47:24 2026

Set parameter WLSAccessID
Set parameter WLSSecret
Set parameter LicenseID to value 2811917
Set parameter LogFile to value "rv2_presolve9r.log"
Using license file C:\Users\artik\gurobi.lic
Academic license 2811917 - for non-commercial use only - registered to ar___@ukma.edu.ua

Gurobi Optimizer version 13.0.1 build v13.0.1rc0 (win64 - Windows 11+.0 (26200.2))
Copyright (c) 2026, Gurobi Optimization, LLC

Error reading LP format file N24_R9_K3_3_26_split_26_fix3B_6_exact_fixrestA_wo_lem_str4_v4.lp at line 9117
Unrecognized variable bound
Neighboring tokens: " tbounds: 116 <= T <= 116 Binary x0_1 "


Error 10012: Unable to read file


Gurobi 13.0.1 (win64, gurobi_cl) logging started Wed Apr 22 16:48:01 2026

Set parameter WLSAccessID
Set parameter WLSSecret
Set parameter LicenseID to value 2811917
Set parameter LogFile to value "rv2_presolve9r.log"
Using license file C:\Users\artik\gurobi.lic
Academic license 2811917 - for non-commercial use only - registered to ar___@ukma.edu.ua

Gurobi Optimizer version 13.0.1 build v13.0.1rc0 (win64 - Windows 11+.0 (26200.2))
Copyright (c) 2026, Gurobi Optimization, LLC

Warning: Numeric variable name in LP file ('0') - often the result
         of a constant term in the left-hand side of a constraint.

Read LP format model from file N24_R9_K3_3_26_split_26_fix3B_6_exact_fixrestA_wo_lem_str4_v4.lp
Reading time = 0.03 seconds
obj: 9046 rows, 2512 columns, 34657 nonzeros

Read MIP start from file rv2_presolve9r_split26_B3_6_FixRestA.mst
Read input file 'rv2_presolve9r_split26_B3_6_FixRestA.mst'

Using Gurobi shared library D:\gurobi\win64\bin\gurobi130.dll

CPU model: 12th Gen Intel(R) Core(TM) i7-12700H, instruction set [SSE2|AVX|AVX2]
Thread count: 14 physical cores, 20 logical processors, using up to 20 threads

Academic license 2811917 - for non-commercial use only - registered to ar___@ukma.edu.ua
Optimize a model with 9046 rows, 2512 columns and 34657 nonzeros (Min)
Model fingerprint: 0xf4746429
Model has 1 linear objective coefficients
Variable types: 1 continuous, 2511 integer (2486 binary)
Coefficient statistics:
  Matrix range     [1e+00, 8e+01]
  Objective range  [1e+00, 1e+00]
  Bounds range     [1e+00, 3e+01]
  RHS range        [1e+00, 8e+01]

User MIP start produced solution with objective 0 (0.01s)
Loaded user MIP start with objective 0


Explored 0 nodes (0 simplex iterations) in 0.01 seconds (0.00 work units)
Thread count was 1 (of 20 available processors)

Solution count 1: 0 

Optimal solution found (tolerance 1.00e-04)
Best objective 0.000000000000e+00, best bound 0.000000000000e+00, gap 0.0000%

Wrote result file 'rv2_presolve9r.sol'

