
Gurobi 13.0.1 (win64, gurobi_cl) logging started Wed Apr 22 16:08:17 2026

Set parameter WLSAccessID
Set parameter WLSSecret
Set parameter LicenseID to value 2811917
Set parameter LogFile to value "gurobi.log"
Using license file C:\Users\artik\gurobi.lic
Academic license 2811917 - for non-commercial use only - registered to ar___@ukma.edu.ua

Gurobi 13.0.1 (win64, gurobi_cl) logging started Wed Apr 22 16:08:53 2026

Set parameter WLSAccessID
Set parameter WLSSecret
Set parameter LicenseID to value 2811917
Set parameter LogFile to value "gurobi.log"
Using license file C:\Users\artik\gurobi.lic
Academic license 2811917 - for non-commercial use only - registered to ar___@ukma.edu.ua

Gurobi Optimizer version 13.0.1 build v13.0.1rc0 (win64 - Windows 11+.0 (26200.2))
Copyright (c) 2026, Gurobi Optimization, LLC

Error reading LP format file N22_R8_K3_0_22_split_22_fix0B_6_exact_fixrestA_wo_lem_str4_v4.lp at line 7048
Unrecognized variable bound
Neighboring tokens: " tbounds: 77 <= T <= 84 Binary x0_1 "


Error 10012: Unable to read file


Gurobi 13.0.1 (win64, gurobi_cl) logging started Wed Apr 22 16:09:30 2026

Set parameter WLSAccessID
Set parameter WLSSecret
Set parameter LicenseID to value 2811917
Set parameter LogFile to value "gurobi.log"
Using license file C:\Users\artik\gurobi.lic
Academic license 2811917 - for non-commercial use only - registered to ar___@ukma.edu.ua

Gurobi Optimizer version 13.0.1 build v13.0.1rc0 (win64 - Windows 11+.0 (26200.2))
Copyright (c) 2026, Gurobi Optimization, LLC

Warning: Numeric variable name in LP file ('0') - often the result
         of a constant term in the left-hand side of a constraint.

Read LP format model from file N22_R8_K3_0_22_split_22_fix0B_6_exact_fixrestA_wo_lem_str4_v4.lp
Reading time = 0.04 seconds
obj: 6981 rows, 1947 columns, 26588 nonzeros

Using Gurobi shared library D:\gurobi\win64\bin\gurobi130.dll

CPU model: 12th Gen Intel(R) Core(TM) i7-12700H, instruction set [SSE2|AVX|AVX2]
Thread count: 14 physical cores, 20 logical processors, using up to 20 threads

Academic license 2811917 - for non-commercial use only - registered to ar___@ukma.edu.ua
Optimize a model with 6981 rows, 1947 columns and 26588 nonzeros (Min)
Model fingerprint: 0x32b6dc42
Model has 1 linear objective coefficients
Variable types: 1 continuous, 1946 integer (1923 binary)
Coefficient statistics:
  Matrix range     [1e+00, 6e+01]
  Objective range  [1e+00, 1e+00]
  Bounds range     [1e+00, 8e+01]
  RHS range        [1e+00, 6e+01]

Presolve removed 3472 rows and 872 columns
Presolve time: 0.04s
Presolved: 3509 rows, 1075 columns, 13580 nonzeros
Variable types: 0 continuous, 1075 integer (1054 binary)

Root relaxation: objective 0.000000e+00, 1492 iterations, 0.07 seconds (0.13 work units)

    Nodes    |    Current Node    |     Objective Bounds      |     Work
 Expl Unexpl |  Obj  Depth IntInf | Incumbent    BestBd   Gap | It/Node Time

     0     0    0.00000    0  215          -    0.00000      -     -    0s
     0     0    0.00000    0  196          -    0.00000      -     -    0s
     0     0    0.00000    0  206          -    0.00000      -     -    0s
     0     0    0.00000    0  183          -    0.00000      -     -    0s
     0     0    0.00000    0  178          -    0.00000      -     -    0s
     0     0    0.00000    0  165          -    0.00000      -     -    0s
     0     0    0.00000    0  157          -    0.00000      -     -    0s
     0     0    0.00000    0  157          -    0.00000      -     -    0s
     0     0    0.00000    0  153          -    0.00000      -     -    0s
     0     0    0.00000    0  166          -    0.00000      -     -    1s
     0     0    0.00000    0  166          -    0.00000      -     -    1s
     0     0    0.00000    0  153          -    0.00000      -     -    1s
     0     0    0.00000    0  161          -    0.00000      -     -    1s
     0     0    0.00000    0  161          -    0.00000      -     -    1s
     0     0    0.00000    0  167          -    0.00000      -     -    1s
     0     0    0.00000    0  161          -    0.00000      -     -    1s
     0     0    0.00000    0  161          -    0.00000      -     -    1s
     0     0    0.00000    0  185          -    0.00000      -     -    1s
     0     0    0.00000    0  185          -    0.00000      -     -    1s
     0     0    0.00000    0  185          -    0.00000      -     -    1s
     0     0    0.00000    0  136          -    0.00000      -     -    1s
     0     2    0.00000    0  135          -    0.00000      -     -    2s
   566   372 infeasible   19               -    0.00000      -   369    5s
  1235   673    0.00000   19  180          -    0.00000      -   379   10s
  2879   969    0.00000   20  209          -    0.00000      -   378   17s
  4470  1164 infeasible   18               -    0.00000      -   392   22s
  5165  1385    0.00000    7  173          -    0.00000      -   400   27s
  5854  1393    0.00000   17  169          -    0.00000      -   400   30s
  6268  1603 infeasible   25               -    0.00000      -   401   35s
  6959  1575 infeasible   31               -    0.00000      -   405   40s
  8794  1358    0.00000   29  181          -    0.00000      -   412   47s
  9849  1024    0.00000   33  170          -    0.00000      -   420   51s
 10122  1026    0.00000   32  165          -    0.00000      -   422   55s
 10887  1109    0.00000   33  145          -    0.00000      -   418   64s
 12200  1205    0.00000   32  140          -    0.00000      -   417   75s
 13490  1406    0.00000   26  233          -    0.00000      -   422   83s
 14983  1411    0.00000   25  197          -    0.00000      -   428   87s
 15018  1471 infeasible   26               -    0.00000      -   429   91s
 15588  1604    0.00000   26  201          -    0.00000      -   428   95s
 18000  1738    0.00000   34  204          -    0.00000      -   433  102s
 19087  1820    0.00000   26  136          -    0.00000      -   431  106s
 21689  1880 infeasible   31               -    0.00000      -   435  112s
 22872  1882 infeasible   38               -    0.00000      -   434  116s
 23188  2019 infeasible   42               -    0.00000      -   435  120s
 25724  2066 infeasible   39               -    0.00000      -   441  127s
 26711  2062 infeasible   35               -    0.00000      -   445  131s
 27360  2046    0.00000   29  182          -    0.00000      -   447  139s
 27981  2004 infeasible   30               -    0.00000      -   450  143s
 29077  2088 infeasible   39               -    0.00000      -   449  148s
 30728  2129 infeasible   32               -    0.00000      -   451  152s
 31085  2127 infeasible   35               -    0.00000      -   452  164s
 32311  2212 infeasible   29               -    0.00000      -   454  176s
 33598  2328 infeasible   25               -    0.00000      -   452  186s
 35236  2313 infeasible   39               -    0.00000      -   454  190s
 38378  2418    0.00000   41  203          -    0.00000      -   459  197s
 39885  2420 infeasible   28               -    0.00000      -   462  201s
 41491  2434 infeasible   37               -    0.00000      -   465  206s
 41903  2365 infeasible   33               -    0.00000      -   465  211s
 43112  2265    0.00000   30  195          -    0.00000      -   468  215s
 44698  2237 infeasible   32               -    0.00000      -   471  220s
 46472  2129 infeasible   42               -    0.00000      -   474  226s
 48376  2070 infeasible   38               -    0.00000      -   476  231s
 49987  1988 infeasible   36               -    0.00000      -   479  237s
 51959  2036 infeasible   36               -    0.00000      -   482  242s
 54025  2080    0.00000   31  198          -    0.00000      -   484  265s
 55335  1760    0.00000   30  240          -    0.00000      -   485  295s
 57715  1401    0.00000   28  241          -    0.00000      -   495  312s
 59838  1233    0.00000   32  196          -    0.00000      -   497  321s
 60608   896    0.00000   25  206          -    0.00000      -   500  333s
 62443   728 infeasible   34               -    0.00000      -   504  344s
 63147   338 infeasible   35               -    0.00000      -   507  356s
 65347   236    0.00000   27  200          -    0.00000      -   514  365s
 67607   130 infeasible   28               -    0.00000      -   513  375s
 68979    38    0.00000   26  262          -    0.00000      -   517  382s
 70073    12    0.00000   34  178          -    0.00000      -   520  387s

Cutting planes:
  Gomory: 8
  Lift-and-project: 1
  Cover: 4
  MIR: 62
  Flow cover: 186
  Inf proof: 1
  Zero half: 111
  RLT: 34
  Relax-and-lift: 9

Explored 70605 nodes (36789972 simplex iterations) in 389.83 seconds (494.15 work units)
Thread count was 20 (of 20 available processors)

Solution count 0

Model is infeasible
Best objective -, best bound -, gap -

Gurobi 13.0.1 (win64, gurobi_cl) logging started Wed Apr 22 16:16:59 2026

Set parameter WLSAccessID
Set parameter WLSSecret
Set parameter LicenseID to value 2811917
Set parameter LogFile to value "gurobi.log"
Using license file C:\Users\artik\gurobi.lic
Academic license 2811917 - for non-commercial use only - registered to ar___@ukma.edu.ua

Gurobi Optimizer version 13.0.1 build v13.0.1rc0 (win64 - Windows 11+.0 (26200.2))
Copyright (c) 2026, Gurobi Optimization, LLC

Warning: Numeric variable name in LP file ('0') - often the result
         of a constant term in the left-hand side of a constraint.

Read LP format model from file N22_R8_K3_0_22_split_22_fix0B_6_exact_fixrestA_wo_lem_str4_v5.lp
Reading time = 0.02 seconds
obj: 6981 rows, 1947 columns, 26588 nonzeros

Using Gurobi shared library D:\gurobi\win64\bin\gurobi130.dll

CPU model: 12th Gen Intel(R) Core(TM) i7-12700H, instruction set [SSE2|AVX|AVX2]
Thread count: 14 physical cores, 20 logical processors, using up to 20 threads

Academic license 2811917 - for non-commercial use only - registered to ar___@ukma.edu.ua
Optimize a model with 6981 rows, 1947 columns and 26588 nonzeros (Min)
Model fingerprint: 0x4ac904ac
Model has 1 linear objective coefficients
Variable types: 1 continuous, 1946 integer (1923 binary)
Coefficient statistics:
  Matrix range     [1e+00, 6e+01]
  Objective range  [1e+00, 1e+00]
  Bounds range     [1e+00, 8e+01]
  RHS range        [1e+00, 6e+01]

Presolve removed 3472 rows and 872 columns
Presolve time: 0.03s
Presolved: 3509 rows, 1075 columns, 13580 nonzeros
Variable types: 0 continuous, 1075 integer (1054 binary)

Root relaxation: objective 0.000000e+00, 1710 iterations, 0.08 seconds (0.16 work units)

    Nodes    |    Current Node    |     Objective Bounds      |     Work
 Expl Unexpl |  Obj  Depth IntInf | Incumbent    BestBd   Gap | It/Node Time

     0     0    0.00000    0  231          -    0.00000      -     -    0s
     0     0    0.00000    0  233          -    0.00000      -     -    0s
     0     0    0.00000    0  228          -    0.00000      -     -    0s
     0     0    0.00000    0  224          -    0.00000      -     -    0s
     0     0    0.00000    0  187          -    0.00000      -     -    0s
     0     0    0.00000    0  186          -    0.00000      -     -    0s
     0     0    0.00000    0  206          -    0.00000      -     -    0s
     0     0    0.00000    0  206          -    0.00000      -     -    0s
     0     0    0.00000    0  191          -    0.00000      -     -    0s
     0     0    0.00000    0  191          -    0.00000      -     -    1s
     0     0    0.00000    0  199          -    0.00000      -     -    1s
     0     0    0.00000    0  234          -    0.00000      -     -    1s
     0     0    0.00000    0  203          -    0.00000      -     -    1s
     0     0    0.00000    0  198          -    0.00000      -     -    1s
     0     0    0.00000    0  201          -    0.00000      -     -    1s
     0     0    0.00000    0  201          -    0.00000      -     -    1s
     0     0    0.00000    0  201          -    0.00000      -     -    1s
     0     0    0.00000    0  201          -    0.00000      -     -    1s
     0     2    0.00000    0  201          -    0.00000      -     -    2s
   421   264    0.00000   19  197          -    0.00000      -   354    5s
  1366   569 infeasible   14               -    0.00000      -   388   11s
  2429   740 infeasible   27               -    0.00000      -   403   15s
  3378  1028    0.00000   16  184          -    0.00000      -   412   21s
  4413  1232    0.00000   12  286          -    0.00000      -   416   27s
  5264  1236    0.00000   17  237          -    0.00000      -   427   30s
  5273  1242    0.00000   16  162          -    0.00000      -   426   35s
  5282  1248    0.00000   28  173          -    0.00000      -   425   40s
  5389  1390    0.00000   23  163          -    0.00000      -   429   45s
  5735  1341    0.00000   35  227          -    0.00000      -   428   51s
  6098  1348    0.00000   26  227          -    0.00000      -   428   56s
  6489  1414    0.00000   28  188          -    0.00000      -   428   61s
  7618  1202    0.00000   28  178          -    0.00000      -   431   66s
  8955   999 infeasible   26               -    0.00000      -   439   73s
 10012  1157 infeasible   34               -    0.00000      -   444   76s
 11336  1298    0.00000   29  222          -    0.00000      -   436   83s
 12698  1341    0.00000   30  164          -    0.00000      -   440   94s
 13038  1424    0.00000   31  164          -    0.00000      -   440  106s
 13953  1535 infeasible   31               -    0.00000      -   442  118s
 15190  1569    0.00000   22  173          -    0.00000      -   441  130s
 15522  1699    0.00000   23  158          -    0.00000      -   442  140s
 17752  2149    0.00000   27  180          -    0.00000      -   445  148s
 19507  2302 infeasible   28               -    0.00000      -   448  152s
 21167  2309 infeasible   37               -    0.00000      -   451  155s
 23108  2650 infeasible   35               -    0.00000      -   452  163s
 24836  2873    0.00000   35  194          -    0.00000      -   454  165s
 28094  3161    0.00000   30  181          -    0.00000      -   457  172s
 29178  3202 infeasible   35               -    0.00000      -   458  177s
 29720  3229    0.00000   38  153          -    0.00000      -   459  180s
 31113  3297 infeasible   42               -    0.00000      -   462  185s
 33056  3411 infeasible   36               -    0.00000      -   462  191s
 35507  3559 infeasible   41               -    0.00000      -   466  198s
 36891  3548 infeasible   41               -    0.00000      -   467  202s
 38252  3549    0.00000   29  145          -    0.00000      -   469  206s
 38309  3560    0.00000   30  165          -    0.00000      -   469  210s
 39497  3570    0.00000   32  144          -    0.00000      -   470  218s
 39868  3646    0.00000   33  189          -    0.00000      -   471  223s
 40952  3633 infeasible   36               -    0.00000      -   474  228s
 42745  3641    0.00000   28  176          -    0.00000      -   474  233s
 43565  3823    0.00000   39  178          -    0.00000      -   475  239s
 45687  3872    0.00000   25  200          -    0.00000      -   476  253s
 47892  3753 infeasible   38               -    0.00000      -   477  288s
 50525  3646 infeasible   34               -    0.00000      -   478  294s
 50794  3551    0.00000   26  175          -    0.00000      -   480  299s
 51989  3343    0.00000   32  236          -    0.00000      -   482  304s
 53409  3150 infeasible   36               -    0.00000      -   489  311s
 54906  2970    0.00000   33  232          -    0.00000      -   491  323s
 56350  2884    0.00000   39  191          -    0.00000      -   494  347s
 56926  2654 infeasible   30               -    0.00000      -   495  371s
 58372  2370    0.00000   35  204          -    0.00000      -   498  387s
 60266  2140 infeasible   38               -    0.00000      -   499  396s
 62354  1702    0.00000   33  213          -    0.00000      -   502  405s
 64154  1341 infeasible   26               -    0.00000      -   507  414s
 66079  1166    0.00000   29  242          -    0.00000      -   509  423s
 66914   804    0.00000   32  233          -    0.00000      -   512  442s
 68834   466 infeasible   38               -    0.00000      -   515  472s
 71000   182    0.00000   40  212          -    0.00000      -   517  485s
 72776    34 infeasible   28               -    0.00000      -   522  493s
 74116     9 infeasible   35               -    0.00000      -   523  498s
 74249     3 infeasible   33               -    0.00000      -   523  503s
 74273     0    0.00000   35  180          -    0.00000      -   523  507s

Cutting planes:
  Gomory: 3
  Lift-and-project: 1
  MIR: 68
  StrongCG: 1
  Flow cover: 230
  Zero half: 90
  RLT: 28
  Relax-and-lift: 10

Explored 74280 nodes (38870232 simplex iterations) in 507.89 seconds (519.74 work units)
Thread count was 20 (of 20 available processors)

Solution count 0

Model is infeasible
Best objective -, best bound -, gap -

Gurobi 13.0.1 (win64, gurobi_cl) logging started Wed Apr 22 16:25:33 2026

Set parameter WLSAccessID
Set parameter WLSSecret
Set parameter LicenseID to value 2811917
Set parameter LogFile to value "gurobi.log"
Using license file C:\Users\artik\gurobi.lic
Academic license 2811917 - for non-commercial use only - registered to ar___@ukma.edu.ua

Gurobi Optimizer version 13.0.1 build v13.0.1rc0 (win64 - Windows 11+.0 (26200.2))
Copyright (c) 2026, Gurobi Optimization, LLC

Warning: Numeric variable name in LP file ('0') - often the result
         of a constant term in the left-hand side of a constraint.

Read LP format model from file N22_R8_K3_0_22_split_22_fix0B_6_exact_fixrestA_wo_lem_str4_v7.lp
Reading time = 0.03 seconds
obj: 6989 rows, 1947 columns, 26644 nonzeros

Using Gurobi shared library D:\gurobi\win64\bin\gurobi130.dll

CPU model: 12th Gen Intel(R) Core(TM) i7-12700H, instruction set [SSE2|AVX|AVX2]
Thread count: 14 physical cores, 20 logical processors, using up to 20 threads

Academic license 2811917 - for non-commercial use only - registered to ar___@ukma.edu.ua
Optimize a model with 6989 rows, 1947 columns and 26644 nonzeros (Min)
Model fingerprint: 0x23ef30fa
Model has 1 linear objective coefficients
Variable types: 1 continuous, 1946 integer (1923 binary)
Coefficient statistics:
  Matrix range     [1e+00, 6e+01]
  Objective range  [1e+00, 1e+00]
  Bounds range     [1e+00, 8e+01]
  RHS range        [1e+00, 6e+01]

Presolve removed 3472 rows and 872 columns
Presolve time: 0.03s
Presolved: 3517 rows, 1075 columns, 13634 nonzeros
Variable types: 0 continuous, 1075 integer (1054 binary)

Root relaxation: objective 0.000000e+00, 1609 iterations, 0.07 seconds (0.14 work units)

    Nodes    |    Current Node    |     Objective Bounds      |     Work
 Expl Unexpl |  Obj  Depth IntInf | Incumbent    BestBd   Gap | It/Node Time

     0     0    0.00000    0  201          -    0.00000      -     -    0s
     0     0    0.00000    0  172          -    0.00000      -     -    0s
     0     0    0.00000    0  175          -    0.00000      -     -    0s
     0     0    0.00000    0  186          -    0.00000      -     -    0s
     0     0    0.00000    0  186          -    0.00000      -     -    0s
     0     0    0.00000    0  183          -    0.00000      -     -    0s
     0     0    0.00000    0  188          -    0.00000      -     -    0s
     0     0    0.00000    0  154          -    0.00000      -     -    0s
     0     0    0.00000    0  154          -    0.00000      -     -    0s
     0     0    0.00000    0  193          -    0.00000      -     -    0s
     0     0    0.00000    0  184          -    0.00000      -     -    1s
     0     0    0.00000    0  184          -    0.00000      -     -    1s
     0     0    0.00000    0  174          -    0.00000      -     -    1s
     0     0    0.00000    0  174          -    0.00000      -     -    1s
     0     0    0.00000    0  179          -    0.00000      -     -    1s
     0     0    0.00000    0  184          -    0.00000      -     -    1s
     0     0    0.00000    0  184          -    0.00000      -     -    1s
     0     0    0.00000    0  184          -    0.00000      -     -    1s
     0     0    0.00000    0  184          -    0.00000      -     -    1s
     0     2    0.00000    0  160          -    0.00000      -     -    2s
   707   374 infeasible   22               -    0.00000      -   381    5s
  1172   407    0.00000   14  194          -    0.00000      -   388   10s
  2359   730    0.00000   18  185          -    0.00000      -   379   15s
  3423   884 infeasible   22               -    0.00000      -   392   20s
  6055  1187    0.00000   22  158          -    0.00000      -   398   26s
  7729  1270 infeasible   22               -    0.00000      -   401   30s
  9040  1335    0.00000   19  209          -    0.00000      -   409   35s
  9057  1349    0.00000   14  148          -    0.00000      -   411   40s
  9969  1462    0.00000   32  197          -    0.00000      -   411   46s
 10911  1302    0.00000   35  211          -    0.00000      -   416   52s
 11925  1197 infeasible   43               -    0.00000      -   412   57s
 12841   973    0.00000   34  188          -    0.00000      -   407   61s
 13897   948 infeasible   32               -    0.00000      -   405   65s
 15451  1112 infeasible   33               -    0.00000      -   408   73s
 16821  1124 infeasible   41               -    0.00000      -   414   77s
 17194  1153 infeasible   42               -    0.00000      -   413   82s
 18085  1248    0.00000   43  170          -    0.00000      -   411   86s
 19274  1262 infeasible   46               -    0.00000      -   408   91s
 20024  1380    0.00000   48  198          -    0.00000      -   407   95s
 21044  1508 infeasible   34               -    0.00000      -   405  100s
 23921  1855    0.00000   30  181          -    0.00000      -   410  108s
 25506  1926    0.00000   27  209          -    0.00000      -   416  111s
 27754  2079    0.00000   47  151          -    0.00000      -   423  117s
 29916  2113    0.00000   39  195          -    0.00000      -   429  122s
 30922  2106 infeasible   47               -    0.00000      -   432  125s
 31294  2134    0.00000   36  214          -    0.00000      -   433  131s
 32736  2218    0.00000   38  192          -    0.00000      -   437  137s
 33678  2163    0.00000   39  202          -    0.00000      -   439  140s
 35883  2084    0.00000   35  169          -    0.00000      -   445  147s
 36973  2158    0.00000   31  188          -    0.00000      -   448  150s
 37908  2270    0.00000   29  147          -    0.00000      -   449  159s
 38796  2301    0.00000   35  163          -    0.00000      -   450  163s
 39971  2360    0.00000   31  197          -    0.00000      -   453  167s
 41190  2394    0.00000   42  178          -    0.00000      -   455  171s
 42704  2362 infeasible   33               -    0.00000      -   458  176s
 44330  2355    0.00000   38  215          -    0.00000      -   460  180s
 47654  2443    0.00000   27  233          -    0.00000      -   465  198s
 48793  2231    0.00000   31  229          -    0.00000      -   466  206s
 50601  1923 infeasible   41               -    0.00000      -   474  214s
 52465  1779 infeasible   31               -    0.00000      -   475  223s
 53095  1412 infeasible   35               -    0.00000      -   477  232s
 54938  1048    0.00000   30  217          -    0.00000      -   486  242s
 56996   690    0.00000   37  245          -    0.00000      -   495  251s
 59205   412 infeasible   33               -    0.00000      -   495  260s
 61445   208 infeasible   32               -    0.00000      -   503  268s
 63501   141    0.00000   33  235          -    0.00000      -   509  278s
 64080   104 infeasible   34               -    0.00000      -   511  286s
 65031    47 infeasible   30               -    0.00000      -   513  292s
 65566    10 infeasible   33               -    0.00000      -   513  298s
 65857     3 infeasible   37               -    0.00000      -   514  303s

Cutting planes:
  Gomory: 5
  Lift-and-project: 2
  Cover: 1
  MIR: 64
  Flow cover: 186
  Zero half: 82
  RLT: 42
  Relax-and-lift: 17

Explored 65925 nodes (33875111 simplex iterations) in 303.44 seconds (463.65 work units)
Thread count was 20 (of 20 available processors)

Solution count 0

Model is infeasible
Best objective -, best bound -, gap -
