
Gurobi 13.0.1 (win64, gurobi_cl) logging started Wed Apr 22 17:12:11 2026

Set parameter WLSAccessID
Set parameter WLSSecret
Set parameter LicenseID to value 2811917
Set parameter Heuristics to value 0
Set parameter MIPFocus to value 3
Set parameter Symmetry to value 2
Set parameter Cuts to value 3
Set parameter LogFile to value "N22_R8_K3_0_22_split_22_fix0B_6_exact_fixrestA_wo_lem_str4_v7.log"
Set parameter Presolve to value 2
Using license file C:\Users\artik\gurobi.lic
Academic license 2811917 - for non-commercial use only - registered to ar___@ukma.edu.ua

Gurobi Optimizer version 13.0.1 build v13.0.1rc0 (win64 - Windows 11+.0 (26200.2))
Copyright (c) 2026, Gurobi Optimization, LLC

Warning: Numeric variable name in LP file ('0') - often the result
         of a constant term in the left-hand side of a constraint.

Read LP format model from file N22_R8_K3_0_22_split_22_fix0B_6_exact_fixrestA_wo_lem_str4_v7.lp
Reading time = 0.01 seconds
obj: 6989 rows, 1947 columns, 26644 nonzeros

Using Gurobi shared library D:\gurobi\win64\bin\gurobi130.dll

CPU model: 12th Gen Intel(R) Core(TM) i7-12700H, instruction set [SSE2|AVX|AVX2]
Thread count: 14 physical cores, 20 logical processors, using up to 20 threads

Non-default parameters:
Heuristics  0
MIPFocus  3
Symmetry  2
Cuts  3
Presolve  2

Academic license 2811917 - for non-commercial use only - registered to ar___@ukma.edu.ua
Optimize a model with 6989 rows, 1947 columns and 26644 nonzeros (Min)
Model fingerprint: 0x23ef30fa
Model has 1 linear objective coefficients
Variable types: 1 continuous, 1946 integer (1923 binary)
Coefficient statistics:
  Matrix range     [1e+00, 6e+01]
  Objective range  [1e+00, 1e+00]
  Bounds range     [1e+00, 8e+01]
  RHS range        [1e+00, 6e+01]

Presolve removed 3472 rows and 872 columns
Presolve time: 0.05s
Presolved: 3517 rows, 1075 columns, 13775 nonzeros
Variable types: 0 continuous, 1075 integer (1054 binary)
Root relaxation presolve removed 285 rows and 138 columns
Root relaxation presolved: 3232 rows, 943 columns, 12807 nonzeros


Root relaxation: objective 0.000000e+00, 1040 iterations, 0.05 seconds (0.10 work units)

    Nodes    |    Current Node    |     Objective Bounds      |     Work
 Expl Unexpl |  Obj  Depth IntInf | Incumbent    BestBd   Gap | It/Node Time

     0     0    0.00000    0  161          -    0.00000      -     -    0s
     0     0    0.00000    0  173          -    0.00000      -     -    0s
     0     0    0.00000    0  172          -    0.00000      -     -    0s
     0     0    0.00000    0  204          -    0.00000      -     -    0s
     0     0    0.00000    0  214          -    0.00000      -     -    0s
     0     0    0.00000    0  172          -    0.00000      -     -    1s
     0     0    0.00000    0  184          -    0.00000      -     -    1s
     0     0    0.00000    0  212          -    0.00000      -     -    1s
     0     0    0.00000    0  204          -    0.00000      -     -    1s
     0     0    0.00000    0  186          -    0.00000      -     -    1s
     0     0    0.00000    0  177          -    0.00000      -     -    2s
     0     0    0.00000    0  177          -    0.00000      -     -    2s
     0     0    0.00000    0  177          -    0.00000      -     -    2s
     0     0    0.00000    0  177          -    0.00000      -     -    2s
     0     2    0.00000    0  110          -    0.00000      -     -    2s
   234   295    0.00000   13  199          -    0.00000      -   392    5s
   937   469 infeasible   24               -    0.00000      -   470   10s
  1668   641    0.00000   19  186          -    0.00000      -   532   16s
  2146   673 infeasible   29               -    0.00000      -   534   20s
  3143   739    0.00000   10  164          -    0.00000      -   551   29s
  3732   794 infeasible   15               -    0.00000      -   557   34s
  4381   808    0.00000   25  228          -    0.00000      -   556   39s
  5107   855    0.00000   29  195          -    0.00000      -   556   44s
  5766   862 infeasible   25               -    0.00000      -   556   48s
  6397   882    0.00000   16  276          -    0.00000      -   554   52s
  7001   886 infeasible   27               -    0.00000      -   564   57s
  7593   904    0.00000   17  192          -    0.00000      -   570   62s
  8255   890    0.00000   14  204          -    0.00000      -   576   66s
  8869   868    0.00000   19  237          -    0.00000      -   580   71s
  9465   941    0.00000   17  204          -    0.00000      -   589   77s
 10241   943    0.00000   13  157          -    0.00000      -   587   80s
 10248   948    0.00000   26  197          -    0.00000      -   586   85s
 10509  1117 infeasible   26               -    0.00000      -   587   91s
 10908  1069 infeasible   32               -    0.00000      -   591   97s
 11234  1016 infeasible   30               -    0.00000      -   593  101s
 11595   916    0.00000   29  263          -    0.00000      -   594  105s
 12278   694    0.00000   24  233          -    0.00000      -   598  110s
 12695   601 infeasible   32               -    0.00000      -   602  119s
 13034   476 infeasible   32               -    0.00000      -   602  125s
 13389   474 infeasible   26               -    0.00000      -   605  130s
 13796   535    0.00000   24  329          -    0.00000      -   607  135s
 14296   551 infeasible   37               -    0.00000      -   608  141s
 14771   568    0.00000   32  196          -    0.00000      -   613  148s
 15220   556 infeasible   32               -    0.00000      -   615  155s
 15689   550    0.00000   27  250          -    0.00000      -   617  162s
 16205   574 infeasible   32               -    0.00000      -   618  168s
 16767   580    0.00000   40  288          -    0.00000      -   620  175s
 17457   586    0.00000   33  230          -    0.00000      -   620  183s
 18162   538    0.00000   29  220          -    0.00000      -   620  190s
 18780   511 infeasible   25               -    0.00000      -   622  196s
 19343   471    0.00000   31  210          -    0.00000      -   625  202s
 19747   473 infeasible   35               -    0.00000      -   627  208s
 20286   473    0.00000   29  210          -    0.00000      -   630  214s
 20825   440    0.00000   27  334          -    0.00000      -   630  219s
 21238   431 infeasible   25               -    0.00000      -   630  225s
 21727   424    0.00000   29  226          -    0.00000      -   630  231s
 22224   449    0.00000   28  281          -    0.00000      -   631  237s
 22824   491 infeasible   33               -    0.00000      -   630  243s
 23390   533 infeasible   29               -    0.00000      -   630  249s
 23980   491 infeasible   33               -    0.00000      -   630  256s
 24402   459 infeasible   36               -    0.00000      -   632  266s
 25145   419 infeasible   37               -    0.00000      -   632  275s
 25865   380 infeasible   37               -    0.00000      -   632  284s
 26495   350 infeasible   31               -    0.00000      -   633  293s
 27251   355    0.00000   27  226          -    0.00000      -   633  302s
 28012   398    0.00000   29  224          -    0.00000      -   633  311s
 28921   383 infeasible   38               -    0.00000      -   632  320s

Cutting planes:
  Gomory: 9
  Lift-and-project: 10
  Cover: 7
  Clique: 7
  MIR: 227
  StrongCG: 99
  Flow cover: 479
  Zero half: 2056
  RLT: 407
  Relax-and-lift: 161

Explored 29790 nodes (18867257 simplex iterations) in 322.63 seconds (481.38 work units)
Thread count was 20 (of 20 available processors)

Solution count 0

Solve interrupted
Best objective -, best bound 0.000000000000e+00, gap -

No solution available


Gurobi 13.0.1 (win64, gurobi_cl) logging started Wed Apr 22 17:17:47 2026

Set parameter WLSAccessID
Set parameter WLSSecret
Set parameter LicenseID to value 2811917
Set parameter Heuristics to value 0
Set parameter Symmetry to value 2
Set parameter Cuts to value 3
Set parameter LogFile to value "N22_R8_K3_0_22_split_22_fix0B_6_exact_fixrestA_wo_lem_str4_v7.log"
Set parameter Presolve to value 2
Using license file C:\Users\artik\gurobi.lic
Academic license 2811917 - for non-commercial use only - registered to ar___@ukma.edu.ua

Gurobi Optimizer version 13.0.1 build v13.0.1rc0 (win64 - Windows 11+.0 (26200.2))
Copyright (c) 2026, Gurobi Optimization, LLC

Warning: Numeric variable name in LP file ('0') - often the result
         of a constant term in the left-hand side of a constraint.

Read LP format model from file N22_R8_K3_0_22_split_22_fix0B_6_exact_fixrestA_wo_lem_str4_v7.lp
Reading time = 0.01 seconds
obj: 6989 rows, 1947 columns, 26644 nonzeros

Using Gurobi shared library D:\gurobi\win64\bin\gurobi130.dll

CPU model: 12th Gen Intel(R) Core(TM) i7-12700H, instruction set [SSE2|AVX|AVX2]
Thread count: 14 physical cores, 20 logical processors, using up to 20 threads

Non-default parameters:
Heuristics  0
Symmetry  2
Cuts  3
Presolve  2

Academic license 2811917 - for non-commercial use only - registered to ar___@ukma.edu.ua
Optimize a model with 6989 rows, 1947 columns and 26644 nonzeros (Min)
Model fingerprint: 0x23ef30fa
Model has 1 linear objective coefficients
Variable types: 1 continuous, 1946 integer (1923 binary)
Coefficient statistics:
  Matrix range     [1e+00, 6e+01]
  Objective range  [1e+00, 1e+00]
  Bounds range     [1e+00, 8e+01]
  RHS range        [1e+00, 6e+01]

Presolve removed 3472 rows and 872 columns
Presolve time: 0.05s
Presolved: 3517 rows, 1075 columns, 13775 nonzeros
Variable types: 0 continuous, 1075 integer (1054 binary)
Root relaxation presolve removed 285 rows and 138 columns
Root relaxation presolved: 3232 rows, 943 columns, 12807 nonzeros


Root relaxation: objective 0.000000e+00, 1040 iterations, 0.05 seconds (0.10 work units)

    Nodes    |    Current Node    |     Objective Bounds      |     Work
 Expl Unexpl |  Obj  Depth IntInf | Incumbent    BestBd   Gap | It/Node Time

     0     0    0.00000    0  161          -    0.00000      -     -    0s
     0     0    0.00000    0  173          -    0.00000      -     -    0s
     0     0    0.00000    0  172          -    0.00000      -     -    0s
     0     0    0.00000    0  225          -    0.00000      -     -    0s
     0     0    0.00000    0  193          -    0.00000      -     -    0s
     0     0    0.00000    0  193          -    0.00000      -     -    1s
     0     0    0.00000    0  183          -    0.00000      -     -    1s
     0     0    0.00000    0  183          -    0.00000      -     -    1s
     0     0    0.00000    0  175          -    0.00000      -     -    1s
     0     0    0.00000    0  201          -    0.00000      -     -    1s
     0     0    0.00000    0  196          -    0.00000      -     -    1s
     0     0    0.00000    0  196          -    0.00000      -     -    1s
     0     0    0.00000    0  196          -    0.00000      -     -    1s
     0     0    0.00000    0  196          -    0.00000      -     -    2s
     0     2    0.00000    0  196          -    0.00000      -     -    2s
   435   251    0.00000   26  207          -    0.00000      -   474    5s
  1227   410 infeasible   13               -    0.00000      -   538   10s
  1869   534 infeasible   20               -    0.00000      -   582   15s
  2738   662 infeasible   17               -    0.00000      -   568   21s
  3291   692 infeasible    6               -    0.00000      -   568   25s
  3885   707    0.00000   14  203          -    0.00000      -   565   30s
  4476   678    0.00000   17  281          -    0.00000      -   564   35s
  4921   703 infeasible   19               -    0.00000      -   574   40s
  6216   760 infeasible   14               -    0.00000      -   587   49s
  6851   772 infeasible   17               -    0.00000      -   585   54s
  7447   776 infeasible   16               -    0.00000      -   586   59s
  8071   798    0.00000   12  218          -    0.00000      -   587   64s
  8683   788    0.00000   20  227          -    0.00000      -   587   69s
  9211   802 infeasible   19               -    0.00000      -   590   74s
  9829   796 infeasible   14               -    0.00000      -   596   79s
 10489   808 infeasible   17               -    0.00000      -   597   84s
 11107   793 infeasible   13               -    0.00000      -   597   90s
 11698   825 infeasible   13               -    0.00000      -   600   95s
 12426   812 infeasible   12               -    0.00000      -   599  100s
 13125   803 infeasible   22               -    0.00000      -   598  106s
 13722   818    0.00000   20  252          -    0.00000      -   599  111s
 14403   817 infeasible   22               -    0.00000      -   598  116s
 15044   812 infeasible   23               -    0.00000      -   599  122s
 15687   813 infeasible   18               -    0.00000      -   600  128s
 16386   762 infeasible   18               -    0.00000      -   599  133s
 17121   764    0.00000   19  207          -    0.00000      -   598  139s
 17805   758    0.00000   13  211          -    0.00000      -   598  145s
 18535   714    0.00000   12  293          -    0.00000      -   597  150s
 19233   676 infeasible   21               -    0.00000      -   597  156s
 19931   684 infeasible   19               -    0.00000      -   597  163s
 20658   685    0.00000   15  196          -    0.00000      -   597  165s
 20667   691    0.00000   14  218          -    0.00000      -   596  170s
 21039   813    0.00000   23  203          -    0.00000      -   596  175s
 21717   718 infeasible   30               -    0.00000      -   595  181s
 22317   571    0.00000   35  236          -    0.00000      -   596  186s
 22651   476    0.00000   31  230          -    0.00000      -   596  190s
 23389   503 infeasible   27               -    0.00000      -   598  197s
 23764   498    0.00000   30  240          -    0.00000      -   599  201s
 24179   550    0.00000   29  204          -    0.00000      -   600  206s
 24623   579 infeasible   37               -    0.00000      -   601  211s
 25094   582    0.00000   26  185          -    0.00000      -   603  216s
 25591   568    0.00000   33  263          -    0.00000      -   604  221s
 26025   613 infeasible   31               -    0.00000      -   606  227s
 26538   644 infeasible   33               -    0.00000      -   607  232s
 27087   634    0.00000   28  245          -    0.00000      -   607  239s
 27649   657 infeasible   34               -    0.00000      -   607  245s
 28216   656 infeasible   25               -    0.00000      -   608  251s
 28759   657 infeasible   28               -    0.00000      -   609  258s
 29243   638    0.00000   38  240          -    0.00000      -   610  263s
 29778   614 infeasible   28               -    0.00000      -   614  270s
 30258   610    0.00000   29  353          -    0.00000      -   615  276s
 30776   599 infeasible   39               -    0.00000      -   615  282s
 31311   581 infeasible   38               -    0.00000      -   616  289s
 31794   588 infeasible   30               -    0.00000      -   617  295s
 32263   578 infeasible   30               -    0.00000      -   618  302s
 32713   584    0.00000   35  243          -    0.00000      -   619  308s
 33239   560    0.00000   29  233          -    0.00000      -   619  310s

Cutting planes:
  Gomory: 10
  Lift-and-project: 14
  Cover: 13
  Implied bound: 3
  Clique: 12
  MIR: 248
  Mixing: 1
  StrongCG: 94
  Flow cover: 456
  GUB cover: 2
  Zero half: 1996
  RLT: 665
  Relax-and-lift: 305

Explored 33389 nodes (20693351 simplex iterations) in 310.86 seconds (490.18 work units)
Thread count was 20 (of 20 available processors)

Solution count 0

Solve interrupted
Best objective -, best bound 0.000000000000e+00, gap -

No solution available

