
Gurobi 13.0.1 (win64, gurobi_cl) logging started Thu Apr 23 00:38:52 2026

Set parameter WLSAccessID
Set parameter WLSSecret
Set parameter LicenseID to value 2811917
Set parameter LogFile to value "N22_R8_K3_0_22_split_22_fix0B_6_exact_fixrestA_mat_str4_v7.log"
Using license file C:\Users\artik\gurobi.lic
Academic license 2811917 - for non-commercial use only - registered to ar___@ukma.edu.ua

Gurobi Optimizer version 13.0.1 build v13.0.1rc0 (win64 - Windows 11+.0 (26200.2))
Copyright (c) 2026, Gurobi Optimization, LLC

Warning: Numeric variable name in LP file ('0') - often the result
         of a constant term in the left-hand side of a constraint.

Read LP format model from file N22_R8_K3_0_22_split_22_fix0B_6_exact_fixrestA_mat_str4_v7.lp
Reading time = 0.01 seconds
obj: 6634 rows, 2301 columns, 27466 nonzeros

Using Gurobi shared library D:\gurobi\win64\bin\gurobi130.dll

CPU model: 12th Gen Intel(R) Core(TM) i7-12700H, instruction set [SSE2|AVX|AVX2]
Thread count: 14 physical cores, 20 logical processors, using up to 20 threads

Academic license 2811917 - for non-commercial use only - registered to ar___@ukma.edu.ua
Optimize a model with 6634 rows, 2301 columns and 27466 nonzeros (Min)
Model fingerprint: 0x4da0a14c
Model has 1 linear objective coefficients
Variable types: 1 continuous, 2300 integer (2277 binary)
Coefficient statistics:
  Matrix range     [1e+00, 2e+01]
  Objective range  [1e+00, 1e+00]
  Bounds range     [1e+00, 8e+01]
  RHS range        [1e+00, 5e+01]

Presolve removed 3338 rows and 1042 columns
Presolve time: 0.02s
Presolved: 3296 rows, 1259 columns, 13820 nonzeros
Variable types: 0 continuous, 1259 integer (1238 binary)

Root relaxation: objective 0.000000e+00, 1183 iterations, 0.05 seconds (0.10 work units)

    Nodes    |    Current Node    |     Objective Bounds      |     Work
 Expl Unexpl |  Obj  Depth IntInf | Incumbent    BestBd   Gap | It/Node Time

     0     0    0.00000    0  228          -    0.00000      -     -    0s
     0     0    0.00000    0  278          -    0.00000      -     -    0s
     0     0    0.00000    0  275          -    0.00000      -     -    0s
     0     0    0.00000    0  280          -    0.00000      -     -    0s
     0     0    0.00000    0  250          -    0.00000      -     -    0s
     0     0    0.00000    0  224          -    0.00000      -     -    0s
     0     0    0.00000    0  272          -    0.00000      -     -    1s
     0     0    0.00000    0  272          -    0.00000      -     -    1s
     0     0    0.00000    0  259          -    0.00000      -     -    1s
     0     0    0.00000    0  334          -    0.00000      -     -    1s
     0     0    0.00000    0  260          -    0.00000      -     -    1s
     0     0    0.00000    0  260          -    0.00000      -     -    1s
     0     0    0.00000    0  260          -    0.00000      -     -    1s
     0     2    0.00000    0  260          -    0.00000      -     -    2s
   213   202    0.00000   11  191          -    0.00000      -   385    5s
   825   452 infeasible   15               -    0.00000      -   394   10s
  1856   703 infeasible   25               -    0.00000      -   433   15s
  2564   753    0.00000   32  233          -    0.00000      -   440   22s
  2770   805    0.00000   33  226          -    0.00000      -   443   27s
  3058   859 infeasible   35               -    0.00000      -   464   31s
  3492   944 infeasible   34               -    0.00000      -   467   35s
  4161  1105 infeasible   35               -    0.00000      -   470   40s
  5926  1251    0.00000   18  260          -    0.00000      -   500   45s
  5940  1260    0.00000   18  282          -    0.00000      -   498   50s
  6597  1401    0.00000   29  253          -    0.00000      -   500   55s
  7035  1298 infeasible   28               -    0.00000      -   497   61s
  7583  1203    0.00000   28  200          -    0.00000      -   499   67s
  7857  1212 infeasible   38               -    0.00000      -   506   70s
  9374   954 infeasible   41               -    0.00000      -   498   77s
 10317   894    0.00000   22  261          -    0.00000      -   500   81s
 10775   966    0.00000   29  232          -    0.00000      -   499   85s
 11723  1036 infeasible   29               -    0.00000      -   490   90s
 14343  1168    0.00000   40  227          -    0.00000      -   477   99s
 15689  1172 infeasible   42               -    0.00000      -   473  103s
 15933  1185 infeasible   41               -    0.00000      -   474  108s
 16738  1247    0.00000   31  275          -    0.00000      -   477  113s
 17788  1345    0.00000   27  209          -    0.00000      -   475  118s
 18853  1432    0.00000   25  221          -    0.00000      -   473  123s
 19836  1471 infeasible   34               -    0.00000      -   476  129s
 20991  1521    0.00000   33  212          -    0.00000      -   479  134s
 22159  1534 infeasible   42               -    0.00000      -   481  138s
 22314  1518    0.00000   20  210          -    0.00000      -   482  144s
 23212  1528    0.00000   21  205          -    0.00000      -   483  149s
 24429  1595    0.00000   22  195          -    0.00000      -   485  154s
 25726  1649 infeasible   28               -    0.00000      -   486  159s
 27096  1659    0.00000   46  219          -    0.00000      -   488  163s
 28154  1658 infeasible   40               -    0.00000      -   491  167s
 29231  1704    0.00000   26  234          -    0.00000      -   492  171s
 30281  1830    0.00000   35  197          -    0.00000      -   494  175s
 32581  1874    0.00000   21  241          -    0.00000      -   497  183s
 33703  1856    0.00000   28  205          -    0.00000      -   499  187s
 33811  1845 infeasible   29               -    0.00000      -   499  191s
 34098  1848    0.00000   37  199          -    0.00000      -   500  196s
 34719  1842 infeasible   29               -    0.00000      -   499  201s
 35485  1831 infeasible   25               -    0.00000      -   501  207s
 36362  1811 infeasible   30               -    0.00000      -   501  212s
 37342  1843 infeasible   26               -    0.00000      -   503  218s
 38596  1878    0.00000   21  265          -    0.00000      -   503  224s
 40007  1852 infeasible   27               -    0.00000      -   503  230s
 41387  1885    0.00000   44  234          -    0.00000      -   503  235s
 43234  1912    0.00000   36  237          -    0.00000      -   501  242s
 45047  1847    0.00000   27  245          -    0.00000      -   501  248s
 46882  1808 infeasible   29               -    0.00000      -   502  255s
 48767  1763 infeasible   35               -    0.00000      -   504  262s
 50656  1728 infeasible   31               -    0.00000      -   504  269s
 52553  1708    0.00000   35  229          -    0.00000      -   505  276s
 52883  1614 infeasible   27               -    0.00000      -   505  284s
 54045  1544    0.00000   37  280          -    0.00000      -   506  292s
 55639  1405 infeasible   32               -    0.00000      -   505  301s
 57242  1221    0.00000   26  222          -    0.00000      -   506  311s
 59552  1029    0.00000   16  235          -    0.00000      -   507  320s
 61750  1004 infeasible   33               -    0.00000      -   509  328s
 62555   937 infeasible   26               -    0.00000      -   508  337s
 64650   962    0.00000   26  220          -    0.00000      -   506  347s
Exploring 50000 nodes in MinRel heuristic
MinRel: 0 nodes explored, relaxation 3.30e+01, total elapsed time 350s
MinRel: 163 nodes explored, relaxation 1.30e+01, total elapsed time 355s
No solution found by MinRel heuristic

Explored 66773 nodes (33882227 simplex iterations) in 356.99 seconds (509.03 work units)
Thread count was 20 (of 20 available processors)

Solution count 0

Solve interrupted
Best objective -, best bound 0.000000000000e+00, gap -

No solution available

