SCIP version 10.0.1 [precision: 8 byte] [memory: block] [mode: optimized] [LP solver: SoPlex 8.0.1] [GitHash: 76a50c97d6]
Copyright (c) 2002-2026 Zuse Institute Berlin (ZIB)

External libraries: 
  SoPlex 8.0.1         Linear programming solver developed at Zuse Institute Berlin (soplex.zib.de) [GitHash: c69290aa]
  CppAD 20180000.0     Algorithmic Differentiation of C++ algorithms developed by B. Bell (github.com/coin-or/CppAD)
  ZLIB 1.3.1           General purpose compression library by J. Gailly and M. Adler (zlib.net)
  MPFR 4.2.2           GNU Multiple Precision Floating-Point Reliable Library (mpfr.org)
  Boost 1.89.0         Boost C++ Libraries (boost.org)
  TinyCThread 1.2      small portable implementation of the C11 threads API (tinycthread.github.io)
  GMP 6.3.0            GNU Multiple Precision Arithmetic Library developed by T. Granlund (gmplib.org)
  ZIMPL 3.7.0          Zuse Institute Mathematical Programming Language developed by T. Koch (zimpl.zib.de)
  AMPL/MP 4.0.4        AMPL .nl file reader library (github.com/ampl/mp)
  PaPILO 3.0.0         parallel presolve for integer and linear optimization (github.com/scipopt/papilo) (built with TBB) [GitHash: 4cbdc327]
  Nauty 2.8.8          Computing Graph Automorphism Groups by Brendan D. McKay (users.cecs.anu.edu.au/~bdm/nauty)
  sassy 2.0            Symmetry preprocessor by Markus Anders (github.com/markusa4/sassy)
  Ipopt 3.14.19        Interior Point Optimizer developed by A. Waechter et.al. (github.com/coin-or/Ipopt)

user parameter file <scip.set> not found - using default parameters


read problem <N20_R9_K3_4_23_split_23_fix4B_7_exact_fixrestA_wo_lem_str4_v8.lp>
============

original problem has 1469 variables (1448 bin, 21 int, 0 cont) and 5200 constraints

presolving:
(round 1, fast)       301 del vars, 1288 del conss, 0 add conss, 326 chg bounds, 109 chg sides, 218 chg coeffs, 0 upgd conss, 0 impls, 2592 clqs, 0 implints
(round 2, fast)       301 del vars, 1346 del conss, 0 add conss, 336 chg bounds, 212 chg sides, 424 chg coeffs, 0 upgd conss, 0 impls, 2592 clqs, 0 implints
(round 3, fast)       301 del vars, 1346 del conss, 0 add conss, 344 chg bounds, 264 chg sides, 531 chg coeffs, 0 upgd conss, 0 impls, 2592 clqs, 0 implints
(round 4, fast)       301 del vars, 1346 del conss, 0 add conss, 350 chg bounds, 303 chg sides, 612 chg coeffs, 0 upgd conss, 0 impls, 2592 clqs, 0 implints
(round 5, fast)       301 del vars, 1346 del conss, 0 add conss, 354 chg bounds, 331 chg sides, 673 chg coeffs, 0 upgd conss, 0 impls, 2592 clqs, 0 implints
(round 6, fast)       301 del vars, 1346 del conss, 0 add conss, 356 chg bounds, 345 chg sides, 707 chg coeffs, 0 upgd conss, 0 impls, 2592 clqs, 0 implints
   (1.0s) running MILP presolver
   (1.0s) MILP presolver (2 rounds): 72 aggregations, 0 fixings, 0 bound changes
(round 7, medium)     373 del vars, 1346 del conss, 0 add conss, 356 chg bounds, 348 chg sides, 719 chg coeffs, 0 upgd conss, 0 impls, 2448 clqs, 0 implints
(round 8, fast)       373 del vars, 1490 del conss, 0 add conss, 356 chg bounds, 348 chg sides, 719 chg coeffs, 0 upgd conss, 0 impls, 2448 clqs, 2 implints
(round 9, exhaustive) 373 del vars, 1512 del conss, 0 add conss, 356 chg bounds, 359 chg sides, 719 chg coeffs, 0 upgd conss, 0 impls, 2448 clqs, 2 implints
(round 10, exhaustive) 373 del vars, 1512 del conss, 0 add conss, 356 chg bounds, 359 chg sides, 719 chg coeffs, 3438 upgd conss, 0 impls, 2448 clqs, 2 implints
(round 11, exhaustive) 373 del vars, 4776 del conss, 816 add conss, 356 chg bounds, 359 chg sides, 719 chg coeffs, 3438 upgd conss, 0 impls, 2448 clqs, 2 implints
(round 12, exhaustive) 373 del vars, 4776 del conss, 816 add conss, 356 chg bounds, 359 chg sides, 872 chg coeffs, 3438 upgd conss, 0 impls, 2448 clqs, 2 implints
   (1.0s) probing: 160/1078 (14.8%) - 0 fixings, 0 aggregations, 1216 implications, 0 bound changes
   (1.0s) probing aborted: 50/50 successive totally useless probings
   (1.0s) symmetry computation started: requiring (bin +, int +, cont +), (fixed: bin -, int -, cont -)
   (1.0s) no symmetry present (symcode time: 0.00)
presolving (13 rounds: 13 fast, 6 medium, 5 exhaustive):
 373 deleted vars, 4776 deleted constraints, 816 added constraints, 356 tightened bounds, 0 added holes, 359 changed sides, 872 changed coefficients
 900 implications, 2764 cliques, 2 implied integral variables (0 bin, 2 int, 0 cont)
presolved problem has 1096 variables (1078 bin, 18 int, 0 cont) and 1240 constraints
     14 constraints of type <varbound>
    153 constraints of type <knapsack>
    816 constraints of type <and>
    250 constraints of type <linear>
      7 constraints of type <logicor>
transformed objective value is always integral (scale: 1)
Presolving Time: 1.00

 time | node  | left  |LP iter|LP it/n|mem/heur|mdpt |vars |cons |rows |cuts |sepa|confs|strbr|  dualbound   | primalbound  |  gap   | compl. 
  1.0s|     1 |     0 |    79 |     - |    28M |   0 |1096 |1254 |2056 |   0 |  0 |  13 |   0 |    cutoff    |      --      |   0.00%| unknown
  1.0s|     1 |     0 |    79 |     - |    28M |   0 |1096 |1254 |2056 |   0 |  0 |  13 |   0 |    cutoff    |      --      |   0.00%| unknown

SCIP Status        : problem is solved [infeasible]
Solving Time (sec) : 1.00
Solving Nodes      : 1
Primal Bound       : +1.00000000000000e+20 (0 solutions)
Dual Bound         : +1.00000000000000e+20
Gap                : 0.00 %


no solution available

SCIP> 