SCIP version 10.0.1 [precision: 8 byte] [memory: block] [mode: optimized] [LP solver: SoPlex 8.0.1] [GitHash: 76a50c97d6]
Copyright (c) 2002-2026 Zuse Institute Berlin (ZIB)

External libraries: 
  SoPlex 8.0.1         Linear programming solver developed at Zuse Institute Berlin (soplex.zib.de) [GitHash: c69290aa]
  CppAD 20180000.0     Algorithmic Differentiation of C++ algorithms developed by B. Bell (github.com/coin-or/CppAD)
  ZLIB 1.3.1           General purpose compression library by J. Gailly and M. Adler (zlib.net)
  MPFR 4.2.2           GNU Multiple Precision Floating-Point Reliable Library (mpfr.org)
  Boost 1.89.0         Boost C++ Libraries (boost.org)
  TinyCThread 1.2      small portable implementation of the C11 threads API (tinycthread.github.io)
  GMP 6.3.0            GNU Multiple Precision Arithmetic Library developed by T. Granlund (gmplib.org)
  ZIMPL 3.7.0          Zuse Institute Mathematical Programming Language developed by T. Koch (zimpl.zib.de)
  AMPL/MP 4.0.4        AMPL .nl file reader library (github.com/ampl/mp)
  PaPILO 3.0.0         parallel presolve for integer and linear optimization (github.com/scipopt/papilo) (built with TBB) [GitHash: 4cbdc327]
  Nauty 2.8.8          Computing Graph Automorphism Groups by Brendan D. McKay (users.cecs.anu.edu.au/~bdm/nauty)
  sassy 2.0            Symmetry preprocessor by Markus Anders (github.com/markusa4/sassy)
  Ipopt 3.14.19        Interior Point Optimizer developed by A. Waechter et.al. (github.com/coin-or/Ipopt)

user parameter file <scip.set> not found - using default parameters


read problem <N21_R8_K3_0_22_split_22_fix0B_5_wo_lem.lp>
============

original problem has 1682 variables (1658 bin, 22 int, 2 cont) and 5981 constraints
heuristics/padm/freq = -1
heuristics/ofins/freq = -1
heuristics/reoptsols/freq = -1
heuristics/trivialnegation/freq = -1
heuristics/trivial/freq = -1
heuristics/clique/freq = -1
heuristics/locks/freq = -1
heuristics/vbounds/freq = -1
heuristics/shiftandpropagate/freq = -1
heuristics/completesol/freq = -1
heuristics/simplerounding/freq = -1
heuristics/randrounding/freq = -1
heuristics/zirounding/freq = -1
heuristics/rounding/freq = -1
heuristics/shifting/freq = -1
heuristics/intshifting/freq = -1
heuristics/oneopt/freq = -1
heuristics/indicator/freq = -1
heuristics/adaptivediving/freq = -1
heuristics/indicatordiving/freq = -1
heuristics/farkasdiving/freq = -1
heuristics/feaspump/freq = -1
heuristics/conflictdiving/freq = -1
heuristics/pscostdiving/freq = -1
heuristics/fracdiving/freq = -1
heuristics/nlpdiving/freq = -1
heuristics/veclendiving/freq = -1
heuristics/distributiondiving/freq = -1
heuristics/objpscostdiving/freq = -1
heuristics/rootsoldiving/freq = -1
heuristics/linesearchdiving/freq = -1
heuristics/guideddiving/freq = -1
heuristics/rens/freq = -1
heuristics/alns/freq = -1
heuristics/rins/freq = -1
heuristics/gins/freq = -1
heuristics/crossover/freq = -1
heuristics/lpface/freq = -1
heuristics/undercover/freq = -1
heuristics/subnlp/freq = -1
heuristics/mpec/freq = -1
heuristics/multistart/freq = -1
heuristics/trysol/freq = -1
presolving/restartfac = 0.0125
presolving/restartminred = 0.06
constraints/setppc/cliquelifting = TRUE
presolving/boundshift/maxrounds = -1
presolving/qpkktref/maxrounds = -1
presolving/stuffing/maxrounds = -1
presolving/tworowbnd/maxrounds = -1
presolving/dualinfer/maxrounds = -1
presolving/dualagg/maxrounds = -1
presolving/implint/maxrounds = -1
presolving/redvub/maxrounds = -1
propagating/probing/maxuseless = 1500
propagating/probing/maxtotaluseless = 75
separating/closecuts/freq = 0
separating/rlt/freq = 20
separating/rlt/maxroundsroot = 15
separating/disjunctive/freq = 20
separating/disjunctive/maxroundsroot = 150
separating/gauge/freq = 0
separating/interminor/freq = 0
separating/convexproj/freq = 0
separating/gomory/maxroundsroot = 15
separating/gomory/maxsepacutsroot = 400
separating/aggregation/maxsepacutsroot = 1000
separating/clique/freq = 20
separating/zerohalf/maxroundsroot = 30
separating/zerohalf/maxsepacutsroot = 200
separating/lagromory/freq = 0
separating/mcf/freq = 20
separating/mcf/maxsepacutsroot = 400
separating/eccuts/freq = 0
separating/eccuts/maxroundsroot = 375
separating/eccuts/maxsepacutsroot = 100
separating/oddcycle/freq = 0
separating/oddcycle/maxroundsroot = 15
separating/oddcycle/maxsepacutsroot = 10000
constraints/benderslp/sepafreq = 0
constraints/integral/sepafreq = 0
constraints/SOS2/sepafreq = 10
constraints/varbound/sepafreq = 10
constraints/knapsack/sepafreq = 10
constraints/knapsack/maxsepacutsroot = 500
constraints/setppc/sepafreq = 10
constraints/or/sepafreq = 10
constraints/xor/sepafreq = 10
constraints/conjunction/sepafreq = 0
constraints/disjunction/sepafreq = 0
constraints/exactsol/sepafreq = 0
constraints/linear/sepafreq = 10
constraints/linear/maxsepacutsroot = 500
constraints/exactlinear/sepafreq = 10
constraints/exactlinear/maxsepacutsroot = 500
constraints/orbitope_full/sepafreq = 0
constraints/orbitope_pp/sepafreq = 0
constraints/logicor/sepafreq = 10
constraints/bounddisjunction/sepafreq = 0
constraints/pseudoboolean/sepafreq = 0
constraints/superindicator/sepafreq = 0
constraints/benders/sepafreq = 0
constraints/fixedvar/sepafreq = 0
constraints/countsols/sepafreq = 0
constraints/components/sepafreq = 0
cutselection/hybrid/minorthoroot = 0.1
separating/maxroundsrootsubrun = 5
separating/maxaddrounds = 5
separating/maxcutsroot = 5000
constraints/linear/separateall = TRUE
separating/aggregation/maxfailsroot = 200
separating/mcf/maxtestdelta = -1
separating/mcf/trynegscaling = TRUE
nodeselection/restartdfs/stdpriority = 100000
conflict/useinflp = b

presolving:
(round 1, fast)       542 del vars, 174 del conss, 0 add conss, 254 chg bounds, 118 chg sides, 236 chg coeffs, 0 upgd conss, 0 impls, 2485 clqs, 0 implints
(round 2, fast)       851 del vars, 2023 del conss, 0 add conss, 267 chg bounds, 182 chg sides, 372 chg coeffs, 0 upgd conss, 0 impls, 2583 clqs, 0 implints
(round 3, fast)       851 del vars, 2023 del conss, 0 add conss, 277 chg bounds, 236 chg sides, 486 chg coeffs, 0 upgd conss, 0 impls, 2583 clqs, 0 implints
(round 4, fast)       851 del vars, 2023 del conss, 0 add conss, 284 chg bounds, 275 chg sides, 581 chg coeffs, 0 upgd conss, 0 impls, 2583 clqs, 0 implints
(round 5, fast)       851 del vars, 2023 del conss, 0 add conss, 288 chg bounds, 293 chg sides, 643 chg coeffs, 0 upgd conss, 0 impls, 2583 clqs, 0 implints
   (0.0s) running MILP presolver
   (0.0s) MILP presolver (3 rounds): 28 aggregations, 0 fixings, 1 bound changes
(round 6, medium)     879 del vars, 2023 del conss, 0 add conss, 291 chg bounds, 296 chg sides, 670 chg coeffs, 0 upgd conss, 0 impls, 2527 clqs, 0 implints
(round 7, fast)       879 del vars, 2079 del conss, 0 add conss, 291 chg bounds, 296 chg sides, 681 chg coeffs, 0 upgd conss, 0 impls, 2527 clqs, 0 implints
(round 8, exhaustive) 879 del vars, 2086 del conss, 0 add conss, 291 chg bounds, 296 chg sides, 681 chg coeffs, 0 upgd conss, 0 impls, 2527 clqs, 0 implints
(round 9, exhaustive) 879 del vars, 2086 del conss, 0 add conss, 291 chg bounds, 296 chg sides, 681 chg coeffs, 3622 upgd conss, 0 impls, 2527 clqs, 0 implints
(round 10, exhaustive) 879 del vars, 5362 del conss, 819 add conss, 291 chg bounds, 296 chg sides, 681 chg coeffs, 3622 upgd conss, 0 impls, 2527 clqs, 0 implints
(round 11, exhaustive) 879 del vars, 5362 del conss, 819 add conss, 291 chg bounds, 296 chg sides, 842 chg coeffs, 3622 upgd conss, 0 impls, 2527 clqs, 0 implints
   (0.0s) probing: 1000/1112 (89.9%) - 0 fixings, 0 aggregations, 3147 implications, 0 bound changes
   (0.0s) probing: 1083/1112 (97.4%) - 0 fixings, 0 aggregations, 3171 implications, 0 bound changes
   (0.0s) probing aborted: 75/75 successive totally useless probings
   (0.0s) symmetry computation started: requiring (bin +, int +, cont +), (fixed: bin -, int -, cont -)
   (0.0s) no symmetry present (symcode time: 0.00)
presolving (12 rounds: 12 fast, 6 medium, 5 exhaustive):
 879 deleted vars, 5362 deleted constraints, 819 added constraints, 291 tightened bounds, 0 added holes, 296 changed sides, 842 changed coefficients
 2101 implications, 3597 cliques, 0 implied integral variables (0 bin, 0 int, 0 cont)
presolved problem has 1132 variables (1112 bin, 20 int, 0 cont) and 1438 constraints
     16 constraints of type <varbound>
    161 constraints of type <knapsack>
     70 constraints of type <setppc>
    819 constraints of type <and>
    273 constraints of type <linear>
     99 constraints of type <logicor>
transformed objective value is always integral (scale: 1)
Presolving Time: 0.00

 time | node  | left  |LP iter|LP it/n|mem/heur|mdpt |vars |cons |rows |cuts |sepa|confs|strbr|  dualbound   | primalbound  |  gap   | compl. 
  0.0s|     1 |     0 |  1924 |     - |    29M |   0 |1132 |1438 |2257 |   0 |  0 |   0 |   0 | 0.000000e+00 |      --      |    Inf | unknown
Computing relative interior point (time limit: 1e+20, iter limit: 19240) ...
  0.0s|     1 |     0 |  2041 |     - |    34M |   0 |1132 |1438 |2281 |  24 |  1 |   0 |   0 | 0.000000e+00 |      --      |    Inf | unknown
  1.0s|     1 |     0 |  2585 |     - |    64M |   0 |1132 |1557 |2536 | 279 |  2 |   0 |   0 | 0.000000e+00 |      --      |    Inf | unknown
  2.0s|     1 |     0 |  3135 |     - |    98M |   0 |1132 |1557 |2836 | 579 |  3 |   0 |   0 | 0.000000e+00 |      --      |    Inf | unknown
  6.0s|     1 |     0 |  3515 |     - |   124M |   0 |1132 |1557 |3055 | 798 |  4 |   0 |   0 | 0.000000e+00 |      --      |    Inf | unknown
  9.0s|     1 |     0 |  3633 |     - |   154M |   0 |1132 |1557 |3206 | 949 |  5 |   0 |   0 | 0.000000e+00 |      --      |    Inf | unknown
 13.0s|     1 |     0 |  3738 |     - |   183M |   0 |1132 |1557 |3449 |1192 |  6 |   0 |   0 | 0.000000e+00 |      --      |    Inf | unknown
 17.0s|     1 |     0 |  4007 |     - |   215M |   0 |1132 |1557 |3645 |1388 |  7 |   0 |   0 | 0.000000e+00 |      --      |    Inf | unknown
 21.0s|     1 |     0 |  4377 |     - |   255M |   0 |1132 |1557 |3810 |1553 |  8 |   0 |   0 | 0.000000e+00 |      --      |    Inf | unknown
 25.0s|     1 |     0 |  4504 |     - |   256M |   0 |1132 |1557 |3829 |1572 |  9 |   0 |   0 | 0.000000e+00 |      --      |    Inf | unknown
 31.0s|     1 |     0 |  4722 |     - |   281M |   0 |1132 |1557 |4041 |1784 | 10 |   0 |   0 | 0.000000e+00 |      --      |    Inf | unknown
 37.0s|     1 |     0 |  5245 |     - |   307M |   0 |1132 |1557 |4268 |2011 | 11 |   0 |   0 | 0.000000e+00 |      --      |    Inf | unknown
 39.0s|     1 |     2 |  5351 |     - |   307M |   0 |1132 |1557 |4268 |2011 | 11 |   0 |  11 | 0.000000e+00 |      --      |    Inf | unknown
 43.0s|   100 |    15 | 44538 | 396.9 |   360M |  16 |1132 |1619 |2557 |2679 |  2 |  64 |  11 | 0.000000e+00 |      --      |    Inf |  12.24%
 46.0s|   200 |    21 | 80909 | 380.2 |   367M |  16 |1132 |1703 |2581 |3085 |  2 | 148 |  11 | 0.000000e+00 |      --      |    Inf |  22.34%
 time | node  | left  |LP iter|LP it/n|mem/heur|mdpt |vars |cons |rows |cuts |sepa|confs|strbr|  dualbound   | primalbound  |  gap   | compl. 
 50.0s|   300 |    25 |125860 | 403.4 |   371M |  19 |1132 |1775 |2475 |3693 |  2 | 220 |  11 | 0.000000e+00 |      --      |    Inf |  24.53%
 53.0s|   400 |    29 |169175 | 410.9 |   372M |  20 |1132 |1863 |   0 |4216 |  0 | 308 |  11 | 0.000000e+00 |      --      |    Inf |  35.19%
 57.0s|   500 |    22 |216938 | 424.2 |   373M |  20 |1132 |1943 |2477 |4726 |  2 | 391 |  11 | 0.000000e+00 |      --      |    Inf |  47.47%
 61.0s|   600 |    21 |264052 | 432.1 |   356M |  20 |1132 |2000 |2600 |5283 |  0 | 463 |  11 | 0.000000e+00 |      --      |    Inf |  55.88%
 64.0s|   700 |    27 |310569 | 436.8 |   358M |  20 |1132 |2080 |2794 |5530 |  0 | 543 |  11 | 0.000000e+00 |      --      |    Inf |  57.89%
 67.0s|   800 |    25 |345490 | 425.8 |   358M |  20 |1132 |2161 |2768 |5688 |  0 | 625 |  11 | 0.000000e+00 |      --      |    Inf |  58.02%
 70.0s|   900 |    21 |387310 | 425.0 |   361M |  22 |1132 |2239 |2404 |6025 |  2 | 708 |  11 | 0.000000e+00 |      --      |    Inf |  59.28%
 74.0s|  1000 |    28 |430216 | 425.4 |   365M |  22 |1132 |2329 |2824 |6565 |  0 | 800 |  11 | 0.000000e+00 |      --      |    Inf |  61.32%
 77.0s|  1100 |    22 |475821 | 428.2 |   369M |  22 |1132 |2447 |2725 |6954 |  2 | 923 |  11 | 0.000000e+00 |      --      |    Inf |  67.82%
 81.0s|  1200 |    22 |522580 | 431.5 |   371M |  22 |1132 |2542 |2778 |7387 |  0 |1020 |  11 | 0.000000e+00 |      --      |    Inf |  71.78%
 85.0s|  1300 |    10 |568875 | 433.9 |   374M |  22 |1132 |2638 |2707 |7974 |  1 |1129 |  11 | 0.000000e+00 |      --      |    Inf |  74.75%
 90.0s|  1400 |    10 |626515 | 444.1 |   377M |  22 |1132 |2697 |2874 |8464 |  0 |1190 |  11 | 0.000000e+00 |      --      |    Inf |  86.56%

SCIP Status        : problem is solved [infeasible]
Solving Time (sec) : 92.00
Solving Nodes      : 1486
Primal Bound       : +1.00000000000000e+20 (0 solutions)
Dual Bound         : +1.00000000000000e+20
Gap                : 0.00 %


no solution available

SCIP> 