SCIP version 10.0.1 [precision: 8 byte] [memory: block] [mode: optimized] [LP solver: SoPlex 8.0.1] [GitHash: 76a50c97d6]
Copyright (c) 2002-2026 Zuse Institute Berlin (ZIB)

External libraries: 
  SoPlex 8.0.1         Linear programming solver developed at Zuse Institute Berlin (soplex.zib.de) [GitHash: c69290aa]
  CppAD 20180000.0     Algorithmic Differentiation of C++ algorithms developed by B. Bell (github.com/coin-or/CppAD)
  ZLIB 1.3.1           General purpose compression library by J. Gailly and M. Adler (zlib.net)
  MPFR 4.2.2           GNU Multiple Precision Floating-Point Reliable Library (mpfr.org)
  Boost 1.89.0         Boost C++ Libraries (boost.org)
  TinyCThread 1.2      small portable implementation of the C11 threads API (tinycthread.github.io)
  GMP 6.3.0            GNU Multiple Precision Arithmetic Library developed by T. Granlund (gmplib.org)
  ZIMPL 3.7.0          Zuse Institute Mathematical Programming Language developed by T. Koch (zimpl.zib.de)
  AMPL/MP 4.0.4        AMPL .nl file reader library (github.com/ampl/mp)
  PaPILO 3.0.0         parallel presolve for integer and linear optimization (github.com/scipopt/papilo) (built with TBB) [GitHash: 4cbdc327]
  Nauty 2.8.8          Computing Graph Automorphism Groups by Brendan D. McKay (users.cecs.anu.edu.au/~bdm/nauty)
  sassy 2.0            Symmetry preprocessor by Markus Anders (github.com/markusa4/sassy)
  Ipopt 3.14.19        Interior Point Optimizer developed by A. Waechter et.al. (github.com/coin-or/Ipopt)

user parameter file <scip.set> not found - using default parameters


read problem <N22_R8_K3_0_22_split_0_fix22B_6.lp>
============

original problem has 1892 variables (1867 bin, 23 int, 2 cont) and 6822 constraints
heuristics/padm/freq = -1
heuristics/ofins/freq = -1
heuristics/reoptsols/freq = -1
heuristics/trivialnegation/freq = -1
heuristics/trivial/freq = -1
heuristics/clique/freq = -1
heuristics/locks/freq = -1
heuristics/vbounds/freq = -1
heuristics/shiftandpropagate/freq = -1
heuristics/completesol/freq = -1
heuristics/simplerounding/freq = -1
heuristics/randrounding/freq = -1
heuristics/zirounding/freq = -1
heuristics/rounding/freq = -1
heuristics/shifting/freq = -1
heuristics/intshifting/freq = -1
heuristics/oneopt/freq = -1
heuristics/indicator/freq = -1
heuristics/adaptivediving/freq = -1
heuristics/indicatordiving/freq = -1
heuristics/farkasdiving/freq = -1
heuristics/feaspump/freq = -1
heuristics/conflictdiving/freq = -1
heuristics/pscostdiving/freq = -1
heuristics/fracdiving/freq = -1
heuristics/nlpdiving/freq = -1
heuristics/veclendiving/freq = -1
heuristics/distributiondiving/freq = -1
heuristics/objpscostdiving/freq = -1
heuristics/rootsoldiving/freq = -1
heuristics/linesearchdiving/freq = -1
heuristics/guideddiving/freq = -1
heuristics/rens/freq = -1
heuristics/alns/freq = -1
heuristics/rins/freq = -1
heuristics/gins/freq = -1
heuristics/crossover/freq = -1
heuristics/lpface/freq = -1
heuristics/undercover/freq = -1
heuristics/subnlp/freq = -1
heuristics/mpec/freq = -1
heuristics/multistart/freq = -1
heuristics/trysol/freq = -1
presolving/restartfac = 0.0125
presolving/restartminred = 0.06
constraints/setppc/cliquelifting = TRUE
presolving/boundshift/maxrounds = -1
presolving/qpkktref/maxrounds = -1
presolving/stuffing/maxrounds = -1
presolving/tworowbnd/maxrounds = -1
presolving/dualinfer/maxrounds = -1
presolving/dualagg/maxrounds = -1
presolving/implint/maxrounds = -1
presolving/redvub/maxrounds = -1
propagating/probing/maxuseless = 1500
propagating/probing/maxtotaluseless = 75
separating/closecuts/freq = 0
separating/rlt/freq = 20
separating/rlt/maxroundsroot = 15
separating/disjunctive/freq = 20
separating/disjunctive/maxroundsroot = 150
separating/gauge/freq = 0
separating/interminor/freq = 0
separating/convexproj/freq = 0
separating/gomory/maxroundsroot = 15
separating/gomory/maxsepacutsroot = 400
separating/aggregation/maxsepacutsroot = 1000
separating/clique/freq = 20
separating/zerohalf/maxroundsroot = 30
separating/zerohalf/maxsepacutsroot = 200
separating/lagromory/freq = 0
separating/mcf/freq = 20
separating/mcf/maxsepacutsroot = 400
separating/eccuts/freq = 0
separating/eccuts/maxroundsroot = 375
separating/eccuts/maxsepacutsroot = 100
separating/oddcycle/freq = 0
separating/oddcycle/maxroundsroot = 15
separating/oddcycle/maxsepacutsroot = 10000
constraints/benderslp/sepafreq = 0
constraints/integral/sepafreq = 0
constraints/SOS2/sepafreq = 10
constraints/varbound/sepafreq = 10
constraints/knapsack/sepafreq = 10
constraints/knapsack/maxsepacutsroot = 500
constraints/setppc/sepafreq = 10
constraints/or/sepafreq = 10
constraints/xor/sepafreq = 10
constraints/conjunction/sepafreq = 0
constraints/disjunction/sepafreq = 0
constraints/exactsol/sepafreq = 0
constraints/linear/sepafreq = 10
constraints/linear/maxsepacutsroot = 500
constraints/exactlinear/sepafreq = 10
constraints/exactlinear/maxsepacutsroot = 500
constraints/orbitope_full/sepafreq = 0
constraints/orbitope_pp/sepafreq = 0
constraints/logicor/sepafreq = 10
constraints/bounddisjunction/sepafreq = 0
constraints/pseudoboolean/sepafreq = 0
constraints/superindicator/sepafreq = 0
constraints/benders/sepafreq = 0
constraints/fixedvar/sepafreq = 0
constraints/countsols/sepafreq = 0
constraints/components/sepafreq = 0
cutselection/hybrid/minorthoroot = 0.1
separating/maxroundsrootsubrun = 5
separating/maxaddrounds = 5
separating/maxcutsroot = 5000
constraints/linear/separateall = TRUE
separating/aggregation/maxfailsroot = 200
separating/mcf/maxtestdelta = -1
separating/mcf/trynegscaling = TRUE
nodeselection/restartdfs/stdpriority = 100000
conflict/useinflp = b

presolving:
(round 1, fast)       710 del vars, 188 del conss, 0 add conss, 278 chg bounds, 96 chg sides, 192 chg coeffs, 0 upgd conss, 0 impls, 2616 clqs, 0 implints
(round 2, fast)       1137 del vars, 2851 del conss, 0 add conss, 284 chg bounds, 96 chg sides, 255 chg coeffs, 0 upgd conss, 0 impls, 2631 clqs, 0 implints
(round 3, fast)       1137 del vars, 2851 del conss, 0 add conss, 289 chg bounds, 96 chg sides, 324 chg coeffs, 0 upgd conss, 0 impls, 2631 clqs, 0 implints
(round 4, fast)       1137 del vars, 2851 del conss, 0 add conss, 293 chg bounds, 96 chg sides, 372 chg coeffs, 0 upgd conss, 0 impls, 2631 clqs, 0 implints
   (0.0s) running MILP presolver
   (0.0s) MILP presolver (4 rounds): 15 aggregations, 0 fixings, 2 bound changes
(round 5, medium)     1152 del vars, 2851 del conss, 0 add conss, 298 chg bounds, 96 chg sides, 408 chg coeffs, 0 upgd conss, 0 impls, 2601 clqs, 0 implints
(round 6, fast)       1152 del vars, 2881 del conss, 0 add conss, 298 chg bounds, 96 chg sides, 432 chg coeffs, 0 upgd conss, 0 impls, 2601 clqs, 0 implints
(round 7, exhaustive) 1152 del vars, 2891 del conss, 0 add conss, 298 chg bounds, 102 chg sides, 432 chg coeffs, 0 upgd conss, 0 impls, 2601 clqs, 0 implints
(round 8, exhaustive) 1152 del vars, 2891 del conss, 0 add conss, 298 chg bounds, 102 chg sides, 432 chg coeffs, 3690 upgd conss, 0 impls, 2601 clqs, 0 implints
(round 9, exhaustive) 1152 del vars, 6387 del conss, 895 add conss, 298 chg bounds, 102 chg sides, 432 chg coeffs, 3690 upgd conss, 0 impls, 2601 clqs, 0 implints
(round 10, exhaustive) 1152 del vars, 6387 del conss, 895 add conss, 298 chg bounds, 102 chg sides, 608 chg coeffs, 3690 upgd conss, 0 impls, 2601 clqs, 0 implints
(round 11, exhaustive) 1152 del vars, 6387 del conss, 895 add conss, 298 chg bounds, 106 chg sides, 608 chg coeffs, 3690 upgd conss, 0 impls, 2601 clqs, 0 implints
(round 12, exhaustive) 1152 del vars, 6387 del conss, 895 add conss, 298 chg bounds, 106 chg sides, 608 chg coeffs, 3694 upgd conss, 0 impls, 2601 clqs, 0 implints
   (0.0s) probing: 1000/1167 (85.7%) - 0 fixings, 0 aggregations, 8097 implications, 0 bound changes
   (0.0s) probing: 1066/1167 (91.3%) - 0 fixings, 0 aggregations, 8097 implications, 0 bound changes
   (0.0s) probing aborted: 75/75 successive totally useless probings
   (0.0s) symmetry computation started: requiring (bin +, int +, cont +), (fixed: bin -, int -, cont -)
   (0.0s) symmetry computation finished: 9 generators found (max: 1500, log10 of symmetry group size: 4.54) (symcode time: 0.00)
dynamic symmetry handling statistics:
   orbitopal reduction:       no components
   orbital reduction:          1 components of sizes 45
   lexicographic reduction:   45 permutations with support sizes 342, 332, 332, 342, 332, 342, 342, 342, 332, 602, 602, 342, 602, 612, 612, 612, 602, 596, 602, 332, 602, 602, 602, 596, 602, 596, 602, 602, 602, 596, 602, 342, 612, 612, 602, 602, 602, 602, 332, 342, 612, 602, 342, 602, 602
handled 1 out of 1 symmetry components
presolving (13 rounds: 13 fast, 8 medium, 7 exhaustive):
 1152 deleted vars, 6387 deleted constraints, 895 added constraints, 298 tightened bounds, 0 added holes, 106 changed sides, 608 changed coefficients
 852 implications, 9846 cliques, 0 implied integral variables (0 bin, 0 int, 0 cont)
presolved problem has 1188 variables (1167 bin, 21 int, 0 cont) and 1330 constraints
      7 constraints of type <varbound>
    185 constraints of type <knapsack>
    895 constraints of type <and>
    237 constraints of type <linear>
      6 constraints of type <logicor>
transformed objective value is always integral (scale: 1)
Presolving Time: 0.00

 time | node  | left  |LP iter|LP it/n|mem/heur|mdpt |vars |cons |rows |cuts |sepa|confs|strbr|  dualbound   | primalbound  |  gap   | compl. 
  0.0s|     1 |     0 |  3362 |     - |    42M |   0 |1188 |1330 |2225 |   0 |  0 |   0 |   0 | 0.000000e+00 |      --      |    Inf | unknown
Computing relative interior point (time limit: 1e+20, iter limit: 33620) ...
  1.0s|     1 |     0 |  4190 |     - |    47M |   0 |1188 |1330 |2340 | 115 |  1 |   0 |   0 | 0.000000e+00 |      --      |    Inf | unknown
  1.0s|     1 |     0 |  4559 |     - |    48M |   0 |1188 |1330 |2415 | 190 |  2 |   0 |   0 | 0.000000e+00 |      --      |    Inf | unknown
  1.0s|     1 |     0 |  5092 |     - |    48M |   0 |1188 |1330 |2464 | 239 |  3 |   0 |   0 | 0.000000e+00 |      --      |    Inf | unknown
  1.0s|     1 |     0 |  5358 |     - |    48M |   0 |1188 |1330 |2517 | 292 |  4 |   0 |   0 | 0.000000e+00 |      --      |    Inf | unknown
  2.0s|     1 |     0 |  5677 |     - |    83M |   0 |1188 |1330 |2955 | 730 |  5 |   0 |   0 | 0.000000e+00 |      --      |    Inf | unknown
  4.0s|     1 |     0 |  5882 |     - |   108M |   0 |1188 |1330 |3272 |1047 |  6 |   0 |   0 | 0.000000e+00 |      --      |    Inf | unknown
  8.0s|     1 |     0 |  6096 |     - |   134M |   0 |1188 |1330 |3587 |1362 |  7 |   0 |   0 | 0.000000e+00 |      --      |    Inf | unknown
 12.0s|     1 |     0 |  6293 |     - |   159M |   0 |1188 |1330 |3878 |1653 |  8 |   0 |   0 | 0.000000e+00 |      --      |    Inf | unknown
 16.0s|     1 |     0 |  6475 |     - |   184M |   0 |1188 |1330 |4153 |1928 |  9 |   0 |   0 | 0.000000e+00 |      --      |    Inf | unknown
 22.0s|     1 |     0 |  6647 |     - |   212M |   0 |1188 |1330 |4290 |2065 | 10 |   0 |   0 | 0.000000e+00 |      --      |    Inf | unknown
 29.0s|     1 |     0 |  6745 |     - |   253M |   0 |1188 |1330 |4334 |2109 | 11 |   0 |   0 | 0.000000e+00 |      --      |    Inf | unknown
 31.0s|     1 |     2 |  6878 |     - |   253M |   0 |1188 |1330 |4334 |2109 | 11 |   0 |  14 | 0.000000e+00 |      --      |    Inf | unknown
 35.0s|   100 |    63 | 50903 | 446.0 |   259M |  36 |1188 |1374 |2875 |3587 |  2 |  45 |  14 | 0.000000e+00 |      --      |    Inf |  26.56%
 39.0s|   200 |    78 |105325 | 495.4 |   259M |  38 |1188 |1501 |2970 |4684 |  0 | 172 |  14 | 0.000000e+00 |      --      |    Inf |  26.56%
 time | node  | left  |LP iter|LP it/n|mem/heur|mdpt |vars |cons |rows |cuts |sepa|confs|strbr|  dualbound   | primalbound  |  gap   | compl. 
 42.0s|   300 |   116 |127704 | 404.5 |   260M |  38 |1188 |1554 |   0 |5395 |  0 | 225 |  14 | 0.000000e+00 |      --      |    Inf |  26.56%
 44.0s|   400 |   107 |156379 | 375.0 |   260M |  39 |1188 |1661 |2893 |6078 |  1 | 332 |  14 | 0.000000e+00 |      --      |    Inf |  26.56%
 46.0s|   500 |   113 |182792 | 352.8 |   260M |  40 |1188 |1800 |3055 |6790 |  0 | 471 |  14 | 0.000000e+00 |      --      |    Inf |  26.56%
 48.0s|   600 |   112 |201659 | 325.4 |   243M |  40 |1188 |1937 |2929 |7176 |  2 | 609 |  14 | 0.000000e+00 |      --      |    Inf |  26.56%
 51.0s|   700 |   130 |230414 | 320.0 |   243M |  40 |1188 |2065 |2886 |8047 |  2 | 737 |  14 | 0.000000e+00 |      --      |    Inf |  26.57%
 52.0s|   800 |   129 |245015 | 298.2 |   244M |  40 |1188 |2214 |2930 |8365 |  2 | 887 |  14 | 0.000000e+00 |      --      |    Inf |  26.57%
 53.0s|   900 |   129 |259323 | 281.0 |   244M |  40 |1188 |2330 |3059 |8634 |  0 |1008 |  14 | 0.000000e+00 |      --      |    Inf |  26.57%
 54.0s|  1000 |   123 |273739 | 267.3 |   244M |  40 |1188 |2431 |   0 |8799 |  0 |1110 |  14 | 0.000000e+00 |      --      |    Inf |  26.57%
Restart triggered after 50 consecutive estimations that the remaining tree will be large
(run 1, node 1067) performing user restart

(restart) converted 106 cuts from the global cut pool into linear constraints

presolving:
(round 1, fast)       1 del vars, 1 del conss, 0 add conss, 0 chg bounds, 0 chg sides, 0 chg coeffs, 0 upgd conss, 852 impls, 9699 clqs, 0 implints
(round 2, medium)     1 del vars, 1 del conss, 1 add conss, 0 chg bounds, 1 chg sides, 50 chg coeffs, 0 upgd conss, 852 impls, 9699 clqs, 0 implints
(round 3, exhaustive) 1 del vars, 1 del conss, 1 add conss, 0 chg bounds, 1 chg sides, 53 chg coeffs, 101 upgd conss, 852 impls, 9699 clqs, 0 implints
(round 4, medium)     1 del vars, 12 del conss, 16 add conss, 0 chg bounds, 1 chg sides, 53 chg coeffs, 101 upgd conss, 852 impls, 9700 clqs, 0 implints
(round 5, exhaustive) 1 del vars, 41 del conss, 16 add conss, 0 chg bounds, 1 chg sides, 101 chg coeffs, 101 upgd conss, 852 impls, 9700 clqs, 0 implints
(round 6, exhaustive) 1 del vars, 44 del conss, 16 add conss, 0 chg bounds, 1 chg sides, 104 chg coeffs, 101 upgd conss, 852 impls, 9700 clqs, 0 implints
presolving (7 rounds: 7 fast, 6 medium, 4 exhaustive):
 1 deleted vars, 44 deleted constraints, 16 added constraints, 0 tightened bounds, 0 added holes, 1 changed sides, 107 changed coefficients
 852 implications, 9700 cliques, 0 implied integral variables (0 bin, 0 int, 0 cont)
presolved problem has 1187 variables (1166 bin, 21 int, 0 cont) and 2566 constraints
      7 constraints of type <varbound>
    197 constraints of type <knapsack>
     98 constraints of type <setppc>
    894 constraints of type <and>
    243 constraints of type <linear>
    877 constraints of type <logicor>
    250 constraints of type <bounddisjunction>
transformed objective value is always integral (scale: 1)
Presolving Time: 0.00

 time | node  | left  |LP iter|LP it/n|mem/heur|mdpt |vars |cons |rows |cuts |sepa|confs|strbr|  dualbound   | primalbound  |  gap   | compl. 
 57.0s|     1 |     0 |302579 |     - |   235M |   0 |1187 |2566 |2334 |   0 |  0 |1169 |  14 | 0.000000e+00 |      --      |    Inf | unknown
Computing relative interior point (time limit: 1e+20, iter limit: 3025790) ...
 59.0s|     1 |     0 |304552 |     - |   235M |   0 |1187 |2566 |2459 | 125 |  1 |1169 |  14 | 0.000000e+00 |      --      |    Inf | unknown
 59.0s|     1 |     0 |305929 |     - |   235M |   0 |1187 |2566 |2570 | 236 |  2 |1169 |  14 | 0.000000e+00 |      --      |    Inf | unknown
 59.0s|     1 |     0 |306438 |     - |   235M |   0 |1187 |2566 |2647 | 313 |  3 |1169 |  14 | 0.000000e+00 |      --      |    Inf | unknown
 59.0s|     1 |     0 |307060 |     - |   236M |   0 |1187 |2566 |2689 | 355 |  4 |1169 |  14 | 0.000000e+00 |      --      |    Inf | unknown
 59.0s|     1 |     0 |307301 |     - |   236M |   0 |1187 |2566 |2715 | 381 |  5 |1169 |  14 | 0.000000e+00 |      --      |    Inf | unknown
 60.0s|     1 |     2 |307405 |     - |   236M |   0 |1187 |2566 |2715 | 381 |  5 |1169 |  33 | 0.000000e+00 |      --      |    Inf | unknown
 71.0s|   100 |    46 |407892 | 337.8 |   239M |  19 |1187 |2642 |3007 |2351 |  2 |1245 |  33 | 0.000000e+00 |      --      |    Inf |   1.18%
 77.0s|   200 |    75 |469682 | 359.9 |   239M |  39 |1187 |2747 |3310 |3039 |  1 |1350 |  33 | 0.000000e+00 |      --      |    Inf |   3.53%
 85.0s|   300 |    71 |536435 | 382.4 |   240M |  40 |1187 |2865 |3335 |3416 |  0 |1469 |  33 | 0.000000e+00 |      --      |    Inf |   4.31%
 94.0s|   400 |    75 |620494 | 413.7 |   240M |  40 |1187 |2986 |3164 |3918 |  0 |1591 |  33 | 0.000000e+00 |      --      |    Inf |   4.31%
  102s|   500 |    76 |693779 | 434.1 |   240M |  40 |1187 |3133 |3353 |4429 |  0 |1742 |  33 | 0.000000e+00 |      --      |    Inf |   4.31%
  110s|   600 |    69 |768728 | 453.0 |   240M |  40 |1187 |3262 |3379 |4708 |  2 |1879 |  33 | 0.000000e+00 |      --      |    Inf |   4.31%
  118s|   700 |    72 |843435 | 469.7 |   240M |  40 |1187 |3394 |3079 |5144 |  2 |2020 |  33 | 0.000000e+00 |      --      |    Inf |   4.31%
  129s|   800 |    74 |939102 | 495.8 |   242M |  40 |1187 |3520 |3151 |5911 |  2 |2151 |  33 | 0.000000e+00 |      --      |    Inf |   4.72%
 time | node  | left  |LP iter|LP it/n|mem/heur|mdpt |vars |cons |rows |cuts |sepa|confs|strbr|  dualbound   | primalbound  |  gap   | compl. 
  137s|   900 |    82 |  1012k| 508.0 |   243M |  40 |1187 |3612 |3048 |6543 |  0 |2251 |  33 | 0.000000e+00 |      --      |    Inf |   4.74%
  159s|  1000 |   100 |  1190k| 569.4 |   243M |  40 |1187 |3695 |3284 |8285 |  0 |2339 |  33 | 0.000000e+00 |      --      |    Inf |   4.77%
  172s|  1100 |    90 |  1295k| 591.4 |   243M |  40 |1187 |3810 |3544 |9034 |  0 |2466 |  33 | 0.000000e+00 |      --      |    Inf |   4.77%
  193s|  1200 |    99 |  1485k| 649.5 |   244M |  40 |1187 |3908 |3169 |  10k|  2 |2576 |  33 | 0.000000e+00 |      --      |    Inf |   4.78%
  210s|  1300 |   107 |  1629k| 682.7 |   244M |  40 |1187 |4001 |3288 |  11k|  2 |2675 |  33 | 0.000000e+00 |      --      |    Inf |   4.87%
  227s|  1400 |   102 |  1760k| 708.2 |   244M |  40 |1187 |4120 |3049 |  12k|  2 |2802 |  33 | 0.000000e+00 |      --      |    Inf |   4.90%
  251s|  1500 |   112 |  1938k| 750.2 |   248M |  40 |1187 |4224 |3376 |  14k|  0 |2914 |  33 | 0.000000e+00 |      --      |    Inf |   4.98%
  266s|  1600 |   105 |  2063k| 768.9 |   248M |  40 |1187 |4325 |3048 |  15k|  0 |3030 |  33 | 0.000000e+00 |      --      |    Inf |   5.02%
  289s|  1700 |   121 |  2229k| 800.8 |   250M |  40 |1187 |4434 |3654 |  16k|  0 |3152 |  33 | 0.000000e+00 |      --      |    Inf |   5.08%
  305s|  1800 |   134 |  2348k| 814.6 |   250M |  40 |1187 |4558 |3650 |  16k|  0 |3293 |  33 | 0.000000e+00 |      --      |    Inf |   5.08%
  322s|  1900 |   131 |  2470k| 828.1 |   251M |  40 |1187 |4711 |3831 |  17k|  2 |3458 |  33 | 0.000000e+00 |      --      |    Inf |   5.09%
  335s|  2000 |   127 |  2572k| 834.5 |   251M |  40 |1187 |4853 |3842 |  17k|  1 |3605 |  33 | 0.000000e+00 |      --      |    Inf |   5.09%
  343s|  2100 |   127 |  2638k| 828.9 |   251M |  40 |1187 |4969 |3663 |  17k|  1 |3736 |  33 | 0.000000e+00 |      --      |    Inf |   5.09%
  350s|  2200 |   128 |  2703k| 823.5 |   251M |  40 |1187 |5079 |3573 |  17k|  0 |3854 |  33 | 0.000000e+00 |      --      |    Inf |   5.09%
  360s|  2300 |   130 |  2786k| 823.7 |   251M |  40 |1187 |5199 |3612 |  17k|  0 |3978 |  33 | 0.000000e+00 |      --      |    Inf |   5.10%
 time | node  | left  |LP iter|LP it/n|mem/heur|mdpt |vars |cons |rows |cuts |sepa|confs|strbr|  dualbound   | primalbound  |  gap   | compl. 
  368s|  2400 |   124 |  2857k| 820.3 |   251M |  40 |1187 |5297 |3109 |  18k|  2 |4096 |  33 | 0.000000e+00 |      --      |    Inf |   5.12%
  375s|  2500 |   146 |  2922k| 815.5 |   252M |  40 |1187 |5379 |3010 |  18k|  2 |4199 |  33 | 0.000000e+00 |      --      |    Inf |   5.14%
  384s|  2600 |   184 |  3003k| 815.4 |   252M |  40 |1187 |5476 |3114 |  19k|  0 |4306 |  33 | 0.000000e+00 |      --      |    Inf |   5.14%
  392s|  2700 |   226 |  3077k| 813.4 |   253M |  42 |1187 |5536 |3221 |  21k|  0 |4372 |  33 | 0.000000e+00 |      --      |    Inf |   5.14%
  398s|  2800 |   238 |  3133k| 806.8 |   254M |  45 |1187 |5610 |3070 |  22k|  2 |4466 |  33 | 0.000000e+00 |      --      |    Inf |   5.15%
  406s|  2900 |   253 |  3205k| 804.6 |   255M |  45 |1187 |5701 |   0 |  22k|  0 |4565 |  33 | 0.000000e+00 |      --      |    Inf |   5.16%
  412s|  3000 |   253 |  3254k| 796.9 |   258M |  50 |1187 |5822 |3513 |  23k|  0 |4688 |  33 | 0.000000e+00 |      --      |    Inf |   5.16%
  419s|  3100 |   282 |  3321k| 793.9 |   258M |  50 |1187 |5909 |3083 |  23k|  2 |4780 |  33 | 0.000000e+00 |      --      |    Inf |   5.16%
  426s|  3200 |   299 |  3388k| 790.9 |   259M |  50 |1187 |6009 |3356 |  24k|  2 |4888 |  33 | 0.000000e+00 |      --      |    Inf |   5.16%
  433s|  3300 |   349 |  3443k| 785.5 |   259M |  50 |1187 |6075 |3382 |  25k|  0 |4961 |  33 | 0.000000e+00 |      --      |    Inf |   5.16%
  438s|  3400 |   362 |  3491k| 778.8 |   259M |  50 |1187 |6192 |3432 |  25k|  0 |5086 |  33 | 0.000000e+00 |      --      |    Inf |   5.16%
  444s|  3500 |   383 |  3543k| 773.1 |   259M |  50 |1187 |6269 |3218 |  26k|  0 |5173 |  33 | 0.000000e+00 |      --      |    Inf |   5.18%
  448s|  3600 |   390 |  3584k| 765.2 |   260M |  50 |1187 |6353 |3285 |  26k|  1 |5291 |  33 | 0.000000e+00 |      --      |    Inf |   5.20%
  453s|  3700 |   379 |  3636k| 760.2 |   260M |  50 |1187 |6484 |3637 |  26k|  0 |5435 |  33 | 0.000000e+00 |      --      |    Inf |   5.20%
  460s|  3800 |   411 |  3698k| 757.3 |   260M |  50 |1187 |6562 |3177 |  27k|  2 |5550 |  33 | 0.000000e+00 |      --      |    Inf |   5.20%
 time | node  | left  |LP iter|LP it/n|mem/heur|mdpt |vars |cons |rows |cuts |sepa|confs|strbr|  dualbound   | primalbound  |  gap   | compl. 
  467s|  3900 |   420 |  3763k| 755.1 |   260M |  50 |1187 |6642 |3112 |  28k|  0 |5661 |  33 | 0.000000e+00 |      --      |    Inf |   5.20%
  471s|  4000 |   415 |  3810k| 749.4 |   260M |  50 |1187 |6711 |3250 |  28k|  2 |5791 |  33 | 0.000000e+00 |      --      |    Inf |   5.20%
  476s|  4100 |   416 |  3853k| 743.2 |   261M |  50 |1187 |6713 |3223 |  29k|  0 |5894 |  33 | 0.000000e+00 |      --      |    Inf |   5.20%
  482s|  4200 |   436 |  3911k| 740.1 |   261M |  50 |1187 |6698 |3426 |  29k|  2 |5980 |  33 | 0.000000e+00 |      --      |    Inf |   5.20%
  485s|  4300 |   460 |  3942k| 732.2 |   261M |  50 |1187 |6686 |2919 |  30k|  3 |6053 |  33 | 0.000000e+00 |      --      |    Inf |   5.20%
  486s|  4400 |   472 |  3955k| 721.1 |   261M |  50 |1187 |6704 |2968 |  30k|  1 |6122 |  33 | 0.000000e+00 |      --      |    Inf |   5.29%
  488s|  4500 |   464 |  3978k| 712.3 |   262M |  50 |1187 |6676 |3207 |  30k|  2 |6203 |  33 | 0.000000e+00 |      --      |    Inf |   5.30%
  494s|  4600 |   470 |  4033k| 709.4 |   262M |  50 |1187 |6654 |3469 |  31k|  1 |6300 |  33 | 0.000000e+00 |      --      |    Inf |   5.30%
  498s|  4700 |   472 |  4072k| 703.8 |   262M |  50 |1187 |6699 |3415 |  31k|  2 |6400 |  33 | 0.000000e+00 |      --      |    Inf |   5.30%
  503s|  4800 |   482 |  4124k| 700.7 |   262M |  50 |1187 |6692 |3131 |  32k|  2 |6502 |  33 | 0.000000e+00 |      --      |    Inf |   5.30%
  509s|  4900 |   492 |  4175k| 697.6 |   262M |  50 |1187 |6771 |3270 |  32k|  2 |6615 |  33 | 0.000000e+00 |      --      |    Inf |   5.30%
  514s|  5000 |   492 |  4227k| 694.6 |   262M |  50 |1187 |6742 |3551 |  33k|  0 |6752 |  33 | 0.000000e+00 |      --      |    Inf |   5.30%
  518s|  5100 |   503 |  4269k| 690.1 |   262M |  50 |1187 |6708 |3275 |  33k|  0 |6853 |  33 | 0.000000e+00 |      --      |    Inf |   5.31%
  524s|  5200 |   504 |  4324k| 687.8 |   262M |  50 |1187 |6682 |3577 |  34k|  1 |6956 |  33 | 0.000000e+00 |      --      |    Inf |   5.31%
  529s|  5300 |   489 |  4373k| 684.8 |   263M |  50 |1187 |6680 |3398 |  34k|  2 |7074 |  33 | 0.000000e+00 |      --      |    Inf |   5.31%
 time | node  | left  |LP iter|LP it/n|mem/heur|mdpt |vars |cons |rows |cuts |sepa|confs|strbr|  dualbound   | primalbound  |  gap   | compl. 
  535s|  5400 |   497 |  4429k| 682.9 |   263M |  50 |1187 |6659 |3157 |  35k|  0 |7183 |  33 | 0.000000e+00 |      --      |    Inf |   5.31%
  539s|  5500 |   502 |  4480k| 680.2 |   264M |  50 |1187 |6723 |3290 |  35k|  0 |7306 |  33 | 0.000000e+00 |      --      |    Inf |   5.31%
  545s|  5600 |   494 |  4536k| 678.5 |   264M |  50 |1187 |6719 |3341 |  36k|  2 |7431 |  33 | 0.000000e+00 |      --      |    Inf |   5.31%
  550s|  5700 |   491 |  4592k| 676.6 |   264M |  50 |1187 |6667 |3447 |  36k|  0 |7553 |  33 | 0.000000e+00 |      --      |    Inf |   5.32%
  556s|  5800 |   500 |  4645k| 674.5 |   265M |  50 |1187 |6491 |3634 |  37k|  2 |7654 |  33 | 0.000000e+00 |      --      |    Inf |   5.39%
  560s|  5900 |   497 |  4688k| 671.1 |   265M |  50 |1187 |6487 |3070 |  37k|  0 |7758 |  33 | 0.000000e+00 |      --      |    Inf |   5.39%
  565s|  6000 |   489 |  4743k| 669.4 |   265M |  50 |1187 |6448 |3353 |  37k|  0 |7876 |  33 | 0.000000e+00 |      --      |    Inf |   5.39%
  569s|  6100 |   493 |  4786k| 666.0 |   265M |  50 |1187 |6457 |3477 |  37k|  0 |7970 |  33 | 0.000000e+00 |      --      |    Inf |   5.40%
  573s|  6200 |   491 |  4834k| 663.5 |   265M |  50 |1187 |6290 |2867 |  38k|  2 |8078 |  33 | 0.000000e+00 |      --      |    Inf |   5.40%
  579s|  6300 |   527 |  4894k| 662.5 |   266M |  50 |1187 |6052 |3164 |  39k|  2 |8146 |  33 | 0.000000e+00 |      --      |    Inf |   5.52%
  583s|  6400 |   569 |  4945k| 660.5 |   266M |  50 |1187 |6059 |3122 |  40k|  0 |8242 |  33 | 0.000000e+00 |      --      |    Inf |   5.52%
  587s|  6500 |   560 |  4998k| 658.7 |   266M |  50 |1187 |6144 |   0 |  40k|  0 |8414 |  33 | 0.000000e+00 |      --      |    Inf |   5.52%
pressed CTRL-C 1 times (5 times for forcing termination)

SCIP Status        : solving was interrupted [user interrupt]
Solving Time (sec) : 589.00
Solving Nodes      : 6549 (total of 7616 nodes in 2 runs)
Primal Bound       : +1.00000000000000e+20 (0 solutions)
Dual Bound         : +0.00000000000000e+00
Gap                : infinite


no solution available

SCIP> 