
Gurobi 13.0.1 (win64, gurobi_cl) logging started Sun May  3 21:59:17 2026

Set parameter WLSAccessID
Set parameter WLSSecret
Set parameter LicenseID to value 2811917
Set parameter LogFile to value "N22_R9_K3_3_24_split_24_fix3B_6_exact_fixrestA_wo_lem_str4_f9_g.log"
Using license file C:\Users\artik\gurobi.lic
Academic license 2811917 - for non-commercial use only - registered to ar___@ukma.edu.ua

Gurobi Optimizer version 13.0.1 build v13.0.1rc0 (win64 - Windows 11+.0 (26200.2))
Copyright (c) 2026, Gurobi Optimization, LLC

Error reading LP format file N22_R9_K3_3_24_split_24_fix3B_6_exact_fixrestA_wo_lem_str4_f9.lp at line 7049
Unrecognized variable bound
Neighboring tokens: " tbounds: 99 <= T <= 99 Binary x0_1 "


Error 10012: Unable to read file


Gurobi 13.0.1 (win64, gurobi_cl) logging started Sun May  3 21:59:27 2026

Set parameter WLSAccessID
Set parameter WLSSecret
Set parameter LicenseID to value 2811917
Set parameter LogFile to value "N22_R9_K3_3_24_split_24_fix3B_6_exact_fixrestA_wo_lem_str4_f9_g.log"
Using license file C:\Users\artik\gurobi.lic
Academic license 2811917 - for non-commercial use only - registered to ar___@ukma.edu.ua

Gurobi Optimizer version 13.0.1 build v13.0.1rc0 (win64 - Windows 11+.0 (26200.2))
Copyright (c) 2026, Gurobi Optimization, LLC

Read LP format model from file N22_R9_K3_3_24_split_24_fix3B_6_exact_fixrestA_wo_lem_str4_f9.lp
Reading time = 0.02 seconds
obj: 6982 rows, 2123 columns, 27091 nonzeros

Using Gurobi shared library D:\gurobi\win64\bin\gurobi130.dll

CPU model: 12th Gen Intel(R) Core(TM) i7-12700H, instruction set [SSE2|AVX|AVX2]
Thread count: 14 physical cores, 20 logical processors, using up to 20 threads

Academic license 2811917 - for non-commercial use only - registered to ar___@ukma.edu.ua
Optimize a model with 6982 rows, 2123 columns and 27091 nonzeros (Min)
Model fingerprint: 0x026c847d
Model has 1 linear objective coefficients
Variable types: 0 continuous, 2123 integer (2099 binary)
Coefficient statistics:
  Matrix range     [1e+00, 8e+01]
  Objective range  [1e+00, 1e+00]
  Bounds range     [1e+00, 1e+02]
  RHS range        [1e+00, 8e+01]

Presolve removed 1871 rows and 463 columns
Presolve time: 0.04s
Presolved: 5111 rows, 1660 columns, 20365 nonzeros
Variable types: 0 continuous, 1660 integer (1640 binary)

Root relaxation: objective 0.000000e+00, 2200 iterations, 0.11 seconds (0.22 work units)

    Nodes    |    Current Node    |     Objective Bounds      |     Work
 Expl Unexpl |  Obj  Depth IntInf | Incumbent    BestBd   Gap | It/Node Time

     0     0    0.00000    0  200          -    0.00000      -     -    0s
     0     0    0.00000    0  183          -    0.00000      -     -    0s
     0     0    0.00000    0  179          -    0.00000      -     -    0s
     0     0    0.00000    0  179          -    0.00000      -     -    1s
     0     0    0.00000    0  179          -    0.00000      -     -    1s
     0     0    0.00000    0  188          -    0.00000      -     -    1s
     0     0    0.00000    0  168          -    0.00000      -     -    1s
     0     0    0.00000    0  111          -    0.00000      -     -    1s
     0     0    0.00000    0  128          -    0.00000      -     -    1s
     0     0    0.00000    0  128          -    0.00000      -     -    1s
     0     0    0.00000    0  118          -    0.00000      -     -    1s
     0     0    0.00000    0  123          -    0.00000      -     -    1s
     0     0    0.00000    0  123          -    0.00000      -     -    1s
     0     0    0.00000    0  119          -    0.00000      -     -    2s
     0     0    0.00000    0  134          -    0.00000      -     -    2s
     0     0    0.00000    0  134          -    0.00000      -     -    2s
H    0     0                      14.0000000    0.00000   100%     -    2s
H    0     0                       5.0000000    0.00000   100%     -    2s
     0     0    0.00000    0  148    5.00000    0.00000   100%     -    2s
     0     0    0.00000    0  139    5.00000    0.00000   100%     -    2s
     0     0    0.00000    0  112    5.00000    0.00000   100%     -    2s
     0     0    0.00000    0  126    5.00000    0.00000   100%     -    3s
     0     0    0.00000    0  147    5.00000    0.00000   100%     -    3s
     0     0    0.00000    0  147    5.00000    0.00000   100%     -    3s
     0     0    0.00000    0  147    5.00000    0.00000   100%     -    3s
     0     0    0.00000    0  147    5.00000    0.00000   100%     -    3s
     0     2    0.00000    0   93    5.00000    0.00000   100%     -    4s
    59   100    0.00000    7  129    5.00000    0.00000   100%   392    5s
   915  1801    0.00000   26  308    5.00000    0.00000   100%   282   11s
  3282  2449    2.71871   73  157    5.00000    0.00000   100%   238   15s
  3293  2456    0.59442   71  127    5.00000    0.00000   100%   237   20s
  3486  2600    0.00000   24   93    5.00000    0.00000   100%   247   25s
  3514  2671    0.00000   25  103    5.00000    0.00000   100%   248   31s
  3581  3134    0.00000   25  173    5.00000    0.00000   100%   248   35s
  4086  3793    0.00000   44  124    5.00000    0.00000   100%   262   42s
  5108  4364    0.00000   80  139    5.00000    0.00000   100%   274   48s
  6377  5130    1.53946   64  170    5.00000    0.00000   100%   274   53s
  8350  5100    1.02914   42  184    5.00000    0.00000   100%   264   56s
 11394  5890    1.00000   59  169    5.00000    0.00000   100%   250   61s
 13078  7144    1.07810   61   91    5.00000    0.00000   100%   246   65s
 14456  7564    2.96523   76  131    5.00000    0.00000   100%   243   70s
 16895  8539    0.05345   70   93    5.00000    0.00000   100%   238   76s
 18958  9540    0.00000   65  174    5.00000    0.00000   100%   226   81s
 21704 10480    0.00000   50  176    5.00000    0.00000   100%   222   86s
 24345 11482    0.00000   76  128    5.00000    0.00000   100%   216   90s
 27535 12578     cutoff   72         5.00000    0.00000   100%   211   96s
 30499 13556    1.31961   64  211    5.00000    0.00000   100%   208  101s
 32078 14255    0.00000   56  173    5.00000    0.00000   100%   208  105s
 33842 14955    0.00000   62  162    5.00000    0.00000   100%   209  110s
 35703 16051    0.00000   55   88    5.00000    0.00000   100%   210  115s
 37649 16918    0.01894   55  168    5.00000    0.00000   100%   210  121s
 39714 17517 infeasible   68         5.00000    0.00000   100%   207  133s
 41803 17720    0.00000   57  195    5.00000    0.00000   100%   206  136s
 42490 18426    0.82275   63  120    5.00000    0.00000   100%   206  140s
 46034 19898    0.00000   66  137    5.00000    0.00000   100%   204  147s
 48720 20226    0.00000   67  111    5.00000    0.00000   100%   200  151s
 51619 21133    2.22497   67  166    5.00000    0.00000   100%   197  156s
 53397 21634    0.00000   43  136    5.00000    0.00000   100%   196  162s
 53725 22042    0.00000   44  194    5.00000    0.00000   100%   197  165s
 55473 22857    2.00176   72   72    5.00000    0.00000   100%   199  171s
 56226 23392    1.29256   65  151    5.00000    0.00000   100%   199  175s
 57789 24128    1.00000   69  207    5.00000    0.00000   100%   203  181s
 58605 24710    1.00000   73  233    5.00000    0.00000   100%   204  185s
 61421 25835    1.00000   36  163    5.00000    0.00000   100%   207  193s
 62308 26824    1.00000   37  151    5.00000    0.00000   100%   207  197s
 64412 26836    0.00000   58  166    5.00000    0.00000   100%   208  201s
 64428 26855    0.16738   59  234    5.00000    0.00000   100%   208  207s
H64434 26471                       4.0000000    0.00000   100%   208  207s
 64461 27062    0.22290   60  235    4.00000    0.00000   100%   208  210s
 67652 28166    0.00000   45  214    4.00000    0.00000   100%   210  219s
 68354 28643    0.00000   61  114    4.00000    0.00000   100%   212  224s
 69569 29290    0.00000   72  137    4.00000    0.00000   100%   213  229s
 71237 29661    0.00000   70  138    4.00000    0.00000   100%   215  235s
 74108 31019    0.00000   53  126    4.00000    0.00000   100%   216  243s
 75384 31342    0.00000   44  194    4.00000    0.00000   100%   218  248s
 75999 32129    0.00000   51  187    4.00000    0.00000   100%   218  253s
 77553 32947    0.00000   54  132    4.00000    0.00000   100%   220  258s
 79164 33636    0.34232   82   94    4.00000    0.00000   100%   221  262s
 80685 34289    0.00000   54  175    4.00000    0.00000   100%   222  266s
 81928 34849    0.00000   53  167    4.00000    0.00000   100%   223  270s
 83077 35358    0.00000   63  140    4.00000    0.00000   100%   225  275s
 86078 36881    0.00000   69  205    4.00000    0.00000   100%   226  284s
 87368 37701    0.00000   66  135    4.00000    0.00000   100%   227  288s
 89227 38516    0.00484   77  196    4.00000    0.00000   100%   228  292s
 91060 38816     cutoff   64         4.00000    0.00000   100%   228  297s
 91761 39536    0.00000   24  163    4.00000    0.00000   100%   228  301s
 95941 40998    0.00000   70  181    4.00000    0.00000   100%   228  308s
 97273 41617    0.00000   53  115    4.00000    0.00000   100%   229  311s
 98607 42337    1.01281   69  210    4.00000    0.00000   100%   230  315s
 100460 42958    0.00000   59  169    4.00000    0.00000   100%   230  325s
 101335 43771    0.00000   60  158    4.00000    0.00000   100%   231  331s
 103001 44256    0.00000   18  133    4.00000    0.00000   100%   232  337s
 104060 45334    0.00000   58  160    4.00000    0.00000   100%   232  343s
 106118 46266    1.66089   80  170    4.00000    0.00000   100%   234  348s
 108259 47091    0.03852   79  178    4.00000    0.00000   100%   234  353s
 110181 47486    1.65594   71  171    4.00000    0.00000   100%   235  359s
 111154 48149    0.00000   68  173    4.00000    0.00000   100%   235  364s
 112601 48981    0.02867   59   98    4.00000    0.00000   100%   236  368s
 114293 49896    0.00000   42  220    4.00000    0.00000   100%   237  373s
 116341 50602    0.00875   68  150    4.00000    0.00000   100%   237  377s
 117699 51285    0.00000   63  137    4.00000    0.00000   100%   239  382s
 119088 51382    0.97277   69  224    4.00000    0.00000   100%   239  387s
 119228 51609    1.30069   70  136    4.00000    0.00000   100%   239  393s
 119774 52338 infeasible   71         4.00000    0.00000   100%   239  399s
 121969 52826    0.00000   61   81    4.00000    0.00000   100%   239  405s
 123585 53748    0.75000   70   88    4.00000    0.00000   100%   238  410s
 129554 55055    0.00000   60  101    4.00000    0.00000   100%   236  417s
 131790 55316    2.18182   71   87    4.00000    0.00000   100%   235  421s
 135503 56305    0.00000   51  138    4.00000    0.00000   100%   233  427s
 137127 57081    0.00000   79  206    4.00000    0.00000   100%   233  431s
 140305 57608    1.42221   59  130    4.00000    0.00000   100%   232  437s
 142359 58442    0.00000   63  196    4.00000    0.00000   100%   232  442s
 143963 58951    0.00000   47  166    4.00000    0.00000   100%   232  445s
 146143 59784    0.00000   53  145    4.00000    0.00000   100%   232  451s
 148358 60851    0.00000   52  235    4.00000    0.00000   100%   232  458s
 149729 61477    1.91812   53  287    4.00000    0.00000   100%   232  464s
 151421 62050    0.69884   53  289    4.00000    0.00000   100%   232  468s
 152923 62375    1.67847   60  158    4.00000    0.00000   100%   232  471s
 153652 62962    0.00000   64  113    4.00000    0.00000   100%   232  475s
 156144 63825    0.00000   34  168    4.00000    0.00000   100%   233  482s
 156705 64558    1.00000   48  121    4.00000    0.00000   100%   234  488s
 157908 65459    0.04267   68  189    4.00000    0.00000   100%   234  492s
 159981 65698    0.28808   53  209    4.00000    0.00000   100%   235  498s
 160723 66369    1.19463   54  200    4.00000    0.00000   100%   235  502s
 162864 66937    0.00000   59  131    4.00000    0.00000   100%   234  506s
 164185 67522    0.00000   58  147    4.00000    0.00000   100%   235  510s
 167399 68320    0.00000   38  197    4.00000    0.00000   100%   235  518s
 168176 68779    0.80778   39  173    4.00000    0.00000   100%   235  522s
 170157 68914    1.00000   79  102    4.00000    0.00000   100%   235  526s
 170665 69345    1.00000   80   84    4.00000    0.00000   100%   235  530s
 173355 70509    0.00000   61  150    4.00000    0.00000   100%   235  537s
 174727 71282    0.03099   67  170    4.00000    0.00000   100%   236  540s
 178182 72595    0.00000   63  174    4.00000    0.00000   100%   236  547s
 179469 72609    0.01972   55  271    4.00000    0.00000   100%   236  551s
H179488 69567                       3.0000000    0.00000   100%   236  554s
 179497 69931    0.48493   57  272    3.00000    0.00000   100%   236  558s
 180252 70498    0.00000   56  187    3.00000    0.00000   100%   236  561s
 181576 70878    0.00000   55  134    3.00000    0.00000   100%   237  566s
 182751 71345    1.00000   79  119    3.00000    0.00000   100%   237  570s
 185084 72176    1.00049   85  124    3.00000    0.00000   100%   237  578s
 186481 72717 infeasible   76         3.00000    0.00000   100%   238  582s
 188012 73293 infeasible   65         3.00000    0.00000   100%   238  586s
 189298 73717     cutoff   66         3.00000    0.00000   100%   239  591s
 190469 74270    0.02147   68  112    3.00000    0.00000   100%   239  595s
 192208 74602    0.00000   52  127    3.00000    0.00000   100%   239  600s
 194807 76093    0.00000   51  121    3.00000    0.00000   100%   239  609s
 196793 76646    0.00000   78   99    3.00000    0.00000   100%   239  613s
 198924 76975 infeasible   79         3.00000    0.00000   100%   239  616s
 201175 77497    0.06642   78  118    3.00000    0.00000   100%   239  622s
 202487 77909    0.00468   63  162    3.00000    0.00000   100%   238  625s
 205579 78352    0.06654   68  137    3.00000    0.00000   100%   238  632s
 205984 78637    0.00000   71  119    3.00000    0.00000   100%   238  636s
 207434 78989    0.88431   81  138    3.00000    0.00000   100%   238  640s
 209114 79091    0.10208   78  180    3.00000    0.00000   100%   238  648s
H209222 68810                       2.0000000    0.00000   100%   238  648s
 209374 69067    0.19649   79  180    2.00000    0.00000   100%   237  652s
 210720 69194     cutoff   73         2.00000    0.00000   100%   238  656s
 211266 69442    0.02257   70  156    2.00000    0.00000   100%   238  660s
 214432 69872 infeasible   63         2.00000    0.00000   100%   238  668s
 215860 70094    0.00000   47  178    2.00000    0.00000   100%   238  672s
 217055 70235    1.00000   60  161    2.00000    0.00000   100%   239  677s
 217470 71442    1.00000   61  138    2.00000    0.00000   100%   239  692s
 221695 71829    0.45156   58  113    2.00000    0.00000   100%   241  698s
 222992 72173 infeasible   63         2.00000    0.00000   100%   242  705s
 223915 72714    0.55389   53  166    2.00000    0.00000   100%   242  711s
 225485 73247    0.00000   46  212    2.00000    0.00000   100%   243  718s
 226760 73776    0.00000   69   68    2.00000    0.00000   100%   244  724s
 227900 74159    0.00000   66  129    2.00000    0.00000   100%   245  730s
 228786 74895    0.00000   60  210    2.00000    0.00000   100%   245  736s
 230083 75726    0.00000   60  147    2.00000    0.00000   100%   246  742s
 232091 76163    0.00000   51  153    2.00000    0.00000   100%   247  749s
 233299 76290 infeasible   62         2.00000    0.00000   100%   248  755s
 233746 76519 infeasible   61         2.00000    0.00000   100%   248  762s
 234353 76908    0.13739   65  129    2.00000    0.00000   100%   248  769s
 235176 77326     cutoff   65         2.00000    0.00000   100%   249  777s
 236140 77488    0.00000   66  159    2.00000    0.00000   100%   249  782s
 236773 78413    0.00000   45  156    2.00000    0.00000   100%   250  793s
 239081 79069     cutoff   69         2.00000    0.00000   100%   251  800s
 240724 79625    0.00000   35  207    2.00000    0.00000   100%   251  807s
 242419 80101 infeasible   70         2.00000    0.00000   100%   252  814s
 244196 80418     cutoff   75         2.00000    0.00000   100%   253  821s
 245089 81058    0.00000   51   83    2.00000    0.00000   100%   253  827s
 246955 81705    0.00000   56  165    2.00000    0.00000   100%   254  833s
 248791 82251    0.00000   60  134    2.00000    0.00000   100%   255  839s
 250890 82684 infeasible   71         2.00000    0.00000   100%   255  845s
 252339 83094    1.00000   65  202    2.00000    0.00000   100%   256  850s
 254168 83440    0.00000   61   95    2.00000    0.00000   100%   256  856s
 255213 84001    0.00000   58  130    2.00000    0.00000   100%   257  862s
 256319 84109 infeasible   74         2.00000    0.00000   100%   257  867s
 256568 86990    0.00000   63  237    2.00000    0.00000   100%   258  895s
 264126 87279    1.00000   78  135    2.00000    0.00000   100%   261  901s
 265043 87860    0.00000   56   92    2.00000    0.00000   100%   261  906s
 266860 88156    0.09892   63  174    2.00000    0.00000   100%   261  912s
 267940 88553    0.07563   61  168    2.00000    0.00000   100%   262  918s
 269168 88936    0.00827   69  123    2.00000    0.00000   100%   262  923s
 271004 89330    0.07915   69  164    2.00000    0.00000   100%   262  928s
 272982 89681    0.74778   71  165    2.00000    0.00000   100%   263  933s
 274628 89994 infeasible   69         2.00000    0.00000   100%   263  938s
 275785 90368    0.05488   59  119    2.00000    0.00000   100%   263  943s
 277662 90592    0.00000   66   99    2.00000    0.00000   100%   263  946s
 280469 91028 infeasible   73         2.00000    0.00000   100%   264  953s
 280935 91365 infeasible   60         2.00000    0.00000   100%   264  957s
 282386 91726     cutoff   64         2.00000    0.00000   100%   264  961s
 285750 92374 infeasible   71         2.00000    0.00000   100%   264  968s
 287473 92578    0.15869   62  191    2.00000    0.00000   100%   264  972s
 288373 92907    0.12967   61  154    2.00000    0.00000   100%   264  975s
 292567 93292    1.00000   69  105    2.00000    0.00000   100%   264  982s
 293453 93297 infeasible   70         2.00000    0.00000   100%   264  986s
 293475 93308    0.00000   61  102    2.00000    0.00000   100%   264  991s
 293509 93318    0.00000   63   95    2.00000    0.00000   100%   264 1000s
 293598 93343    0.00571   65  108    2.00000    0.00000   100%   264 1007s
 293712 93395    0.08847   66  108    2.00000    0.00000   100%   264 1011s
 294362 93487    0.11197   67  102    2.00000    0.00000   100%   264 1016s
 294989 93820 infeasible   69         2.00000    0.00000   100%   264 1021s
 296625 94004    0.00000   55  127    2.00000    0.00000   100%   264 1026s
 297719 94398    0.00000   63  116    2.00000    0.00000   100%   264 1032s
 299948 94602 infeasible   74         2.00000    0.00000   100%   264 1036s
 301856 94642    0.00000   61   91    2.00000    0.00000   100%   264 1041s
 302527 94858    0.00000   62   92    2.00000    0.00000   100%   264 1045s
 303903 95175    0.00193   62  216    2.00000    0.00000   100%   264 1050s
 307581 95755    0.03784   66  109    2.00000    0.00000   100%   264 1058s
 309510 95912     cutoff   72         2.00000    0.00000   100%   264 1062s
 310719 96136    0.00000   57   97    2.00000    0.00000   100%   264 1066s
 312472 96419    0.00000   61  115    2.00000    0.00000   100%   264 1070s
 314439 96827 infeasible   71         2.00000    0.00000   100%   264 1078s
 316518 97068    0.00000   63  121    2.00000    0.00000   100%   264 1082s
 318122 97387    0.00000   48  108    2.00000    0.00000   100%   265 1086s
 319631 97530    0.00000   61   80    2.00000    0.00000   100%   265 1090s
 322009 97926    0.05125   65   98    2.00000    0.00000   100%   265 1097s
 323419 98078 infeasible   71         2.00000    0.00000   100%   265 1101s
 324445 98228    0.08851   64  156    2.00000    0.00000   100%   265 1105s
 327841 98510    0.00000   57  116    2.00000    0.00000   100%   265 1112s
 328460 98681    0.00000   58  109    2.00000    0.00000   100%   265 1116s
 330011 98852    0.00000   59  114    2.00000    0.00000   100%   265 1120s
 332854 99290    0.00000   69  154    2.00000    0.00000   100%   265 1127s
 334248 99566    0.00000   70  172    2.00000    0.00000   100%   265 1132s
 336484 99705    0.07924   67  151    2.00000    0.00000   100%   265 1135s
 339081 100068     cutoff   74         2.00000    0.00000   100%   265 1142s
 339647 100421    0.00000   64  137    2.00000    0.00000   100%   265 1146s
 342158 101149    0.94253   65  162    2.00000    0.00000   100%   265 1152s
 343114 101420    0.00000   66  147    2.00000    0.00000   100%   266 1156s
 345940 101884 infeasible   49         2.00000    0.00000   100%   266 1164s
 346569 102197 infeasible   67         2.00000    0.00000   100%   266 1169s
 348155 102438    0.01636   62  150    2.00000    0.00000   100%   266 1173s
 349545 102730    0.49114   45  139    2.00000    0.00000   100%   266 1177s
 351113 103037    0.00000   47  148    2.00000    0.00000   100%   266 1181s
 352555 103199    0.00000   45  161    2.00000    0.00000   100%   267 1185s
 353073 103554    0.00000   46  170    2.00000    0.00000   100%   267 1190s
 355656 104426    0.00395   70  100    2.00000    0.00000   100%   267 1200s
 357106 104620    0.00000   65  206    2.00000    0.00000   100%   268 1205s
 357502 105375    0.00000   74  155    2.00000    0.00000   100%   268 1211s
 358926 105984    0.00000   43  102    2.00000    0.00000   100%   268 1216s
 360218 106606    0.21333   54  153    2.00000    0.00000   100%   269 1222s
 361777 107266    0.00000   49  126    2.00000    0.00000   100%   269 1228s
 363331 107810    1.00000   54  221    2.00000    0.00000   100%   270 1234s
 365072 108250    0.00000   51  183    2.00000    0.00000   100%   270 1239s
 365781 108250    0.00000   58  156    2.00000    0.00000   100%   270 1240s
 366413 108766    1.00000   77  163    2.00000    0.00000   100%   270 1245s
 367814 109242    1.00000   72  140    2.00000    0.00000   100%   270 1251s
 369678 109653    0.04125   76  183    2.00000    0.00000   100%   271 1256s
 370961 110197     cutoff   60         2.00000    0.00000   100%   271 1262s
 372345 110416 infeasible   63         2.00000    0.00000   100%   271 1269s
 373325 110642    0.45166   75  141    2.00000    0.00000   100%   271 1275s
 374099 110979    0.00000   69  120    2.00000    0.00000   100%   272 1280s
 375372 111503    0.00000   41  170    2.00000    0.00000   100%   272 1286s
 376813 111790 infeasible   71         2.00000    0.00000   100%   272 1292s
 377972 112268    0.00000   68  135    2.00000    0.00000   100%   273 1297s
 379484 112559    0.00000   63  180    2.00000    0.00000   100%   273 1304s
 380402 113228    0.00000   73  153    2.00000    0.00000   100%   273 1310s
 382118 113697    0.00000   47  152    2.00000    0.00000   100%   273 1316s
 383861 113966    0.00000   52  128    2.00000    0.00000   100%   274 1322s
 384988 114407 infeasible   61         2.00000    0.00000   100%   274 1327s
 386710 114959 infeasible   55         2.00000    0.00000   100%   274 1333s
 388241 115422     cutoff   66         2.00000    0.00000   100%   275 1338s
 389556 115956    0.00000   46  123    2.00000    0.00000   100%   275 1344s
 391209 116136    0.00000   65  216    2.00000    0.00000   100%   275 1350s
 392409 116624    0.00000   43  127    2.00000    0.00000   100%   275 1355s
 394098 117119    0.28358   79  174    2.00000    0.00000   100%   275 1360s
 395599 117252    0.18910   81  255    2.00000    0.00000   100%   276 1365s
 395958 117596    1.00000   71  215    2.00000    0.00000   100%   276 1371s
 397249 118220    0.02160   47  164    2.00000    0.00000   100%   276 1377s
 399069 118721 infeasible   76         2.00000    0.00000   100%   276 1383s
 401254 119238    0.00000   52  123    2.00000    0.00000   100%   276 1388s
 403058 119604 infeasible   78         2.00000    0.00000   100%   277 1393s
 404159 120331    0.00000   77  218    2.00000    0.00000   100%   277 1397s
 405553 120716    0.01106   70  168    2.00000    0.00000   100%   277 1402s
 406674 121311    0.00000   65  157    2.00000    0.00000   100%   277 1407s
 408286 121781     cutoff   70         2.00000    0.00000   100%   277 1413s
 410322 122126    0.00000   63  111    2.00000    0.00000   100%   277 1418s
 412114 122129    0.00000   70  138    2.00000    0.00000   100%   277 1422s
 412139 122139    0.00000   71  121    2.00000    0.00000   100%   277 1427s
 412156 122146    0.02911   72  128    2.00000    0.00000   100%   277 1432s
 412177 122149    0.06379   73  135    2.00000    0.00000   100%   277 1437s
 412202 122154    0.22311   74  148    2.00000    0.00000   100%   277 1442s
 412223 122174    0.55170   75  125    2.00000    0.00000   100%   277 1448s
 412293 122231    0.78063   76  116    2.00000    0.00000   100%   277 1452s
 412450 122361     cutoff   75         2.00000    0.00000   100%   277 1457s
 413002 122597    0.00000   67  135    2.00000    0.00000   100%   277 1463s
 413842 122844    0.00000   68  122    2.00000    0.00000   100%   277 1470s
 414943 123234    0.35329   72  157    2.00000    0.00000   100%   277 1477s
 416037 123984    0.40145   74  240    2.00000    0.00000   100%   278 1485s
 418170 124796    0.05493   84  186    2.00000    0.00000   100%   278 1491s
 419873 125507    0.00000   68  126    2.00000    0.00000   100%   278 1497s
 421581 125732     cutoff   87         2.00000    0.00000   100%   278 1504s
 422525 126370    0.00000   72  177    2.00000    0.00000   100%   279 1509s
 424388 126819    1.00000   84  165    2.00000    0.00000   100%   279 1514s
 425041 126819    0.00000   61  121    2.00000    0.00000   100%   279 1515s
 425638 127449    0.00000   84  170    2.00000    0.00000   100%   279 1520s
 427381 127777    0.00000   79  140    2.00000    0.00000   100%   279 1525s
 430236 128620    0.00000   78  174    2.00000    0.00000   100%   279 1534s
 431022 129190    0.00000   75  119    2.00000    0.00000   100%   280 1539s
 432397 129637    0.00000   79  204    2.00000    0.00000   100%   280 1544s
 433687 129961    0.00000   77  129    2.00000    0.00000   100%   280 1549s
 434771 130561 infeasible   81         2.00000    0.00000   100%   280 1555s
 436680 131042    0.03678   70  218    2.00000    0.00000   100%   281 1560s
 438343 131455 infeasible   85         2.00000    0.00000   100%   281 1565s
 439444 131999    0.00000   75  142    2.00000    0.00000   100%   281 1570s
 441405 132332    0.00000   75  135    2.00000    0.00000   100%   281 1575s
 442928 132668    0.00000   69  125    2.00000    0.00000   100%   281 1580s
 444430 132956    0.00000   68  128    2.00000    0.00000   100%   281 1585s
 446936 133325    0.10229   82  206    2.00000    0.00000   100%   281 1594s
 447985 133835    0.00000   52  152    2.00000    0.00000   100%   282 1598s
 449433 134408    0.00000   67  247    2.00000    0.00000   100%   282 1603s
 450839 134812    1.00000   55  132    2.00000    0.00000   100%   282 1607s
 452308 135258    0.00000   80  145    2.00000    0.00000   100%   282 1612s
 453849 135685    0.00000   50  141    2.00000    0.00000   100%   283 1616s
 455298 136171    1.00000   65  105    2.00000    0.00000   100%   283 1621s
 456400 136496    0.00000   54  124    2.00000    0.00000   100%   283 1626s
 457339 137057    1.00000   81  223    2.00000    0.00000   100%   283 1631s
 459126 137567    0.00000   59  130    2.00000    0.00000   100%   283 1637s
 460990 137833    0.02110   53  152    2.00000    0.00000   100%   283 1643s
 462465 138314    0.22790   75  152    2.00000    0.00000   100%   284 1648s
 464173 138483    0.00000   43  115    2.00000    0.00000   100%   284 1654s
 464858 138949    0.00000   56  167    2.00000    0.00000   100%   284 1659s
 466296 139429    0.09692   63  119    2.00000    0.00000   100%   284 1664s
 467790 140017    0.00000   64  171    2.00000    0.00000   100%   284 1670s
 469873 140459    0.84418   64  128    2.00000    0.00000   100%   284 1676s
 471774 140644    0.20981   76  101    2.00000    0.00000   100%   284 1681s
 472329 141085    0.00000   38  225    2.00000    0.00000   100%   284 1687s
 473550 141484    0.96116   83  163    2.00000    0.00000   100%   285 1692s
 474901 141970    0.81109   50  188    2.00000    0.00000   100%   285 1698s
 476539 142414    0.01489   62  189    2.00000    0.00000   100%   285 1703s
 477971 142781    0.00000   67  160    2.00000    0.00000   100%   285 1708s
 478977 143054     cutoff   76         2.00000    0.00000   100%   285 1713s
 479771 143501     cutoff   55         2.00000    0.00000   100%   286 1719s
 481424 144059    1.00000   61  166    2.00000    0.00000   100%   286 1725s
 483138 144333    0.60778   72  270    2.00000    0.00000   100%   286 1731s
 484729 144752     cutoff   64         2.00000    0.00000   100%   286 1737s
 486421 145048    0.00000   52  116    2.00000    0.00000   100%   286 1742s
 487657 145578     cutoff   54         2.00000    0.00000   100%   286 1748s
 489759 145917     cutoff   59         2.00000    0.00000   100%   286 1753s
 490806 146425    0.67200   65  133    2.00000    0.00000   100%   286 1759s
 492635 146910    0.02941   86  195    2.00000    0.00000   100%   286 1764s
 494383 147122    0.00000   72  180    2.00000    0.00000   100%   286 1769s
 495384 147490    0.00000   66  126    2.00000    0.00000   100%   287 1774s
 496950 147755    0.00000   59  129    2.00000    0.00000   100%   287 1778s
 497712 148149 infeasible   66         2.00000    0.00000   100%   287 1784s
 499349 148417    0.58755   60  277    2.00000    0.00000   100%   287 1789s
 500881 148763    0.00000   56  170    2.00000    0.00000   100%   287 1794s
 502207 149006 infeasible   77         2.00000    0.00000   100%   287 1800s
 502877 149433    1.00000   76  166    2.00000    0.00000   100%   287 1805s
 505478 150255    0.00486   70  133    2.00000    0.00000   100%   288 1814s
 506804 150441     cutoff   45         2.00000    0.00000   100%   288 1819s
 507167 150441    0.00000   48  146    2.00000    0.00000   100%   288 1820s
 508995 151463    0.33930   74  168    2.00000    0.00000   100%   288 1829s
 510472 151865    0.00000   50  126    2.00000    0.00000   100%   288 1834s
 512152 152168    0.03112   70  153    2.00000    0.00000   100%   289 1840s
 512965 153032    0.00000   43  140    2.00000    0.00000   100%   289 1848s
 515013 153451    0.00000   58  168    2.00000    0.00000   100%   289 1855s
 516364 153875 infeasible   47         2.00000    0.00000   100%   289 1864s
 518048 154370     cutoff   60         2.00000    0.00000   100%   289 1873s
 521370 154608    0.00000   63  105    2.00000    0.00000   100%   289 1880s
 523192 154847    0.00000   58  138    2.00000    0.00000   100%   289 1889s
 524985 155070    0.23146   61  180    2.00000    0.00000   100%   289 1895s
 528311 155303    1.00000   58  179    2.00000    0.00000   100%   289 1904s
 529260 155661    1.00000   59  194    2.00000    0.00000   100%   289 1909s
 530515 156113    0.00415   56  138    2.00000    0.00000   100%   289 1913s
 532089 156616    0.00000   61  188    2.00000    0.00000   100%   289 1918s
 533522 157009 infeasible   72         2.00000    0.00000   100%   290 1923s
 534368 157506    0.00000   54  106    2.00000    0.00000   100%   290 1928s
 536055 157998     cutoff   72         2.00000    0.00000   100%   290 1933s
 537148 158450    0.02235   65  215    2.00000    0.00000   100%   290 1939s
 538123 158971 infeasible   60         2.00000    0.00000   100%   290 1946s
 539455 159274 infeasible   70         2.00000    0.00000   100%   291 1954s
 540325 159751    0.00000   61  169    2.00000    0.00000   100%   291 1962s
 541694 160332     cutoff   71         2.00000    0.00000   100%   291 1970s
 543301 160872    0.00000   60  131    2.00000    0.00000   100%   291 1978s
 545333 161325    0.01257   76  109    2.00000    0.00000   100%   291 1986s
 546510 161338    0.00000   68  189    2.00000    0.00000   100%   292 1992s
 546524 161347    0.00000   69  193    2.00000    0.00000   100%   292 1997s
 546543 161350    0.00000   70  147    2.00000    0.00000   100%   292 2004s
 546567 161401    0.00000   71  169    2.00000    0.00000   100%   292 2011s
 546717 161507    0.00000   72  150    2.00000    0.00000   100%   292 2016s
 546939 161682    0.00000   73  197    2.00000    0.00000   100%   292 2023s
 547403 161957    0.00750   74  159    2.00000    0.00000   100%   292 2030s
 548023 162265     cutoff   75         2.00000    0.00000   100%   292 2037s
 548843 162821    0.00000   74  209    2.00000    0.00000   100%   292 2045s
 550215 163079    0.00000   75  191    2.00000    0.00000   100%   292 2052s
 551022 163926    0.00000   53   87    2.00000    0.00000   100%   292 2060s
 553274 164415    0.00000   58  181    2.00000    0.00000   100%   293 2065s
 554758 164928    0.00000   58  154    2.00000    0.00000   100%   293 2070s
 556330 165326    0.00000   61  129    2.00000    0.00000   100%   293 2075s
 557895 165733    0.00000   46  179    2.00000    0.00000   100%   293 2080s
 559844 166072     cutoff   65         2.00000    0.00000   100%   293 2086s
 560847 166519 infeasible   64         2.00000    0.00000   100%   293 2091s
 561878 167130    1.00000   66  199    2.00000    0.00000   100%   293 2096s
 563117 167612    0.00000   52  129    2.00000    0.00000   100%   293 2100s
 564165 168001    0.00000   57  184    2.00000    0.00000   100%   294 2105s
 565098 168645    0.00000   56  194    2.00000    0.00000   100%   294 2110s
 567596 169499    0.00000   54  192    2.00000    0.00000   100%   294 2119s
 569083 169871    0.00000   51  150    2.00000    0.00000   100%   294 2124s
 570414 170032    0.00000   66  173    2.00000    0.00000   100%   294 2128s

Cutting planes:
  Gomory: 3
  MIR: 36
  Flow cover: 188
  GUB cover: 1
  Zero half: 39
  RLT: 17
  Relax-and-lift: 15

Explored 571083 nodes (168061405 simplex iterations) in 2128.31 seconds (2654.87 work units)
Thread count was 20 (of 20 available processors)

Solution count 5: 2 3 4 ... 14

Solve interrupted
Best objective 2.000000000000e+00, best bound 0.000000000000e+00, gap 100.0000%

Wrote result file 'N22_R9_K3_3_24_split_24_fix3B_6_exact_fixrestA_wo_lem_str4_f9_g.sol'

