
Gurobi 13.0.1 (win64, gurobi_cl) logging started Sun May  3 23:03:41 2026

Set parameter WLSAccessID
Set parameter WLSSecret
Set parameter LicenseID to value 2811917
Set parameter LogFile to value "N22_R9_K3_3_24_split_24_fix3B_4_exact_fixrestA_wo_lem_str4_f9_g.log"
Using license file C:\Users\artik\gurobi.lic
Academic license 2811917 - for non-commercial use only - registered to ar___@ukma.edu.ua

Gurobi Optimizer version 13.0.1 build v13.0.1rc0 (win64 - Windows 11+.0 (26200.2))
Copyright (c) 2026, Gurobi Optimization, LLC

Error reading LP format file N22_R9_K3_3_24_split_24_fix3B_4_exact_fixrestA_wo_lem_str4_f9.lp at line 7049
Unrecognized variable bound
Neighboring tokens: " tbounds: 99 <= T <= 99 Binary x0_1 "


Error 10012: Unable to read file


Gurobi 13.0.1 (win64, gurobi_cl) logging started Sun May  3 23:03:53 2026

Set parameter WLSAccessID
Set parameter WLSSecret
Set parameter LicenseID to value 2811917
Set parameter LogFile to value "N22_R9_K3_3_24_split_24_fix3B_4_exact_fixrestA_wo_lem_str4_f9_g.log"
Using license file C:\Users\artik\gurobi.lic
Academic license 2811917 - for non-commercial use only - registered to ar___@ukma.edu.ua

Gurobi Optimizer version 13.0.1 build v13.0.1rc0 (win64 - Windows 11+.0 (26200.2))
Copyright (c) 2026, Gurobi Optimization, LLC

Read LP format model from file N22_R9_K3_3_24_split_24_fix3B_4_exact_fixrestA_wo_lem_str4_f9.lp
Reading time = 0.02 seconds
obj: 6982 rows, 2123 columns, 27091 nonzeros

Using Gurobi shared library D:\gurobi\win64\bin\gurobi130.dll

CPU model: 12th Gen Intel(R) Core(TM) i7-12700H, instruction set [SSE2|AVX|AVX2]
Thread count: 14 physical cores, 20 logical processors, using up to 20 threads

Academic license 2811917 - for non-commercial use only - registered to ar___@ukma.edu.ua
Optimize a model with 6982 rows, 2123 columns and 27091 nonzeros (Min)
Model fingerprint: 0x392f44e4
Model has 1 linear objective coefficients
Variable types: 0 continuous, 2123 integer (2099 binary)
Coefficient statistics:
  Matrix range     [1e+00, 8e+01]
  Objective range  [1e+00, 1e+00]
  Bounds range     [1e+00, 1e+02]
  RHS range        [1e+00, 8e+01]

Presolve removed 1873 rows and 463 columns
Presolve time: 0.03s
Presolved: 5109 rows, 1660 columns, 20328 nonzeros
Variable types: 0 continuous, 1660 integer (1640 binary)

Root relaxation: objective 0.000000e+00, 1886 iterations, 0.07 seconds (0.15 work units)

    Nodes    |    Current Node    |     Objective Bounds      |     Work
 Expl Unexpl |  Obj  Depth IntInf | Incumbent    BestBd   Gap | It/Node Time

     0     0    0.00000    0  239          -    0.00000      -     -    0s
     0     0    0.00000    0  188          -    0.00000      -     -    0s
     0     0    0.00000    0  186          -    0.00000      -     -    0s
     0     0    0.00000    0  170          -    0.00000      -     -    0s
     0     0    0.00000    0  170          -    0.00000      -     -    0s
     0     0    0.00000    0  166          -    0.00000      -     -    1s
     0     0    0.00000    0  172          -    0.00000      -     -    1s
     0     0    0.00000    0  172          -    0.00000      -     -    1s
H    0     0                      13.0000000    0.00000   100%     -    1s
H    0     0                       8.0000000    0.00000   100%     -    1s
     0     0    0.00000    0  176    8.00000    0.00000   100%     -    1s
     0     0    0.00000    0  180    8.00000    0.00000   100%     -    1s
     0     0    0.00000    0  180    8.00000    0.00000   100%     -    1s
     0     0    0.00000    0  165    8.00000    0.00000   100%     -    1s
     0     0    0.00000    0  176    8.00000    0.00000   100%     -    1s
     0     0    0.00000    0  141    8.00000    0.00000   100%     -    2s
     0     0    0.00000    0  154    8.00000    0.00000   100%     -    2s
     0     0    0.00000    0  118    8.00000    0.00000   100%     -    2s
     0     0    0.00000    0  118    8.00000    0.00000   100%     -    2s
     0     0    0.00000    0  106    8.00000    0.00000   100%     -    2s
     0     0    0.00000    0  127    8.00000    0.00000   100%     -    2s
     0     0    0.00000    0  127    8.00000    0.00000   100%     -    2s
     0     0    0.00000    0  127    8.00000    0.00000   100%     -    2s
     0     0    0.00000    0   91    8.00000    0.00000   100%     -    3s
     0     2    0.00000    0   91    8.00000    0.00000   100%     -    3s
    79   181    0.00000    9  129    8.00000    0.00000   100%   368    5s
H  194   209                       7.0000000    0.00000   100%   333    7s
   857  2103 infeasible   58         7.00000    0.00000   100%   237   11s
  3526  2421    0.00000   51  193    7.00000    0.00000   100%   160   15s
H 3531  2302                       6.0000000    0.00000   100%   159   17s
H 3533  2189                       4.0000000    0.00000   100%   159   18s
  3537  2191    0.00000   34  164    4.00000    0.00000   100%   159   20s
  3725  2523    0.00000   27  135    4.00000    0.00000   100%   173   26s
  4047  2776    0.00000   36  170    4.00000    0.00000   100%   182   34s
  4293  3110    0.00000   56  263    4.00000    0.00000   100%   195   42s
  4732  3533    0.00000   64  167    4.00000    0.00000   100%   202   54s
  5463  4926    0.16436   74  240    4.00000    0.00000   100%   220   66s
  7671  4853    0.00000   44  137    4.00000    0.00000   100%   250   72s
  8553  5397    0.00000   53  127    4.00000    0.00000   100%   267   79s
  9759  5984    0.00000   57  161    4.00000    0.00000   100%   275   85s
 11259  7019    0.00000   54  223    4.00000    0.00000   100%   275   90s
 13111  7516    1.00000   55  125    4.00000    0.00000   100%   280   95s
 15450  9079    0.00000   68  139    4.00000    0.00000   100%   271  103s
 17102  9921    0.00000   71  139    4.00000    0.00000   100%   264  106s
 18943  9940    0.00000   62  190    4.00000    0.00000   100%   256  110s
 19078 10274    0.00000   62  146    4.00000    0.00000   100%   256  116s
 20039 10844 infeasible   63         4.00000    0.00000   100%   253  120s
 24244 11621    0.00000   66  190    4.00000    0.00000   100%   238  125s
 28224 12509    1.00000   67  183    4.00000    0.00000   100%   229  130s
 30687 13389    0.02253   74  178    4.00000    0.00000   100%   226  135s
 33709 14524    0.53674   88  144    4.00000    0.00000   100%   222  140s
 35226 15128    0.00745   83  164    4.00000    0.00000   100%   222  145s
 39187 16812    0.00000   60  119    4.00000    0.00000   100%   219  160s
 43147 17867    0.00000   80  164    4.00000    0.00000   100%   217  166s
 44955 18205 infeasible   84         4.00000    0.00000   100%   215  170s
 47324 19020    0.00000   70  118    4.00000    0.00000   100%   216  176s
 49902 19964     cutoff   73         4.00000    0.00000   100%   216  182s
 50647 20468    0.00000   68  135    4.00000    0.00000   100%   217  185s
 52841 21281 infeasible  104         4.00000    0.00000   100%   218  191s
 54121 21816    0.00000   69  146    4.00000    0.00000   100%   219  195s
 57133 22583    1.00000   79  138    4.00000    0.00000   100%   218  201s
 58903 23304 infeasible   94         4.00000    0.00000   100%   218  206s
 61533 23658    1.00000   96  108    4.00000    0.00000   100%   218  212s
 62260 24224     cutoff  102         4.00000    0.00000   100%   218  215s
 65349 25256    0.00000   61  187    4.00000    0.00000   100%   220  221s
 66787 25492    0.13894   96  197    4.00000    0.00000   100%   220  225s
 69578 26683    0.00300   73  190    4.00000    0.00000   100%   219  231s
 72110 27165    0.00000   90  117    4.00000    0.00000   100%   219  238s
 73081 27657    0.01539   98  155    4.00000    0.00000   100%   218  242s
 74696 28177    0.00000   67  162    4.00000    0.00000   100%   218  246s
 77563 29110    0.41749   82  225    4.00000    0.00000   100%   219  254s
 78539 29754    2.29123   91  178    4.00000    0.00000   100%   220  259s
 80391 30178    0.00000   87  126    4.00000    0.00000   100%   220  262s
 81447 30564    0.00000   83  113    4.00000    0.00000   100%   221  267s
 82488 31113 infeasible   89         4.00000    0.00000   100%   221  272s
 84225 31759    0.00000   68  138    4.00000    0.00000   100%   221  275s
 87433 32184    0.01161   99  168    4.00000    0.00000   100%   221  283s
 87448 32190    0.34396  100  183    4.00000    0.00000   100%   221  287s
 87470 32239    1.00000  100  140    4.00000    0.00000   100%   221  291s
 87710 32486    1.00000  101  124    4.00000    0.00000   100%   221  296s
 88539 33034    0.00000   74  138    4.00000    0.00000   100%   220  300s
 92367 33586    0.00000   93  147    4.00000    0.00000   100%   219  305s
 94597 34335    0.16956   59  207    4.00000    0.00000   100%   218  312s
 95677 34911    1.94444   88  113    4.00000    0.00000   100%   218  315s
 97645 35865    1.68750  106   95    4.00000    0.00000   100%   218  320s
 100826 36560    0.00000   62  139    4.00000    0.00000   100%   217  326s
 103758 37688    0.00567   77  172    4.00000    0.00000   100%   216  331s
 106982 38842 infeasible   74         4.00000    0.00000   100%   216  336s
 109181 39385    0.00000   70  126    4.00000    0.00000   100%   215  342s
 112020 40335    1.02069   76  159    4.00000    0.00000   100%   213  347s
 113252 40736    2.00000   80  114    4.00000    0.00000   100%   213  350s
 116176 41727    0.00000   66  161    4.00000    0.00000   100%   213  356s
 117466 42605 infeasible   84         4.00000    0.00000   100%   213  360s
 120940 43489    0.00842   60  120    4.00000    0.00000   100%   213  366s
 123114 44186    1.06703   83  179    4.00000    0.00000   100%   213  371s
 126487 44913    0.00000   62  138    4.00000    0.00000   100%   213  378s
 127005 45291    1.44101   74  118    4.00000    0.00000   100%   212  381s
 129776 46232    0.00000   67  178    4.00000    0.00000   100%   212  387s
 132497 47281    0.24051   84  210    4.00000    0.00000   100%   212  392s
 134019 47795 infeasible   88         4.00000    0.00000   100%   212  395s
 137060 48710    0.00853   69  149    4.00000    0.00000   100%   212  403s
 138535 49075    0.58463   82  202    4.00000    0.00000   100%   212  408s
 139456 49730     cutoff   82         4.00000    0.00000   100%   212  413s
 141077 50451     cutoff   65         4.00000    0.00000   100%   212  418s
 143032 50929     cutoff   73         4.00000    0.00000   100%   212  421s
 146346 52240    1.00000   85  133    4.00000    0.00000   100%   213  428s
 148179 52691    0.00000   81  140    4.00000    0.00000   100%   213  431s
 150282 53467    0.06055   85  167    4.00000    0.00000   100%   214  437s
 152275 54029    1.00000   87  168    4.00000    0.00000   100%   213  441s
 156162 55180    0.00000   70  158    4.00000    0.00000   100%   213  447s
 158160 55405    0.00000   73  169    4.00000    0.00000   100%   213  450s
 160258 56530    1.50000   63  158    4.00000    0.00000   100%   213  456s
 163562 57333    1.00000  100   73    4.00000    0.00000   100%   213  462s
 164731 57781    0.00000   81  162    4.00000    0.00000   100%   213  466s
 167591 58124    0.01157   77  145    4.00000    0.00000   100%   213  473s
 167611 58234    0.11567   78  127    4.00000    0.00000   100%   213  477s
 167903 58339    0.26885   79  119    4.00000    0.00000   100%   213  481s
H168554 56811                       3.0000000    0.00000   100%   212  484s
 168612 56971     cutoff   81         3.00000    0.00000   100%   212  488s
 169167 57484    0.00000   66  137    3.00000    0.00000   100%   213  491s
 171097 58110    0.31548   92  122    3.00000    0.00000   100%   213  495s
 175290 59239 infeasible   88         3.00000    0.00000   100%   212  503s
 177519 59481     cutoff   86         3.00000    0.00000   100%   212  506s
 179370 59878    1.00000   90  108    3.00000    0.00000   100%   212  511s
 182877 60383    0.30649   65  129    3.00000    0.00000   100%   212  517s
 183619 60693    1.00000  101  101    3.00000    0.00000   100%   211  520s
 186904 61246    0.50000   98  156    3.00000    0.00000   100%   211  526s
 189693 61543     cutoff   89         3.00000    0.00000   100%   211  532s
 191121 61745    0.00000   92  125    3.00000    0.00000   100%   211  535s
 193755 62146    0.27059   75  193    3.00000    0.00000   100%   211  541s
 194533 62525     cutoff   87         3.00000    0.00000   100%   211  545s
 198138 63132    0.00000   85   98    3.00000    0.00000   100%   211  550s
 200273 63551    0.00000   61  135    3.00000    0.00000   100%   210  555s
 202558 64098    0.00000   62  132    3.00000    0.00000   100%   211  561s
 205303 64521    0.00000   90  105    3.00000    0.00000   100%   211  566s
 208192 64920    0.03150   77  200    3.00000    0.00000   100%   211  572s
 210059 65576    1.00000   72  170    3.00000    0.00000   100%   211  577s
 211185 65854    0.00000   84  131    3.00000    0.00000   100%   211  580s
 213018 66735    0.00000   60  113    3.00000    0.00000   100%   212  586s
 215758 67778    0.60000   78  122    3.00000    0.00000   100%   213  593s
 216639 68309    0.00651   57  211    3.00000    0.00000   100%   213  596s
 218248 68743    1.26155   83   88    3.00000    0.00000   100%   213  600s
 222171 69910    0.14678   76  147    3.00000    0.00000   100%   213  607s
 224171 70134    0.01135   73  165    3.00000    0.00000   100%   213  610s
 226672 71100    1.10250   82  133    3.00000    0.00000   100%   213  616s
 230492 71806    0.00000   74  133    3.00000    0.00000   100%   213  622s
 231426 72206    0.00000   70  119    3.00000    0.00000   100%   213  625s
 234808 72816    0.00000   65  189    3.00000    0.00000   100%   212  632s
 235845 72942    0.01395   66  188    3.00000    0.00000   100%   212  637s
 236386 73437    0.03761   67  178    3.00000    0.00000   100%   213  643s
 238143 73857    0.00000   68  152    3.00000    0.00000   100%   213  649s
 239750 74390 infeasible   88         3.00000    0.00000   100%   213  655s
 242441 74896    0.01584   86  129    3.00000    0.00000   100%   213  660s
 244815 75321 infeasible   85         3.00000    0.00000   100%   213  665s
 248069 76288 infeasible  106         3.00000    0.00000   100%   213  673s
 249248 76891    0.00000   68  176    3.00000    0.00000   100%   213  677s
 251711 77376    1.00000   88  143    3.00000    0.00000   100%   213  681s
 254007 77675    0.00000   72   92    3.00000    0.00000   100%   213  685s
 257974 78451    1.02438   74  155    3.00000    0.00000   100%   212  692s
 260768 78892    0.06201   88  128    3.00000    0.00000   100%   212  697s
 263692 79478    0.00000   69  129    3.00000    0.00000   100%   212  702s
 266842 80052    0.16262   80  135    3.00000    0.00000   100%   211  707s
 269332 80574    0.38857   90  126    3.00000    0.00000   100%   211  712s
 271226 80887    1.04293   78  105    3.00000    0.00000   100%   211  717s
 273745 81651 infeasible   81         3.00000    0.00000   100%   211  723s
 275572 81878    1.67248   64  204    3.00000    0.00000   100%   211  726s
 278286 82458    0.00000   68  166    3.00000    0.00000   100%   212  732s
 279019 82924    0.72778   93  205    3.00000    0.00000   100%   212  735s
 281843 83755    0.00000   38  166    3.00000    0.00000   100%   212  742s
 282832 84354    0.00000   57  155    3.00000    0.00000   100%   212  745s
 285033 85259    1.36851   73  157    3.00000    0.00000   100%   213  753s
 286635 85718     cutoff   70         3.00000    0.00000   100%   213  756s
 288020 86029     cutoff   67         3.00000    0.00000   100%   213  760s
 290726 87059    1.00000   78  114    3.00000    0.00000   100%   213  767s
 292340 87318    0.00000   63  185    3.00000    0.00000   100%   213  771s
 293163 87329    0.00000   63  107    3.00000    0.00000   100%   213  775s
 293180 91559    0.00000   64  133    3.00000    0.00000   100%   213  834s
 295180 91559    0.00000   60   93    3.00000    0.00000   100%   213  835s
 307180 92008     cutoff   77         3.00000    0.00000   100%   215  841s
 309112 92340 infeasible   90         3.00000    0.00000   100%   215  845s
 310641 92612    0.01500   72  126    3.00000    0.00000   100%   215  850s
 313517 93337    0.09394   57  173    3.00000    0.00000   100%   215  857s
 315354 93574    0.00000   66  139    3.00000    0.00000   100%   215  860s
 318071 94367    0.00000   73  139    3.00000    0.00000   100%   215  865s
 320146 95059    0.09350   84  184    3.00000    0.00000   100%   215  870s
 323088 95772    0.00000   74   64    3.00000    0.00000   100%   215  876s
 325279 96613 infeasible   86         3.00000    0.00000   100%   215  883s
 326124 97074    0.00000   52  126    3.00000    0.00000   100%   215  886s
 329194 97713    0.03062   74  107    3.00000    0.00000   100%   216  893s
 330421 98130    0.00000   54  142    3.00000    0.00000   100%   216  896s
 332777 98745    0.00000   53  132    3.00000    0.00000   100%   216  903s
 334360 98867 infeasible   73         3.00000    0.00000   100%   216  906s
 334808 99465     cutoff   65         3.00000    0.00000   100%   216  910s
 337492 100352 infeasible   81         3.00000    0.00000   100%   216  918s
 339354 100871    0.00000   67  172    3.00000    0.00000   100%   216  921s
 340603 101481    0.00000   64  163    3.00000    0.00000   100%   217  925s
 342715 102225 infeasible   79         3.00000    0.00000   100%   217  933s
 344074 102720     cutoff   83         3.00000    0.00000   100%   217  936s
 345827 103221    0.00000   80  106    3.00000    0.00000   100%   218  940s
 349440 103836    1.00000   98  145    3.00000    0.00000   100%   218  948s
 350653 104224    0.00081   82  148    3.00000    0.00000   100%   218  952s
 352720 104473    1.00000   75   52    3.00000    0.00000   100%   218  956s
 355504 104963     cutoff   92         3.00000    0.00000   100%   218  963s
 357265 105156    1.36354   87  108    3.00000    0.00000   100%   218  966s
 359809 105487    1.00000   94  113    3.00000    0.00000   100%   218  972s
 361359 105587    1.00000   91  124    3.00000    0.00000   100%   218  975s
 363852 106084    2.00000   87   98    3.00000    0.00000   100%   219  982s
 365453 106190 infeasible   97         3.00000    0.00000   100%   219  985s
 367517 106577    1.00000   87  123    3.00000    0.00000   100%   219  991s
 370709 106926    0.00000   60  120    3.00000    0.00000   100%   219  998s
 372358 107070     cutoff   88         3.00000    0.00000   100%   219 1002s
 373769 107296 infeasible   90         3.00000    0.00000   100%   220 1006s
 375383 107411     cutoff   91         3.00000    0.00000   100%   220 1010s
 378003 108050    0.00000   96  145    3.00000    0.00000   100%   220 1017s
 379787 108483 infeasible   80         3.00000    0.00000   100%   220 1021s
 383254 109571    1.00000   86   44    3.00000    0.00000   100%   220 1027s
 385337 109673    1.08279   85  166    3.00000    0.00000   100%   220 1030s
 387702 110408    0.00000   85   33    3.00000    0.00000   100%   220 1037s
 389716 110695    0.00000   71  161    3.00000    0.00000   100%   220 1040s
 393355 111419    1.88075   77  130    3.00000    0.00000   100%   219 1047s
 396341 111577 infeasible   94         3.00000    0.00000   100%   219 1051s
 398453 111959    0.95147   74  127    3.00000    0.00000   100%   219 1056s
 401849 112449    0.00000   68  143    3.00000    0.00000   100%   218 1061s
 403172 112455    0.37503   82  102    3.00000    0.00000   100%   218 1066s
 403226 112458    0.49492   84  181    3.00000    0.00000   100%   218 1071s
 403330 112486    0.52822   85  171    3.00000    0.00000   100%   218 1075s
 403763 112591    1.16015   88  168    3.00000    0.00000   100%   218 1082s
 404099 112659     cutoff   89         3.00000    0.00000   100%   218 1085s
 404500 112824     cutoff   90         3.00000    0.00000   100%   218 1090s
 406389 113199    1.01689   81  119    3.00000    0.00000   100%   218 1096s
 410014 113770    0.00000   59  152    3.00000    0.00000   100%   218 1102s
 411560 114127    0.00000   82  162    3.00000    0.00000   100%   218 1105s
 414098 114853    0.00000   60  301    3.00000    0.00000   100%   218 1114s
 416908 115214    0.16394   65  153    3.00000    0.00000   100%   218 1117s
 418570 115602    1.00000   73  126    3.00000    0.00000   100%   218 1120s
 420764 116299     cutoff   81         3.00000    0.00000   100%   218 1125s
 423646 117135    0.00000   52  186    3.00000    0.00000   100%   218 1131s
 425451 118144    0.89318   68  107    3.00000    0.00000   100%   218 1137s
 426880 118541    0.00000   59  132    3.00000    0.00000   100%   218 1140s
 429435 119209    1.00000   81  178    3.00000    0.00000   100%   218 1147s
 430236 119687    0.00000   73  109    3.00000    0.00000   100%   218 1150s
 433369 120640     cutoff   72         3.00000    0.00000   100%   219 1157s
 435233 120838    0.21429   73  179    3.00000    0.00000   100%   219 1160s
 437694 121666     cutoff   71         3.00000    0.00000   100%   219 1166s
 440113 122137    1.32301   83  136    3.00000    0.00000   100%   219 1172s
 441659 122571    0.02660   80  130    3.00000    0.00000   100%   219 1176s
 444630 122998    0.11337   66  156    3.00000    0.00000   100%   219 1181s
 445032 123354 infeasible   78         3.00000    0.00000   100%   219 1185s
 447373 124524    0.00000   69  174    3.00000    0.00000   100%   219 1190s
 449578 125435    0.47176   71  133    3.00000    0.00000   100%   220 1197s
 450435 125986    0.00070   86  184    3.00000    0.00000   100%   220 1200s
 453636 126949     cutoff   80         3.00000    0.00000   100%   220 1207s
 454457 127926    1.00000   86   81    3.00000    0.00000   100%   220 1213s
 457242 128231    0.00000   58  169    3.00000    0.00000   100%   220 1217s
 458077 128811    0.00000   56  144    3.00000    0.00000   100%   220 1221s
 459724 129342    0.00000   71  195    3.00000    0.00000   100%   220 1225s
 462172 130097    0.00000   79  220    3.00000    0.00000   100%   220 1234s
 463864 130594    0.00000   84   88    3.00000    0.00000   100%   220 1237s
 465611 130875    0.41215   64  180    3.00000    0.00000   100%   221 1241s
 466748 131473    0.00000   89  116    3.00000    0.00000   100%   221 1245s
 470341 132193    0.11777   74  142    3.00000    0.00000   100%   221 1253s
 471297 132604    0.00000   85  113    3.00000    0.00000   100%   221 1257s
 473038 133143    1.00000   78  122    3.00000    0.00000   100%   221 1262s
 474813 133331    2.00000   94  177    3.00000    0.00000   100%   221 1265s
 477350 134359    0.41412   75  117    3.00000    0.00000   100%   221 1272s
 478740 134498    1.19079   90  127    3.00000    0.00000   100%   221 1275s
 480462 135380    0.00000   80  113    3.00000    0.00000   100%   221 1283s
 481921 135839     cutoff   85         3.00000    0.00000   100%   221 1286s
 483868 136235     cutoff   87         3.00000    0.00000   100%   221 1290s
 486314 136851    0.92771   79  110    3.00000    0.00000   100%   221 1297s
 487952 137258    1.10936   78  147    3.00000    0.00000   100%   221 1300s
 490750 137845     cutoff   83         3.00000    0.00000   100%   221 1307s
 491344 138289    2.00000   83  231    3.00000    0.00000   100%   221 1311s
 492593 138782    0.04218   87  117    3.00000    0.00000   100%   221 1315s
 495379 139396    0.00000   73  152    3.00000    0.00000   100%   221 1322s
 495981 139882    1.02170   87  167    3.00000    0.00000   100%   221 1325s
 497572 140099    0.00000   88  143    3.00000    0.00000   100%   221 1330s
 500225 140959    0.00000   67  135    3.00000    0.00000   100%   222 1337s
 501779 141303    1.65712   95  153    3.00000    0.00000   100%   222 1342s
 502817 141778    0.00000   65  167    3.00000    0.00000   100%   222 1347s
 504805 142577    0.00000   63  128    3.00000    0.00000   100%   222 1351s
 507448 142983 infeasible   77         3.00000    0.00000   100%   222 1355s
 510891 143593 infeasible   97         3.00000    0.00000   100%   221 1362s
 512832 143988    0.48243   93  113    3.00000    0.00000   100%   221 1366s
 516486 144476    0.92031   92  140    3.00000    0.00000   100%   221 1372s
 517840 144585    0.00000   81  113    3.00000    0.00000   100%   221 1375s
 520481 145161     cutoff   91         3.00000    0.00000   100%   221 1380s
 523249 145642    1.55404   74  173    3.00000    0.00000   100%   220 1385s
 526345 146067    1.04647   91  161    3.00000    0.00000   100%   220 1390s
 528068 146405     cutoff   90         3.00000    0.00000   100%   220 1396s
 528107 146422     cutoff   74         3.00000    0.00000   100%   220 1403s
 528122 146428    1.00000   75  144    3.00000    0.00000   100%   220 1405s
 528163 146441    1.00894   76  169    3.00000    0.00000   100%   220 1411s
 528203 146446    1.08563   77  135    3.00000    0.00000   100%   220 1417s
 528229 146474    1.05247   77  163    3.00000    0.00000   100%   220 1420s
 528510 146569     cutoff   92         3.00000    0.00000   100%   220 1430s
 529515 146796    0.35330   68  183    3.00000    0.00000   100%   220 1436s
 530968 147329    1.53364   84  119    3.00000    0.00000   100%   220 1443s
 532243 147573    0.92000   83   87    3.00000    0.00000   100%   220 1446s
 533025 148328    0.85560   84  147    3.00000    0.00000   100%   220 1453s
 536160 148637     cutoff   75         3.00000    0.00000   100%   221 1457s
 537915 148796    0.43498   76  147    3.00000    0.00000   100%   221 1460s
 540328 149494    0.00000   82  166    3.00000    0.00000   100%   221 1467s
 541591 149922    0.00000   67  137    3.00000    0.00000   100%   221 1471s
 544059 150640    0.00000   71  171    3.00000    0.00000   100%   221 1478s
 545627 151102    0.00000   78   98    3.00000    0.00000   100%   221 1482s
 547762 151378    0.13301   79  159    3.00000    0.00000   100%   221 1486s
 551517 151930    0.03881   80  172    3.00000    0.00000   100%   221 1493s
 552285 153120    0.00000   81  166    3.00000    0.00000   100%   221 1501s
 555704 153476 infeasible   86         3.00000    0.00000   100%   221 1505s
 558050 153944    0.00000   81  129    3.00000    0.00000   100%   220 1512s
 559641 154375     cutoff   87         3.00000    0.00000   100%   220 1515s
 562401 155490    0.32059   72  190    3.00000    0.00000   100%   221 1523s
 563691 155785    0.00000   71  127    3.00000    0.00000   100%   221 1527s
 564400 156304    0.00000   62  188    3.00000    0.00000   100%   221 1530s
 567510 157008    1.00000   85  232    3.00000    0.00000   100%   221 1538s
 568441 157478    0.02639   80  124    3.00000    0.00000   100%   221 1541s
 569935 157803 infeasible   87         3.00000    0.00000   100%   221 1545s
 571346 158148    0.00000   88  170    3.00000    0.00000   100%   221 1550s
 573856 158648    0.00000   72  159    3.00000    0.00000   100%   221 1558s
 575231 159003    1.10357   84  112    3.00000    0.00000   100%   221 1562s
 577094 159466    0.00871   56  238    3.00000    0.00000   100%   221 1566s
 578953 159948    0.00000   75  150    3.00000    0.00000   100%   221 1570s
 580946 160840    0.00000   77  144    3.00000    0.00000   100%   221 1578s
 582709 161282    0.00000   83   99    3.00000    0.00000   100%   221 1583s
 584926 161680    0.00000   67  127    3.00000    0.00000   100%   221 1587s
 586992 162005    1.06091   81  200    3.00000    0.00000   100%   221 1590s
 588926 162428    0.00000   72  157    3.00000    0.00000   100%   221 1597s
 590504 162762    0.00000   73  142    3.00000    0.00000   100%   221 1602s
 594065 163425    0.00000   80  170    3.00000    0.00000   100%   221 1607s
 595295 163687    1.00000   98   75    3.00000    0.00000   100%   221 1610s
 597966 164125    1.00000   83   93    3.00000    0.00000   100%   221 1616s
 598783 164488 infeasible   91         3.00000    0.00000   100%   221 1620s
 602033 164939     cutoff   87         3.00000    0.00000   100%   221 1627s
 603035 165307    0.00000   80  139    3.00000    0.00000   100%   220 1630s
 605846 165756    0.00000   75  128    3.00000    0.00000   100%   220 1636s
 608123 166391    0.00000   78  115    3.00000    0.00000   100%   220 1643s
 609931 166867    1.17423   83   93    3.00000    0.00000   100%   220 1648s
 611862 167182    0.01084   91  128    3.00000    0.00000   100%   220 1651s
 613744 167704    0.00000   72  156    3.00000    0.00000   100%   220 1658s
 615408 168057    0.84332   87  112    3.00000    0.00000   100%   220 1662s
 617158 168352 infeasible   86         3.00000    0.00000   100%   220 1665s
 620318 168963    0.15147   82  182    3.00000    0.00000   100%   220 1672s
 621122 169329 infeasible   94         3.00000    0.00000   100%   220 1675s
 624208 170075    0.00000   72  176    3.00000    0.00000   100%   220 1682s
 625658 170254    0.18788   90  142    3.00000    0.00000   100%   220 1685s
 628249 171033    0.17575   67  140    3.00000    0.00000   100%   220 1692s
 629941 171433    1.00000   87   97    3.00000    0.00000   100%   220 1696s
 631664 171612    0.00000   81  160    3.00000    0.00000   100%   220 1701s
 632399 172074    0.01559   90  140    3.00000    0.00000   100%   220 1705s
 635582 172954    0.00000   85  196    3.00000    0.00000   100%   220 1713s
 637236 173387     cutoff   91         3.00000    0.00000   100%   220 1717s
 638805 173860    0.00000   76  158    3.00000    0.00000   100%   220 1720s
 641202 174290    0.33884  103  148    3.00000    0.00000   100%   220 1728s
 642732 174567    1.58633   75  162    3.00000    0.00000   100%   220 1731s
 644378 174937    0.00000   94  172    3.00000    0.00000   100%   220 1735s
 646639 175207    0.73418   96  139    3.00000    0.00000   100%   220 1742s
 647906 175307    0.00000   58  124    3.00000    0.00000   100%   220 1745s
 648397 175618    0.00000   59  149    3.00000    0.00000   100%   220 1750s
 650888 176375    0.00000   60  216    3.00000    0.00000   100%   220 1758s
 652800 176852     cutoff   85         3.00000    0.00000   100%   220 1762s
 654378 177052    0.00000   65  163    3.00000    0.00000   100%   220 1766s
 655547 177411    0.00000   73  106    3.00000    0.00000   100%   220 1770s
 658728 178090    0.78819   73  150    3.00000    0.00000   100%   220 1777s
 660247 178302    1.39868   74  159    3.00000    0.00000   100%   220 1780s
 662652 179094    0.00000   79  177    3.00000    0.00000   100%   221 1788s
 664608 179328    1.59122   90  162    3.00000    0.00000   100%   220 1791s
 665549 179557    0.34156   64  168    3.00000    0.00000   100%   220 1795s
 668682 180158 infeasible   86         3.00000    0.00000   100%   220 1801s
 669399 180519    1.22616   69   98    3.00000    0.00000   100%   220 1806s
 672228 181425     cutoff   71         3.00000    0.00000   100%   221 1812s
 673882 181839     cutoff   79         3.00000    0.00000   100%   221 1816s
 676845 182526    1.51975   84  133    3.00000    0.00000   100%   221 1823s
 677771 182845     cutoff   79         3.00000    0.00000   100%   221 1826s
 679322 183327    0.00000   81  100    3.00000    0.00000   100%   221 1830s
 681425 183913    0.00000   72  148    3.00000    0.00000   100%   221 1837s
 682954 184249    1.70548   68  163    3.00000    0.00000   100%   221 1841s
 686125 185022     cutoff   71         3.00000    0.00000   100%   221 1847s
 687706 185200     cutoff   63         3.00000    0.00000   100%   221 1851s
 688373 185514    1.00000   73  146    3.00000    0.00000   100%   221 1855s
 691530 186206    1.00000   83   83    3.00000    0.00000   100%   221 1862s
 692721 186631    0.00000   76  144    3.00000    0.00000   100%   221 1865s
 695418 187142     cutoff   71         3.00000    0.00000   100%   221 1872s
 696925 187557    0.09264   72   89    3.00000    0.00000   100%   221 1875s
 700310 188328    0.79170   87  108    3.00000    0.00000   100%   221 1881s
 701280 188632    1.29931   58  178    3.00000    0.00000   100%   221 1885s
 702695 189694    0.00000   38  122    3.00000    0.00000   100%   221 1891s
 705525 191152    0.00000   49  135    3.00000    0.00000   100%   221 1898s
 707053 191498    0.00000   69  114    3.00000    0.00000   100%   221 1902s
 708069 192033    0.00000   63  107    3.00000    0.00000   100%   221 1906s
 709827 192564    0.00000   86  144    3.00000    0.00000   100%   221 1910s
 712402 193252    0.00000   71  125    3.00000    0.00000   100%   221 1917s
 714714 193509    0.20918   85  132    3.00000    0.00000   100%   221 1921s
 717393 194136    0.89562   75  130    3.00000    0.00000   100%   221 1928s
 718794 194330    0.00000   80   82    3.00000    0.00000   100%   221 1931s
 719691 194698    0.00000   76  124    3.00000    0.00000   100%   221 1936s
 722045 194823    0.00000   58  124    3.00000    0.00000   100%   221 1940s
 724708 195672    0.00000   62  149    3.00000    0.00000   100%   221 1947s
 726665 195825    1.00000   64  130    3.00000    0.00000   100%   221 1950s
 728813 196802    1.62267   66  131    3.00000    0.00000   100%   221 1958s
 731011 197248    0.99276   80  142    3.00000    0.00000   100%   220 1962s
 733405 197621     cutoff   81         3.00000    0.00000   100%   220 1966s
 736760 198241    1.00000   71   63    3.00000    0.00000   100%   220 1972s
 738542 198878    0.34483   80  152    3.00000    0.00000   100%   220 1976s
 739886 198895     cutoff   67         3.00000    0.00000   100%   220 1982s
 739921 198919    0.09642   83  123    3.00000    0.00000   100%   220 1987s
 739935 198931    0.38942   84   98    3.00000    0.00000   100%   220 1990s
 739951 198940    0.91001   84  123    3.00000    0.00000   100%   220 1997s
 739996 198956    1.29971   85  107    3.00000    0.00000   100%   220 2003s
 740010 198963     cutoff   86         3.00000    0.00000   100%   220 2005s
 740051 198974    0.00000   86  108    3.00000    0.00000   100%   220 2014s
 740075 198996    0.00000   87   89    3.00000    0.00000   100%   220 2018s
 740134 199050    0.00000   88  127    3.00000    0.00000   100%   220 2024s
 740221 199083    0.00000   89  122    3.00000    0.00000   100%   220 2026s
 740364 199127    0.00000   90  118    3.00000    0.00000   100%   220 2030s
 740759 199222 infeasible   92         3.00000    0.00000   100%   220 2035s
 741374 199449 infeasible   94         3.00000    0.00000   100%   220 2040s
 742481 199666    0.00000   79  127    3.00000    0.00000   100%   220 2046s
 742984 200013    0.00000   87  110    3.00000    0.00000   100%   220 2051s
 745023 200561    0.00000   78  131    3.00000    0.00000   100%   220 2056s
 746862 201006    1.00000   98   83    3.00000    0.00000   100%   220 2062s
 749444 201198    0.00000   76  115    3.00000    0.00000   100%   219 2065s
 751874 202240    0.00000   67  215    3.00000    0.00000   100%   219 2074s
 753709 202788    1.00000   78  208    3.00000    0.00000   100%   219 2078s
 755418 203014    0.00000   68  187    3.00000    0.00000   100%   219 2081s
 756189 203429    1.00000   77  108    3.00000    0.00000   100%   219 2086s
 758194 203806    1.49262   75  194    3.00000    0.00000   100%   219 2090s
 760547 204441    0.00000   75  151    3.00000    0.00000   100%   219 2096s
 761836 204828    0.00000   66  101    3.00000    0.00000   100%   219 2100s
 764676 205525    0.52738   67  112    3.00000    0.00000   100%   219 2107s
 765642 206070     cutoff   81         3.00000    0.00000   100%   219 2111s
 767635 206401     cutoff   67         3.00000    0.00000   100%   219 2116s
 769591 206712    0.00000   69  101    3.00000    0.00000   100%   219 2120s
 771564 207173    0.00000   59  139    3.00000    0.00000   100%   219 2125s
 774183 207966    0.51288   62  158    3.00000    0.00000   100%   219 2133s
 776188 208415    0.00000   59  183    3.00000    0.00000   100%   218 2137s
 778078 208829    0.00586   73  157    3.00000    0.00000   100%   218 2141s
 779939 209003    0.54563   71  180    3.00000    0.00000   100%   218 2145s
 782174 210054    0.00000   74  114    3.00000    0.00000   100%   218 2153s
 783808 210637    1.63168   69  111    3.00000    0.00000   100%   218 2158s
 786228 211052    0.00000   72  119    3.00000    0.00000   100%   218 2162s
 788019 211415    1.07772   88   88    3.00000    0.00000   100%   218 2167s
 790260 211764    0.77230   72  153    3.00000    0.00000   100%   217 2172s
 792245 212134    1.05143   81  128    3.00000    0.00000   100%   217 2178s
 794315 212548 infeasible   74         3.00000    0.00000   100%   217 2183s
 796409 212914    2.00000   86  133    3.00000    0.00000   100%   217 2187s
 798338 213242     cutoff   74         3.00000    0.00000   100%   217 2190s
 801242 213669    0.30293   74  107    3.00000    0.00000   100%   216 2196s
 803951 214297    1.06897   75   87    3.00000    0.00000   100%   216 2203s
 805606 214525    0.19032   75  136    3.00000    0.00000   100%   216 2206s
 807777 214894     cutoff   72         3.00000    0.00000   100%   216 2212s
 809227 215176    0.00000   64  133    3.00000    0.00000   100%   216 2215s
 811676 215923 infeasible   87         3.00000    0.00000   100%   215 2223s
 813877 216195    0.00000   76  122    3.00000    0.00000   100%   215 2226s
 814411 216617    0.00000   77  127    3.00000    0.00000   100%   215 2230s
 818017 217413    0.00000   76   85    3.00000    0.00000   100%   215 2237s
 819310 217794    0.00000   71  196    3.00000    0.00000   100%   215 2241s
 821741 218394    0.00000   67  148    3.00000    0.00000   100%   215 2248s
 823244 218947     cutoff   94         3.00000    0.00000   100%   215 2252s
 824820 219440    1.64492   78  159    3.00000    0.00000   100%   215 2256s
 826991 220155    0.97210   78   94    3.00000    0.00000   100%   215 2262s
 828348 220454    0.06985   81  128    3.00000    0.00000   100%   215 2265s
 831210 221182    1.36485   66  137    3.00000    0.00000   100%   215 2274s
 832938 221579    0.00000   62  125    3.00000    0.00000   100%   214 2279s
 835098 221728 infeasible   69         3.00000    0.00000   100%   214 2282s
 835893 222142    0.00000   74  162    3.00000    0.00000   100%   214 2286s
 838792 222789    0.00000   66  155    3.00000    0.00000   100%   214 2293s
 840261 222974     cutoff   88         3.00000    0.00000   100%   214 2296s
 843083 223884    0.00000   60  133    3.00000    0.00000   100%   214 2303s

Cutting planes:
  Gomory: 1
  Cover: 1
  Clique: 2
  MIR: 26
  StrongCG: 1
  Flow cover: 200
  Zero half: 41
  RLT: 5
  Relax-and-lift: 3

Explored 845267 nodes (180786571 simplex iterations) in 2304.51 seconds (2766.78 work units)
Thread count was 20 (of 20 available processors)

Solution count 6: 3 4 6 ... 13

Solve interrupted
Best objective 3.000000000000e+00, best bound 0.000000000000e+00, gap 100.0000%

Wrote result file 'N22_R9_K3_3_24_split_24_fix3B_4_exact_fixrestA_wo_lem_str4_f9_g.sol'

