
Gurobi 13.0.1 (win64, gurobi_cl) logging started Tue Apr 28 14:18:39 2026

Set parameter WLSAccessID
Set parameter WLSSecret
Set parameter LicenseID to value 2811917
Set parameter LogFile to value "N22_R9_K3_3_24_wo_lem_str4_v8_g.log"
Using license file C:\Users\artik\gurobi.lic
Academic license 2811917 - for non-commercial use only - registered to ar___@ukma.edu.ua

Gurobi Optimizer version 13.0.1 build v13.0.1rc0 (win64 - Windows 11+.0 (26200.2))
Copyright (c) 2026, Gurobi Optimization, LLC

Warning: Numeric variable name in LP file ('0') - often the result
         of a constant term in the left-hand side of a constraint.

Read LP format model from file N22_R9_K3_3_24_wo_lem_str4_v8.lp
Reading time = 0.01 seconds
obj: 6435 rows, 1794 columns, 25124 nonzeros

Using Gurobi shared library D:\gurobi\win64\bin\gurobi130.dll

CPU model: 12th Gen Intel(R) Core(TM) i7-12700H, instruction set [SSE2|AVX|AVX2]
Thread count: 14 physical cores, 20 logical processors, using up to 20 threads

Academic license 2811917 - for non-commercial use only - registered to ar___@ukma.edu.ua
Optimize a model with 6435 rows, 1794 columns and 25124 nonzeros (Min)
Model fingerprint: 0x9daa4cf9
Model has 1 linear objective coefficients
Variable types: 1 continuous, 1793 integer (1771 binary)
Coefficient statistics:
  Matrix range     [1e+00, 1e+00]
  Objective range  [1e+00, 1e+00]
  Bounds range     [1e+00, 2e+01]
  RHS range        [2e+00, 9e+00]

Presolve removed 95 rows and 23 columns
Presolve time: 0.03s
Presolved: 6340 rows, 1771 columns, 23202 nonzeros
Variable types: 0 continuous, 1771 integer (1771 binary)

Root relaxation: objective 0.000000e+00, 2583 iterations, 0.27 seconds (0.52 work units)

    Nodes    |    Current Node    |     Objective Bounds      |     Work
 Expl Unexpl |  Obj  Depth IntInf | Incumbent    BestBd   Gap | It/Node Time

     0     0    0.00000    0  475          -    0.00000      -     -    0s
     0     0    0.00000    0  505          -    0.00000      -     -    1s
     0     0    0.00000    0  512          -    0.00000      -     -    1s
     0     0    0.00000    0  481          -    0.00000      -     -    1s
     0     0    0.00000    0  450          -    0.00000      -     -    2s
     0     0    0.00000    0  416          -    0.00000      -     -    2s
     0     0    0.00000    0  406          -    0.00000      -     -    2s
     0     0    0.00000    0  406          -    0.00000      -     -    2s
     0     0    0.00000    0  406          -    0.00000      -     -    3s
     0     0    0.00000    0  399          -    0.00000      -     -    3s
     0     0    0.00000    0  420          -    0.00000      -     -    3s
     0     0    0.00000    0  420          -    0.00000      -     -    3s
     0     0    0.00000    0  413          -    0.00000      -     -    3s
     0     0    0.00000    0  382          -    0.00000      -     -    3s
     0     0    0.00000    0  382          -    0.00000      -     -    4s
     0     0    0.00000    0  379          -    0.00000      -     -    5s
     0     0    0.00000    0  377          -    0.00000      -     -    6s
     0     0    0.00000    0  377          -    0.00000      -     -    6s
     0     0    0.00000    0  377          -    0.00000      -     -    6s
     0     0    0.00000    0  377          -    0.00000      -     -    7s
     0     2    0.00000    0  377          -    0.00000      -     -    9s
    15    30    0.00000    4  361          -    0.00000      -   899   10s
   193   528    0.00000   18  360          -    0.00000      -   528   15s
   583   610 infeasible   46               -    0.00000      -   444   20s
   775   619    0.00000   47  277          -    0.00000      -   486   27s
   794   624    0.00000   48  262          -    0.00000      -   485   33s
   817   640 infeasible   49               -    0.00000      -   487   41s
   851   826    0.00000   48  267          -    0.00000      -   483   49s
  1621  1151 infeasible   47               -    0.00000      -   457   58s
  2866  1407    0.00000   55  300          -    0.00000      -   458   66s
  3952  1893    0.00000   17  330          -    0.00000      -   460   75s
  5105  1894    0.00000   39  377          -    0.00000      -   452   94s
  5107  1895    0.00000   63  496          -    0.00000      -   452   96s
  5109  1897    0.00000    9  376          -    0.00000      -   452  101s
  5114  1900    0.00000   40  343          -    0.00000      -   451  105s
  5118  1903    0.00000   48  333          -    0.00000      -   451  111s
  5226  2027    0.00000   25  384          -    0.00000      -   460  115s
  5527  2190    0.00000   44  380          -    0.00000      -   457  122s
  5541  2200    0.00000   45  372          -    0.00000      -   456  128s
  5555  2209    0.00000   46  372          -    0.00000      -   456  136s
  5569  2218    0.00000   47  367          -    0.00000      -   455  146s
  5583  2262    0.00000   48  354          -    0.00000      -   456  156s
  5661  2641 infeasible   58               -    0.00000      -   458  169s
  6367  2523    0.00000   33  324          -    0.00000      -   460  184s
  6511  2767    0.00000   77  342          -    0.00000      -   463  203s
  6911  3312 infeasible   64               -    0.00000      -   456  224s
  8239  3403 infeasible   70               -    0.00000      -   450  243s
  9776  3457 infeasible   69               -    0.00000      -   453  257s
 10960  3526    0.00000   77  278          -    0.00000      -   448  270s
 11721  3744    0.00000   78  285          -    0.00000      -   442  286s
 12541  4212 infeasible   79               -    0.00000      -   441  299s
 13499  4517 infeasible   78               -    0.00000      -   437  312s
 14408  5036 infeasible   79               -    0.00000      -   434  324s
 15449  5580    0.00000   63  266          -    0.00000      -   430  336s
 16449  6078    0.00000   64  263          -    0.00000      -   425  348s
 17390  6562    0.00000   65  267          -    0.00000      -   421  361s
 18336  6988    0.00000   66  279          -    0.00000      -   419  371s
 19238  7404    0.00000   67  288          -    0.00000      -   417  387s
 20072  7606    0.00000   68  293          -    0.00000      -   415  399s
 20457  8435    0.00000   69  290          -    0.00000      -   414  415s
 22016  8869    0.00000   69  275          -    0.00000      -   411  426s
 22898  9476    0.00000   97  330          -    0.00000      -   409  437s
 24227 10129    0.00000   67  271          -    0.00000      -   407  446s
 25732 10553    0.00000   85  366          -    0.00000      -   406  454s
 26986 11165    0.00000   92  335          -    0.00000      -   406  462s
 28406 11762 infeasible   88               -    0.00000      -   404  470s
 29767 12467 infeasible   88               -    0.00000      -   403  479s
 31310 12879 infeasible   92               -    0.00000      -   401  488s
 32324 13463 infeasible   96               -    0.00000      -   400  497s
 33756 14168    0.00000   74  309          -    0.00000      -   400  507s
 35347 14816    0.00000   71  279          -    0.00000      -   398  517s
 36925 15287    0.00000   86  336          -    0.00000      -   398  527s
 38364 15763 infeasible   84               -    0.00000      -   398  572s
 39494 16946    0.00000   84  383          -    0.00000      -   398  593s
 42249 17799    0.00000   80  355          -    0.00000      -   397  605s
 44338 18492 infeasible   88               -    0.00000      -   397  615s
 46259 19202 infeasible   88               -    0.00000      -   397  624s
 47943 19798 infeasible   91               -    0.00000      -   397  634s
 49595 20510    0.00000   82  311          -    0.00000      -   397  644s
 51351 21175    0.00000   84  347          -    0.00000      -   397  653s
 52954 21868    0.00000   91  352          -    0.00000      -   396  663s
 54533 22093    0.00000   89  349          -    0.00000      -   396  672s
 55034 22235    0.00000   90  354          -    0.00000      -   396  683s
 55432 22427    0.00000   91  363          -    0.00000      -   396  693s
 56268 22873 infeasible   92               -    0.00000      -   396  703s
 57492 23744    0.00000   90  348          -    0.00000      -   397  718s
 59665 24423    0.00000   71  298          -    0.00000      -   396  728s
 61234 25228    0.00000   82  267          -    0.00000      -   396  738s
 62933 25885 infeasible   98               -    0.00000      -   395  747s
 64446 26489 infeasible   86               -    0.00000      -   395  756s
 65948 27179    0.00000   71  293          -    0.00000      -   395  765s
 67524 27262 infeasible   87               -    0.00000      -   394  774s
 67739 27563    0.00000   88  366          -    0.00000      -   394  782s
 68432 28001 infeasible   92               -    0.00000      -   394  791s
 69390 28193 infeasible   85               -    0.00000      -   394  800s
 70060 28645 infeasible   94               -    0.00000      -   394  811s
 71154 29314 infeasible   88               -    0.00000      -   394  822s
 72681 29862 infeasible   89               -    0.00000      -   393  832s
 74259 30579    0.00000   71  287          -    0.00000      -   394  843s
 75978 31320    0.00000   87  293          -    0.00000      -   393  853s
 77707 32323 infeasible   80               -    0.00000      -   393  868s
 79976 32475    0.00000   78  283          -    0.00000      -   393  876s
 80306 32804 infeasible   93               -    0.00000      -   393  886s
 81133 33456 infeasible   96               -    0.00000      -   393  898s
 82671 34070 infeasible   95               -    0.00000      -   392  911s
 84209 34784    0.00000   88  383          -    0.00000      -   392  922s
 85929 35600    0.00000   78  297          -    0.00000      -   392  932s
 87745 36123    0.00000   86  314          -    0.00000      -   392  941s
 89418 36886 infeasible   88               -    0.00000      -   392  951s
 91205 37291 infeasible   92               -    0.00000      -   392  961s
 92334 37971 infeasible   85               -    0.00000      -   392  971s
 94018 38388 infeasible   88               -    0.00000      -   392  980s
 95567 38958 infeasible   91               -    0.00000      -   392  990s
 97209 39730    0.00000   74  275          -    0.00000      -   392 1004s
 98629 39730 infeasible   88               -    0.00000      -   392 1005s
 99211 40219 infeasible   88               -    0.00000      -   392 1014s
 100536 40829    0.00000   83  354          -    0.00000      -   392 1024s
 102034 41261    0.00000   83  358          -    0.00000      -   392 1034s
 103372 41349 infeasible   83               -    0.00000      -   392 1044s
 103608 41487    0.00000   84  373          -    0.00000      -   392 1054s
 104038 41616 infeasible   85               -    0.00000      -   392 1064s
 104495 41755 infeasible   85               -    0.00000      -   392 1075s
 105024 42148    0.00000   79  284          -    0.00000      -   392 1088s
 106059 42843    0.00000   89  382          -    0.00000      -   392 1102s
 107758 43703    0.00000   74  276          -    0.00000      -   392 1115s
 109672 44219    0.00000   83  347          -    0.00000      -   392 1127s
 111322 44844 infeasible   91               -    0.00000      -   392 1139s
 113083 44846    0.00000   89  321          -    0.00000      -   392 1151s
 113109 44846    0.00000   90  338          -    0.00000      -   392 1165s
 113137 44839    0.00000   91  327          -    0.00000      -   392 1177s
 113172 44838 infeasible   92               -    0.00000      -   392 1188s
 113201 44857 infeasible   90               -    0.00000      -   392 1198s
 113288 44981 infeasible   91               -    0.00000      -   392 1209s
 113692 45125    0.00000   74  331          -    0.00000      -   392 1222s
 114234 45452 infeasible   86               -    0.00000      -   393 1234s
 115575 45937 infeasible   87               -    0.00000      -   393 1248s
 117058 46566    0.00000   85  274          -    0.00000      -   393 1263s
 118737 47045    0.00000   86  287          -    0.00000      -   393 1276s
 120198 47708    0.00000   90  350          -    0.00000      -   393 1290s
 121839 48434 infeasible   87               -    0.00000      -   393 1302s
 123573 48932 infeasible   90               -    0.00000      -   393 1314s
 125031 49189 infeasible   92               -    0.00000      -   393 1324s
 125718 49603    0.00000   91  347          -    0.00000      -   393 1335s
 126736 50019 infeasible   92               -    0.00000      -   393 1347s
 127966 50645    0.00000   90  326          -    0.00000      -   393 1360s
 129466 51168 infeasible   86               -    0.00000      -   393 1372s
 130923 51729 infeasible   85               -    0.00000      -   393 1384s
 132536 52250 infeasible   91               -    0.00000      -   393 1396s
 134035 52936 infeasible   89               -    0.00000      -   393 1407s
 135709 53326 infeasible   91               -    0.00000      -   393 1419s
 136811 53834    0.00000   98  345          -    0.00000      -   393 1433s
 138447 54564 infeasible   86               -    0.00000      -   393 1446s
 140239 55234    0.00000   85  328          -    0.00000      -   393 1457s
 141785 55905    0.00000   87  362          -    0.00000      -   393 1468s
 143284 56546    0.00000   79  322          -    0.00000      -   393 1479s
 144625 57149    0.00000   76  275          -    0.00000      -   393 1491s
 145942 57602 infeasible   85               -    0.00000      -   393 1502s
 147317 57844    0.00000   81  288          -    0.00000      -   393 1513s
 148077 58386 infeasible   87               -    0.00000      -   393 1523s
 149437 58906 infeasible   76               -    0.00000      -   393 1536s
 150763 59446    0.00000   82  340          -    0.00000      -   394 1548s
 152215 59847    0.00000   86  349          -    0.00000      -   394 1559s
 153482 60416    0.00000   81  323          -    0.00000      -   394 1571s
 155057 60842 infeasible   94               -    0.00000      -   394 1583s
 156491 61461    0.00000   87  312          -    0.00000      -   394 1596s
 158318 61835    0.00000   89  337          -    0.00000      -   394 1606s
 159208 62277 infeasible   92               -    0.00000      -   394 1618s
 160640 62786    0.00000   80  294          -    0.00000      -   395 1631s
 162253 63383    0.00000   83  296          -    0.00000      -   395 1642s
 163906 63923    0.00000   92  341          -    0.00000      -   395 1654s
 165418 64414    0.00000   80  327          -    0.00000      -   395 1665s
 166823 64905    0.00000   79  306          -    0.00000      -   395 1677s
 168200 65522    0.00000   83  336          -    0.00000      -   395 1688s
 169745 65531    0.00000   81  367          -    0.00000      -   395 1698s
 169764 65535    0.00000   82  361          -    0.00000      -   395 1709s
 169788 65539 infeasible   83               -    0.00000      -   395 1719s
 169812 65545    0.00000   83  367          -    0.00000      -   395 1729s
 169834 65607 infeasible   84               -    0.00000      -   395 1739s
 170070 65896    0.00000   74  311          -    0.00000      -   395 1750s
 170839 66326 infeasible   79               -    0.00000      -   395 1763s
 172369 66796 infeasible   89               -    0.00000      -   396 1777s
 173909 67412    0.00000   82  351          -    0.00000      -   396 1790s
 175551 68023    0.00000   84  312          -    0.00000      -   396 1803s
 177162 68890    0.00000   90  370          -    0.00000      -   396 1817s
 179185 69406    0.00000   81  361          -    0.00000      -   396 1827s
 180525 70021 infeasible   89               -    0.00000      -   396 1837s
 181960 70522 infeasible   78               -    0.00000      -   396 1848s
 183191 71173    0.00000   75  298          -    0.00000      -   396 1858s
 184656 71798    0.00000   72  284          -    0.00000      -   396 1868s
 186101 72230 infeasible   87               -    0.00000      -   396 1880s
 187359 72621 infeasible   89               -    0.00000      -   396 1890s
 188744 73077    0.00000   88  363          -    0.00000      -   396 1903s
 190112 73652 infeasible   86               -    0.00000      -   396 1914s
 191577 74081    0.00000   87  301          -    0.00000      -   396 1925s
 192876 74625 infeasible   84               -    0.00000      -   396 1935s
 194264 75207    0.00000   87  331          -    0.00000      -   396 1946s
 195790 75659 infeasible   90               -    0.00000      -   396 1957s
 197122 76378    0.00000   89  286          -    0.00000      -   396 1970s
 199021 76484 infeasible   87               -    0.00000      -   396 1980s
 199413 76840    0.00000   77  298          -    0.00000      -   396 1992s
 200523 77460    0.00000   75  274          -    0.00000      -   396 2005s
 202087 78154    0.00000   82  354          -    0.00000      -   396 2018s
 203881 78739 infeasible   91               -    0.00000      -   396 2031s
 205430 79418    0.00000   88  355          -    0.00000      -   396 2043s
 207177 80021 infeasible   95               -    0.00000      -   396 2054s
 208852 80541 infeasible   87               -    0.00000      -   396 2066s
 210342 80816    0.00000   72  294          -    0.00000      -   396 2077s
 211145 81148 infeasible   88               -    0.00000      -   396 2088s
 212273 81772 infeasible   91               -    0.00000      -   396 2100s
 213751 82319    0.00000   89  328          -    0.00000      -   396 2112s
 215212 82939    0.00000   69  293          -    0.00000      -   396 2123s
 216828 83359    0.00000   80  325          -    0.00000      -   396 2137s
 218550 83957 infeasible   87               -    0.00000      -   396 2148s
 220126 84523    0.00000   86  362          -    0.00000      -   396 2159s
 221556 84901 infeasible   90               -    0.00000      -   396 2169s
 222490 85283 infeasible   89               -    0.00000      -   396 2181s
 223824 85881    0.00000   82  293          -    0.00000      -   396 2193s
 225350 86261 infeasible   90               -    0.00000      -   396 2204s
 226680 86893 infeasible   91               -    0.00000      -   396 2215s
 228290 87347    0.00000   81  267          -    0.00000      -   396 2226s
 229586 87909 infeasible   88               -    0.00000      -   396 2238s
 231130 88471    0.00000   67  290          -    0.00000      -   396 2248s
 232646 88671    0.00000   81  365          -    0.00000      -   396 2257s
 233106 89023 infeasible   82               -    0.00000      -   396 2268s
 234018 89367 infeasible   92               -    0.00000      -   396 2280s
 234932 89915    0.00000   91  370          -    0.00000      -   396 2292s
 236206 90726    0.00000   73  289          -    0.00000      -   396 2304s
 237889 90733    0.00000   84  351          -    0.00000      -   396 2315s
 237910 90737    0.00000   85  359          -    0.00000      -   396 2328s
 237934 90744    0.00000   86  363          -    0.00000      -   396 2338s
 237955 90750 infeasible   87               -    0.00000      -   396 2350s
 237977 90760    0.00000   79  269          -    0.00000      -   396 2364s
 237995 90770    0.00000   80  327          -    0.00000      -   396 2377s
 238013 90792    0.00000   81  341          -    0.00000      -   396 2391s
 238041 90927    0.00000   82  367          -    0.00000      -   396 2404s
 238352 91282 infeasible   83               -    0.00000      -   396 2421s
 239375 92031    0.00000   82  342          -    0.00000      -   396 2443s
 241738 92976 infeasible   86               -    0.00000      -   397 2462s
 244151 93097 infeasible   92               -    0.00000      -   397 2475s
 244668 93576    0.00000   92  344          -    0.00000      -   397 2490s
 246041 94234 infeasible   95               -    0.00000      -   397 2506s
 247707 94706 infeasible   89               -    0.00000      -   397 2522s
 249399 95413    0.00000   73  304          -    0.00000      -   397 2538s
 251434 96137 infeasible   90               -    0.00000      -   397 2553s
 253408 96680 infeasible   84               -    0.00000      -   397 2565s
 255161 96921    0.00000   84  256          -    0.00000      -   397 2577s
 255648 97363 infeasible   88               -    0.00000      -   397 2591s
 256846 98079    0.00000   81  341          -    0.00000      -   397 2607s
 258658 98825    0.00000   85  371          -    0.00000      -   397 2620s
 260502 99323    0.00000   92  337          -    0.00000      -   396 2633s
 262172 100047    0.00000   87  333          -    0.00000      -   396 2645s
 264026 100660    0.00000   88  315          -    0.00000      -   396 2656s
 265715 101006    0.00000   79  299          -    0.00000      -   396 2669s
 266795 101180    0.00000   84  362          -    0.00000      -   396 2680s
 267367 101470 infeasible   84               -    0.00000      -   396 2691s
 268369 101891    0.00000   76  284          -    0.00000      -   396 2704s
 269608 102240    0.00000   74  281          -    0.00000      -   396 2717s
 270895 102804    0.00000   85  371          -    0.00000      -   396 2731s
 272595 103605 infeasible   88               -    0.00000      -   397 2744s
 274518 104272    0.00000   89  341          -    0.00000      -   396 2757s
 276207 104909 infeasible   92               -    0.00000      -   396 2773s
 278038 105166 infeasible   83               -    0.00000      -   396 2784s
 278667 105609    0.00000   75  273          -    0.00000      -   396 2797s
 279900 106048    0.00000   77  294          -    0.00000      -   396 2811s
 281245 106482 infeasible   86               -    0.00000      -   396 2825s
 282685 107241    0.00000   83  316          -    0.00000      -   396 2839s
 284608 107887    0.00000   91  343          -    0.00000      -   396 2854s
 286360 108406 infeasible   85               -    0.00000      -   396 2867s
 288071 108787 infeasible   92               -    0.00000      -   396 2880s
 289538 108967 infeasible   87               -    0.00000      -   396 2892s
 290040 109336    0.00000   90  301          -    0.00000      -   396 2905s
 291181 109903 infeasible   81               -    0.00000      -   397 2918s
 292764 110422 infeasible   90               -    0.00000      -   396 2932s
 294299 111139    0.00000   83  294          -    0.00000      -   397 2944s
 296128 111741    0.00000   91  325          -    0.00000      -   396 2959s
 297950 112318 infeasible   85               -    0.00000      -   396 2970s
 299505 112898    0.00000   87  326          -    0.00000      -   396 2980s
 300987 112984    0.00000   91  359          -    0.00000      -   396 2990s
 301289 113189    0.00000   92  354          -    0.00000      -   396 3000s
 302044 113533 infeasible   93               -    0.00000      -   396 3013s
 303136 113838    0.00000   86  288          -    0.00000      -   396 3025s
 304439 114453    0.00000   72  279          -    0.00000      -   397 3039s
 306174 114829 infeasible   99               -    0.00000      -   397 3052s
 307718 115428    0.00000   88  271          -    0.00000      -   397 3065s
 309491 115902    0.00000   82  345          -    0.00000      -   397 3079s
 310977 116332 infeasible   85               -    0.00000      -   397 3091s
 312439 116670 infeasible   93               -    0.00000      -   397 3104s
 313869 116748 infeasible   90               -    0.00000      -   397 3114s
 314401 116868 infeasible   93               -    0.00000      -   397 3126s
 315095 117145 infeasible   84               -    0.00000      -   398 3139s
 316080 117622    0.00000   85  374          -    0.00000      -   398 3153s
 317343 118540    0.00000   90  338          -    0.00000      -   398 3169s
 319257 119381    0.00000   81  333          -    0.00000      -   397 3183s
 321088 120304    0.00000   79  277          -    0.00000      -   397 3196s
 322875 121090 infeasible   90               -    0.00000      -   397 3207s
 324423 121794    0.00000   86  363          -    0.00000      -   397 3218s
 325909 122514 infeasible   92               -    0.00000      -   397 3229s
 327449 122947    0.00000   73  288          -    0.00000      -   397 3240s
 328766 123591    0.00000   83  368          -    0.00000      -   397 3251s
 330260 124345 infeasible   88               -    0.00000      -   397 3261s
 331824 124937    0.00000   84  343          -    0.00000      -   397 3273s
 333174 125652    0.00000   71  303          -    0.00000      -   397 3284s
 334725 125886 infeasible   88               -    0.00000      -   397 3294s
 335237 126321 infeasible   89               -    0.00000      -   397 3308s
 336402 126943 infeasible   91               -    0.00000      -   397 3325s
 337940 127626    0.00000   81  319          -    0.00000      -   397 3341s
 339625 128434 infeasible   89               -    0.00000      -   397 3356s
 341751 129080    0.00000   82  366          -    0.00000      -   397 3370s
 343489 129703    0.00000   94  339          -    0.00000      -   397 3382s
 345268 130352    0.00000   87  344          -    0.00000      -   397 3395s
 346933 131048    0.00000   90  376          -    0.00000      -   396 3406s
 348585 131654 infeasible   91               -    0.00000      -   396 3418s
 350269 132038    0.00000   83  342          -    0.00000      -   396 3429s
 351677 132270    0.00000   84  351          -    0.00000      -   396 3441s
 352237 132613    0.00000   85  345          -    0.00000      -   396 3452s
 353286 133073    0.00000   86  354          -    0.00000      -   396 3463s
 354520 133525 infeasible   87               -    0.00000      -   396 3477s
 355902 134083 infeasible   96               -    0.00000      -   396 3490s
 357660 134502 infeasible   94               -    0.00000      -   396 3502s
 359167 135050    0.00000   89  346          -    0.00000      -   396 3514s
 360899 135570 infeasible   89               -    0.00000      -   396 3525s
 362427 136336    0.00000   73  287          -    0.00000      -   396 3536s
 364161 136864 infeasible   93               -    0.00000      -   396 3547s
 365611 137078 infeasible   86               -    0.00000      -   396 3557s
 366141 137289 infeasible   87               -    0.00000      -   396 3567s
 366938 137751    0.00000   76  263          -    0.00000      -   396 3579s
 368074 138108    0.00000   77  278          -    0.00000      -   396 3590s
 369291 138562    0.00000   87  334          -    0.00000      -   396 3602s
 370665 139116    0.00000   85  344          -    0.00000      -   396 3614s
 372407 139573    0.00000   93  327          -    0.00000      -   396 3627s
 373994 140319    0.00000   83  316          -    0.00000      -   396 3640s
 375938 140909    0.00000   94  330          -    0.00000      -   396 3650s
 377334 141373 infeasible   86               -    0.00000      -   396 3660s
 378632 141910 infeasible   94               -    0.00000      -   396 3670s
 380087 142304 infeasible   87               -    0.00000      -   396 3680s
 381311 142774    0.00000   94  345          -    0.00000      -   396 3691s
 382739 142906 infeasible   90               -    0.00000      -   396 3701s
 383061 143252    0.00000   79  331          -    0.00000      -   396 3711s
 383935 143631 infeasible   91               -    0.00000      -   396 3722s
 385104 143963 infeasible   86               -    0.00000      -   396 3733s
 386390 144346 infeasible   90               -    0.00000      -   396 3744s
 387667 144922    0.00000   90  337          -    0.00000      -   396 3756s
 389211 145434 infeasible   91               -    0.00000      -   396 3768s
 390761 145968 infeasible   87               -    0.00000      -   396 3779s
 392235 146501    0.00000   76  305          -    0.00000      -   396 3791s
 393796 147327    0.00000   73  290          -    0.00000      -   396 3805s
 395742 147796 infeasible   93               -    0.00000      -   396 3815s
 396939 148053 infeasible   91               -    0.00000      -   396 3825s
 397478 148442    0.00000   89  380          -    0.00000      -   396 3836s
 398466 148900    0.00000   90  388          -    0.00000      -   396 3848s
 399702 149334    0.00000   87  352          -    0.00000      -   396 3862s
 401148 149868    0.00000   90  358          -    0.00000      -   396 3875s
 402744 150648    0.00000   81  309          -    0.00000      -   396 3889s
 404596 151277 infeasible   92               -    0.00000      -   396 3902s
 406243 151918 infeasible   88               -    0.00000      -   396 3914s
 407892 152821    0.00000   73  287          -    0.00000      -   396 3926s
 409667 153427    0.00000   70  258          -    0.00000      -   396 3938s
 411145 153573    0.00000   88  373          -    0.00000      -   396 3948s
 411473 153835 infeasible   89               -    0.00000      -   396 3959s
 412059 154123 infeasible   89               -    0.00000      -   396 3971s
 412711 154303 infeasible   88               -    0.00000      -   396 3983s
 413279 154930 infeasible   87               -    0.00000      -   396 3996s
 414612 155740 infeasible   86               -    0.00000      -   396 4010s
 416600 156385 infeasible   91               -    0.00000      -   396 4022s
 418185 157094 infeasible   82               -    0.00000      -   396 4034s
 419852 157829    0.00000   70  259          -    0.00000      -   396 4044s
 421475 158449 infeasible   96               -    0.00000      -   395 4055s
 422887 159131    0.00000   78  282          -    0.00000      -   395 4066s
 424397 159728 infeasible   88               -    0.00000      -   395 4076s
 425762 160268    0.00000   82  343          -    0.00000      -   395 4087s
 427194 160959 infeasible   92               -    0.00000      -   395 4098s
 428689 161496    0.00000   92  332          -    0.00000      -   395 4108s
 429998 162148    0.00000   56  282          -    0.00000      -   395 4118s
 431482 162707 infeasible   90               -    0.00000      -   395 4129s
 432839 163349    0.00000   88  353          -    0.00000      -   395 4142s
 434553 163417    0.00000   89  364          -    0.00000      -   395 4153s
 434725 163524    0.00000   90  365          -    0.00000      -   395 4166s
 435026 163755 infeasible   91               -    0.00000      -   395 4181s
 435603 163939    0.00000   89  364          -    0.00000      -   395 4200s
 436067 164146 infeasible   90               -    0.00000      -   395 4224s
 436730 164518    0.00000   88  368          -    0.00000      -   395 4248s
 437892 165344 infeasible   89               -    0.00000      -   395 4275s
 440132 166366 infeasible   89               -    0.00000      -   396 4302s
 442920 167314 infeasible   85               -    0.00000      -   396 4324s
 445392 168249 infeasible   84               -    0.00000      -   396 4343s
 447947 168390    0.00000   88  368          -    0.00000      -   395 4357s
 448330 168703 infeasible   89               -    0.00000      -   395 4373s
 449293 169119 infeasible   89               -    0.00000      -   396 4390s
 450467 169843 infeasible   91               -    0.00000      -   396 4408s
 452537 170397 infeasible   92               -    0.00000      -   396 4422s
 454421 170879    0.00000   91  353          -    0.00000      -   396 4433s
 455793 171444 infeasible   92               -    0.00000      -   396 4444s
 457288 171986 infeasible   91               -    0.00000      -   396 4454s
 458748 172191    0.00000   79  265          -    0.00000      -   396 4464s
 459301 172552    0.00000   72  308          -    0.00000      -   396 4474s
 460011 172552    0.00000   77  298          -    0.00000      -   396 4475s
 460450 172995 infeasible   94               -    0.00000      -   396 4486s
 461797 173288    0.00000   81  305          -    0.00000      -   396 4497s
 463174 173834    0.00000   75  292          -    0.00000      -   396 4509s
 464792 174259    0.00000   85  280          -    0.00000      -   396 4521s
 466175 174844    0.00000   80  342          -    0.00000      -   396 4532s
 467768 175416    0.00000   95  323          -    0.00000      -   396 4544s
 469332 175698 infeasible   92               -    0.00000      -   396 4555s
 470374 176100 infeasible   91               -    0.00000      -   396 4565s
 471446 176364    0.00000   91  354          -    0.00000      -   396 4577s
 472674 176872 infeasible   92               -    0.00000      -   396 4590s
 474280 177377    0.00000   83  286          -    0.00000      -   396 4602s
 475985 177663    0.00000   75  288          -    0.00000      -   396 4614s
 477383 178115    0.00000   73  282          -    0.00000      -   396 4625s
 479003 178386 infeasible   90               -    0.00000      -   396 4636s
 480356 178741 infeasible   93               -    0.00000      -   396 4647s
 481789 178820 infeasible   93               -    0.00000      -   396 4657s
 482168 178979    0.00000   91  363          -    0.00000      -   396 4667s
 483169 179254 infeasible   89               -    0.00000      -   396 4679s
 484474 179750    0.00000   79  313          -    0.00000      -   396 4690s
 485952 180121    0.00000   87  361          -    0.00000      -   396 4703s
 487243 180577 infeasible   82               -    0.00000      -   397 4714s
 488807 180866 infeasible   90               -    0.00000      -   397 4726s
 490116 181425 infeasible   86               -    0.00000      -   397 4738s
 491767 181915    0.00000   84  281          -    0.00000      -   397 4752s
 493445 182158 infeasible   86               -    0.00000      -   397 4763s
 494046 182535    0.00000   89  356          -    0.00000      -   397 4776s
 495133 182944    0.00000   81  367          -    0.00000      -   397 4790s
 496366 183397    0.00000   87  370          -    0.00000      -   397 4806s
 497849 184029 infeasible   91               -    0.00000      -   397 4823s
 499875 184932    0.00000   81  369          -    0.00000      -   397 4837s
 502086 185629 infeasible   86               -    0.00000      -   397 4851s
 503945 186115    0.00000   93  351          -    0.00000      -   397 4864s
 505551 186434 infeasible   88               -    0.00000      -   397 4876s
 506294 186779    0.00000   87  333          -    0.00000      -   397 4888s
 507431 187172 infeasible   90               -    0.00000      -   397 4901s
 508942 187767 infeasible   92               -    0.00000      -   397 4915s
 510527 188409 infeasible   95               -    0.00000      -   397 4928s
 512325 189074    0.00000   84  361          -    0.00000      -   397 4943s
 514080 189734 infeasible   83               -    0.00000      -   397 4954s
 515612 190363    0.00000   82  334          -    0.00000      -   397 4964s
 517077 190583    0.00000   88  342          -    0.00000      -   397 4974s
 517681 190924    0.00000   89  352          -    0.00000      -   397 4985s
 518662 191409    0.00000   87  346          -    0.00000      -   397 4997s
 520009 191929 infeasible   87               -    0.00000      -   397 5009s
 521473 192365 infeasible   92               -    0.00000      -   397 5021s
 522877 193056 infeasible   96               -    0.00000      -   397 5034s
 524604 193619 infeasible   86               -    0.00000      -   397 5046s
 526133 194292 infeasible   91               -    0.00000      -   397 5058s
 527830 194500    0.00000   73  310          -    0.00000      -   397 5068s
 528314 194823 infeasible   89               -    0.00000      -   397 5080s
 529227 195225    0.00000   81  335          -    0.00000      -   397 5092s
 530295 195517    0.00000   79  335          -    0.00000      -   397 5105s
 531439 196077 infeasible   88               -    0.00000      -   397 5119s
 533069 196734    0.00000   82  308          -    0.00000      -   397 5131s
 534776 197283 infeasible   86               -    0.00000      -   397 5142s
 536177 197797 infeasible   83               -    0.00000      -   397 5153s
 537649 198295 infeasible   90               -    0.00000      -   397 5163s
 539061 198663    0.00000   84  300          -    0.00000      -   397 5175s
 540353 199117 infeasible   86               -    0.00000      -   397 5185s
 541727 199332    0.00000   81  273          -    0.00000      -   397 5196s

Cutting planes:
  Lift-and-project: 4
  Flow cover: 13
  Zero half: 12
  RLT: 70
  Relax-and-lift: 3

Explored 542732 nodes (215491846 simplex iterations) in 5199.65 seconds (5781.25 work units)
Thread count was 20 (of 20 available processors)

Solution count 0

Solve interrupted
Best objective -, best bound 0.000000000000e+00, gap -

No solution available

