
Gurobi 13.0.1 (win64, gurobi_cl) logging started Sun May  3 22:36:10 2026

Set parameter WLSAccessID
Set parameter WLSSecret
Set parameter LicenseID to value 2811917
Set parameter LogFile to value "N22_R9_K3_3_24_split_24_fix3B_5_exact_fixrestA_wo_lem_str4_f9_g.log"
Using license file C:\Users\artik\gurobi.lic
Academic license 2811917 - for non-commercial use only - registered to ar___@ukma.edu.ua

Gurobi Optimizer version 13.0.1 build v13.0.1rc0 (win64 - Windows 11+.0 (26200.2))
Copyright (c) 2026, Gurobi Optimization, LLC

Error reading LP format file N22_R9_K3_3_24_split_24_fix3B_5_exact_fixrestA_wo_lem_str4_f9.lp at line 7055
Unrecognized variable bound
Neighboring tokens: " tbounds: 99 <= T <= 99 Binary x0_1 "


Error 10012: Unable to read file


Gurobi 13.0.1 (win64, gurobi_cl) logging started Sun May  3 22:36:24 2026

Set parameter WLSAccessID
Set parameter WLSSecret
Set parameter LicenseID to value 2811917
Set parameter LogFile to value "N22_R9_K3_3_24_split_24_fix3B_5_exact_fixrestA_wo_lem_str4_f9_g.log"
Using license file C:\Users\artik\gurobi.lic
Academic license 2811917 - for non-commercial use only - registered to ar___@ukma.edu.ua

Gurobi Optimizer version 13.0.1 build v13.0.1rc0 (win64 - Windows 11+.0 (26200.2))
Copyright (c) 2026, Gurobi Optimization, LLC

Read LP format model from file N22_R9_K3_3_24_split_24_fix3B_5_exact_fixrestA_wo_lem_str4_f9.lp
Reading time = 0.03 seconds
obj: 6988 rows, 2127 columns, 27111 nonzeros

Using Gurobi shared library D:\gurobi\win64\bin\gurobi130.dll

CPU model: 12th Gen Intel(R) Core(TM) i7-12700H, instruction set [SSE2|AVX|AVX2]
Thread count: 14 physical cores, 20 logical processors, using up to 20 threads

Academic license 2811917 - for non-commercial use only - registered to ar___@ukma.edu.ua
Optimize a model with 6988 rows, 2127 columns and 27111 nonzeros (Min)
Model fingerprint: 0x76679bc3
Model has 1 linear objective coefficients
Variable types: 0 continuous, 2127 integer (2103 binary)
Coefficient statistics:
  Matrix range     [1e+00, 8e+01]
  Objective range  [1e+00, 1e+00]
  Bounds range     [1e+00, 1e+02]
  RHS range        [1e+00, 8e+01]

Presolve removed 1874 rows and 463 columns
Presolve time: 0.04s
Presolved: 5114 rows, 1664 columns, 20364 nonzeros
Variable types: 0 continuous, 1664 integer (1644 binary)

Root relaxation: objective 0.000000e+00, 2101 iterations, 0.10 seconds (0.20 work units)

    Nodes    |    Current Node    |     Objective Bounds      |     Work
 Expl Unexpl |  Obj  Depth IntInf | Incumbent    BestBd   Gap | It/Node Time

     0     0    0.00000    0  244          -    0.00000      -     -    0s
     0     0    0.00000    0  199          -    0.00000      -     -    0s
     0     0    0.00000    0  203          -    0.00000      -     -    0s
     0     0    0.00000    0  189          -    0.00000      -     -    0s
     0     0    0.00000    0   87          -    0.00000      -     -    1s
     0     0    0.00000    0  104          -    0.00000      -     -    1s
     0     0    0.00000    0  188          -    0.00000      -     -    1s
     0     0    0.00000    0  178          -    0.00000      -     -    1s
H    0     0                      10.0000000    0.00000   100%     -    1s
     0     0    0.00000    0  178   10.00000    0.00000   100%     -    1s
     0     0    0.00000    0  182   10.00000    0.00000   100%     -    1s
     0     0    0.00000    0  170   10.00000    0.00000   100%     -    1s
     0     0    0.00000    0  130   10.00000    0.00000   100%     -    2s
     0     0    0.00000    0  132   10.00000    0.00000   100%     -    2s
     0     0    0.00000    0  132   10.00000    0.00000   100%     -    2s
     0     0    0.00000    0  112   10.00000    0.00000   100%     -    2s
     0     0    0.00000    0  114   10.00000    0.00000   100%     -    2s
     0     0    0.00000    0  114   10.00000    0.00000   100%     -    2s
     0     0    0.00000    0  114   10.00000    0.00000   100%     -    2s
     0     0    0.00000    0  114   10.00000    0.00000   100%     -    2s
     0     2    0.00000    0  114   10.00000    0.00000   100%     -    3s
H   73   147                       6.0000000    0.00000   100%   355    4s
   146   684    0.00000    7  110    6.00000    0.00000   100%   327    6s
*  791  1344              49       5.0000000    0.00000   100%   239    7s
  1979  2267    0.00000   45  131    5.00000    0.00000   100%   185   11s
  3180  2273    1.00000   41  157    5.00000    0.00000   100%   184   15s
  3191  2281    0.00000   41  190    5.00000    0.00000   100%   183   20s
  3449  2717    0.00000   25  311    5.00000    0.00000   100%   203   27s
  3716  3163    0.00000   35  155    5.00000    0.00000   100%   208   31s
  4266  3548    0.00000   53  268    5.00000    0.00000   100%   236   36s
  4944  3808    0.00000   68  291    5.00000    0.00000   100%   256   41s
  5589  4690    0.00254   78  319    5.00000    0.00000   100%   257   46s
  6958  4266    3.55264  102  277    5.00000    0.00000   100%   247   51s
H 7002  4111                       4.0000000    0.00000   100%   246   51s
  7006  5185     cutoff  102         4.00000    0.00000   100%   246   55s
  9798  5619    0.00000   33  133    4.00000    0.00000   100%   243   62s
 10256  5888    0.00000   54  205    4.00000    0.00000   100%   243   66s
 10663  6253    0.00000   54  264    4.00000    0.00000   100%   245   71s
 11324  6711    0.00000   55  232    4.00000    0.00000   100%   248   76s
 12049  7312 infeasible   68         4.00000    0.00000   100%   248   80s
 12975  7720 infeasible   81         4.00000    0.00000   100%   252   85s
 14498  8315    1.02832   48  220    4.00000    0.00000   100%   253   94s
 14515  8339    1.17683   49  165    4.00000    0.00000   100%   253   99s
 14569  8683    0.00000   48  169    4.00000    0.00000   100%   254  104s
 15193  9294    0.00000   38  203    4.00000    0.00000   100%   254  109s
 16130 10263    0.00000   62  191    4.00000    0.00000   100%   256  114s
 17618 10898 infeasible   82         4.00000    0.00000   100%   254  118s
 18805 11320 infeasible   62         4.00000    0.00000   100%   258  122s
 19647 11561    1.00000   65  240    4.00000    0.00000   100%   259  127s
 20132 11587    0.00000   52  222    4.00000    0.00000   100%   260  135s
 20176 12285    0.00000   52  256    4.00000    0.00000   100%   260  144s
 21477 12684    0.77955   91  151    4.00000    0.00000   100%   262  151s
 22123 13278 infeasible   82         4.00000    0.00000   100%   263  158s
 23368 13782    0.00000   84  196    4.00000    0.00000   100%   267  163s
 24545 14489    0.00000   41  196    4.00000    0.00000   100%   269  169s
 25888 15483     cutoff   64         4.00000    0.00000   100%   271  174s
 27554 16304    0.00000   31  270    4.00000    0.00000   100%   272  178s
 28776 16745    0.46106   62  182    4.00000    0.00000   100%   273  183s
 29557 17761    0.00000   43  215    4.00000    0.00000   100%   274  188s
 31126 18348    0.00018   50  192    4.00000    0.00000   100%   276  194s
 32059 19185    0.08635   63  159    4.00000    0.00000   100%   276  200s
 33681 19735    0.00000   64  117    4.00000    0.00000   100%   278  205s
 34988 20304    0.56323   58  191    4.00000    0.00000   100%   279  210s
 36684 20795    0.00000   58  151    4.00000    0.00000   100%   279  217s
 38099 21495    0.98051   61  140    4.00000    0.00000   100%   280  224s
 39827 22050    0.00000   56  150    4.00000    0.00000   100%   282  240s
 41176 22641    0.00000   60  147    4.00000    0.00000   100%   283  249s
 42514 23382    0.00000   55  181    4.00000    0.00000   100%   284  261s
 44185 24611    0.00000   54  198    4.00000    0.00000   100%   287  270s
 46475 25382    1.00000   67  119    4.00000    0.00000   100%   287  279s
 48033 26110    0.00000   42  204    4.00000    0.00000   100%   286  288s
 49403 26899    0.00000   43  217    4.00000    0.00000   100%   287  298s
 50596 27845    1.00000   44  250    4.00000    0.00000   100%   287  305s
 52030 27859    0.00000   55  271    4.00000    0.00000   100%   287  314s
 52044 28092    0.00000   55  237    4.00000    0.00000   100%   287  321s
 52472 28817    0.00819   56  234    4.00000    0.00000   100%   287  329s
 53655 29981     cutoff   76         4.00000    0.00000   100%   287  337s
 55704 30945    0.00000   51  209    4.00000    0.00000   100%   287  345s
 57312 31555    0.00000   65  160    4.00000    0.00000   100%   287  354s
 58407 32394    2.66492   61  182    4.00000    0.00000   100%   288  360s
 59854 33453    0.16760   72  222    4.00000    0.00000   100%   288  368s
 61764 34463    0.00000   49  154    4.00000    0.00000   100%   289  374s
 63462 35137    0.04856   71  157    4.00000    0.00000   100%   289  380s
 64720 35864 infeasible   70         4.00000    0.00000   100%   290  385s
 66311 36269    0.00000   51  135    4.00000    0.00000   100%   290  391s
 67195 36832    2.85085   54  186    4.00000    0.00000   100%   291  398s
 68131 37769    0.60526   65  217    4.00000    0.00000   100%   292  404s
 69869 38244    1.38679   71  189    4.00000    0.00000   100%   293  411s
 70942 39184    0.00000   45  178    4.00000    0.00000   100%   293  417s
 72535 39737    0.00000   67  136    4.00000    0.00000   100%   293  424s
 73460 40589    0.00000   62  232    4.00000    0.00000   100%   294  430s
 75023 41418    0.00000   37  113    4.00000    0.00000   100%   294  437s
 76244 42233    0.19188   61  117    4.00000    0.00000   100%   294  444s
 78069 42931    2.51409   76  153    4.00000    0.00000   100%   293  450s
 79734 43693    0.00000   49  178    4.00000    0.00000   100%   293  457s
 81343 44434     cutoff   62         4.00000    0.00000   100%   293  464s
 82644 45242    0.00000   51   91    4.00000    0.00000   100%   293  470s
 84054 46353     cutoff   61         4.00000    0.00000   100%   294  477s
 85922 46887 infeasible   73         4.00000    0.00000   100%   294  483s
 87003 47935    0.00000   48  241    4.00000    0.00000   100%   294  489s
 89022 48101    0.00000   40  129    4.00000    0.00000   100%   294  496s
 89375 48542    0.00000   41  141    4.00000    0.00000   100%   294  503s
 90405 48997    0.00000   42  135    4.00000    0.00000   100%   294  509s
 91326 49768     cutoff   71         4.00000    0.00000   100%   294  516s
 92576 50578    0.00000   51  108    4.00000    0.00000   100%   295  523s
 94227 51267    0.00000   70  237    4.00000    0.00000   100%   295  530s
 95601 52080    0.00000   51  252    4.00000    0.00000   100%   296  539s
 97337 52702    0.00000   62  200    4.00000    0.00000   100%   296  547s
 98720 53265    0.06242   86  144    4.00000    0.00000   100%   296  554s
 100522 53942    0.28734   90  129    4.00000    0.00000   100%   297  562s
 102442 54408    0.43083   63  197    4.00000    0.00000   100%   297  568s
 103938 54741    1.23238   58  180    4.00000    0.00000   100%   298  574s
 105311 55092     cutoff   68         4.00000    0.00000   100%   298  581s
 106905 55594 infeasible   68         4.00000    0.00000   100%   298  585s
 108681 55659    0.00000   39  174    4.00000    0.00000   100%   298  590s
 108843 55953    0.00000   40  153    4.00000    0.00000   100%   298  596s
 109466 56174    0.00000   50  177    4.00000    0.00000   100%   298  601s
 110072 56428    1.00807   59  238    4.00000    0.00000   100%   298  606s
 110901 56984    1.00000   61  179    4.00000    0.00000   100%   299  612s
 112127 57518    0.00000   43  114    4.00000    0.00000   100%   299  618s
 113030 58390    1.00000   63  194    4.00000    0.00000   100%   299  624s
 114477 58965    0.00000   68  147    4.00000    0.00000   100%   299  630s
 115676 59614    1.00000   63  212    4.00000    0.00000   100%   300  637s
 117165 60482    0.00000   57  128    4.00000    0.00000   100%   300  643s
 119198 60981     cutoff   65         4.00000    0.00000   100%   300  650s
 120851 61971    0.00000   49  140    4.00000    0.00000   100%   299  657s
 123294 62593    0.00000   51  234    4.00000    0.00000   100%   298  661s
 124696 63027    0.00000   54  160    4.00000    0.00000   100%   298  665s
 126928 64308    0.00000   46  219    4.00000    0.00000   100%   297  674s
 128078 64840    2.18680   80  168    4.00000    0.00000   100%   297  680s
 129056 65721    0.00000   56  298    4.00000    0.00000   100%   297  685s
 130588 66163    1.20022   60  128    4.00000    0.00000   100%   297  690s
 131380 67147    0.00000   51  123    4.00000    0.00000   100%   297  696s
 133009 67754    0.00000   56  251    4.00000    0.00000   100%   296  702s
 134477 68487    1.23434   55  204    4.00000    0.00000   100%   296  709s
 136017 69052    0.00000   58  134    4.00000    0.00000   100%   296  715s
 137164 69792    0.00000   48   92    4.00000    0.00000   100%   295  721s
 138630 70330    0.03570   57  173    4.00000    0.00000   100%   295  727s
 139890 70917    0.00000   69  139    4.00000    0.00000   100%   295  733s
 141143 72097 infeasible   74         4.00000    0.00000   100%   295  740s
 143750 72107    0.04579   75  158    4.00000    0.00000   100%   295  749s
H143775 70619                       3.0000000    0.00000   100%   295  754s
 143867 71034    0.00000   74  138    3.00000    0.00000   100%   295  758s
 144835 71451    0.60633   63  230    3.00000    0.00000   100%   295  763s
 145881 71877 infeasible   75         3.00000    0.00000   100%   295  769s
 147210 72219    0.00000   75  109    3.00000    0.00000   100%   295  775s
 148296 72628    0.00000   58   73    3.00000    0.00000   100%   295  781s
 149561 73042    1.00000   74   96    3.00000    0.00000   100%   296  787s
 150759 73545    0.70098   65  136    3.00000    0.00000   100%   296  792s
 152207 73792    0.00000   71  177    3.00000    0.00000   100%   296  798s
 153157 74209    1.01545   77  135    3.00000    0.00000   100%   297  803s
 154670 74686    0.00000   59  116    3.00000    0.00000   100%   297  809s
 156121 75151    0.85765   66  131    3.00000    0.00000   100%   298  815s
 157471 75766 infeasible   87         3.00000    0.00000   100%   298  820s
 159060 76129    1.05309   67  140    3.00000    0.00000   100%   298  827s
 160145 76631    0.00000   44  168    3.00000    0.00000   100%   298  833s
 161625 76884    0.96923   97   86    3.00000    0.00000   100%   299  841s
 162624 77719 infeasible   80         3.00000    0.00000   100%   299  852s
 165289 78000    0.00000   56  112    3.00000    0.00000   100%   299  859s
 166581 78399     cutoff   97         3.00000    0.00000   100%   299  866s
 168122 78891     cutoff   98         3.00000    0.00000   100%   299  872s
 170043 79318    0.01429   58  128    3.00000    0.00000   100%   299  879s
 171317 79788    0.46429   63   69    3.00000    0.00000   100%   299  884s
 173024 80178    0.29261   62  169    3.00000    0.00000   100%   299  890s
 174322 80725    0.06024   68  145    3.00000    0.00000   100%   299  896s
 175756 81245 infeasible   72         3.00000    0.00000   100%   299  902s
 177719 81254    0.00000   65   99    3.00000    0.00000   100%   299  909s
 177738 81264    0.72403   66  132    3.00000    0.00000   100%   299  915s
 177772 81351    1.18571   67  123    3.00000    0.00000   100%   299  921s
 178212 81598 infeasible   68         3.00000    0.00000   100%   298  928s
 179253 81981    0.00000   67  117    3.00000    0.00000   100%   298  934s
 180802 82433    0.00000   68  125    3.00000    0.00000   100%   298  942s
 183038 82563    0.00000   69  172    3.00000    0.00000   100%   298  948s
 184297 82790    0.00000   70  155    3.00000    0.00000   100%   297  955s
 185352 83012    0.00000   71  159    3.00000    0.00000   100%   297  961s
 186234 83389    0.00000   72  165    3.00000    0.00000   100%   297  966s
 187806 83877 infeasible   70         3.00000    0.00000   100%   297  972s
 189283 84288 infeasible   54         3.00000    0.00000   100%   297  978s
 190618 84606 infeasible   91         3.00000    0.00000   100%   298  984s
 191946 84974 infeasible   86         3.00000    0.00000   100%   298  989s
 193033 85400 infeasible   67         3.00000    0.00000   100%   298  994s
 194476 85975    0.00000   65  201    3.00000    0.00000   100%   298 1001s
 195593 86563    0.30233   76  120    3.00000    0.00000   100%   298 1007s
 196692 87302    0.00000   54  155    3.00000    0.00000   100%   298 1014s
 198033 87803    0.00000   59  166    3.00000    0.00000   100%   297 1020s
 198998 88643    0.00000   70  157    3.00000    0.00000   100%   298 1026s
 200781 89564 infeasible   72         3.00000    0.00000   100%   298 1033s
 202907 89809    0.01980   65  126    3.00000    0.00000   100%   298 1038s
 203578 90421    0.00000   55  151    3.00000    0.00000   100%   298 1044s
 205105 91019    0.90714   63   75    3.00000    0.00000   100%   298 1050s
 206558 91542    0.00000   57   72    3.00000    0.00000   100%   298 1055s
 208079 92160    0.87420   76  101    3.00000    0.00000   100%   298 1061s
 209384 92545    0.00000   75  127    3.00000    0.00000   100%   299 1067s
 210481 92935    1.06120   76  155    3.00000    0.00000   100%   299 1072s
 211982 93386    1.53734   56  203    3.00000    0.00000   100%   299 1078s
 213265 93843    0.00000   68  163    3.00000    0.00000   100%   299 1085s
 214464 94450    0.84365   63  124    3.00000    0.00000   100%   299 1092s
 216350 95189 infeasible   52         3.00000    0.00000   100%   299 1099s
 218594 95507    1.00156   64  175    3.00000    0.00000   100%   299 1105s
 219725 95940 infeasible   76         3.00000    0.00000   100%   299 1111s
 220687 96683 infeasible   64         3.00000    0.00000   100%   299 1118s
 222581 97078    1.23072   82  168    3.00000    0.00000   100%   299 1123s
 223530 97730    0.01320   65  147    3.00000    0.00000   100%   299 1130s
 225254 98057 infeasible   89         3.00000    0.00000   100%   299 1135s
 226047 98671    0.00000   58  120    3.00000    0.00000   100%   299 1141s
 227606 99512    0.00000   59  146    3.00000    0.00000   100%   299 1147s
 229710 99953 infeasible   56         3.00000    0.00000   100%   299 1153s
 230765 100410    0.00796   69  198    3.00000    0.00000   100%   299 1158s
 232090 101023    2.00000   70  117    3.00000    0.00000   100%   299 1164s
 233583 101378 infeasible   73         3.00000    0.00000   100%   299 1170s
 234651 102026    0.36139   67  189    3.00000    0.00000   100%   300 1176s
 236215 102502    0.00000   68  146    3.00000    0.00000   100%   300 1182s
 237438 103064 infeasible   81         3.00000    0.00000   100%   300 1187s
 239265 103408    1.84844   86   83    3.00000    0.00000   100%   300 1193s
 240618 104094    0.89264   79  157    3.00000    0.00000   100%   300 1200s
 242702 104474 infeasible   83         3.00000    0.00000   100%   300 1205s
 243758 104821     cutoff   81         3.00000    0.00000   100%   300 1210s
 245202 105260    0.00000   65  112    3.00000    0.00000   100%   300 1215s
 246746 105809    0.00000   62  105    3.00000    0.00000   100%   300 1221s
 248298 106021     cutoff   69         3.00000    0.00000   100%   300 1226s
 249250 106400    1.00000   71  151    3.00000    0.00000   100%   300 1231s
 250812 106586    0.00000   73  120    3.00000    0.00000   100%   300 1237s
 251381 107142    1.61111   72   68    3.00000    0.00000   100%   300 1243s
 252631 107624    0.00000   67  159    3.00000    0.00000   100%   300 1248s
 254009 107636    0.00000   66  177    3.00000    0.00000   100%   300 1254s
 254025 107643    0.00000   67  177    3.00000    0.00000   100%   300 1261s
 254044 107680    0.00000   68  174    3.00000    0.00000   100%   300 1268s
 254163 107791    0.30201   69  184    3.00000    0.00000   100%   300 1273s
 254715 107963 infeasible   70         3.00000    0.00000   100%   300 1278s
 255444 108268    0.00000   84  200    3.00000    0.00000   100%   301 1284s
 256576 108720 infeasible   82         3.00000    0.00000   100%   301 1291s
 257722 109114    1.00000   66  189    3.00000    0.00000   100%   301 1298s
 258751 109473    0.30208   84   94    3.00000    0.00000   100%   301 1304s
 259982 109841 infeasible   76         3.00000    0.00000   100%   301 1312s
 261190 110423    0.71970   56  131    3.00000    0.00000   100%   301 1320s
 263253 110667 infeasible   81         3.00000    0.00000   100%   301 1327s
 265091 110939    1.06948   80  151    3.00000    0.00000   100%   302 1333s
 266296 111293    0.00000   57   99    3.00000    0.00000   100%   302 1339s
 267313 111885    0.02879   70  142    3.00000    0.00000   100%   302 1344s
 268858 112367    0.10000   66  127    3.00000    0.00000   100%   302 1350s
 270274 112830    1.00000   71  167    3.00000    0.00000   100%   302 1358s
 271815 113394    0.93174   74  142    3.00000    0.00000   100%   302 1364s
 273795 113828    1.61370   93  173    3.00000    0.00000   100%   302 1370s
 275270 114185    1.26282   71  118    3.00000    0.00000   100%   302 1376s
 276528 114568    0.00000   58  149    3.00000    0.00000   100%   302 1381s
 278005 114968    0.93524   54  133    3.00000    0.00000   100%   302 1388s
 279247 115425    0.00000   52  183    3.00000    0.00000   100%   303 1394s
 280451 116114    0.00000   54  239    3.00000    0.00000   100%   303 1402s
 282815 116532    0.05000   59  176    3.00000    0.00000   100%   303 1408s
 283938 117016    2.00000   72  160    3.00000    0.00000   100%   303 1414s
 285500 117541    0.00000   53  138    3.00000    0.00000   100%   303 1420s
 286959 117922    0.00000   69  184    3.00000    0.00000   100%   303 1426s
 288089 118549    0.41000   65  165    3.00000    0.00000   100%   303 1432s
 289793 119071    0.00401   61  163    3.00000    0.00000   100%   303 1438s
 291330 119241    0.00151   78  176    3.00000    0.00000   100%   303 1444s
 292116 119652     cutoff   84         3.00000    0.00000   100%   303 1450s
 294211 119885    0.00000   51   98    3.00000    0.00000   100%   303 1457s
 295038 120305    0.00000   52   99    3.00000    0.00000   100%   303 1463s
 296603 120882    0.02158   64  143    3.00000    0.00000   100%   303 1468s
 298059 121521    1.05000   74  123    3.00000    0.00000   100%   303 1474s
 299471 122523    1.48663   77  105    3.00000    0.00000   100%   303 1481s
 301663 122962    0.00000   47  249    3.00000    0.00000   100%   303 1486s
 302730 123597 infeasible   66         3.00000    0.00000   100%   302 1491s
 304849 124010 infeasible   68         3.00000    0.00000   100%   302 1496s
 306070 124502    0.00000   56  132    3.00000    0.00000   100%   302 1500s
 307767 124839    0.00000   40  111    3.00000    0.00000   100%   302 1505s
 308990 125240     cutoff   57         3.00000    0.00000   100%   301 1510s
 310545 125550    1.70000   57   58    3.00000    0.00000   100%   301 1515s
 313617 126253    0.25364   55  121    3.00000    0.00000   100%   301 1524s
 314965 126473 infeasible   70         3.00000    0.00000   100%   301 1529s
 316432 126793    0.01764   63  168    3.00000    0.00000   100%   301 1533s
 317615 127259    1.35072   64  132    3.00000    0.00000   100%   301 1538s
 319185 127759    0.00000   61   89    3.00000    0.00000   100%   301 1546s
 321482 128050    0.31478   69  129    3.00000    0.00000   100%   301 1551s
 322424 128461 infeasible   57         3.00000    0.00000   100%   300 1555s
 324193 128666    0.19542   64  133    3.00000    0.00000   100%   300 1560s
 326867 129389 infeasible   79         3.00000    0.00000   100%   300 1568s
 328437 129851    0.00000   59  113    3.00000    0.00000   100%   300 1573s
 329824 130186    0.00000   48  124    3.00000    0.00000   100%   300 1577s
 330868 130697    0.45079   58  177    3.00000    0.00000   100%   300 1581s
 331980 131109     cutoff   64         3.00000    0.00000   100%   300 1586s
 333352 131528    0.00000   54  146    3.00000    0.00000   100%   300 1591s
 335198 131879    0.00000   66   39    3.00000    0.00000   100%   300 1595s
 336606 132338    0.00000   47  140    3.00000    0.00000   100%   299 1600s
 338315 132867    1.00596   66  109    3.00000    0.00000   100%   299 1606s
 340185 133270    0.62931   62  154    3.00000    0.00000   100%   299 1612s

Cutting planes:
  MIR: 18
  Flow cover: 105
  Zero half: 12
  RLT: 2
  Relax-and-lift: 1

Explored 341732 nodes (102226433 simplex iterations) in 1612.53 seconds (1988.68 work units)
Thread count was 20 (of 20 available processors)

Solution count 7: 3 4 5 ... 10

Solve interrupted
Best objective 3.000000000000e+00, best bound 0.000000000000e+00, gap 100.0000%

Wrote result file 'N22_R9_K3_3_24_split_24_fix3B_5_exact_fixrestA_wo_lem_str4_f9_g.sol'

