SCIP version 10.0.1 [precision: 8 byte] [memory: block] [mode: optimized] [LP solver: SoPlex 8.0.1] [GitHash: 76a50c97d6]
Copyright (c) 2002-2026 Zuse Institute Berlin (ZIB)

External libraries: 
  SoPlex 8.0.1         Linear programming solver developed at Zuse Institute Berlin (soplex.zib.de) [GitHash: c69290aa]
  CppAD 20180000.0     Algorithmic Differentiation of C++ algorithms developed by B. Bell (github.com/coin-or/CppAD)
  ZLIB 1.3.1           General purpose compression library by J. Gailly and M. Adler (zlib.net)
  MPFR 4.2.2           GNU Multiple Precision Floating-Point Reliable Library (mpfr.org)
  Boost 1.89.0         Boost C++ Libraries (boost.org)
  TinyCThread 1.2      small portable implementation of the C11 threads API (tinycthread.github.io)
  GMP 6.3.0            GNU Multiple Precision Arithmetic Library developed by T. Granlund (gmplib.org)
  ZIMPL 3.7.0          Zuse Institute Mathematical Programming Language developed by T. Koch (zimpl.zib.de)
  AMPL/MP 4.0.4        AMPL .nl file reader library (github.com/ampl/mp)
  PaPILO 3.0.0         parallel presolve for integer and linear optimization (github.com/scipopt/papilo) (built with TBB) [GitHash: 4cbdc327]
  Nauty 2.8.8          Computing Graph Automorphism Groups by Brendan D. McKay (users.cecs.anu.edu.au/~bdm/nauty)
  sassy 2.0            Symmetry preprocessor by Markus Anders (github.com/markusa4/sassy)
  Ipopt 3.14.19        Interior Point Optimizer developed by A. Waechter et.al. (github.com/coin-or/Ipopt)

user parameter file <scip.set> not found - using default parameters


read problem <N17_R8_K3_0_21_split_21_wo_lem_str4_v9.lp>
============

original problem has 898 variables (880 bin, 18 int, 0 cont) and 3124 constraints

presolving:
(round 1, fast)       109 del vars, 505 del conss, 0 add conss, 134 chg bounds, 64 chg sides, 128 chg coeffs, 0 upgd conss, 0 impls, 1736 clqs, 0 implints
(round 2, fast)       109 del vars, 513 del conss, 0 add conss, 146 chg bounds, 126 chg sides, 252 chg coeffs, 0 upgd conss, 0 impls, 1736 clqs, 0 implints
(round 3, fast)       109 del vars, 513 del conss, 0 add conss, 156 chg bounds, 173 chg sides, 340 chg coeffs, 0 upgd conss, 0 impls, 1736 clqs, 0 implints
(round 4, fast)       109 del vars, 513 del conss, 0 add conss, 164 chg bounds, 212 chg sides, 411 chg coeffs, 0 upgd conss, 0 impls, 1736 clqs, 0 implints
(round 5, fast)       109 del vars, 513 del conss, 0 add conss, 170 chg bounds, 243 chg sides, 466 chg coeffs, 0 upgd conss, 0 impls, 1736 clqs, 0 implints
(round 6, fast)       109 del vars, 513 del conss, 0 add conss, 174 chg bounds, 266 chg sides, 505 chg coeffs, 0 upgd conss, 0 impls, 1736 clqs, 0 implints
(round 7, fast)       109 del vars, 513 del conss, 0 add conss, 176 chg bounds, 280 chg sides, 530 chg coeffs, 0 upgd conss, 0 impls, 1736 clqs, 0 implints
(round 8, fast)       109 del vars, 513 del conss, 0 add conss, 176 chg bounds, 286 chg sides, 544 chg coeffs, 0 upgd conss, 0 impls, 1736 clqs, 0 implints
   (0.0s) running MILP presolver
   (0.0s) MILP presolver (2 rounds): 28 aggregations, 0 fixings, 0 bound changes
(round 9, medium)     137 del vars, 513 del conss, 0 add conss, 176 chg bounds, 286 chg sides, 544 chg coeffs, 0 upgd conss, 0 impls, 1680 clqs, 0 implints
(round 10, fast)       137 del vars, 569 del conss, 0 add conss, 176 chg bounds, 286 chg sides, 544 chg coeffs, 0 upgd conss, 0 impls, 1680 clqs, 0 implints
(round 11, exhaustive) 137 del vars, 586 del conss, 0 add conss, 176 chg bounds, 286 chg sides, 544 chg coeffs, 0 upgd conss, 0 impls, 1680 clqs, 0 implints
(round 12, exhaustive) 137 del vars, 586 del conss, 0 add conss, 176 chg bounds, 286 chg sides, 544 chg coeffs, 2374 upgd conss, 0 impls, 1680 clqs, 0 implints
(round 13, exhaustive) 137 del vars, 2826 del conss, 560 add conss, 176 chg bounds, 286 chg sides, 544 chg coeffs, 2374 upgd conss, 0 impls, 1680 clqs, 0 implints
(round 14, exhaustive) 137 del vars, 2826 del conss, 560 add conss, 176 chg bounds, 286 chg sides, 664 chg coeffs, 2374 upgd conss, 0 impls, 1680 clqs, 0 implints
   (0.0s) probing: 675/744 (90.7%) - 0 fixings, 0 aggregations, 3453 implications, 0 bound changes
   (0.0s) probing aborted: 50/50 successive totally useless probings
   (0.0s) symmetry computation started: requiring (bin +, int +, cont +), (fixed: bin -, int -, cont -)
   (0.0s) no symmetry present (symcode time: 0.00)
presolving (15 rounds: 15 fast, 6 medium, 5 exhaustive):
 137 deleted vars, 2826 deleted constraints, 560 added constraints, 176 tightened bounds, 0 added holes, 286 changed sides, 664 changed coefficients
 2997 implications, 2136 cliques, 0 implied integral variables (0 bin, 0 int, 0 cont)
presolved problem has 761 variables (744 bin, 17 int, 0 cont) and 858 constraints
     14 constraints of type <varbound>
    120 constraints of type <knapsack>
    560 constraints of type <and>
    164 constraints of type <linear>
transformed objective value is always integral (scale: 1)
Presolving Time: 0.00

 time | node  | left  |LP iter|LP it/n|mem/heur|mdpt |vars |cons |rows |cuts |sepa|confs|strbr|  dualbound   | primalbound  |  gap   | compl. 
  0.0s|     1 |     0 |  1443 |     - |    21M |   0 | 761 | 880 |1418 |   0 |  0 |  22 |   0 | 0.000000e+00 |      --      |    Inf | unknown
  1.0s|     1 |     0 |  2334 |     - |    42M |   0 | 761 | 900 |1426 |   8 |  1 |  42 |   0 |    cutoff    |      --      |   0.00%| unknown
  1.0s|     1 |     0 |  2334 |     - |    42M |   0 | 761 | 900 |1426 |   8 |  1 |  42 |   0 |    cutoff    |      --      |   0.00%| unknown

SCIP Status        : problem is solved [infeasible]
Solving Time (sec) : 1.00
Solving Nodes      : 1
Primal Bound       : +1.00000000000000e+20 (0 solutions)
Dual Bound         : +1.00000000000000e+20
Gap                : 0.00 %


no solution available

SCIP> 