
Gurobi 13.0.1 (win64, gurobi_cl) logging started Wed Apr 22 16:59:00 2026

Set parameter WLSAccessID
Set parameter WLSSecret
Set parameter LicenseID to value 2811917
Set parameter LogFile to value "N22_R8_K3_0_21_split_21_fix0B_5_exact_fixrestA_wo_lem_str4_v7.log"
Using license file C:\Users\artik\gurobi.lic
Academic license 2811917 - for non-commercial use only - registered to ar___@ukma.edu.ua

Gurobi Optimizer version 13.0.1 build v13.0.1rc0 (win64 - Windows 11+.0 (26200.2))
Copyright (c) 2026, Gurobi Optimization, LLC

Warning: Numeric variable name in LP file ('0') - often the result
         of a constant term in the left-hand side of a constraint.

Read LP format model from file N22_R8_K3_0_21_split_21_fix0B_5_exact_fixrestA_wo_lem_str4_v7.lp
Reading time = 0.03 seconds
obj: 6995 rows, 1949 columns, 26658 nonzeros

Using Gurobi shared library D:\gurobi\win64\bin\gurobi130.dll

CPU model: 12th Gen Intel(R) Core(TM) i7-12700H, instruction set [SSE2|AVX|AVX2]
Thread count: 14 physical cores, 20 logical processors, using up to 20 threads

Academic license 2811917 - for non-commercial use only - registered to ar___@ukma.edu.ua
Optimize a model with 6995 rows, 1949 columns and 26658 nonzeros (Min)
Model fingerprint: 0x32ae1a5e
Model has 1 linear objective coefficients
Variable types: 1 continuous, 1948 integer (1925 binary)
Coefficient statistics:
  Matrix range     [1e+00, 6e+01]
  Objective range  [1e+00, 1e+00]
  Bounds range     [1e+00, 2e+01]
  RHS range        [1e+00, 6e+01]

Presolve removed 3480 rows and 872 columns
Presolve time: 0.02s
Presolved: 3515 rows, 1077 columns, 13594 nonzeros
Variable types: 0 continuous, 1077 integer (1056 binary)

Root relaxation: objective 0.000000e+00, 1323 iterations, 0.06 seconds (0.11 work units)

    Nodes    |    Current Node    |     Objective Bounds      |     Work
 Expl Unexpl |  Obj  Depth IntInf | Incumbent    BestBd   Gap | It/Node Time

     0     0    0.00000    0  229          -    0.00000      -     -    0s
     0     0    0.00000    0  206          -    0.00000      -     -    0s
     0     0    0.00000    0  195          -    0.00000      -     -    0s
     0     0    0.00000    0  219          -    0.00000      -     -    0s
     0     0    0.00000    0  219          -    0.00000      -     -    0s
     0     0    0.00000    0  202          -    0.00000      -     -    0s
     0     0    0.00000    0  240          -    0.00000      -     -    0s
     0     0    0.00000    0  199          -    0.00000      -     -    0s
     0     0    0.00000    0  186          -    0.00000      -     -    0s
     0     0    0.00000    0  116          -    0.00000      -     -    1s
     0     0    0.00000    0   85          -    0.00000      -     -    1s
     0     0    0.00000    0  147          -    0.00000      -     -    1s
     0     0    0.00000    0  138          -    0.00000      -     -    1s
     0     0    0.00000    0  138          -    0.00000      -     -    1s
     0     0    0.00000    0  143          -    0.00000      -     -    1s
     0     0    0.00000    0  132          -    0.00000      -     -    1s
     0     0    0.00000    0  132          -    0.00000      -     -    1s
     0     0    0.00000    0  132          -    0.00000      -     -    1s
     0     0    0.00000    0  132          -    0.00000      -     -    1s
     0     2    0.00000    0  132          -    0.00000      -     -    2s
   925   907    0.00000   29  172          -    0.00000      -   218    6s
  2589  1606 infeasible   34               -    0.00000      -   241   10s
  3961  1898    0.00000   25  145          -    0.00000      -   257   15s
  3980  1914    0.00000   12  122          -    0.00000      -   264   20s
  4287  2147    0.00000   27  128          -    0.00000      -   263   25s
  4595  2615    0.00000   29  142          -    0.00000      -   261   30s
  5377  3056 infeasible   26               -    0.00000      -   262   35s
  9498  2598 infeasible   46               -    0.00000      -   261   40s
 15383  3371    0.00000   46  124          -    0.00000      -   258   45s
 20504  4586    0.00000   41   75          -    0.00000      -   263   51s
 22756  4985 infeasible   47               -    0.00000      -   266   56s
 23606  5611    0.00000   34  120          -    0.00000      -   269   61s
 26818  6379 infeasible   61               -    0.00000      -   273   67s
 28102  6915    0.00000   62   86          -    0.00000      -   271   72s
 30848  7706    0.00000   64  157          -    0.00000      -   273   76s
 34788  8660 infeasible   55               -    0.00000      -   273   80s
 38498  9710 infeasible   76               -    0.00000      -   274   85s
 43982 10841    0.00000   57  243          -    0.00000      -   275   91s
 47030 11592 infeasible   72               -    0.00000      -   276  103s
 49113 11686    0.00000   62  160          -    0.00000      -   277  106s
 49847 12022    0.00000   57  229          -    0.00000      -   277  110s
 53930 13021    0.00000   73  118          -    0.00000      -   279  117s
 56651 13391    0.00000   59  193          -    0.00000      -   280  121s
 58575 13500 infeasible   52               -    0.00000      -   281  125s
 59390 13579 infeasible   67               -    0.00000      -   282  134s
 59773 13676    0.00000   68  144          -    0.00000      -   282  139s
 60306 14005 infeasible   69               -    0.00000      -   282  143s
 61781 14398 infeasible   42               -    0.00000      -   282  147s
 64164 14746    0.00000   40  152          -    0.00000      -   283  152s
 65772 15331    0.00000   61  161          -    0.00000      -   284  157s
 68201 15779 infeasible   74               -    0.00000      -   285  162s
Exploring 50000 nodes in MinRel heuristic
MinRel: 0 nodes explored, relaxation 2.10e+01, total elapsed time 165s
MinRel: 268 nodes explored, relaxation 1.20e+01, total elapsed time 170s
MinRel: 794 nodes explored, relaxation 1.20e+01, total elapsed time 175s
MinRel: 811 nodes explored, relaxation 1.20e+01, total elapsed time 180s
MinRel: 1270 nodes explored, relaxation 1.00e+01, total elapsed time 185s
MinRel: 3674 nodes explored, relaxation 6.00e+00, total elapsed time 190s
MinRel: 3692 nodes explored, relaxation 6.00e+00, total elapsed time 195s
MinRel: 3828 nodes explored, relaxation 6.00e+00, total elapsed time 200s
MinRel: 4104 nodes explored, relaxation 6.00e+00, total elapsed time 205s
MinRel: 4274 nodes explored, relaxation 6.00e+00, total elapsed time 210s
MinRel: 5139 nodes explored, relaxation 6.00e+00, total elapsed time 215s
MinRel: 6593 nodes explored, relaxation 6.00e+00, total elapsed time 220s
MinRel: 7314 nodes explored, relaxation 6.00e+00, total elapsed time 225s
MinRel: 9325 nodes explored, relaxation 6.00e+00, total elapsed time 230s
MinRel: 11622 nodes explored, relaxation 6.00e+00, total elapsed time 235s
MinRel: 13006 nodes explored, relaxation 6.00e+00, total elapsed time 240s
MinRel: 14708 nodes explored, relaxation 6.00e+00, total elapsed time 245s
MinRel: 14799 nodes explored, relaxation 6.00e+00, total elapsed time 250s
MinRel: 16082 nodes explored, relaxation 6.00e+00, total elapsed time 255s
MinRel: 17254 nodes explored, relaxation 6.00e+00, total elapsed time 260s
MinRel: 17451 nodes explored, relaxation 6.00e+00, total elapsed time 265s
MinRel: 17884 nodes explored, relaxation 6.00e+00, total elapsed time 270s
MinRel: 19352 nodes explored, relaxation 6.00e+00, total elapsed time 275s
MinRel: 20429 nodes explored, relaxation 6.00e+00, total elapsed time 280s
MinRel: 21801 nodes explored, relaxation 6.00e+00, total elapsed time 285s
MinRel: 24285 nodes explored, relaxation 6.00e+00, total elapsed time 290s
MinRel: 26521 nodes explored, relaxation 6.00e+00, total elapsed time 295s
MinRel: 27566 nodes explored, relaxation 6.00e+00, total elapsed time 300s
MinRel: 27920 nodes explored, relaxation 6.00e+00, total elapsed time 305s
MinRel: 29440 nodes explored, relaxation 6.00e+00, total elapsed time 310s
MinRel: 30571 nodes explored, relaxation 6.00e+00, total elapsed time 315s
MinRel: 31678 nodes explored, relaxation 5.00e+00, total elapsed time 320s
MinRel: 33016 nodes explored, relaxation 5.00e+00, total elapsed time 325s
MinRel: 34260 nodes explored, relaxation 5.00e+00, total elapsed time 330s
MinRel: 35621 nodes explored, relaxation 5.00e+00, total elapsed time 335s
MinRel: 35716 nodes explored, relaxation 5.00e+00, total elapsed time 340s
MinRel: 37207 nodes explored, relaxation 5.00e+00, total elapsed time 345s
MinRel: 38674 nodes explored, relaxation 5.00e+00, total elapsed time 350s
MinRel: 40424 nodes explored, relaxation 5.00e+00, total elapsed time 355s
MinRel: 41869 nodes explored, relaxation 5.00e+00, total elapsed time 360s
MinRel: 43592 nodes explored, relaxation 5.00e+00, total elapsed time 365s
MinRel: 43592 nodes explored, relaxation 5.00e+00, total elapsed time 370s
MinRel: 43592 nodes explored, relaxation 5.00e+00, total elapsed time 375s
MinRel: 45958 nodes explored, relaxation 5.00e+00, total elapsed time 380s
MinRel: 47059 nodes explored, relaxation 5.00e+00, total elapsed time 385s
MinRel: 47059 nodes explored, relaxation 5.00e+00, total elapsed time 390s
MinRel: 48393 nodes explored, relaxation 5.00e+00, total elapsed time 395s
MinRel: 48508 nodes explored, relaxation 5.00e+00, total elapsed time 400s
MinRel: 49166 nodes explored, relaxation 5.00e+00, total elapsed time 405s
MinRel: 49166 nodes explored, relaxation 5.00e+00, total elapsed time 410s
No solution found by MinRel heuristic
 71215 15781    0.00000   41  219          -    0.00000      -   287  490s
 71232 15793    0.00000   53  132          -    0.00000      -   287  495s
 71566 16174    0.00000   38  133          -    0.00000      -   287  500s
 71906 16253    0.00000   29  130          -    0.00000      -   287  505s
 72567 16795    0.00000   35  152          -    0.00000      -   286  517s
 74115 17023    0.00000   49  136          -    0.00000      -   286  523s
 76585 16641 infeasible   68               -    0.00000      -   287  528s
 79179 15964    0.00000   65  106          -    0.00000      -   287  530s
 80257 15710 infeasible   49               -    0.00000      -   288  536s
 82364 15373    0.00000   51  186          -    0.00000      -   288  540s
 84981 14893 infeasible   66               -    0.00000      -   289  545s
 89951 13916 infeasible   62               -    0.00000      -   289  550s
 93764 13142 infeasible   55               -    0.00000      -   290  555s
 97442 12438 infeasible   65               -    0.00000      -   291  560s
 101875 11593    0.00000   57  124          -    0.00000      -   292  566s
 103289 11281 infeasible   59               -    0.00000      -   292  570s
 103552 11274    0.00000   74  114          -    0.00000      -   292  576s
 104658 11073 infeasible   76               -    0.00000      -   292  583s
 105379 11003 infeasible   77               -    0.00000      -   292  586s
 106880 10731 infeasible   76               -    0.00000      -   292  590s
 111132 10021 infeasible   57               -    0.00000      -   293  598s
 114104  9311 infeasible   72               -    0.00000      -   293  601s
 119632  8389 infeasible   74               -    0.00000      -   293  607s
 122124  8577    0.00000   61  119          -    0.00000      -   293  610s
 127565  9288    0.00000   57  178          -    0.00000      -   294  617s
 129616  9348    0.00000   71  143          -    0.00000      -   294  620s
 132250  9844    0.00000   71   74          -    0.00000      -   295  626s
 136498 10343    0.00000   56  202          -    0.00000      -   296  632s
 141128 10921    0.00000   57  217          -    0.00000      -   296  637s
 143170 10979 infeasible   74               -    0.00000      -   297  640s
 144527 11531    0.00000   51  150          -    0.00000      -   297  647s
 146653 11841 infeasible   58               -    0.00000      -   297  650s
 151756 12569    0.00000   54  227          -    0.00000      -   298  657s
 153627 12762 infeasible   61               -    0.00000      -   299  660s
 158029 13139 infeasible   71               -    0.00000      -   299  665s
 162231 13466 infeasible   69               -    0.00000      -   300  671s
 165915 13761    0.00000   78  130          -    0.00000      -   300  677s
 166082 13802    0.00000   79  131          -    0.00000      -   300  680s
 167105 14249    0.00000   46  152          -    0.00000      -   301  687s
 169020 14432    0.00000   63  228          -    0.00000      -   301  690s
 173827 15045    0.00000   57   37          -    0.00000      -   302  697s
 176679 15264 infeasible   73               -    0.00000      -   302  700s
 180803 15586    0.00000   72  178          -    0.00000      -   303  705s

Cutting planes:
  Gomory: 2
  Lift-and-project: 2
  MIR: 1
  Flow cover: 1
  Zero half: 1
  Relax-and-lift: 8

Explored 182494 nodes (55236399 simplex iterations) in 706.50 seconds (805.33 work units)
Thread count was 20 (of 20 available processors)

Solution count 0

Solve interrupted
Best objective -, best bound 0.000000000000e+00, gap -

No solution available

