
Gurobi 13.0.1 (win64, gurobi_cl) logging started Mon May  4 02:37:48 2026

Set parameter WLSAccessID
Set parameter WLSSecret
Set parameter LicenseID to value 2811917
Set parameter LogFile to value "N20_R9_K3_4_23_split_23_fix4B_5_exact_fixrestA_wo_lem_f9_str4_v9_g.log"
Using license file C:\Users\artik\gurobi.lic
Academic license 2811917 - for non-commercial use only - registered to ar___@ukma.edu.ua

Gurobi Optimizer version 13.0.1 build v13.0.1rc0 (win64 - Windows 11+.0 (26200.2))
Copyright (c) 2026, Gurobi Optimization, LLC

Read LP format model from file N20_R9_K3_4_23_split_23_fix4B_5_exact_fixrestA_wo_lem_f9_str4_v9.lp
Reading time = 0.03 seconds
obj: 5395 rows, 1626 columns, 20434 nonzeros

Using Gurobi shared library D:\gurobi\win64\bin\gurobi130.dll

CPU model: 12th Gen Intel(R) Core(TM) i7-12700H, instruction set [SSE2|AVX|AVX2]
Thread count: 14 physical cores, 20 logical processors, using up to 20 threads

Academic license 2811917 - for non-commercial use only - registered to ar___@ukma.edu.ua
Optimize a model with 5395 rows, 1626 columns and 20434 nonzeros (Min)
Model fingerprint: 0xec92d823
Model has 1 linear objective coefficients
Variable types: 0 continuous, 1626 integer (1460 binary)
Coefficient statistics:
  Matrix range     [1e+00, 8e+01]
  Objective range  [1e+00, 1e+00]
  Bounds range     [1e+00, 9e+01]
  RHS range        [1e+00, 8e+01]

Presolve removed 1676 rows and 383 columns
Presolve time: 0.03s
Presolved: 3719 rows, 1243 columns, 14835 nonzeros
Variable types: 0 continuous, 1243 integer (1225 binary)

Root relaxation: objective 0.000000e+00, 1569 iterations, 0.08 seconds (0.17 work units)

    Nodes    |    Current Node    |     Objective Bounds      |     Work
 Expl Unexpl |  Obj  Depth IntInf | Incumbent    BestBd   Gap | It/Node Time

     0     0    0.00000    0  208          -    0.00000      -     -    0s
     0     0    0.00000    0  192          -    0.00000      -     -    0s
     0     0    0.00000    0  195          -    0.00000      -     -    0s
     0     0    0.00000    0  194          -    0.00000      -     -    0s
     0     0    0.00000    0  194          -    0.00000      -     -    0s
     0     0    0.00000    0  190          -    0.00000      -     -    0s
     0     0    0.00000    0  189          -    0.00000      -     -    0s
     0     0    0.00000    0  186          -    0.00000      -     -    1s
     0     0    0.00000    0  180          -    0.00000      -     -    1s
     0     0    0.00000    0  149          -    0.00000      -     -    1s
     0     0    0.00000    0  111          -    0.00000      -     -    1s
     0     0    0.00000    0  130          -    0.00000      -     -    1s
     0     0    0.00000    0  129          -    0.00000      -     -    1s
     0     0    0.00000    0  129          -    0.00000      -     -    1s
     0     0    0.00000    0  128          -    0.00000      -     -    1s
     0     0    0.00000    0  173          -    0.00000      -     -    1s
     0     0    0.00000    0  128          -    0.00000      -     -    1s
     0     0    0.00000    0  112          -    0.00000      -     -    1s
     0     0    0.00000    0  119          -    0.00000      -     -    1s
     0     0    0.00000    0   86          -    0.00000      -     -    1s
     0     0    0.00000    0  227          -    0.00000      -     -    2s
     0     0    0.00000    0  178          -    0.00000      -     -    2s
     0     0    0.00000    0  178          -    0.00000      -     -    2s
     0     0    0.00000    0  178          -    0.00000      -     -    2s
     0     0    0.00000    0  127          -    0.00000      -     -    2s
     0     2    0.00000    0  117          -    0.00000      -     -    3s
   128   250    0.21228    8  159          -    0.00000      -   293    5s
  1345  1132    0.16667   50  145          -    0.00000      -   267   11s
H 1357  1129                       7.0000000    0.00000   100%   267   11s
  3253  2148    0.00000   13  168    7.00000    0.00000   100%   243   15s
  3267  2157    0.00000   49  191    7.00000    0.00000   100%   242   20s
  3468  2448    0.00000   25  154    7.00000    0.00000   100%   256   26s
  3983  2614    1.87671   37  232    7.00000    0.00000   100%   271   30s
H 4124  2527                       6.0000000    0.00000   100%   274   33s
  4158  2862    3.13573   47  223    6.00000    0.00000   100%   274   36s
  4747  3110    1.55879   37  177    6.00000    0.00000   100%   283   41s
  5591  3509    0.00000   38  217    6.00000    0.00000   100%   285   46s
  7047  3712    0.03279   34  205    6.00000    0.00000   100%   278   52s
  8931  4477     cutoff   40         6.00000    0.00000   100%   264   57s
 12869  5163    3.00000   54   61    6.00000    0.00000   100%   220   60s
 18944  6091 infeasible   51         6.00000    0.00000   100%   177   65s
 19368  6491    3.60667   56  118    6.00000    0.00000   100%   175   70s
 24757  8268     cutoff   39         6.00000    0.00000   100%   157   76s
 28565  8728    0.18457   44  113    6.00000    0.00000   100%   149   80s
 32551  9860    0.46248   48  105    6.00000    0.00000   100%   143   86s
 36149 10699    3.14066   42  123    6.00000    0.00000   100%   140   91s
 38737 11303    1.43350   26  232    6.00000    0.00000   100%   138   95s
 41819 12196    0.00000   40  194    6.00000    0.00000   100%   137  102s
 43735 12907    1.31438   43  131    6.00000    0.00000   100%   138  107s
 45719 13423    3.98798   42  265    6.00000    0.00000   100%   140  112s
 46222 13684    2.07256   51  194    6.00000    0.00000   100%   141  115s
H48968  7323                       2.0000000    0.00000   100%   142  129s
 48990  9382     cutoff   41         2.00000    0.00000   100%   142  164s
 58150  9756    0.00000   38  195    2.00000    0.00000   100%   168  172s
 60493 10314    0.00000   30  163    2.00000    0.00000   100%   170  181s
 63819 10332    0.39360   43  164    2.00000    0.00000   100%   170  189s
 63980 10629     cutoff   44         2.00000    0.00000   100%   171  197s
 65298 11006 infeasible   42         2.00000    0.00000   100%   171  205s
 67548 11375    0.01334   49  136    2.00000    0.00000   100%   173  212s
 69787 11725    0.00000   52   90    2.00000    0.00000   100%   174  219s
 72621 11794    0.00000   44  163    2.00000    0.00000   100%   177  224s
 73534 12393    0.00000   42  154    2.00000    0.00000   100%   178  234s
 78022 12488    0.06064   39  213    2.00000    0.00000   100%   182  240s
 79055 12618    0.00000   47  166    2.00000    0.00000   100%   183  245s
 81094 12718     cutoff   45         2.00000    0.00000   100%   185  251s
 82483 12864    0.12914   59  152    2.00000    0.00000   100%   186  258s
 85257 13007    0.00000   38  161    2.00000    0.00000   100%   187  264s
 86893 13407    0.00000   37   86    2.00000    0.00000   100%   188  269s
 88920 13626    0.00000   40  162    2.00000    0.00000   100%   189  276s
 90524 13852    0.00000   46  151    2.00000    0.00000   100%   190  282s
 92476 13978    0.00000   50  104    2.00000    0.00000   100%   192  289s
 93641 14198    0.00000   35  140    2.00000    0.00000   100%   193  295s
 95591 14392    0.84436   50  150    2.00000    0.00000   100%   194  300s
 97408 14541    0.62565   47  139    2.00000    0.00000   100%   195  306s
 99314 14636    1.00000   38  113    2.00000    0.00000   100%   196  312s
 100644 14815     cutoff   45         2.00000    0.00000   100%   197  319s
 102662 14942     cutoff   45         2.00000    0.00000   100%   198  326s
 104155 14948 infeasible   31         2.00000    0.00000   100%   199  334s
 104279 15138    0.00000   29  154    2.00000    0.00000   100%   199  342s
 105194 15331    0.00000   30  133    2.00000    0.00000   100%   199  350s
 106757 15591     cutoff   47         2.00000    0.00000   100%   200  358s
 109606 15842 infeasible   52         2.00000    0.00000   100%   201  366s
 111491 16067    0.17494   52  177    2.00000    0.00000   100%   202  373s
 113291 16208    0.00000   47  155    2.00000    0.00000   100%   203  381s
 115492 16397    0.01852   39  157    2.00000    0.00000   100%   205  388s
 117513 16538    0.00000   41  195    2.00000    0.00000   100%   205  396s
 119277 16858    0.21795   48  154    2.00000    0.00000   100%   207  402s
 120913 17076     cutoff   43         2.00000    0.00000   100%   208  410s
 122278 17351     cutoff   36         2.00000    0.00000   100%   209  418s
 124847 17590     cutoff   43         2.00000    0.00000   100%   210  426s
 126508 17853    0.00000   30  171    2.00000    0.00000   100%   211  433s
 128363 18052    0.09197   58  134    2.00000    0.00000   100%   212  442s
 130014 18301    0.06646   42  236    2.00000    0.00000   100%   214  450s
 132125 18528    0.00000   32  177    2.00000    0.00000   100%   215  459s
 134041 18769    0.00000   36  164    2.00000    0.00000   100%   216  468s
 135859 19109    0.00000   34  129    2.00000    0.00000   100%   216  476s
 139045 19414    0.00611   56  186    2.00000    0.00000   100%   217  484s
 141008 19636    0.38889   42  163    2.00000    0.00000   100%   218  492s
 142664 19829     cutoff   40         2.00000    0.00000   100%   219  499s
 143837 20079    0.00000   52   83    2.00000    0.00000   100%   219  509s
 145791 20515    0.00000   41  165    2.00000    0.00000   100%   220  520s

Cutting planes:
  Lift-and-project: 2
  MIR: 1
  Flow cover: 4
  Inf proof: 1
  Zero half: 1
  RLT: 1
  Relax-and-lift: 2

Explored 147902 nodes (32811747 simplex iterations) in 520.55 seconds (497.07 work units)
Thread count was 20 (of 20 available processors)

Solution count 4: 2 6 7 7 

Solve interrupted
Best objective 2.000000000000e+00, best bound 0.000000000000e+00, gap 100.0000%

Wrote result file 'N20_R9_K3_4_23_split_23_fix4B_5_exact_fixrestA_wo_lem_f9_str4_v9_g.sol'

