
Gurobi 13.0.1 (win64, gurobi_cl) logging started Mon May  4 02:30:19 2026

Set parameter WLSAccessID
Set parameter WLSSecret
Set parameter LicenseID to value 2811917
Set parameter LogFile to value "N20_R9_K3_4_23_split_23_fix4B_4_exact_fixrestA_wo_lem_f9_str4_v9_g.log"
Using license file C:\Users\artik\gurobi.lic
Academic license 2811917 - for non-commercial use only - registered to ar___@ukma.edu.ua

Gurobi Optimizer version 13.0.1 build v13.0.1rc0 (win64 - Windows 11+.0 (26200.2))
Copyright (c) 2026, Gurobi Optimization, LLC

Read LP format model from file N20_R9_K3_4_23_split_23_fix4B_4_exact_fixrestA_wo_lem_f9_str4_v9.lp
Reading time = 0.01 seconds
obj: 5395 rows, 1626 columns, 20434 nonzeros

Using Gurobi shared library D:\gurobi\win64\bin\gurobi130.dll

CPU model: 12th Gen Intel(R) Core(TM) i7-12700H, instruction set [SSE2|AVX|AVX2]
Thread count: 14 physical cores, 20 logical processors, using up to 20 threads

Academic license 2811917 - for non-commercial use only - registered to ar___@ukma.edu.ua
Optimize a model with 5395 rows, 1626 columns and 20434 nonzeros (Min)
Model fingerprint: 0x69dd75d5
Model has 1 linear objective coefficients
Variable types: 0 continuous, 1626 integer (1460 binary)
Coefficient statistics:
  Matrix range     [1e+00, 8e+01]
  Objective range  [1e+00, 1e+00]
  Bounds range     [1e+00, 9e+01]
  RHS range        [1e+00, 8e+01]

Presolve removed 1677 rows and 383 columns
Presolve time: 0.02s
Presolved: 3718 rows, 1243 columns, 14815 nonzeros
Variable types: 0 continuous, 1243 integer (1225 binary)

Root relaxation: objective 0.000000e+00, 1485 iterations, 0.07 seconds (0.15 work units)

    Nodes    |    Current Node    |     Objective Bounds      |     Work
 Expl Unexpl |  Obj  Depth IntInf | Incumbent    BestBd   Gap | It/Node Time

     0     0    0.00000    0  224          -    0.00000      -     -    0s
     0     0    0.00000    0  220          -    0.00000      -     -    0s
     0     0    0.00000    0  203          -    0.00000      -     -    0s
     0     0    0.00000    0  195          -    0.00000      -     -    0s
     0     0    0.00000    0  195          -    0.00000      -     -    0s
     0     0    0.00000    0  165          -    0.00000      -     -    0s
     0     0    0.00000    0  171          -    0.00000      -     -    0s
     0     0    0.00000    0  171          -    0.00000      -     -    0s
     0     0    0.00000    0  171          -    0.00000      -     -    0s
     0     0    0.00000    0  165          -    0.00000      -     -    1s
     0     0    0.00000    0  165          -    0.00000      -     -    1s
     0     0    0.00000    0  159          -    0.00000      -     -    1s
     0     0    0.00000    0  196          -    0.00000      -     -    1s
     0     0    0.00000    0  196          -    0.00000      -     -    1s
     0     0    0.00000    0  161          -    0.00000      -     -    1s
     0     0    0.00000    0  187          -    0.00000      -     -    1s
     0     0    0.00000    0  187          -    0.00000      -     -    1s
H    0     0                      12.0000000    0.00000   100%     -    1s
     0     0    0.00000    0  162   12.00000    0.00000   100%     -    2s
H    0     0                      11.0000000    0.00000   100%     -    2s
     0     0    0.00000    0  158   11.00000    0.00000   100%     -    2s
     0     0    0.00000    0  158   11.00000    0.00000   100%     -    2s
     0     0    0.00000    0  151   11.00000    0.00000   100%     -    2s
     0     0    0.00000    0  147   11.00000    0.00000   100%     -    2s
     0     0    0.00000    0  147   11.00000    0.00000   100%     -    2s
     0     0    0.00000    0  146   11.00000    0.00000   100%     -    2s
     0     0    0.00000    0  154   11.00000    0.00000   100%     -    2s
     0     0    0.00000    0  154   11.00000    0.00000   100%     -    2s
     0     0    0.00000    0  154   11.00000    0.00000   100%     -    2s
     0     0    0.00000    0  154   11.00000    0.00000   100%     -    2s
     0     2    0.00000    0  154   11.00000    0.00000   100%     -    3s
H   66    78                       5.0000000    0.00000   100%   378    4s
   305   633    0.08333   24   76    5.00000    0.00000   100%   343    5s
  2536  1564    0.00000   17  192    5.00000    0.00000   100%   229   11s
H 2540  1530                       4.0000000    0.00000   100%   229   11s
  3534  1980    1.21573   46  157    4.00000    0.00000   100%   228   15s
  3556  2003    0.00000   18  154    4.00000    0.00000   100%   235   20s
  4010  2640    0.00000   32  155    4.00000    0.00000   100%   236   25s
  5081  3047    0.00000   42  201    4.00000    0.00000   100%   251   33s
  5696  4195    0.00000   38  170    4.00000    0.00000   100%   250   38s
  8376  4049    1.35738   33  182    4.00000    0.00000   100%   233   42s
 12078  4581     cutoff   56         4.00000    0.00000   100%   220   47s
 15120  5390    0.00000   38  110    4.00000    0.00000   100%   215   52s
 15729  5423    0.00000   31  211    4.00000    0.00000   100%   214   55s
 18106  6539    0.07613   61  141    4.00000    0.00000   100%   211   61s
 20236  7223    0.69529   54  150    4.00000    0.00000   100%   209   66s
 23341  7829    0.74638   40  239    4.00000    0.00000   100%   205   71s
 23686  8530    0.75169   41  236    4.00000    0.00000   100%   204   79s
 26399  8785     cutoff   48         4.00000    0.00000   100%   201   82s
 27547  9366    1.44715   45   94    4.00000    0.00000   100%   199   85s
 32207 10634    0.01098   47  212    4.00000    0.00000   100%   198   91s
 34735 11258    0.00000   24  139    4.00000    0.00000   100%   197   97s
 36200 11773    0.00000   36  154    4.00000    0.00000   100%   197  100s
 40154 13094    1.56883   44  149    4.00000    0.00000   100%   194  107s
 42103 13999    0.80000   38  125    4.00000    0.00000   100%   191  110s
 48944 15864    0.00000   44   90    4.00000    0.00000   100%   179  125s
 55939 16680    1.66667   34  183    4.00000    0.00000   100%   168  130s
 58759 17600    1.01817   50  122    4.00000    0.00000   100%   169  137s
 61661 18386    1.00000   40  171    4.00000    0.00000   100%   169  142s
 63133 18587    2.83279   46  176    4.00000    0.00000   100%   170  145s
 65662 19587    0.00000   39  184    4.00000    0.00000   100%   171  151s
 68191 20540    1.56330   47  139    4.00000    0.00000   100%   172  158s
 69760 21008     cutoff   37         4.00000    0.00000   100%   173  162s
 71039 21836    1.20833   37  125    4.00000    0.00000   100%   174  165s
 72839 22758 infeasible   47         4.00000    0.00000   100%   175  171s
 75533 22907    1.00000   39  168    4.00000    0.00000   100%   175  178s
 75893 23198    1.28296   40  199    4.00000    0.00000   100%   174  183s
 76979 24019    1.31281   41  164    4.00000    0.00000   100%   174  189s
 79969 24859     cutoff   45         4.00000    0.00000   100%   172  194s
 83064 25600    0.77778   52  104    4.00000    0.00000   100%   171  199s
 85820 26525    1.80000   47  107    4.00000    0.00000   100%   169  203s
 89685 26751     cutoff   46         4.00000    0.00000   100%   167  207s
 90828 27196     cutoff   41         4.00000    0.00000   100%   167  210s
 94390 28244    1.00000   68  140    4.00000    0.00000   100%   168  217s
 95435 28832 infeasible   52         4.00000    0.00000   100%   169  220s
 97222 29542 infeasible   34         4.00000    0.00000   100%   170  225s
 100831 30781    0.00000   42  164    4.00000    0.00000   100%   171  233s
 103621 31481    2.66346   43  145    4.00000    0.00000   100%   171  238s
 105759 31910 infeasible   43         4.00000    0.00000   100%   171  242s
 107209 32544 infeasible   41         4.00000    0.00000   100%   171  247s
 109641 33089    0.00000   30  154    4.00000    0.00000   100%   172  251s
 111275 33897    0.00000   44  133    4.00000    0.00000   100%   172  256s
 114052 34697    1.00000   53   77    4.00000    0.00000   100%   171  260s
 118089 36050    0.81491   35  167    4.00000    0.00000   100%   171  269s
 120741 36992    0.00000   29  173    4.00000    0.00000   100%   170  274s
 123751 37241    0.19281   46  102    4.00000    0.00000   100%   170  277s
 124788 37905    0.84615   48  126    4.00000    0.00000   100%   169  281s
 127758 38402    2.00000   36  130    4.00000    0.00000   100%   168  285s
 131658 39366    2.22694   55  180    4.00000    0.00000   100%   167  291s
 132808 40059    0.96471   48  106    4.00000    0.00000   100%   167  295s
 137006 41286    0.50330   49  106    4.00000    0.00000   100%   167  302s
 139639 41605    1.00000   45  110    4.00000    0.00000   100%   166  306s
 143773 42836    0.00000   50  140    4.00000    0.00000   100%   165  313s
 146355 43195    0.02262   52  125    4.00000    0.00000   100%   165  317s
 147533 43832    0.00282   56  188    4.00000    0.00000   100%   165  321s
 149944 44381    0.00000   39  153    4.00000    0.00000   100%   165  325s
 154197 45401    1.00000   56  137    4.00000    0.00000   100%   164  333s
 155653 46146    0.05882   46  119    4.00000    0.00000   100%   164  338s
 158366 46745     cutoff   47         4.00000    0.00000   100%   164  342s
 160626 47305    1.01628   54  145    4.00000    0.00000   100%   163  346s
 164039 47927    0.00000   56  108    4.00000    0.00000   100%   163  353s
 165601 48440    0.00000   47  155    4.00000    0.00000   100%   163  357s
 167566 49110    1.07379   40  196    4.00000    0.00000   100%   163  362s
 169762 49841    0.00000   52  154    4.00000    0.00000   100%   162  366s
 171698 50338    0.00000   47  148    4.00000    0.00000   100%   163  370s
 173142 51405    0.20000   53  112    4.00000    0.00000   100%   162  375s
 176573 52975    0.00000   55   94    4.00000    0.00000   100%   162  380s
 183763 53996    0.00000   52  122    4.00000    0.00000   100%   160  386s
 185555 54491    1.24644   65  113    4.00000    0.00000   100%   159  390s
 192150 56201    1.06117   55  169    4.00000    0.00000   100%   157  399s
 195128 56561    2.81443   50   99    4.00000    0.00000   100%   157  403s
 197917 56963    0.00000   67  141    4.00000    0.00000   100%   156  406s
 201003 57521    0.01300   58  135    4.00000    0.00000   100%   155  412s
 203076 57586    1.00000   62   85    4.00000    0.00000   100%   155  415s
 204153 57883    1.43129   64  120    4.00000    0.00000   100%   154  421s
 206448 58593    0.00000   42  125    4.00000    0.00000   100%   154  428s
 208336 58838    2.00000   54  112    4.00000    0.00000   100%   154  431s

Cutting planes:
  Gomory: 12
  Lift-and-project: 3
  MIR: 36
  Flow cover: 131
  Zero half: 49
  RLT: 7
  Relax-and-lift: 4

Explored 209337 nodes (32182527 simplex iterations) in 432.09 seconds (386.20 work units)
Thread count was 20 (of 20 available processors)

Solution count 5: 4 5 11 ... 12

Solve interrupted
Best objective 4.000000000000e+00, best bound 0.000000000000e+00, gap 100.0000%

Wrote result file 'N20_R9_K3_4_23_split_23_fix4B_4_exact_fixrestA_wo_lem_f9_str4_v9_g.sol'

