
Gurobi 13.0.1 (win64, gurobi_cl) logging started Mon May  4 11:16:36 2026

Set parameter WLSAccessID
Set parameter WLSSecret
Set parameter LicenseID to value 2811917
Set parameter LogFile to value "N20_R9_K3_4_23_split_23_fix4B_4_exact_fixrestA_wo_lem_f9_str4_v9_g2.log"
Using license file C:\Users\artik\gurobi.lic
Academic license 2811917 - for non-commercial use only - registered to ar___@ukma.edu.ua

Gurobi Optimizer version 13.0.1 build v13.0.1rc0 (win64 - Windows 11+.0 (26200.2))
Copyright (c) 2026, Gurobi Optimization, LLC

Read LP format model from file N20_R9_K3_4_23_split_23_fix4B_4_exact_fixrestA_wo_lem_f9_str4_v9.lp
Reading time = 0.02 seconds
obj: 5395 rows, 1626 columns, 20434 nonzeros

Using Gurobi shared library D:\gurobi\win64\bin\gurobi130.dll

CPU model: 12th Gen Intel(R) Core(TM) i7-12700H, instruction set [SSE2|AVX|AVX2]
Thread count: 14 physical cores, 20 logical processors, using up to 20 threads

Academic license 2811917 - for non-commercial use only - registered to ar___@ukma.edu.ua
Optimize a model with 5395 rows, 1626 columns and 20434 nonzeros (Min)
Model fingerprint: 0x69dd75d5
Model has 1 linear objective coefficients
Variable types: 0 continuous, 1626 integer (1460 binary)
Coefficient statistics:
  Matrix range     [1e+00, 8e+01]
  Objective range  [1e+00, 1e+00]
  Bounds range     [1e+00, 9e+01]
  RHS range        [1e+00, 8e+01]

Presolve removed 1677 rows and 383 columns
Presolve time: 0.03s
Presolved: 3718 rows, 1243 columns, 14815 nonzeros
Variable types: 0 continuous, 1243 integer (1225 binary)

Root relaxation: objective 0.000000e+00, 1485 iterations, 0.08 seconds (0.15 work units)

    Nodes    |    Current Node    |     Objective Bounds      |     Work
 Expl Unexpl |  Obj  Depth IntInf | Incumbent    BestBd   Gap | It/Node Time

     0     0    0.00000    0  224          -    0.00000      -     -    0s
     0     0    0.00000    0  220          -    0.00000      -     -    0s
     0     0    0.00000    0  203          -    0.00000      -     -    0s
     0     0    0.00000    0  195          -    0.00000      -     -    0s
     0     0    0.00000    0  195          -    0.00000      -     -    0s
     0     0    0.00000    0  165          -    0.00000      -     -    0s
     0     0    0.00000    0  171          -    0.00000      -     -    0s
     0     0    0.00000    0  171          -    0.00000      -     -    0s
     0     0    0.00000    0  171          -    0.00000      -     -    0s
     0     0    0.00000    0  165          -    0.00000      -     -    1s
     0     0    0.00000    0  165          -    0.00000      -     -    1s
     0     0    0.00000    0  159          -    0.00000      -     -    1s
     0     0    0.00000    0  196          -    0.00000      -     -    1s
     0     0    0.00000    0  196          -    0.00000      -     -    1s
     0     0    0.00000    0  161          -    0.00000      -     -    1s
     0     0    0.00000    0  187          -    0.00000      -     -    1s
     0     0    0.00000    0  187          -    0.00000      -     -    1s
H    0     0                      12.0000000    0.00000   100%     -    1s
     0     0    0.00000    0  162   12.00000    0.00000   100%     -    2s
H    0     0                      11.0000000    0.00000   100%     -    2s
     0     0    0.00000    0  158   11.00000    0.00000   100%     -    2s
     0     0    0.00000    0  158   11.00000    0.00000   100%     -    2s
     0     0    0.00000    0  151   11.00000    0.00000   100%     -    2s
     0     0    0.00000    0  147   11.00000    0.00000   100%     -    2s
     0     0    0.00000    0  147   11.00000    0.00000   100%     -    2s
     0     0    0.00000    0  146   11.00000    0.00000   100%     -    2s
     0     0    0.00000    0  154   11.00000    0.00000   100%     -    2s
     0     0    0.00000    0  154   11.00000    0.00000   100%     -    2s
     0     0    0.00000    0  154   11.00000    0.00000   100%     -    2s
     0     0    0.00000    0  154   11.00000    0.00000   100%     -    2s
     0     2    0.00000    0  154   11.00000    0.00000   100%     -    3s
H   66    78                       5.0000000    0.00000   100%   378    4s
    77   284    0.00000   10  134    5.00000    0.00000   100%   383    5s
  2214  1551    0.00000   24  174    5.00000    0.00000   100%   223   10s
H 2540  1530                       4.0000000    0.00000   100%   229   13s
  3530  1977    0.00000   10  154    4.00000    0.00000   100%   228   15s
  3546  1988    0.00000   16  155    4.00000    0.00000   100%   227   20s
  4010  2640    0.00000   32  155    4.00000    0.00000   100%   236   26s
  4468  2893    0.00000   41  155    4.00000    0.00000   100%   244   30s
  5696  4195    0.00000   38  170    4.00000    0.00000   100%   250   40s
 10310  4184    0.30244   48  122    4.00000    0.00000   100%   226   46s
 13425  5097     cutoff   41         4.00000    0.00000   100%   217   51s
 15729  5423    0.00000   31  211    4.00000    0.00000   100%   214   56s
 17039  6172     cutoff   48         4.00000    0.00000   100%   212   61s
 19359  6784    0.00000   40  146    4.00000    0.00000   100%   210   66s
 21662  7740    0.36615   47  158    4.00000    0.00000   100%   208   71s
 23686  8082    0.75169   41  236    4.00000    0.00000   100%   204   78s

Cutting planes:
  Gomory: 2
  Lift-and-project: 3
  Flow cover: 4
  Zero half: 5
  RLT: 2
  Relax-and-lift: 2

Explored 24920 nodes (5047947 simplex iterations) in 78.82 seconds (94.26 work units)
Thread count was 20 (of 20 available processors)

Solution count 5: 4 5 11 ... 12

Solve interrupted
Best objective 4.000000000000e+00, best bound 0.000000000000e+00, gap 100.0000%

Wrote result file 'N20_R9_K3_4_23_split_23_fix4B_4_exact_fixrestA_wo_lem_f9_str4_v9_g2.sol'

