
Gurobi 13.0.1 (win64, gurobi_cl) logging started Mon May  4 11:18:20 2026

Set parameter WLSAccessID
Set parameter WLSSecret
Set parameter LicenseID to value 2811917
Set parameter LogFile to value "N20_R9_K3_4_23_split_23_fix4B_5_exact_fixrestA_wo_lem_f9_str4_v9_g2.log"
Using license file C:\Users\artik\gurobi.lic
Academic license 2811917 - for non-commercial use only - registered to ar___@ukma.edu.ua

Gurobi Optimizer version 13.0.1 build v13.0.1rc0 (win64 - Windows 11+.0 (26200.2))
Copyright (c) 2026, Gurobi Optimization, LLC

Read LP format model from file N20_R9_K3_4_23_split_23_fix4B_5_exact_fixrestA_wo_lem_f9_str4_v9.lp
Reading time = 0.01 seconds
obj: 5395 rows, 1626 columns, 20434 nonzeros

Using Gurobi shared library D:\gurobi\win64\bin\gurobi130.dll

CPU model: 12th Gen Intel(R) Core(TM) i7-12700H, instruction set [SSE2|AVX|AVX2]
Thread count: 14 physical cores, 20 logical processors, using up to 20 threads

Academic license 2811917 - for non-commercial use only - registered to ar___@ukma.edu.ua
Optimize a model with 5395 rows, 1626 columns and 20434 nonzeros (Min)
Model fingerprint: 0xec92d823
Model has 1 linear objective coefficients
Variable types: 0 continuous, 1626 integer (1460 binary)
Coefficient statistics:
  Matrix range     [1e+00, 8e+01]
  Objective range  [1e+00, 1e+00]
  Bounds range     [1e+00, 9e+01]
  RHS range        [1e+00, 8e+01]

Presolve removed 1676 rows and 383 columns
Presolve time: 0.02s
Presolved: 3719 rows, 1243 columns, 14835 nonzeros
Variable types: 0 continuous, 1243 integer (1225 binary)

Root relaxation: objective 0.000000e+00, 1569 iterations, 0.08 seconds (0.17 work units)

    Nodes    |    Current Node    |     Objective Bounds      |     Work
 Expl Unexpl |  Obj  Depth IntInf | Incumbent    BestBd   Gap | It/Node Time

     0     0    0.00000    0  208          -    0.00000      -     -    0s
     0     0    0.00000    0  192          -    0.00000      -     -    0s
     0     0    0.00000    0  195          -    0.00000      -     -    0s
     0     0    0.00000    0  194          -    0.00000      -     -    0s
     0     0    0.00000    0  194          -    0.00000      -     -    0s
     0     0    0.00000    0  190          -    0.00000      -     -    0s
     0     0    0.00000    0  189          -    0.00000      -     -    0s
     0     0    0.00000    0  186          -    0.00000      -     -    1s
     0     0    0.00000    0  180          -    0.00000      -     -    1s
     0     0    0.00000    0  149          -    0.00000      -     -    1s
     0     0    0.00000    0  111          -    0.00000      -     -    1s
     0     0    0.00000    0  130          -    0.00000      -     -    1s
     0     0    0.00000    0  129          -    0.00000      -     -    1s
     0     0    0.00000    0  129          -    0.00000      -     -    1s
     0     0    0.00000    0  128          -    0.00000      -     -    1s
     0     0    0.00000    0  173          -    0.00000      -     -    1s
     0     0    0.00000    0  128          -    0.00000      -     -    1s
     0     0    0.00000    0  112          -    0.00000      -     -    1s
     0     0    0.00000    0  119          -    0.00000      -     -    1s
     0     0    0.00000    0   86          -    0.00000      -     -    2s
     0     0    0.00000    0  227          -    0.00000      -     -    2s
     0     0    0.00000    0  178          -    0.00000      -     -    2s
     0     0    0.00000    0  178          -    0.00000      -     -    2s
     0     0    0.00000    0  178          -    0.00000      -     -    2s
     0     0    0.00000    0  127          -    0.00000      -     -    2s
     0     2    0.00000    0  117          -    0.00000      -     -    3s
   128   250    0.21228    8  159          -    0.00000      -   293    5s
  1287   989 infeasible   48               -    0.00000      -   271   10s
H 1357  1129                       7.0000000    0.00000   100%   267   12s
  3252  2147    0.00000   10  215    7.00000    0.00000   100%   243   15s
  3265  2156    0.00000   48  178    7.00000    0.00000   100%   242   20s
  3375  2271    0.00000   20  143    7.00000    0.00000   100%   254   25s
  3983  2614    1.87671   37  232    7.00000    0.00000   100%   271   31s
H 4124  2527                       6.0000000    0.00000   100%   274   34s
  4158  2862    3.13573   47  223    6.00000    0.00000   100%   274   38s
  4747  3110    1.55879   37  177    6.00000    0.00000   100%   283   42s
  5591  3509    0.00000   38  217    6.00000    0.00000   100%   285   46s
  7047  3712    0.03279   34  205    6.00000    0.00000   100%   278   51s
  8931  4477     cutoff   40         6.00000    0.00000   100%   264   56s
 15743  6005    0.14552   41  144    6.00000    0.00000   100%   194   62s
 19309  6103    3.71065   55  132    6.00000    0.00000   100%   175   67s
 20774  6967    0.00000   30  140    6.00000    0.00000   100%   169   71s
 24757  8268     cutoff   39         6.00000    0.00000   100%   157   76s
 28929  9024    1.21111   45  107    6.00000    0.00000   100%   149   81s
 33782 10148 infeasible   36         6.00000    0.00000   100%   142   86s
 37377 11035     cutoff   49         6.00000    0.00000   100%   139   90s
 41204 11842    0.00000   39  179    6.00000    0.00000   100%   137   96s
 43735 12907    1.31438   43  131    6.00000    0.00000   100%   138  102s
 45719 13423    3.98798   42  265    6.00000    0.00000   100%   140  106s
 47164 14165    0.61092   39  164    6.00000    0.00000   100%   142  112s
H48968  7323                       2.0000000    0.00000   100%   142  121s
 48990  9382     cutoff   41         2.00000    0.00000   100%   142  161s
 58150  9756    0.00000   38  195    2.00000    0.00000   100%   168  171s
 60493 10314    0.00000   30  163    2.00000    0.00000   100%   170  180s
 63819 10332    0.39360   43  164    2.00000    0.00000   100%   170  189s
 63980 10629     cutoff   44         2.00000    0.00000   100%   171  197s
 65298 11006 infeasible   42         2.00000    0.00000   100%   171  203s
 67548 11375    0.01334   49  136    2.00000    0.00000   100%   173  210s
 69787 11725    0.00000   52   90    2.00000    0.00000   100%   174  216s
 72621 11794    0.00000   44  163    2.00000    0.00000   100%   177  222s
 73534 12393    0.00000   42  154    2.00000    0.00000   100%   178  232s
 78022 12488    0.06064   39  213    2.00000    0.00000   100%   182  238s
 79055 12618    0.00000   47  166    2.00000    0.00000   100%   183  245s
 81094 12718     cutoff   45         2.00000    0.00000   100%   185  251s
 82483 12864    0.12914   59  152    2.00000    0.00000   100%   186  258s
 85257 13007    0.00000   38  161    2.00000    0.00000   100%   187  264s
 86893 13407    0.00000   37   86    2.00000    0.00000   100%   188  270s
 88920 13626    0.00000   40  162    2.00000    0.00000   100%   189  277s
 90524 13852    0.00000   46  151    2.00000    0.00000   100%   190  283s
 92476 13978    0.00000   50  104    2.00000    0.00000   100%   192  290s
 93641 14198    0.00000   35  140    2.00000    0.00000   100%   193  296s
 95591 14392    0.84436   50  150    2.00000    0.00000   100%   194  302s
 97408 14541    0.62565   47  139    2.00000    0.00000   100%   195  308s
 99314 14636    1.00000   38  113    2.00000    0.00000   100%   196  315s
 100644 14815     cutoff   45         2.00000    0.00000   100%   197  322s
 102662 14942     cutoff   45         2.00000    0.00000   100%   198  329s
 104155 14948 infeasible   31         2.00000    0.00000   100%   199  338s
 104279 15138    0.00000   29  154    2.00000    0.00000   100%   199  347s
 105194 15331    0.00000   30  133    2.00000    0.00000   100%   199  356s
 106757 15591     cutoff   47         2.00000    0.00000   100%   200  365s
 109606 15842 infeasible   52         2.00000    0.00000   100%   201  372s
 111491 16067    0.17494   52  177    2.00000    0.00000   100%   202  381s
 113291 16208    0.00000   47  155    2.00000    0.00000   100%   203  388s
 115492 16397    0.01852   39  157    2.00000    0.00000   100%   205  396s
 117513 16538    0.00000   41  195    2.00000    0.00000   100%   205  404s
 119277 16858    0.21795   48  154    2.00000    0.00000   100%   207  410s
 120913 17076     cutoff   43         2.00000    0.00000   100%   208  418s
 122278 17351     cutoff   36         2.00000    0.00000   100%   209  426s
 124847 17590     cutoff   43         2.00000    0.00000   100%   210  434s
 126508 17853    0.00000   30  171    2.00000    0.00000   100%   211  442s
 128363 18052    0.09197   58  134    2.00000    0.00000   100%   212  450s
 130014 18301    0.06646   42  236    2.00000    0.00000   100%   214  458s
 132125 18528    0.00000   32  177    2.00000    0.00000   100%   215  466s
 134041 18769    0.00000   36  164    2.00000    0.00000   100%   216  475s
 135859 19109    0.00000   34  129    2.00000    0.00000   100%   216  483s
 139045 19414    0.00611   56  186    2.00000    0.00000   100%   217  491s
 141008 19636    0.38889   42  163    2.00000    0.00000   100%   218  499s
 142664 19829     cutoff   40         2.00000    0.00000   100%   219  506s
 143837 20079    0.00000   52   83    2.00000    0.00000   100%   219  516s
 145791 20519    0.00000   41  165    2.00000    0.00000   100%   220  527s
 147914 21146    0.04275   44  188    2.00000    0.00000   100%   222  537s
 150447 21414    0.00000   45  172    2.00000    0.00000   100%   223  547s
 151686 21846    0.00000   23  110    2.00000    0.00000   100%   224  558s
 154236 22146    1.00000   35  145    2.00000    0.00000   100%   225  569s
 156276 22157    0.01507   46  179    2.00000    0.00000   100%   227  582s
 156305 22225    0.00000   47  173    2.00000    0.00000   100%   227  593s
 156949 22470    0.00024   58  198    2.00000    0.00000   100%   227  604s
 158913 22851     cutoff   60         2.00000    0.00000   100%   228  615s
 161547 23115    0.00000   43  156    2.00000    0.00000   100%   229  625s
 163970 23494    0.00000   39  134    2.00000    0.00000   100%   230  636s
 167020 23704    0.00000   39  178    2.00000    0.00000   100%   231  644s
 168881 23944    0.00000   41  165    2.00000    0.00000   100%   231  651s
 170990 24136    1.00000   38  142    2.00000    0.00000   100%   231  659s
 172624 24356    0.00000   40  138    2.00000    0.00000   100%   232  667s
 174641 24574    0.03935   47  157    2.00000    0.00000   100%   233  675s
 176116 24753    0.04410   41  279    2.00000    0.00000   100%   234  683s
 177474 25115     cutoff   38         2.00000    0.00000   100%   234  692s
 179656 25401    1.00000   45  166    2.00000    0.00000   100%   235  700s
 181663 25605 infeasible   43         2.00000    0.00000   100%   236  708s
 183388 25920    0.00000   41  165    2.00000    0.00000   100%   237  717s
 185732 26237    1.00000   32  181    2.00000    0.00000   100%   238  725s
 187686 26298 infeasible   41         2.00000    0.00000   100%   238  734s
 190050 26502 infeasible   52         2.00000    0.00000   100%   238  742s
 192211 26755    1.00000   36  103    2.00000    0.00000   100%   239  748s
 194013 26918     cutoff   41         2.00000    0.00000   100%   239  755s
 195349 27103    0.00000   32  190    2.00000    0.00000   100%   240  763s
 197491 27337    0.48262   54  193    2.00000    0.00000   100%   240  771s
 199236 27599 infeasible   43         2.00000    0.00000   100%   241  779s
 201472 27850     cutoff   45         2.00000    0.00000   100%   241  787s
 203428 28007    0.64977   39  189    2.00000    0.00000   100%   242  795s
 204925 28286     cutoff   44         2.00000    0.00000   100%   242  803s
 206961 28523 infeasible   54         2.00000    0.00000   100%   243  811s
 208631 28726    0.19404   42  195    2.00000    0.00000   100%   243  819s
 210637 28897    0.00000   34  149    2.00000    0.00000   100%   244  827s
 212778 29095    0.33278   42  178    2.00000    0.00000   100%   244  836s
 213902 29171    0.03315   58  180    2.00000    0.00000   100%   245  843s
 215435 29334     cutoff   40         2.00000    0.00000   100%   245  853s
 217224 29546    0.00000   39  140    2.00000    0.00000   100%   246  863s
 219194 29871 infeasible   36         2.00000    0.00000   100%   246  873s
 222076 30141    1.00000   45  212    2.00000    0.00000   100%   247  882s
 223873 30481    0.03062   44  150    2.00000    0.00000   100%   248  892s
 226133 30875    1.00000   37  139    2.00000    0.00000   100%   248  901s
 230264 31168    0.05556   32  129    2.00000    0.00000   100%   247  909s
 232717 31273    0.50000   35   82    2.00000    0.00000   100%   247  916s
 234091 31438    0.00000   46  193    2.00000    0.00000   100%   246  924s
 236374 31613     cutoff   40         2.00000    0.00000   100%   246  932s
 237951 31826    0.00000   38  155    2.00000    0.00000   100%   246  939s
 239936 31928    0.00000   33  170    2.00000    0.00000   100%   247  947s
 241284 32118     cutoff   35         2.00000    0.00000   100%   247  955s
 243344 32297    0.00000   38  169    2.00000    0.00000   100%   247  965s
 244923 32770 infeasible   41         2.00000    0.00000   100%   248  973s
 247775 32782    0.45882   36  210    2.00000    0.00000   100%   248  983s
 247803 32824     cutoff   37         2.00000    0.00000   100%   248  992s
 248061 33137    1.00000   35   93    2.00000    0.00000   100%   248 1002s
 250140 33512    0.00000   33  143    2.00000    0.00000   100%   248 1011s
 252751 33875    0.16602   49  204    2.00000    0.00000   100%   248 1020s
 255102 34158    0.46255   34  193    2.00000    0.00000   100%   248 1028s
 257613 34411     cutoff   50         2.00000    0.00000   100%   248 1036s
 261033 34561    0.00000   43  159    2.00000    0.00000   100%   247 1045s
 262551 34989    0.00000   40  144    2.00000    0.00000   100%   247 1054s
 265784 35237    0.05499   33  179    2.00000    0.00000   100%   247 1062s
 267490 35553     cutoff   46         2.00000    0.00000   100%   247 1069s
 269523 35688 infeasible   44         2.00000    0.00000   100%   248 1077s
 270663 35991 infeasible   42         2.00000    0.00000   100%   248 1085s
 273022 36329    0.00000   47  168    2.00000    0.00000   100%   248 1092s
 275272 36688    0.00000   35  157    2.00000    0.00000   100%   249 1100s
 277243 36899    0.60000   42  186    2.00000    0.00000   100%   249 1108s
 278387 37319    0.00000   43  155    2.00000    0.00000   100%   249 1116s
 280219 37613    0.00000   38  178    2.00000    0.00000   100%   250 1124s
 282112 37786    0.00000   31  162    2.00000    0.00000   100%   250 1132s
 283531 38011 infeasible   42         2.00000    0.00000   100%   251 1141s
 285578 38171    0.00000   30  156    2.00000    0.00000   100%   251 1149s
 287161 38494     cutoff   37         2.00000    0.00000   100%   252 1159s
 289890 38736    0.10481   36  184    2.00000    0.00000   100%   252 1169s
 291215 38961    0.00000   42  203    2.00000    0.00000   100%   252 1175s
 293667 39306 infeasible   31         2.00000    0.00000   100%   253 1184s
 295654 39656    0.16559   37  170    2.00000    0.00000   100%   253 1191s
 297915 39819    0.00000   41  169    2.00000    0.00000   100%   254 1200s
 300182 40009    0.91581   28  120    2.00000    0.00000   100%   254 1207s
 302819 40101    1.00000   41  180    2.00000    0.00000   100%   254 1215s
 304158 40317    0.00000   44  181    2.00000    0.00000   100%   254 1223s
 305923 40385     cutoff   47         2.00000    0.00000   100%   255 1232s
 306767 40524    0.00789   42  174    2.00000    0.00000   100%   255 1241s
 307928 40634     cutoff   42         2.00000    0.00000   100%   255 1250s
 309075 40781    1.00000   38  124    2.00000    0.00000   100%   255 1258s
 310584 40906    0.59079   38  152    2.00000    0.00000   100%   255 1269s
 312253 41209 infeasible   49         2.00000    0.00000   100%   256 1279s
 314639 41209    1.00000   38  150    2.00000    0.00000   100%   256 1280s
 315091 41413    0.00000   36  152    2.00000    0.00000   100%   256 1289s
 317639 41685    0.03021   36  183    2.00000    0.00000   100%   257 1299s
 319819 42020    0.02350   37  195    2.00000    0.00000   100%   257 1307s
 322275 42196 infeasible   37         2.00000    0.00000   100%   257 1316s
 324148 42461     cutoff   39         2.00000    0.00000   100%   257 1325s
 327418 42501    0.00000   45  137    2.00000    0.00000   100%   257 1334s
 328204 42628 infeasible   52         2.00000    0.00000   100%   257 1342s
 330042 42755    0.00000   39  139    2.00000    0.00000   100%   258 1352s
 331715 42893    1.00000   44  184    2.00000    0.00000   100%   258 1360s
 333780 43072    0.00000   33  162    2.00000    0.00000   100%   258 1368s
 335506 43312    0.84284   44  164    2.00000    0.00000   100%   259 1378s
 337899 43572     cutoff   42         2.00000    0.00000   100%   259 1387s
 340476 43760     cutoff   35         2.00000    0.00000   100%   259 1394s
 342138 44027    0.00000   30  185    2.00000    0.00000   100%   259 1403s
 343688 44035     cutoff   40         2.00000    0.00000   100%   259 1413s
 343715 44055    0.17829   40  218    2.00000    0.00000   100%   259 1423s
 343857 44293    0.23434   41  196    2.00000    0.00000   100%   259 1432s
 345365 44597    1.00000   33  107    2.00000    0.00000   100%   259 1443s
 348177 44881    0.00000   30  141    2.00000    0.00000   100%   259 1451s
 350748 45079    0.24978   34  223    2.00000    0.00000   100%   259 1461s
 353156 45268    0.00000   47  154    2.00000    0.00000   100%   259 1471s
 355583 45421    0.00000   33  158    2.00000    0.00000   100%   259 1481s
 357537 45581 infeasible   42         2.00000    0.00000   100%   259 1489s
 359938 45711    0.00000   43  132    2.00000    0.00000   100%   260 1496s
 361228 45883    0.17868   38  218    2.00000    0.00000   100%   260 1504s
 363277 46136 infeasible   40         2.00000    0.00000   100%   260 1512s
 365097 46491 infeasible   38         2.00000    0.00000   100%   261 1521s
 366812 46721    0.19822   45  155    2.00000    0.00000   100%   261 1529s
 369189 46874 infeasible   48         2.00000    0.00000   100%   261 1537s
 370837 47019     cutoff   41         2.00000    0.00000   100%   261 1546s
 372460 47196    0.00000   44  194    2.00000    0.00000   100%   262 1554s
 374521 47429    0.00000   54  173    2.00000    0.00000   100%   262 1563s
 376183 47603    0.91626   39  187    2.00000    0.00000   100%   262 1572s
 377948 47826    0.00000   38  188    2.00000    0.00000   100%   263 1580s
 380666 47964 infeasible   45         2.00000    0.00000   100%   263 1590s
 383116 48081    0.00000   48  114    2.00000    0.00000   100%   262 1597s
 384823 48169    1.00000   43  135    2.00000    0.00000   100%   263 1605s
 386314 48444    0.12850   36  185    2.00000    0.00000   100%   263 1612s
 388128 48764    1.00000   38  155    2.00000    0.00000   100%   263 1621s
 389861 49033 infeasible   38         2.00000    0.00000   100%   264 1632s
 391658 49313    0.00000   40  164    2.00000    0.00000   100%   264 1642s
 393802 49503    0.00146   43  203    2.00000    0.00000   100%   264 1651s
 395842 49737    0.55241   30  188    2.00000    0.00000   100%   264 1662s
 397532 49945    0.00000   31  149    2.00000    0.00000   100%   264 1672s
 399624 50082 infeasible   33         2.00000    0.00000   100%   264 1681s
 401836 50203     cutoff   45         2.00000    0.00000   100%   265 1691s
 403081 50311    0.00000   32  142    2.00000    0.00000   100%   265 1700s
 405147 50474    0.00000   21  185    2.00000    0.00000   100%   265 1709s
 407272 50497     cutoff   42         2.00000    0.00000   100%   266 1718s
 407563 50588    0.00000   34  152    2.00000    0.00000   100%   266 1730s
 408323 50796    0.00000   35  158    2.00000    0.00000   100%   266 1744s
 410360 51028    1.00000   43  163    2.00000    0.00000   100%   266 1758s
 412735 51293     cutoff   39         2.00000    0.00000   100%   266 1773s
 415530 51524    1.00000   40  207    2.00000    0.00000   100%   266 1786s
 417894 51787    0.00000   34  199    2.00000    0.00000   100%   267 1798s
 420103 51956    0.00000   32  161    2.00000    0.00000   100%   267 1809s
 421900 52225    0.00000   39  208    2.00000    0.00000   100%   267 1821s
 424579 52546    0.00000   41  152    2.00000    0.00000   100%   267 1833s
 426738 52971     cutoff   41         2.00000    0.00000   100%   268 1844s
 429142 53402    0.11507   37  197    2.00000    0.00000   100%   268 1852s
 431762 53821    0.35262   37  228    2.00000    0.00000   100%   267 1860s
 434929 54076     cutoff   36         2.00000    0.00000   100%   267 1867s
 436447 54255 infeasible   41         2.00000    0.00000   100%   267 1873s
 439109 54483    0.00000   36  132    2.00000    0.00000   100%   266 1878s
 440919 54656     cutoff   39         2.00000    0.00000   100%   266 1885s
 442726 54879     cutoff   33         2.00000    0.00000   100%   266 1890s
 445007 55090    0.47899   35  184    2.00000    0.00000   100%   266 1897s
 446380 55288 infeasible   46         2.00000    0.00000   100%   266 1903s
 448768 55486    0.00000   42  186    2.00000    0.00000   100%   265 1909s
 450052 55655 infeasible   49         2.00000    0.00000   100%   265 1915s
 451987 55948    0.00000   37  193    2.00000    0.00000   100%   265 1924s
 454879 56108 infeasible   40         2.00000    0.00000   100%   265 1931s
 456175 56330    0.25443   50  133    2.00000    0.00000   100%   265 1938s
 458019 56714    0.00000   35  127    2.00000    0.00000   100%   265 1946s
 461391 56858    0.00000   43  179    2.00000    0.00000   100%   265 1953s
 463531 57055     cutoff   48         2.00000    0.00000   100%   264 1959s
 466605 57078     cutoff   53         2.00000    0.00000   100%   264 1965s
 468920 57115    0.00000   39  157    2.00000    0.00000   100%   264 1971s
 470045 57364 infeasible   40         2.00000    0.00000   100%   264 1977s
 471849 57592    0.00000   34  138    2.00000    0.00000   100%   264 1983s
 473711 57701    0.00000   53  155    2.00000    0.00000   100%   264 1990s
 474982 57986     cutoff   59         2.00000    0.00000   100%   264 1998s
 477403 58125     cutoff   39         2.00000    0.00000   100%   264 2006s
 478841 58297 infeasible   52         2.00000    0.00000   100%   264 2015s
 480251 58331     cutoff   44         2.00000    0.00000   100%   264 2025s
 480555 58434 infeasible   37         2.00000    0.00000   100%   264 2036s
 481095 58603    0.00000   48  215    2.00000    0.00000   100%   264 2048s
 482501 58895 infeasible   39         2.00000    0.00000   100%   264 2061s
 484543 59187     cutoff   45         2.00000    0.00000   100%   265 2073s
 486918 59553     cutoff   49         2.00000    0.00000   100%   265 2086s
 489588 59717    0.22330   42  217    2.00000    0.00000   100%   265 2098s
 491711 59876 infeasible   36         2.00000    0.00000   100%   265 2109s
 494081 60014    0.00000   42  168    2.00000    0.00000   100%   266 2121s
 496325 60283    0.00000   39  165    2.00000    0.00000   100%   266 2131s
 498609 60499     cutoff   38         2.00000    0.00000   100%   266 2141s
 500076 60735 infeasible   35         2.00000    0.00000   100%   266 2154s
 502160 60923     cutoff   46         2.00000    0.00000   100%   267 2166s
 504268 61164    0.00000   21  150    2.00000    0.00000   100%   267 2178s
 507254 61276    0.00794   36  156    2.00000    0.00000   100%   267 2190s
 509344 61368    0.00000   47  180    2.00000    0.00000   100%   267 2200s
 511754 61457    0.92058   38  180    2.00000    0.00000   100%   268 2210s
 513277 61672    0.00000   38  210    2.00000    0.00000   100%   268 2221s
 515631 61917    0.01000   36  259    2.00000    0.00000   100%   268 2232s
 517398 62248 infeasible   37         2.00000    0.00000   100%   268 2242s
 519842 62583     cutoff   41         2.00000    0.00000   100%   269 2252s
 522197 62904    0.00000   38  176    2.00000    0.00000   100%   269 2263s
 524752 63050 infeasible   44         2.00000    0.00000   100%   269 2272s
 525758 63279     cutoff   47         2.00000    0.00000   100%   269 2280s
 528031 63472    0.00000   47  185    2.00000    0.00000   100%   269 2289s
 530079 63609    0.00000   31  174    2.00000    0.00000   100%   269 2298s
 531331 63788 infeasible   49         2.00000    0.00000   100%   269 2307s
 533264 63845    0.00000   32  196    2.00000    0.00000   100%   269 2316s
 534720 64040    0.00000   43  140    2.00000    0.00000   100%   269 2326s
 537012 64246 infeasible   42         2.00000    0.00000   100%   270 2335s
 539074 64410 infeasible   39         2.00000    0.00000   100%   270 2345s
 540405 64574     cutoff   40         2.00000    0.00000   100%   270 2354s
 542520 64627    0.30256   45  200    2.00000    0.00000   100%   270 2364s
 544174 64793     cutoff   48         2.00000    0.00000   100%   270 2374s
 546664 64806    0.00000   40  142    2.00000    0.00000   100%   270 2384s
 546690 65701    0.00000   40  189    2.00000    0.00000   100%   270 2495s
 566410 65803    0.00000   36  135    2.00000    0.00000   100%   272 2512s
 568022 65951     cutoff   41         2.00000    0.00000   100%   272 2526s
 570338 66022    0.12085   35  187    2.00000    0.00000   100%   272 2537s
 571918 66119    0.00000   45  135    2.00000    0.00000   100%   272 2550s
 574154 66192    0.00000   53  226    2.00000    0.00000   100%   272 2562s
 576295 66258    1.00000   40  133    2.00000    0.00000   100%   272 2573s
 578311 66376    1.00000   54  189    2.00000    0.00000   100%   273 2585s
 580121 66474     cutoff   41         2.00000    0.00000   100%   273 2596s
 582061 66651 infeasible   48         2.00000    0.00000   100%   273 2607s
 584451 66770    0.00000   38  175    2.00000    0.00000   100%   273 2619s
 586521 66919    0.00000   38  140    2.00000    0.00000   100%   273 2630s
 588480 67107    0.00000   35  148    2.00000    0.00000   100%   273 2641s
 590679 67197    0.01709   52  166    2.00000    0.00000   100%   274 2652s
 592997 67237    0.04857   37  269    2.00000    0.00000   100%   274 2662s
 594933 67310 infeasible   44         2.00000    0.00000   100%   274 2673s
 596539 67407    1.00000   35  188    2.00000    0.00000   100%   274 2684s
 598495 67521    0.01057   38  164    2.00000    0.00000   100%   274 2696s
 601146 67665 infeasible   53         2.00000    0.00000   100%   274 2706s
 603024 67770    0.00000   55  179    2.00000    0.00000   100%   275 2718s
 604978 67927    0.18143   45  182    2.00000    0.00000   100%   275 2728s
 607543 68110    0.47083   37  203    2.00000    0.00000   100%   275 2739s
 609549 68152    0.92328   44  184    2.00000    0.00000   100%   275 2751s
 610651 68310    0.00000   29  182    2.00000    0.00000   100%   275 2761s
 613125 68427    0.67296   32  195    2.00000    0.00000   100%   276 2772s
 615089 68478 infeasible   38         2.00000    0.00000   100%   276 2783s
 616773 68601    0.00000   54  168    2.00000    0.00000   100%   276 2794s
 619169 68657     cutoff   35         2.00000    0.00000   100%   276 2804s
 620679 68709    0.00000   45  169    2.00000    0.00000   100%   276 2817s
 622826 68883    0.04467   35  235    2.00000    0.00000   100%   277 2829s
 625384 68994    0.00000   24  170    2.00000    0.00000   100%   277 2842s
 627280 68995    0.00000   31  210    2.00000    0.00000   100%   277 2854s
 627321 68992     cutoff   31         2.00000    0.00000   100%   277 2867s
 627417 69041    0.19231   32  202    2.00000    0.00000   100%   277 2879s
 628006 69112    0.44221   42  256    2.00000    0.00000   100%   277 2894s
 630081 69244    0.32828   33  159    2.00000    0.00000   100%   277 2908s
 632206 69424    0.00000   31  154    2.00000    0.00000   100%   278 2921s
 634558 69558    0.00000   34  164    2.00000    0.00000   100%   278 2934s
 637507 69752    0.00000   36  187    2.00000    0.00000   100%   278 2946s
 639778 69901    0.13953   38  211    2.00000    0.00000   100%   278 2958s
 641941 69975    0.23126   46  228    2.00000    0.00000   100%   278 2969s
 643933 70096    0.00000   41  153    2.00000    0.00000   100%   278 2979s
 646260 70208    0.08783   48  136    2.00000    0.00000   100%   278 2987s
 647735 70297    0.00468   34  191    2.00000    0.00000   100%   278 2997s
 649404 70571    0.00000   40  131    2.00000    0.00000   100%   278 3006s
 651546 70862    1.00000   46  155    2.00000    0.00000   100%   279 3018s
 653349 71064    0.15714   43  170    2.00000    0.00000   100%   279 3028s
 655721 71269    0.44425   38  170    2.00000    0.00000   100%   279 3039s
 657776 71371    0.00000   35  189    2.00000    0.00000   100%   279 3048s
 660373 71435    0.08320   37  230    2.00000    0.00000   100%   279 3058s
 662141 71580     cutoff   44         2.00000    0.00000   100%   279 3067s
 664120 71681     cutoff   43         2.00000    0.00000   100%   279 3077s
 665642 71740    0.00000   39  153    2.00000    0.00000   100%   279 3087s
 667668 71826    0.01873   47  172    2.00000    0.00000   100%   279 3097s
 669299 71968     cutoff   29         2.00000    0.00000   100%   279 3108s
 671705 71984     cutoff   33         2.00000    0.00000   100%   280 3119s
 673575 72108 infeasible   45         2.00000    0.00000   100%   280 3130s
 675506 72224    0.00000   45  180    2.00000    0.00000   100%   280 3140s
 677762 72357     cutoff   49         2.00000    0.00000   100%   280 3151s
 679734 72396    0.88403   42  178    2.00000    0.00000   100%   280 3162s
 681740 72443 infeasible   42         2.00000    0.00000   100%   281 3173s
 683609 72615    1.00000   47  204    2.00000    0.00000   100%   281 3184s
 685891 72687 infeasible   37         2.00000    0.00000   100%   281 3195s
 687625 72836    0.65815   28  183    2.00000    0.00000   100%   281 3206s
 690144 72893    0.00000   44  173    2.00000    0.00000   100%   281 3218s
 691532 73034    0.00000   59  177    2.00000    0.00000   100%   281 3227s
 693462 73153    1.00000   45  176    2.00000    0.00000   100%   282 3236s
 695581 73265    0.00000   36  162    2.00000    0.00000   100%   282 3247s
 697343 73444    1.00000   46  123    2.00000    0.00000   100%   282 3257s
 699960 73524    0.00000   34  189    2.00000    0.00000   100%   282 3267s
 701394 73664    0.38462   38  194    2.00000    0.00000   100%   282 3278s
 703359 73689    1.00000   39  131    2.00000    0.00000   100%   282 3289s
 705068 73813    0.00000   38  193    2.00000    0.00000   100%   282 3299s
 705842 73813    0.06157   36  147    2.00000    0.00000   100%   282 3300s
 707348 73837    0.00000   32  175    2.00000    0.00000   100%   283 3313s
 708904 73933    0.64150   35  225    2.00000    0.00000   100%   283 3326s
 711023 73932     cutoff   46         2.00000    0.00000   100%   283 3338s
 711113 73935    0.00000   45  159    2.00000    0.00000   100%   283 3350s
 711448 73997    0.00000   42  170    2.00000    0.00000   100%   283 3362s
 712081 74002    0.57456   38  214    2.00000    0.00000   100%   283 3375s
 712768 74130    1.00000   44  160    2.00000    0.00000   100%   283 3389s
 714458 74330 infeasible   38         2.00000    0.00000   100%   283 3398s
 716594 74548    0.63020   44  187    2.00000    0.00000   100%   283 3409s
 718427 74666    0.00028   30  215    2.00000    0.00000   100%   283 3419s
 720992 74739     cutoff   33         2.00000    0.00000   100%   283 3428s
 723729 74738     cutoff   33         2.00000    0.00000   100%   283 3437s
 725298 74770    0.00000   48  201    2.00000    0.00000   100%   284 3445s
 726920 74804    1.00000   37  196    2.00000    0.00000   100%   284 3454s
 728600 74875 infeasible   36         2.00000    0.00000   100%   284 3464s
 730063 74904     cutoff   42         2.00000    0.00000   100%   284 3474s
 731680 74991    0.47170   31  178    2.00000    0.00000   100%   284 3483s
 733604 74999    1.00000   33  169    2.00000    0.00000   100%   284 3493s
 734888 75167    1.00000   40  171    2.00000    0.00000   100%   284 3504s
 737075 75207    1.00000   35  210    2.00000    0.00000   100%   284 3515s
 738661 75359 infeasible   41         2.00000    0.00000   100%   285 3526s
 740980 75458    0.28571   30  137    2.00000    0.00000   100%   285 3537s
 742306 75632    0.05767   32  208    2.00000    0.00000   100%   285 3547s
 745724 75679 infeasible   41         2.00000    0.00000   100%   285 3555s
 747810 75736     cutoff   37         2.00000    0.00000   100%   285 3564s
 748912 75764    0.00000   21  173    2.00000    0.00000   100%   285 3572s
 750884 75804     cutoff   40         2.00000    0.00000   100%   285 3581s
 752048 75862    0.26841   28  243    2.00000    0.00000   100%   285 3590s
 754012 75982    0.00000   38  138    2.00000    0.00000   100%   285 3599s
 755990 76037    0.00000   40  208    2.00000    0.00000   100%   285 3608s
 758001 76078    0.00000   29  162    2.00000    0.00000   100%   285 3617s
 759435 76189    0.00000   46  149    2.00000    0.00000   100%   285 3628s
 761667 76273 infeasible   39         2.00000    0.00000   100%   285 3639s
 763259 76621    0.28914   44  275    2.00000    0.00000   100%   285 3652s
 766499 76733    0.14520   38  181    2.00000    0.00000   100%   285 3661s
 768131 76829    0.00532   36  235    2.00000    0.00000   100%   285 3671s
 770495 77035    0.00000   32  201    2.00000    0.00000   100%   285 3681s
 773239 77136 infeasible   51         2.00000    0.00000   100%   285 3690s
 774730 77322    0.17589   39  199    2.00000    0.00000   100%   285 3699s
 776605 77469 infeasible   37         2.00000    0.00000   100%   285 3708s
 777843 77711    0.00000   38  197    2.00000    0.00000   100%   286 3718s
 779602 77914    0.00000   45  219    2.00000    0.00000   100%   286 3729s
 780827 78089    0.68421   42  180    2.00000    0.00000   100%   286 3739s
 782831 78208    0.23636   36  186    2.00000    0.00000   100%   286 3749s
 784949 78250 infeasible   43         2.00000    0.00000   100%   286 3759s
 786421 78277    0.88162   43  199    2.00000    0.00000   100%   286 3773s
 788932 78454    0.00000   40  161    2.00000    0.00000   100%   287 3785s
 791356 78676    0.25339   38  157    2.00000    0.00000   100%   287 3796s
 793143 79019    0.00000   41  189    2.00000    0.00000   100%   287 3807s
 795705 79023     cutoff   31         2.00000    0.00000   100%   287 3820s
 795741 79024    0.00000   37  177    2.00000    0.00000   100%   287 3832s
 795775 79038    0.07116   38  224    2.00000    0.00000   100%   287 3844s
 795998 79179 infeasible   39         2.00000    0.00000   100%   287 3856s
 797115 79377    0.16327   50  123    2.00000    0.00000   100%   287 3869s
 798997 79592 infeasible   33         2.00000    0.00000   100%   287 3883s
 801778 79758    0.00000   32  168    2.00000    0.00000   100%   287 3895s
 804429 79787 infeasible   47         2.00000    0.00000   100%   287 3907s
 805905 79818    0.23461   40  186    2.00000    0.00000   100%   287 3917s
 808064 79832     cutoff   42         2.00000    0.00000   100%   287 3929s
 809643 79883    0.00000   40  159    2.00000    0.00000   100%   288 3941s
 812344 79926     cutoff   35         2.00000    0.00000   100%   288 3952s
 814188 80085     cutoff   38         2.00000    0.00000   100%   288 3964s
 816346 80214 infeasible   40         2.00000    0.00000   100%   288 3975s
 818579 80346     cutoff   37         2.00000    0.00000   100%   288 3987s
 820240 80465    0.00000   35  213    2.00000    0.00000   100%   288 3998s
 822355 80586    0.00053   41  231    2.00000    0.00000   100%   288 4010s
 823988 80693    1.00000   37  213    2.00000    0.00000   100%   288 4021s
 826318 80929    0.18511   36  234    2.00000    0.00000   100%   289 4033s
 828037 81354 infeasible   44         2.00000    0.00000   100%   289 4045s
 830796 81757    0.00000   39  152    2.00000    0.00000   100%   289 4056s
 835521 82005    1.00000   29  196    2.00000    0.00000   100%   288 4068s
 839895 82063    0.40000   35  174    2.00000    0.00000   100%   288 4074s
 841368 82122    0.00000   44  114    2.00000    0.00000   100%   288 4080s
 843954 82164 infeasible   43         2.00000    0.00000   100%   287 4086s
 845260 82270 infeasible   43         2.00000    0.00000   100%   287 4091s
 847382 82522    1.00000   43   91    2.00000    0.00000   100%   287 4097s
 848547 82773    0.71270   36  241    2.00000    0.00000   100%   287 4102s
 850750 82919    0.00000   37  169    2.00000    0.00000   100%   287 4108s
 853450 83006    0.56069   34  345    2.00000    0.00000   100%   287 4114s
 854396 83118    0.00000   36  206    2.00000    0.00000   100%   286 4120s
 855594 83312    0.00539   46  243    2.00000    0.00000   100%   286 4126s
 856978 83426     cutoff   44         2.00000    0.00000   100%   286 4132s
 858039 83727    1.00000   36  120    2.00000    0.00000   100%   286 4139s
 860301 83944    0.00000   55   79    2.00000    0.00000   100%   286 4149s
 864598 84006    0.48958   34  211    2.00000    0.00000   100%   286 4155s
 865766 84202 infeasible   44         2.00000    0.00000   100%   286 4160s
 867847 84296 infeasible   56         2.00000    0.00000   100%   286 4167s
 869085 84442    0.15546   57  188    2.00000    0.00000   100%   286 4172s
 870788 84550     cutoff   38         2.00000    0.00000   100%   285 4179s
 872224 84613    0.00000   47  172    2.00000    0.00000   100%   285 4186s
 873099 84756    0.00000   40   62    2.00000    0.00000   100%   285 4193s
 874922 84918     cutoff   44         2.00000    0.00000   100%   285 4199s
 876488 84988    0.00000   49  217    2.00000    0.00000   100%   286 4207s
 877561 85084    0.06566   44  151    2.00000    0.00000   100%   286 4214s
 879304 85117 infeasible   33         2.00000    0.00000   100%   286 4222s
 880191 85322     cutoff   35         2.00000    0.00000   100%   286 4231s
 882295 85460    0.10078   38  153    2.00000    0.00000   100%   286 4239s
 885424 85536    0.00000   38  210    2.00000    0.00000   100%   285 4248s
 887702 85619    0.00000   29  203    2.00000    0.00000   100%   286 4258s
 888794 85709    0.00000   42  163    2.00000    0.00000   100%   286 4269s
 890866 85824    0.02781   45  159    2.00000    0.00000   100%   286 4279s
 892916 85903 infeasible   30         2.00000    0.00000   100%   286 4291s
 894259 86038    0.00000   41  174    2.00000    0.00000   100%   286 4303s
 896407 86109    0.01386   36  193    2.00000    0.00000   100%   286 4315s
 898803 86159    0.00000   45  158    2.00000    0.00000   100%   286 4327s
 900521 86186    0.80952   39  155    2.00000    0.00000   100%   287 4339s
 902906 86338    0.09349   37  245    2.00000    0.00000   100%   287 4351s
 904568 86345     cutoff   40         2.00000    0.00000   100%   287 4363s
 904600 86364     cutoff   40         2.00000    0.00000   100%   287 4375s
 904710 86385    0.00000   21  206    2.00000    0.00000   100%   287 4387s
 905071 86406    0.25415   22  249    2.00000    0.00000   100%   287 4401s
 905828 86483    0.38462   23  212    2.00000    0.00000   100%   287 4414s
 907191 86585    0.00000   29  321    2.00000    0.00000   100%   287 4428s
 909824 86667    0.50630   29  243    2.00000    0.00000   100%   287 4440s
 911127 86838    0.00000   45  140    2.00000    0.00000   100%   287 4454s
 914328 86924     cutoff   38         2.00000    0.00000   100%   288 4466s
 915852 86907    0.00000   27  212    2.00000    0.00000   100%   288 4481s
 916917 87009    0.17653   32  332    2.00000    0.00000   100%   288 4495s
 919486 87120    0.34505   40  242    2.00000    0.00000   100%   288 4508s
 921418 87192 infeasible   39         2.00000    0.00000   100%   288 4520s
 923865 87238 infeasible   38         2.00000    0.00000   100%   288 4534s
 925660 87271 infeasible   44         2.00000    0.00000   100%   289 4546s
 928156 87255    0.00000   37  208    2.00000    0.00000   100%   289 4559s
 929808 87327    0.00000   32  207    2.00000    0.00000   100%   289 4571s
 931744 87386    1.00000   41  207    2.00000    0.00000   100%   289 4585s
 934819 87419    0.00000   39  163    2.00000    0.00000   100%   289 4597s
 936644 87468    1.00000   43  158    2.00000    0.00000   100%   289 4608s
 939408 87472    0.00000   41  188    2.00000    0.00000   100%   289 4617s
 941279 87496    1.00000   45  165    2.00000    0.00000   100%   289 4627s
 942587 87548    0.00000   36  190    2.00000    0.00000   100%   289 4637s
 944906 87591    0.00000   37  164    2.00000    0.00000   100%   289 4648s
 946478 87646    0.53055   51  179    2.00000    0.00000   100%   289 4658s
 948655 87655    0.22229   32  224    2.00000    0.00000   100%   289 4669s
 950069 87691     cutoff   42         2.00000    0.00000   100%   290 4680s
 952104 87697 infeasible   39         2.00000    0.00000   100%   290 4691s
 953763 87781    0.18397   31  264    2.00000    0.00000   100%   290 4697s

Cutting planes:
  Lift-and-project: 2
  MIR: 1
  Flow cover: 4
  Inf proof: 7
  Zero half: 1
  RLT: 1
  Relax-and-lift: 2

Explored 954979 nodes (276867292 simplex iterations) in 4697.63 seconds (4036.31 work units)
Thread count was 20 (of 20 available processors)

Solution count 4: 2 6 7 7 

Solve interrupted
Best objective 2.000000000000e+00, best bound 0.000000000000e+00, gap 100.0000%

Wrote result file 'N20_R9_K3_4_23_split_23_fix4B_5_exact_fixrestA_wo_lem_f9_str4_v9_g2.sol'

