SCIP version 10.0.1 [precision: 8 byte] [memory: block] [mode: optimized] [LP solver: SoPlex 8.0.1] [GitHash: 76a50c97d6]
Copyright (c) 2002-2026 Zuse Institute Berlin (ZIB)

External libraries: 
  SoPlex 8.0.1         Linear programming solver developed at Zuse Institute Berlin (soplex.zib.de) [GitHash: c69290aa]
  CppAD 20180000.0     Algorithmic Differentiation of C++ algorithms developed by B. Bell (github.com/coin-or/CppAD)
  ZLIB 1.3.1           General purpose compression library by J. Gailly and M. Adler (zlib.net)
  MPFR 4.2.2           GNU Multiple Precision Floating-Point Reliable Library (mpfr.org)
  Boost 1.89.0         Boost C++ Libraries (boost.org)
  TinyCThread 1.2      small portable implementation of the C11 threads API (tinycthread.github.io)
  GMP 6.3.0            GNU Multiple Precision Arithmetic Library developed by T. Granlund (gmplib.org)
  ZIMPL 3.7.0          Zuse Institute Mathematical Programming Language developed by T. Koch (zimpl.zib.de)
  AMPL/MP 4.0.4        AMPL .nl file reader library (github.com/ampl/mp)
  PaPILO 3.0.0         parallel presolve for integer and linear optimization (github.com/scipopt/papilo) (built with TBB) [GitHash: 4cbdc327]
  Nauty 2.8.8          Computing Graph Automorphism Groups by Brendan D. McKay (users.cecs.anu.edu.au/~bdm/nauty)
  sassy 2.0            Symmetry preprocessor by Markus Anders (github.com/markusa4/sassy)
  Ipopt 3.14.19        Interior Point Optimizer developed by A. Waechter et.al. (github.com/coin-or/Ipopt)

user parameter file <scip.set> not found - using default parameters


read problem <N18_R8_K3_1_20_split_1_wo_lem_str4_v9.lp>
============

original problem has 1060 variables (1041 bin, 19 int, 0 cont) and 3705 constraints

presolving:
(round 1, fast)       126 del vars, 578 del conss, 0 add conss, 155 chg bounds, 72 chg sides, 144 chg coeffs, 0 upgd conss, 0 impls, 2098 clqs, 0 implints
(round 2, fast)       126 del vars, 587 del conss, 0 add conss, 168 chg bounds, 143 chg sides, 286 chg coeffs, 0 upgd conss, 0 impls, 2098 clqs, 0 implints
(round 3, fast)       126 del vars, 587 del conss, 0 add conss, 179 chg bounds, 198 chg sides, 387 chg coeffs, 0 upgd conss, 0 impls, 2098 clqs, 0 implints
(round 4, fast)       126 del vars, 587 del conss, 0 add conss, 188 chg bounds, 245 chg sides, 470 chg coeffs, 0 upgd conss, 0 impls, 2098 clqs, 0 implints
(round 5, fast)       126 del vars, 587 del conss, 0 add conss, 195 chg bounds, 284 chg sides, 536 chg coeffs, 0 upgd conss, 0 impls, 2098 clqs, 0 implints
(round 6, fast)       126 del vars, 587 del conss, 0 add conss, 200 chg bounds, 315 chg sides, 585 chg coeffs, 0 upgd conss, 0 impls, 2098 clqs, 0 implints
(round 7, fast)       126 del vars, 587 del conss, 0 add conss, 203 chg bounds, 338 chg sides, 623 chg coeffs, 0 upgd conss, 0 impls, 2098 clqs, 0 implints
(round 8, fast)       126 del vars, 587 del conss, 0 add conss, 204 chg bounds, 352 chg sides, 646 chg coeffs, 0 upgd conss, 0 impls, 2098 clqs, 0 implints
(round 9, fast)       126 del vars, 587 del conss, 0 add conss, 204 chg bounds, 358 chg sides, 652 chg coeffs, 0 upgd conss, 0 impls, 2098 clqs, 0 implints
   (0.0s) running MILP presolver
   (0.0s) MILP presolver (5 rounds): 28 aggregations, 56 fixings, 0 bound changes
(round 10, medium)     210 del vars, 587 del conss, 0 add conss, 204 chg bounds, 358 chg sides, 652 chg coeffs, 0 upgd conss, 0 impls, 1873 clqs, 0 implints
(round 11, fast)       210 del vars, 811 del conss, 0 add conss, 204 chg bounds, 358 chg sides, 652 chg coeffs, 0 upgd conss, 0 impls, 1873 clqs, 0 implints
(round 12, exhaustive) 210 del vars, 866 del conss, 0 add conss, 204 chg bounds, 412 chg sides, 652 chg coeffs, 0 upgd conss, 0 impls, 1873 clqs, 0 implints
(round 13, exhaustive) 210 del vars, 866 del conss, 0 add conss, 204 chg bounds, 412 chg sides, 652 chg coeffs, 2658 upgd conss, 0 impls, 1873 clqs, 0 implints
(round 14, exhaustive) 210 del vars, 3362 del conss, 624 add conss, 204 chg bounds, 412 chg sides, 652 chg coeffs, 2658 upgd conss, 0 impls, 1873 clqs, 0 implints
(round 15, exhaustive) 210 del vars, 3362 del conss, 624 add conss, 204 chg bounds, 412 chg sides, 788 chg coeffs, 2658 upgd conss, 0 impls, 1873 clqs, 0 implints
   (0.0s) probing: 773/832 (92.9%) - 0 fixings, 0 aggregations, 65622 implications, 0 bound changes
   (0.0s) probing aborted: 50/50 successive totally useless probings
   (0.0s) symmetry computation started: requiring (bin +, int +, cont +), (fixed: bin -, int -, cont -)
   (0.0s) no symmetry present (symcode time: 0.00)
presolving (16 rounds: 16 fast, 6 medium, 5 exhaustive):
 210 deleted vars, 3362 deleted constraints, 624 added constraints, 204 tightened bounds, 0 added holes, 412 changed sides, 788 changed coefficients
 962 implications, 14073 cliques, 0 implied integral variables (0 bin, 0 int, 0 cont)
presolved problem has 850 variables (832 bin, 18 int, 0 cont) and 967 constraints
     15 constraints of type <varbound>
    136 constraints of type <knapsack>
      1 constraints of type <setppc>
    624 constraints of type <and>
    181 constraints of type <linear>
     10 constraints of type <logicor>
transformed objective value is always integral (scale: 1)
Presolving Time: 0.00

 time | node  | left  |LP iter|LP it/n|mem/heur|mdpt |vars |cons |rows |cuts |sepa|confs|strbr|  dualbound   | primalbound  |  gap   | compl. 
  0.0s|     1 |     0 |  1745 |     - |    23M |   0 | 850 | 974 |1591 |   0 |  0 |   6 |   0 | 0.000000e+00 |      --      |    Inf | unknown
  0.0s|     1 |     0 |  7355 |     - |    38M |   0 | 850 | 981 |1651 |  60 |  1 |  13 |   0 | 0.000000e+00 |      --      |    Inf | unknown
  0.0s|     1 |     0 |  7869 |     - |    51M |   0 | 850 | 981 |1708 | 117 |  2 |  13 |   0 | 0.000000e+00 |      --      |    Inf | unknown
  1.0s|     1 |     0 |  8513 |     - |    64M |   0 | 850 | 981 |1760 | 169 |  3 |  13 |   0 | 0.000000e+00 |      --      |    Inf | unknown
  1.0s|     1 |     0 |  8934 |     - |    71M |   0 | 850 | 981 |1807 | 216 |  4 |  13 |   0 | 0.000000e+00 |      --      |    Inf | unknown
  1.0s|     1 |     0 |  9058 |     - |    79M |   0 | 850 | 983 |1860 | 269 |  5 |  15 |   0 | 0.000000e+00 |      --      |    Inf | unknown
  1.0s|     1 |     0 |  9150 |     - |    87M |   0 | 850 | 983 |1886 | 295 |  6 |  15 |   0 | 0.000000e+00 |      --      |    Inf | unknown
  1.0s|     1 |     0 |  9237 |     - |    94M |   0 | 850 | 983 |1903 | 312 |  7 |  15 |   0 | 0.000000e+00 |      --      |    Inf | unknown
  1.0s|     1 |     0 |  9321 |     - |   105M |   0 | 850 | 984 |1917 | 326 |  8 |  16 |   0 | 0.000000e+00 |      --      |    Inf | unknown
  1.0s|     1 |     0 |  9392 |     - |   114M |   0 | 850 | 984 |1929 | 338 |  9 |  16 |   0 | 0.000000e+00 |      --      |    Inf | unknown
  2.0s|     1 |     0 |  9451 |     - |   119M |   0 | 850 | 984 |1942 | 351 | 10 |  16 |   0 | 0.000000e+00 |      --      |    Inf | unknown
  2.0s|     1 |     0 |  9494 |     - |   120M |   0 | 850 | 985 |1948 | 357 | 11 |  17 |   0 | 0.000000e+00 |      --      |    Inf | unknown
  2.0s|     1 |     2 | 10804 |     - |   120M |   0 | 850 | 987 |1948 | 357 | 11 |  19 |  29 | 0.000000e+00 |      --      |    Inf | unknown
  6.0s|   100 |    33 | 52994 | 439.4 |   126M |  34 | 850 |1138 |2127 |1477 |  2 | 171 |  29 | 0.000000e+00 |      --      |    Inf |   6.28%
 10.0s|   200 |    21 |111084 | 510.5 |   130M |  34 | 850 |1241 |2052 |3212 |  2 | 275 |  29 | 0.000000e+00 |      --      |    Inf |  45.74%
 time | node  | left  |LP iter|LP it/n|mem/heur|mdpt |vars |cons |rows |cuts |sepa|confs|strbr|  dualbound   | primalbound  |  gap   | compl. 
 14.0s|   300 |    28 |146136 | 457.0 |   132M |  34 | 850 |1307 |2110 |3759 |  0 | 341 |  29 | 0.000000e+00 |      --      |    Inf |  46.66%
 17.0s|   400 |    23 |186422 | 443.4 |   134M |  34 | 850 |1382 |   0 |4265 |  0 | 417 |  29 | 0.000000e+00 |      --      |    Inf |  48.86%
 19.0s|   500 |    23 |214360 | 410.6 |   135M |  34 | 850 |1468 |2070 |4729 |  0 | 504 |  29 | 0.000000e+00 |      --      |    Inf |  48.97%
 21.0s|   600 |    23 |253257 | 406.9 |   137M |  34 | 850 |1546 |2135 |5550 |  1 | 582 |  29 | 0.000000e+00 |      --      |    Inf |  56.16%
 24.0s|   700 |    18 |294844 | 408.2 |   139M |  34 | 850 |1604 |2056 |6357 |  2 | 645 |  29 | 0.000000e+00 |      --      |    Inf |  56.59%
 27.0s|   800 |    19 |336621 | 409.4 |   132M |  34 | 850 |1674 |2036 |7281 |  2 | 716 |  29 | 0.000000e+00 |      --      |    Inf |  63.47%
 30.0s|   900 |    21 |369010 | 399.9 |   133M |  34 | 850 |1745 |2230 |7903 |  2 | 788 |  29 | 0.000000e+00 |      --      |    Inf |  64.16%
 33.0s|  1000 |    29 |412628 | 403.5 |   135M |  34 | 850 |1856 |2096 |8787 |  2 | 901 |  29 | 0.000000e+00 |      --      |    Inf |  65.93%
 36.0s|  1100 |    24 |455141 | 405.5 |   137M |  34 | 850 |1921 |2204 |9381 |  0 | 968 |  29 | 0.000000e+00 |      --      |    Inf |  68.15%
 39.0s|  1200 |    30 |495994 | 405.8 |   140M |  34 | 850 |2000 |2237 |9792 |  2 |1054 |  29 | 0.000000e+00 |      --      |    Inf |  71.44%
 41.0s|  1300 |    30 |528687 | 399.7 |   143M |  34 | 850 |2086 |2278 |  10k|  2 |1141 |  29 | 0.000000e+00 |      --      |    Inf |  72.21%
 45.0s|  1400 |    23 |576655 | 405.4 |   146M |  34 | 850 |2152 |2256 |  10k|  3 |1210 |  29 | 0.000000e+00 |      --      |    Inf |  74.87%
 47.0s|  1500 |    23 |611606 | 401.7 |   147M |  34 | 850 |2221 |2146 |  11k|  1 |1282 |  29 | 0.000000e+00 |      --      |    Inf |  79.48%
 49.0s|  1600 |    19 |635539 | 391.5 |   148M |  34 | 850 |2257 |2127 |  11k|  2 |1322 |  29 | 0.000000e+00 |      --      |    Inf |  79.57%
 52.0s|  1700 |    24 |675681 | 392.1 |   149M |  34 | 850 |2293 |2061 |  12k|  2 |1375 |  29 | 0.000000e+00 |      --      |    Inf |  82.63%
 time | node  | left  |LP iter|LP it/n|mem/heur|mdpt |vars |cons |rows |cuts |sepa|confs|strbr|  dualbound   | primalbound  |  gap   | compl. 
 56.0s|  1800 |    16 |727623 | 399.2 |   151M |  34 | 850 |2352 |   0 |  13k|  0 |1455 |  29 | 0.000000e+00 |      --      |    Inf |  85.70%
 59.0s|  1900 |    16 |778235 | 404.8 |   153M |  34 | 850 |2405 |2023 |  14k|  2 |1567 |  29 | 0.000000e+00 |      --      |    Inf |  87.75%
 63.0s|  2000 |    35 |826002 | 408.5 |   155M |  34 | 850 |2465 |2151 |  14k|  0 |1650 |  29 | 0.000000e+00 |      --      |    Inf |  88.32%
 66.0s|  2100 |    23 |873248 | 411.5 |   156M |  34 | 850 |2515 |2270 |  15k|  0 |1709 |  29 | 0.000000e+00 |      --      |    Inf |  89.01%
 70.0s|  2200 |    14 |928999 | 418.1 |   157M |  34 | 850 |2551 |1956 |  15k|  2 |1781 |  29 | 0.000000e+00 |      --      |    Inf |  96.07%
 74.0s|  2300 |    31 |979634 | 422.0 |   158M |  34 | 850 |2340 |   0 |  16k|  0 |1909 |  29 | 0.000000e+00 |      --      |    Inf |  96.29%
 78.0s|  2400 |    14 |  1041k| 430.2 |   160M |  34 | 850 |2443 |2242 |  17k|  2 |2038 |  29 | 0.000000e+00 |      --      |    Inf |  97.53%
 82.0s|  2500 |    14 |  1090k| 432.4 |   160M |  34 | 850 |2247 |2207 |  18k|  2 |2196 |  29 | 0.000000e+00 |      --      |    Inf |  98.16%
 85.0s|  2600 |    12 |  1138k| 434.3 |   161M |  34 | 850 |2386 |2163 |  18k|  2 |2350 |  29 | 0.000000e+00 |      --      |    Inf |  98.50%
 89.0s|  2700 |    12 |  1189k| 437.3 |   161M |  34 | 850 |2524 |2188 |  18k|  0 |2500 |  29 | 0.000000e+00 |      --      |    Inf |  98.67%
 92.0s|  2800 |     7 |  1238k| 439.1 |   161M |  34 | 850 |2637 |2148 |  19k|  0 |2651 |  29 | 0.000000e+00 |      --      |    Inf |  98.96%
 96.0s|  2900 |    18 |  1291k| 442.2 |   162M |  34 | 850 |2702 |2043 |  20k|  2 |2809 |  29 | 0.000000e+00 |      --      |    Inf |  99.23%
  100s|  3000 |    13 |  1348k| 446.4 |   163M |  34 | 850 |2781 |2188 |  20k|  2 |2980 |  29 | 0.000000e+00 |      --      |    Inf |  99.63%

SCIP Status        : problem is solved [infeasible]
Solving Time (sec) : 101.00
Solving Nodes      : 3037
Primal Bound       : +1.00000000000000e+20 (0 solutions)
Dual Bound         : +1.00000000000000e+20
Gap                : 0.00 %


no solution available

SCIP> 